2025-07-04 14:15:56,037 - WARNING - /linkhome/rech/genuyp01/ufq76hz/.conda/envs/torch_pyg/lib/python3.10/site-packages/ignite/handlers/checkpoint.py:16: DeprecationWarning: `TorchScript` support for functional optimizers is deprecated and will be removed in a future PyTorch release. Consider using the `torch.compile` optimizer instead.
  from torch.distributed.optim import ZeroRedundancyOptimizer

2025-07-04 14:15:57,593 - INFO - Configuration loaded:
{
    "common": {
        "seed": 42,
        "input_pkl": "/lustre/fswork/projects/rech/rnk/ufq76hz/dr_benchmark/DL1experiment/withDL1/kg_processing_split2/kg.pkl",
        "out": "./",
        "run_kg_prep": false,
        "run_training": false,
        "run_evaluation": true,
        "plot_training_metrics": true,
        "run_inference": "/lustre/fswork/projects/rech/rnk/ufq76hz/dr_benchmark/knowledge_graph/orphan_associations.tsv"
    },
    "model": {
        "name": "RESCAL",
        "emb_dim": 200
    },
    "sampler": {
        "name": "Mixed",
        "n_neg": 5
    },
    "optimizer": {
        "name": "Adam",
        "params": {
            "lr": 0.001,
            "weight_decay": 0.001
        }
    },
    "lr_scheduler": {
        "type": "CosineAnnealingWarmRestarts",
        "params": {
            "T_0": 10,
            "T_mult": 2
        }
    },
    "training": {
        "max_epochs": 500,
        "batch_size": 4096,
        "eval_interval": 20,
        "eval_batch_size": 64,
        "patience": 10
    },
    "evaluation": {
        "made_directed_relations": [
            "drug_drug",
            "disease_disease",
            "protein_protein",
            "drug_drug_inv",
            "disease_disease_inv",
            "protein_protein_inv"
        ],
        "target_relations": [
            "indication",
            "indication"
        ],
        "thresholds": [
            10,
            5
        ]
    }
}
2025-07-04 14:15:57,594 - INFO - Setting number of threads to 5
2025-07-04 14:15:57,794 - INFO - Loading parameters from params.yaml
2025-07-04 14:15:57,795 - INFO - Output folder: ./
2025-07-04 14:15:57,795 - INFO - Loading KG...
2025-07-04 14:15:57,795 - INFO - Will not run the preparation step. Using KG stored in: /lustre/fswork/projects/rech/rnk/ufq76hz/dr_benchmark/DL1experiment/withDL1/kg_processing_split2/kg.pkl
2025-07-04 14:16:50,287 - INFO - Done
2025-07-04 14:16:50,332 - INFO - Detected device: cuda
2025-07-04 14:16:50,343 - INFO - Initializing model...
2025-07-04 14:16:51,070 - INFO - Optimizer 'Adam' initialized with parameters: {'lr': 0.001, 'weight_decay': 0.001}
2025-07-04 14:16:51,070 - INFO - Initializing sampler...
2025-07-04 14:17:56,996 - INFO - Scheduler 'CosineAnnealingWarmRestarts' initialized with parameters: {'T_0': 10, 'T_mult': 2}
2025-07-04 14:17:57,021 - INFO - Number of training batches: 1141
Traceback (most recent call last):
  File "/lustre/fswork/projects/rech/rnk/ufq76hz/dr_benchmark/dev/run_training.py", line 964, in <module>
    main(args)
  File "/lustre/fswork/projects/rech/rnk/ufq76hz/dr_benchmark/dev/run_training.py", line 87, in main
    train_model(kg_train, kg_val, kg_test, config)
  File "/lustre/fswork/projects/rech/rnk/ufq76hz/dr_benchmark/dev/run_training.py", line 802, in train_model
    plot_learning_curves(training_metrics_file, config)
  File "/lustre/fswork/projects/rech/rnk/ufq76hz/dr_benchmark/dev/run_training.py", line 91, in plot_learning_curves
    df = read_training_metrics(training_metrics_file)
  File "/lustre/fswork/projects/rech/rnk/ufq76hz/dr_benchmark/dev/run_training.py", line 501, in read_training_metrics
    df = pd.read_csv(training_metrics_file)
  File "/linkhome/rech/genuyp01/ufq76hz/.conda/envs/torch_pyg/lib/python3.10/site-packages/pandas/io/parsers/readers.py", line 1026, in read_csv
    return _read(filepath_or_buffer, kwds)
  File "/linkhome/rech/genuyp01/ufq76hz/.conda/envs/torch_pyg/lib/python3.10/site-packages/pandas/io/parsers/readers.py", line 620, in _read
    parser = TextFileReader(filepath_or_buffer, **kwds)
  File "/linkhome/rech/genuyp01/ufq76hz/.conda/envs/torch_pyg/lib/python3.10/site-packages/pandas/io/parsers/readers.py", line 1620, in __init__
    self._engine = self._make_engine(f, self.engine)
  File "/linkhome/rech/genuyp01/ufq76hz/.conda/envs/torch_pyg/lib/python3.10/site-packages/pandas/io/parsers/readers.py", line 1880, in _make_engine
    self.handles = get_handle(
  File "/linkhome/rech/genuyp01/ufq76hz/.conda/envs/torch_pyg/lib/python3.10/site-packages/pandas/io/common.py", line 873, in get_handle
    handle = open(
FileNotFoundError: [Errno 2] No such file or directory: './training_metrics.csv'
srun: error: r7i7n2: task 0: Exited with exit code 1
srun: Terminating StepId=829868.0
