2026-05-21 21:07:28,063 - WARNING - /linkhome/rech/genuyp01/ufq76hz/.conda/envs/torch_pyg/lib/python3.10/site-packages/ignite/handlers/checkpoint.py:16: DeprecationWarning: `TorchScript` support for functional optimizers is deprecated and will be removed in a future PyTorch release. Consider using the `torch.compile` optimizer instead.
  from torch.distributed.optim import ZeroRedundancyOptimizer

2026-05-21 21:07:28,168 - INFO - Configuration loaded:
{
    "common": {
        "seed": 42,
        "input_pkl": "/lustre/fswork/projects/rech/rnk/ufq76hz/dr_benchmark/DL3experiment/cold_start/hetionet_processing_disease",
        "out": "./",
        "run_kg_prep": false,
        "run_training": true,
        "run_evaluation": true,
        "plot_training_metrics": true,
        "run_inference": "/lustre/fswork/projects/rech/rnk/ufq76hz/dr_benchmark/knowledge_graph/hetionet_orphan_associations_only.tsv"
    },
    "model": {
        "name": "ComplEx",
        "emb_dim": 200,
        "margin": 1
    },
    "sampler": {
        "name": "Mixed",
        "n_neg": 5
    },
    "optimizer": {
        "name": "Adam",
        "params": {
            "lr": 0.001,
            "weight_decay": 0.001
        }
    },
    "training": {
        "max_epochs": 500,
        "batch_size": 4096,
        "eval_interval": 20,
        "eval_batch_size": 64,
        "patience": 10
    },
    "evaluation": {
        "made_directed_relations": [
            "DrD",
            "DrD_inv",
            "CrC",
            "CrC_inv",
            "GiG",
            "GiG_inv",
            "GcG",
            "GcG_inv"
        ],
        "target_relations": [
            "CtD"
        ],
        "thresholds": [
            10,
            5
        ]
    }
}
2026-05-21 21:07:28,168 - INFO - Setting number of threads to 5
2026-05-21 21:07:28,374 - INFO - Loading parameters from params.yaml
2026-05-21 21:07:28,374 - INFO - Output folder: ./
2026-05-21 21:07:28,374 - INFO - Loading KG...
2026-05-21 21:08:22,515 - INFO - Done
2026-05-21 21:08:22,562 - INFO - Detected device: cuda
2026-05-21 21:08:22,568 - INFO - Initializing model...
2026-05-21 21:08:23,011 - INFO - Optimizer 'Adam' initialized with parameters: {'lr': 0.001, 'weight_decay': 0.001}
2026-05-21 21:08:23,011 - INFO - Initializing sampler...
2026-05-21 21:08:57,974 - WARNING - /lustre/fswork/projects/rech/rnk/ufq76hz/dr_benchmark/dev/run_training.py:298: UserWarning: No learning rate scheduler specified in the configuration.
  warnings.warn("No learning rate scheduler specified in the configuration.")

2026-05-21 21:08:57,988 - INFO - Number of training batches: 602
2026-05-21 21:08:57,997 - INFO - Engine run starting with max_epochs=500.
2026-05-21 21:10:21,603 - INFO - Epoch 1 - Train Loss: 51241.4350539148, Validation MRR: 0, Learning Rate: 0.001
2026-05-21 21:10:24,831 - INFO - Memory cleaned.
2026-05-21 21:10:25,236 - INFO - Epoch[1] Complete. Time taken: 00:01:27.239
2026-05-21 21:11:48,189 - INFO - Epoch 2 - Train Loss: 38742.46006204635, Validation MRR: 0, Learning Rate: 0.001
2026-05-21 21:11:51,247 - INFO - Memory cleaned.
2026-05-21 21:11:51,651 - INFO - Epoch[2] Complete. Time taken: 00:01:26.415
2026-05-21 21:13:14,291 - INFO - Epoch 3 - Train Loss: 29981.527528678733, Validation MRR: 0, Learning Rate: 0.001
2026-05-21 21:13:17,348 - INFO - Memory cleaned.
2026-05-21 21:13:17,803 - INFO - Epoch[3] Complete. Time taken: 00:01:26.152
2026-05-21 21:14:40,428 - INFO - Epoch 4 - Train Loss: 24477.063066730272, Validation MRR: 0, Learning Rate: 0.001
2026-05-21 21:14:43,488 - INFO - Memory cleaned.
2026-05-21 21:14:43,942 - INFO - Epoch[4] Complete. Time taken: 00:01:26.139
2026-05-21 21:16:06,630 - INFO - Epoch 5 - Train Loss: 20506.66170799231, Validation MRR: 0, Learning Rate: 0.001
2026-05-21 21:16:09,706 - INFO - Memory cleaned.
2026-05-21 21:16:10,165 - INFO - Epoch[5] Complete. Time taken: 00:01:26.223
2026-05-21 21:17:43,896 - INFO - Epoch 6 - Train Loss: 17293.148110586586, Validation MRR: 0, Learning Rate: 0.001
2026-05-21 21:17:46,955 - INFO - Memory cleaned.
2026-05-21 21:17:47,413 - INFO - Epoch[6] Complete. Time taken: 00:01:37.247
2026-05-21 21:19:10,016 - INFO - Epoch 7 - Train Loss: 14735.967769422827, Validation MRR: 0, Learning Rate: 0.001
2026-05-21 21:19:13,080 - INFO - Memory cleaned.
2026-05-21 21:19:13,562 - INFO - Epoch[7] Complete. Time taken: 00:01:26.149
2026-05-21 21:20:36,215 - INFO - Epoch 8 - Train Loss: 12730.411452034661, Validation MRR: 0, Learning Rate: 0.001
2026-05-21 21:20:39,273 - INFO - Memory cleaned.
2026-05-21 21:20:39,730 - INFO - Epoch[8] Complete. Time taken: 00:01:26.168
2026-05-21 21:22:02,348 - INFO - Epoch 9 - Train Loss: 11160.431733304169, Validation MRR: 0, Learning Rate: 0.001
2026-05-21 21:22:05,418 - INFO - Memory cleaned.
2026-05-21 21:22:05,877 - INFO - Epoch[9] Complete. Time taken: 00:01:26.147
2026-05-21 21:23:34,531 - INFO - Epoch 10 - Train Loss: 9995.4742973903, Validation MRR: 0, Learning Rate: 0.001
2026-05-21 21:23:37,622 - INFO - Memory cleaned.
2026-05-21 21:23:38,090 - INFO - Epoch[10] Complete. Time taken: 00:01:32.213
2026-05-21 21:25:36,406 - INFO - Epoch 11 - Train Loss: 9096.948418832575, Validation MRR: 0, Learning Rate: 0.001
2026-05-21 21:25:39,502 - INFO - Memory cleaned.
2026-05-21 21:25:39,973 - INFO - Epoch[11] Complete. Time taken: 00:02:01.882
2026-05-21 21:27:38,264 - INFO - Epoch 12 - Train Loss: 8355.760101815787, Validation MRR: 0, Learning Rate: 0.001
2026-05-21 21:27:41,365 - INFO - Memory cleaned.
2026-05-21 21:27:41,845 - INFO - Epoch[12] Complete. Time taken: 00:02:01.872
2026-05-21 21:29:40,143 - INFO - Epoch 13 - Train Loss: 7856.957054137481, Validation MRR: 0, Learning Rate: 0.001
2026-05-21 21:29:43,256 - INFO - Memory cleaned.
2026-05-21 21:29:43,763 - INFO - Epoch[13] Complete. Time taken: 00:02:01.918
2026-05-21 21:31:42,100 - INFO - Epoch 14 - Train Loss: 7407.509908637226, Validation MRR: 0, Learning Rate: 0.001
2026-05-21 21:31:45,236 - INFO - Memory cleaned.
2026-05-21 21:31:45,702 - INFO - Epoch[14] Complete. Time taken: 00:02:01.939
2026-05-21 21:33:43,997 - INFO - Epoch 15 - Train Loss: 7051.168525868533, Validation MRR: 0, Learning Rate: 0.001
2026-05-21 21:33:47,141 - INFO - Memory cleaned.
2026-05-21 21:33:47,631 - INFO - Epoch[15] Complete. Time taken: 00:02:01.928
2026-05-21 21:35:31,116 - INFO - Epoch 16 - Train Loss: 6796.061106260434, Validation MRR: 0, Learning Rate: 0.001
2026-05-21 21:35:34,178 - INFO - Memory cleaned.
2026-05-21 21:35:34,643 - INFO - Epoch[16] Complete. Time taken: 00:01:47.012
2026-05-21 21:36:57,424 - INFO - Epoch 17 - Train Loss: 6527.261156611128, Validation MRR: 0, Learning Rate: 0.001
2026-05-21 21:37:00,497 - INFO - Memory cleaned.
2026-05-21 21:37:00,961 - INFO - Epoch[17] Complete. Time taken: 00:01:26.318
2026-05-21 21:38:33,737 - INFO - Epoch 18 - Train Loss: 6346.212343160349, Validation MRR: 0, Learning Rate: 0.001
2026-05-21 21:38:36,832 - INFO - Memory cleaned.
2026-05-21 21:38:37,297 - INFO - Epoch[18] Complete. Time taken: 00:01:36.335
2026-05-21 21:40:35,991 - INFO - Epoch 19 - Train Loss: 6181.629239237842, Validation MRR: 0, Learning Rate: 0.001
2026-05-21 21:40:39,087 - INFO - Memory cleaned.
2026-05-21 21:40:39,572 - INFO - Epoch[19] Complete. Time taken: 00:02:02.275
2026-05-21 21:42:12,826 - INFO - Epoch 20 - Train Loss: 6060.809160522995, Validation MRR: 0, Learning Rate: 0.001
2026-05-21 21:42:15,887 - INFO - Memory cleaned.
2026-05-21 21:42:15,887 - INFO - Evaluating on validation set at epoch 20...
Link prediction evaluation:   0%|          | 0/3 [00:00<?, ?batch/s]Link prediction evaluation:  67%|██████▋   | 2/3 [00:00<00:00, 14.06batch/s]Link prediction evaluation: 100%|██████████| 3/3 [00:00<00:00, 17.54batch/s]
2026-05-21 21:42:16,085 - INFO - Validation MRR: 0.042539481073617935
2026-05-21 21:42:16,889 - INFO - Epoch[20] Complete. Time taken: 00:01:37.316
2026-05-21 21:43:45,018 - INFO - Epoch 21 - Train Loss: 5929.557983379557, Validation MRR: 0.042539481073617935, Learning Rate: 0.001
2026-05-21 21:43:48,087 - INFO - Memory cleaned.
2026-05-21 21:43:48,561 - INFO - Epoch[21] Complete. Time taken: 00:01:31.672
2026-05-21 21:45:11,353 - INFO - Epoch 22 - Train Loss: 5805.810531743243, Validation MRR: 0.042539481073617935, Learning Rate: 0.001
2026-05-21 21:45:14,430 - INFO - Memory cleaned.
2026-05-21 21:45:14,891 - INFO - Epoch[22] Complete. Time taken: 00:01:26.330
2026-05-21 21:46:37,639 - INFO - Epoch 23 - Train Loss: 5740.455602544065, Validation MRR: 0.042539481073617935, Learning Rate: 0.001
2026-05-21 21:46:40,700 - INFO - Memory cleaned.
2026-05-21 21:46:41,166 - INFO - Epoch[23] Complete. Time taken: 00:01:26.274
2026-05-21 21:48:13,819 - INFO - Epoch 24 - Train Loss: 5666.416752582655, Validation MRR: 0.042539481073617935, Learning Rate: 0.001
2026-05-21 21:48:16,886 - INFO - Memory cleaned.
2026-05-21 21:48:17,343 - INFO - Epoch[24] Complete. Time taken: 00:01:36.177
2026-05-21 21:49:58,774 - INFO - Epoch 25 - Train Loss: 5593.217072873531, Validation MRR: 0.042539481073617935, Learning Rate: 0.001
2026-05-21 21:50:01,841 - INFO - Memory cleaned.
2026-05-21 21:50:02,310 - INFO - Epoch[25] Complete. Time taken: 00:01:44.967
2026-05-21 21:51:42,939 - INFO - Epoch 26 - Train Loss: 5542.343396764057, Validation MRR: 0.042539481073617935, Learning Rate: 0.001
2026-05-21 21:51:46,021 - INFO - Memory cleaned.
2026-05-21 21:51:46,486 - INFO - Epoch[26] Complete. Time taken: 00:01:44.176
2026-05-21 21:53:09,226 - INFO - Epoch 27 - Train Loss: 5454.138178982022, Validation MRR: 0.042539481073617935, Learning Rate: 0.001
2026-05-21 21:53:12,299 - INFO - Memory cleaned.
2026-05-21 21:53:12,763 - INFO - Epoch[27] Complete. Time taken: 00:01:26.277
2026-05-21 21:54:44,140 - INFO - Epoch 28 - Train Loss: 5426.162584643996, Validation MRR: 0.042539481073617935, Learning Rate: 0.001
2026-05-21 21:54:47,246 - INFO - Memory cleaned.
2026-05-21 21:54:47,717 - INFO - Epoch[28] Complete. Time taken: 00:01:34.954
2026-05-21 21:56:14,559 - INFO - Epoch 29 - Train Loss: 5366.686848728894, Validation MRR: 0.042539481073617935, Learning Rate: 0.001
2026-05-21 21:56:17,651 - INFO - Memory cleaned.
2026-05-21 21:56:18,134 - INFO - Epoch[29] Complete. Time taken: 00:01:30.417
2026-05-21 21:57:56,996 - INFO - Epoch 30 - Train Loss: 5332.07601883717, Validation MRR: 0.042539481073617935, Learning Rate: 0.001
2026-05-21 21:58:00,064 - INFO - Memory cleaned.
2026-05-21 21:58:00,536 - INFO - Epoch[30] Complete. Time taken: 00:01:42.401
2026-05-21 21:59:31,161 - INFO - Epoch 31 - Train Loss: 5321.998798405024, Validation MRR: 0.042539481073617935, Learning Rate: 0.001
2026-05-21 21:59:34,223 - INFO - Memory cleaned.
2026-05-21 21:59:34,687 - INFO - Epoch[31] Complete. Time taken: 00:01:34.151
2026-05-21 22:01:09,007 - INFO - Epoch 32 - Train Loss: 5256.804866754737, Validation MRR: 0.042539481073617935, Learning Rate: 0.001
2026-05-21 22:01:12,099 - INFO - Memory cleaned.
2026-05-21 22:01:12,570 - INFO - Epoch[32] Complete. Time taken: 00:01:37.883
2026-05-21 22:02:52,021 - INFO - Epoch 33 - Train Loss: 5223.185716270189, Validation MRR: 0.042539481073617935, Learning Rate: 0.001
2026-05-21 22:02:55,119 - INFO - Memory cleaned.
2026-05-21 22:02:55,588 - INFO - Epoch[33] Complete. Time taken: 00:01:43.019
2026-05-21 22:04:28,665 - INFO - Epoch 34 - Train Loss: 5200.057979165834, Validation MRR: 0.042539481073617935, Learning Rate: 0.001
2026-05-21 22:04:31,741 - INFO - Memory cleaned.
2026-05-21 22:04:32,201 - INFO - Epoch[34] Complete. Time taken: 00:01:36.612
2026-05-21 22:05:54,974 - INFO - Epoch 35 - Train Loss: 5158.309511498213, Validation MRR: 0.042539481073617935, Learning Rate: 0.001
2026-05-21 22:05:58,031 - INFO - Memory cleaned.
2026-05-21 22:05:58,513 - INFO - Epoch[35] Complete. Time taken: 00:01:26.312
2026-05-21 22:07:34,658 - INFO - Epoch 36 - Train Loss: 5144.706880920677, Validation MRR: 0.042539481073617935, Learning Rate: 0.001
2026-05-21 22:07:37,758 - INFO - Memory cleaned.
2026-05-21 22:07:38,222 - INFO - Epoch[36] Complete. Time taken: 00:01:39.709
2026-05-21 22:09:00,736 - INFO - Epoch 37 - Train Loss: 5125.497274785785, Validation MRR: 0.042539481073617935, Learning Rate: 0.001
2026-05-21 22:09:03,830 - INFO - Memory cleaned.
2026-05-21 22:09:04,315 - INFO - Epoch[37] Complete. Time taken: 00:01:26.093
2026-05-21 22:11:00,837 - INFO - Epoch 38 - Train Loss: 5116.434853483287, Validation MRR: 0.042539481073617935, Learning Rate: 0.001
2026-05-21 22:11:03,982 - INFO - Memory cleaned.
2026-05-21 22:11:04,456 - INFO - Epoch[38] Complete. Time taken: 00:02:00.140
2026-05-21 22:12:32,879 - INFO - Epoch 39 - Train Loss: 5079.766099764411, Validation MRR: 0.042539481073617935, Learning Rate: 0.001
2026-05-21 22:12:38,330 - INFO - Memory cleaned.
2026-05-21 22:12:38,809 - INFO - Epoch[39] Complete. Time taken: 00:01:34.353
2026-05-21 22:14:01,837 - INFO - Epoch 40 - Train Loss: 5066.241236405402, Validation MRR: 0.042539481073617935, Learning Rate: 0.001
2026-05-21 22:14:05,023 - INFO - Memory cleaned.
2026-05-21 22:14:05,023 - INFO - Evaluating on validation set at epoch 40...
Link prediction evaluation:   0%|          | 0/3 [00:00<?, ?batch/s]Link prediction evaluation:  33%|███▎      | 1/3 [00:00<00:00,  9.18batch/s]Link prediction evaluation: 100%|██████████| 3/3 [00:00<00:00, 15.04batch/s]
2026-05-21 22:14:05,255 - INFO - Validation MRR: 0.021198052912950516
2026-05-21 22:14:05,724 - INFO - Epoch[40] Complete. Time taken: 00:01:26.915
2026-05-21 22:16:01,014 - INFO - Epoch 41 - Train Loss: 5034.6467213952565, Validation MRR: 0.021198052912950516, Learning Rate: 0.001
2026-05-21 22:16:04,121 - INFO - Memory cleaned.
2026-05-21 22:16:04,598 - INFO - Epoch[41] Complete. Time taken: 00:01:58.873
2026-05-21 22:17:27,468 - INFO - Epoch 42 - Train Loss: 5034.278496654001, Validation MRR: 0.021198052912950516, Learning Rate: 0.001
2026-05-21 22:17:30,518 - INFO - Memory cleaned.
2026-05-21 22:17:31,027 - INFO - Epoch[42] Complete. Time taken: 00:01:26.429
2026-05-21 22:19:13,024 - INFO - Epoch 43 - Train Loss: 4978.634317785262, Validation MRR: 0.021198052912950516, Learning Rate: 0.001
2026-05-21 22:19:16,090 - INFO - Memory cleaned.
2026-05-21 22:19:16,556 - INFO - Epoch[43] Complete. Time taken: 00:01:45.529
2026-05-21 22:20:44,615 - INFO - Epoch 44 - Train Loss: 4967.875566515545, Validation MRR: 0.021198052912950516, Learning Rate: 0.001
2026-05-21 22:20:47,679 - INFO - Memory cleaned.
2026-05-21 22:20:48,136 - INFO - Epoch[44] Complete. Time taken: 00:01:31.580
2026-05-21 22:22:23,522 - INFO - Epoch 45 - Train Loss: 4975.4080562072395, Validation MRR: 0.021198052912950516, Learning Rate: 0.001
2026-05-21 22:22:26,599 - INFO - Memory cleaned.
2026-05-21 22:22:27,066 - INFO - Epoch[45] Complete. Time taken: 00:01:38.929
2026-05-21 22:24:23,762 - INFO - Epoch 46 - Train Loss: 4954.887065260503, Validation MRR: 0.021198052912950516, Learning Rate: 0.001
2026-05-21 22:24:26,838 - INFO - Memory cleaned.
2026-05-21 22:24:27,296 - INFO - Epoch[46] Complete. Time taken: 00:02:00.230
2026-05-21 22:25:51,138 - INFO - Epoch 47 - Train Loss: 4970.153261743195, Validation MRR: 0.021198052912950516, Learning Rate: 0.001
2026-05-21 22:25:54,178 - INFO - Memory cleaned.
2026-05-21 22:25:54,648 - INFO - Epoch[47] Complete. Time taken: 00:01:27.352
2026-05-21 22:27:17,457 - INFO - Epoch 48 - Train Loss: 4929.802338446711, Validation MRR: 0.021198052912950516, Learning Rate: 0.001
2026-05-21 22:27:20,496 - INFO - Memory cleaned.
2026-05-21 22:27:20,952 - INFO - Epoch[48] Complete. Time taken: 00:01:26.304
2026-05-21 22:29:12,497 - INFO - Epoch 49 - Train Loss: 4950.86499806542, Validation MRR: 0.021198052912950516, Learning Rate: 0.001
2026-05-21 22:29:15,567 - INFO - Memory cleaned.
2026-05-21 22:29:16,042 - INFO - Epoch[49] Complete. Time taken: 00:01:55.090
2026-05-21 22:30:40,828 - INFO - Epoch 50 - Train Loss: 4914.727738981571, Validation MRR: 0.021198052912950516, Learning Rate: 0.001
2026-05-21 22:30:43,863 - INFO - Memory cleaned.
2026-05-21 22:30:44,334 - INFO - Epoch[50] Complete. Time taken: 00:01:28.292
2026-05-21 22:32:07,195 - INFO - Epoch 51 - Train Loss: 4912.308039609374, Validation MRR: 0.021198052912950516, Learning Rate: 0.001
2026-05-21 22:32:10,269 - INFO - Memory cleaned.
2026-05-21 22:32:10,733 - INFO - Epoch[51] Complete. Time taken: 00:01:26.398
2026-05-21 22:33:33,473 - INFO - Epoch 52 - Train Loss: 4902.947186539601, Validation MRR: 0.021198052912950516, Learning Rate: 0.001
2026-05-21 22:33:36,526 - INFO - Memory cleaned.
2026-05-21 22:33:36,985 - INFO - Epoch[52] Complete. Time taken: 00:01:26.252
2026-05-21 22:34:59,840 - INFO - Epoch 53 - Train Loss: 4901.066082552746, Validation MRR: 0.021198052912950516, Learning Rate: 0.001
2026-05-21 22:35:02,880 - INFO - Memory cleaned.
2026-05-21 22:35:03,359 - INFO - Epoch[53] Complete. Time taken: 00:01:26.374
2026-05-21 22:36:39,856 - INFO - Epoch 54 - Train Loss: 4911.690526843091, Validation MRR: 0.021198052912950516, Learning Rate: 0.001
2026-05-21 22:36:42,894 - INFO - Memory cleaned.
2026-05-21 22:36:43,352 - INFO - Epoch[54] Complete. Time taken: 00:01:39.994
2026-05-21 22:38:06,113 - INFO - Epoch 55 - Train Loss: 4873.975354992177, Validation MRR: 0.021198052912950516, Learning Rate: 0.001
2026-05-21 22:38:09,160 - INFO - Memory cleaned.
2026-05-21 22:38:09,646 - INFO - Epoch[55] Complete. Time taken: 00:01:26.294
2026-05-21 22:39:32,511 - INFO - Epoch 56 - Train Loss: 4896.505157038069, Validation MRR: 0.021198052912950516, Learning Rate: 0.001
2026-05-21 22:39:35,557 - INFO - Memory cleaned.
2026-05-21 22:39:36,073 - INFO - Epoch[56] Complete. Time taken: 00:01:26.427
2026-05-21 22:40:58,869 - INFO - Epoch 57 - Train Loss: 4851.527108522518, Validation MRR: 0.021198052912950516, Learning Rate: 0.001
2026-05-21 22:41:01,897 - INFO - Memory cleaned.
2026-05-21 22:41:02,378 - INFO - Epoch[57] Complete. Time taken: 00:01:26.305
2026-05-21 22:42:25,120 - INFO - Epoch 58 - Train Loss: 4854.140160911643, Validation MRR: 0.021198052912950516, Learning Rate: 0.001
2026-05-21 22:42:28,135 - INFO - Memory cleaned.
2026-05-21 22:42:28,594 - INFO - Epoch[58] Complete. Time taken: 00:01:26.215
2026-05-21 22:44:14,116 - INFO - Epoch 59 - Train Loss: 4881.231028599827, Validation MRR: 0.021198052912950516, Learning Rate: 0.001
2026-05-21 22:44:17,166 - INFO - Memory cleaned.
2026-05-21 22:44:17,628 - INFO - Epoch[59] Complete. Time taken: 00:01:49.034
2026-05-21 22:45:41,690 - INFO - Epoch 60 - Train Loss: 4852.460625317443, Validation MRR: 0.021198052912950516, Learning Rate: 0.001
2026-05-21 22:45:44,737 - INFO - Memory cleaned.
2026-05-21 22:45:44,737 - INFO - Evaluating on validation set at epoch 60...
Link prediction evaluation:   0%|          | 0/3 [00:00<?, ?batch/s]Link prediction evaluation:  67%|██████▋   | 2/3 [00:00<00:00, 14.37batch/s]Link prediction evaluation: 100%|██████████| 3/3 [00:00<00:00, 17.63batch/s]
2026-05-21 22:45:44,926 - INFO - Validation MRR: 0.027879895642399788
2026-05-21 22:45:45,387 - INFO - Epoch[60] Complete. Time taken: 00:01:27.759
2026-05-21 22:47:19,875 - INFO - Epoch 61 - Train Loss: 4863.868016828619, Validation MRR: 0.027879895642399788, Learning Rate: 0.001
2026-05-21 22:47:22,906 - INFO - Memory cleaned.
2026-05-21 22:47:23,370 - INFO - Epoch[61] Complete. Time taken: 00:01:37.983
2026-05-21 22:48:46,179 - INFO - Epoch 62 - Train Loss: 4831.792687352448, Validation MRR: 0.027879895642399788, Learning Rate: 0.001
2026-05-21 22:48:49,183 - INFO - Memory cleaned.
2026-05-21 22:48:49,642 - INFO - Epoch[62] Complete. Time taken: 00:01:26.271
2026-05-21 22:50:27,973 - INFO - Epoch 63 - Train Loss: 4836.133085928119, Validation MRR: 0.027879895642399788, Learning Rate: 0.001
2026-05-21 22:50:31,012 - INFO - Memory cleaned.
2026-05-21 22:50:31,478 - INFO - Epoch[63] Complete. Time taken: 00:01:41.836
2026-05-21 22:52:28,186 - INFO - Epoch 64 - Train Loss: 4810.7767585684, Validation MRR: 0.027879895642399788, Learning Rate: 0.001
2026-05-21 22:52:31,260 - INFO - Memory cleaned.
2026-05-21 22:52:31,732 - INFO - Epoch[64] Complete. Time taken: 00:02:00.254
2026-05-21 22:54:11,539 - INFO - Epoch 65 - Train Loss: 4789.4596488086445, Validation MRR: 0.027879895642399788, Learning Rate: 0.001
2026-05-21 22:54:14,537 - INFO - Memory cleaned.
2026-05-21 22:54:15,000 - INFO - Epoch[65] Complete. Time taken: 00:01:43.268
2026-05-21 22:55:55,546 - INFO - Epoch 66 - Train Loss: 4785.8337973462285, Validation MRR: 0.027879895642399788, Learning Rate: 0.001
2026-05-21 22:55:58,540 - INFO - Memory cleaned.
2026-05-21 22:55:58,993 - INFO - Epoch[66] Complete. Time taken: 00:01:43.993
2026-05-21 22:57:29,835 - INFO - Epoch 67 - Train Loss: 4780.991019351618, Validation MRR: 0.027879895642399788, Learning Rate: 0.001
2026-05-21 22:57:32,826 - INFO - Memory cleaned.
2026-05-21 22:57:33,287 - INFO - Epoch[67] Complete. Time taken: 00:01:34.294
2026-05-21 22:58:56,060 - INFO - Epoch 68 - Train Loss: 4804.732846340874, Validation MRR: 0.027879895642399788, Learning Rate: 0.001
2026-05-21 22:58:59,047 - INFO - Memory cleaned.
2026-05-21 22:58:59,500 - INFO - Epoch[68] Complete. Time taken: 00:01:26.213
2026-05-21 23:00:46,079 - INFO - Epoch 69 - Train Loss: 4795.753522390471, Validation MRR: 0.027879895642399788, Learning Rate: 0.001
2026-05-21 23:00:49,070 - INFO - Memory cleaned.
2026-05-21 23:00:49,532 - INFO - Epoch[69] Complete. Time taken: 00:01:50.032
2026-05-21 23:02:17,321 - INFO - Epoch 70 - Train Loss: 4790.792869246116, Validation MRR: 0.027879895642399788, Learning Rate: 0.001
2026-05-21 23:02:20,314 - INFO - Memory cleaned.
2026-05-21 23:02:20,772 - INFO - Epoch[70] Complete. Time taken: 00:01:31.240
2026-05-21 23:04:06,622 - INFO - Epoch 71 - Train Loss: 4784.69600371878, Validation MRR: 0.027879895642399788, Learning Rate: 0.001
2026-05-21 23:04:09,633 - INFO - Memory cleaned.
2026-05-21 23:04:10,103 - INFO - Epoch[71] Complete. Time taken: 00:01:49.331
2026-05-21 23:05:32,829 - INFO - Epoch 72 - Train Loss: 4756.983029363494, Validation MRR: 0.027879895642399788, Learning Rate: 0.001
2026-05-21 23:05:35,843 - INFO - Memory cleaned.
2026-05-21 23:05:36,310 - INFO - Epoch[72] Complete. Time taken: 00:01:26.206
2026-05-21 23:07:15,370 - INFO - Epoch 73 - Train Loss: 4756.218745923743, Validation MRR: 0.027879895642399788, Learning Rate: 0.001
2026-05-21 23:07:18,392 - INFO - Memory cleaned.
2026-05-21 23:07:18,864 - INFO - Epoch[73] Complete. Time taken: 00:01:42.554
2026-05-21 23:09:15,497 - INFO - Epoch 74 - Train Loss: 4765.3081192496065, Validation MRR: 0.027879895642399788, Learning Rate: 0.001
2026-05-21 23:09:18,519 - INFO - Memory cleaned.
2026-05-21 23:09:18,981 - INFO - Epoch[74] Complete. Time taken: 00:02:00.117
2026-05-21 23:11:01,578 - INFO - Epoch 75 - Train Loss: 4777.50739027922, Validation MRR: 0.027879895642399788, Learning Rate: 0.001
2026-05-21 23:11:04,583 - INFO - Memory cleaned.
2026-05-21 23:11:05,073 - INFO - Epoch[75] Complete. Time taken: 00:01:46.091
2026-05-21 23:12:27,813 - INFO - Epoch 76 - Train Loss: 4761.812469743684, Validation MRR: 0.027879895642399788, Learning Rate: 0.001
2026-05-21 23:12:30,801 - INFO - Memory cleaned.
2026-05-21 23:12:31,256 - INFO - Epoch[76] Complete. Time taken: 00:01:26.183
2026-05-21 23:13:54,021 - INFO - Epoch 77 - Train Loss: 4758.349120788909, Validation MRR: 0.027879895642399788, Learning Rate: 0.001
2026-05-21 23:13:57,031 - INFO - Memory cleaned.
2026-05-21 23:13:57,504 - INFO - Epoch[77] Complete. Time taken: 00:01:26.248
2026-05-21 23:15:22,904 - INFO - Epoch 78 - Train Loss: 4725.18010244239, Validation MRR: 0.027879895642399788, Learning Rate: 0.001
2026-05-21 23:15:25,900 - INFO - Memory cleaned.
2026-05-21 23:15:26,363 - INFO - Epoch[78] Complete. Time taken: 00:01:28.859
2026-05-21 23:16:49,142 - INFO - Epoch 79 - Train Loss: 4763.7207522925155, Validation MRR: 0.027879895642399788, Learning Rate: 0.001
2026-05-21 23:16:52,150 - INFO - Memory cleaned.
2026-05-21 23:16:52,617 - INFO - Epoch[79] Complete. Time taken: 00:01:26.254
2026-05-21 23:18:49,270 - INFO - Epoch 80 - Train Loss: 4749.529668829622, Validation MRR: 0.027879895642399788, Learning Rate: 0.001
2026-05-21 23:18:52,306 - INFO - Memory cleaned.
2026-05-21 23:18:52,307 - INFO - Evaluating on validation set at epoch 80...
Link prediction evaluation:   0%|          | 0/3 [00:00<?, ?batch/s]Link prediction evaluation:  67%|██████▋   | 2/3 [00:00<00:00, 15.10batch/s]Link prediction evaluation: 100%|██████████| 3/3 [00:00<00:00, 18.37batch/s]
2026-05-21 23:18:52,474 - INFO - Validation MRR: 0.025756213814020157
2026-05-21 23:18:52,980 - INFO - Epoch[80] Complete. Time taken: 00:02:00.363
2026-05-21 23:20:20,052 - INFO - Epoch 81 - Train Loss: 4752.898748349403, Validation MRR: 0.025756213814020157, Learning Rate: 0.001
2026-05-21 23:20:23,043 - INFO - Memory cleaned.
2026-05-21 23:20:23,505 - INFO - Epoch[81] Complete. Time taken: 00:01:30.525
2026-05-21 23:21:49,706 - INFO - Epoch 82 - Train Loss: 4735.65377330694, Validation MRR: 0.025756213814020157, Learning Rate: 0.001
2026-05-21 23:21:52,692 - INFO - Memory cleaned.
2026-05-21 23:21:53,096 - INFO - Epoch[82] Complete. Time taken: 00:01:29.591
2026-05-21 23:23:15,821 - INFO - Epoch 83 - Train Loss: 4740.005349934511, Validation MRR: 0.025756213814020157, Learning Rate: 0.001
2026-05-21 23:23:18,811 - INFO - Memory cleaned.
2026-05-21 23:23:19,224 - INFO - Epoch[83] Complete. Time taken: 00:01:26.128
2026-05-21 23:24:45,099 - INFO - Epoch 84 - Train Loss: 4739.1519096104585, Validation MRR: 0.025756213814020157, Learning Rate: 0.001
2026-05-21 23:24:48,128 - INFO - Memory cleaned.
2026-05-21 23:24:48,586 - INFO - Epoch[84] Complete. Time taken: 00:01:29.362
2026-05-21 23:26:11,337 - INFO - Epoch 85 - Train Loss: 4740.141155746955, Validation MRR: 0.025756213814020157, Learning Rate: 0.001
2026-05-21 23:26:14,323 - INFO - Memory cleaned.
2026-05-21 23:26:14,782 - INFO - Epoch[85] Complete. Time taken: 00:01:26.195
2026-05-21 23:27:44,384 - INFO - Epoch 86 - Train Loss: 4738.0922145106715, Validation MRR: 0.025756213814020157, Learning Rate: 0.001
2026-05-21 23:27:47,405 - INFO - Memory cleaned.
2026-05-21 23:27:47,869 - INFO - Epoch[86] Complete. Time taken: 00:01:33.087
2026-05-21 23:29:15,861 - INFO - Epoch 87 - Train Loss: 4736.833781115292, Validation MRR: 0.025756213814020157, Learning Rate: 0.001
2026-05-21 23:29:18,852 - INFO - Memory cleaned.
2026-05-21 23:29:19,328 - INFO - Epoch[87] Complete. Time taken: 00:01:31.458
2026-05-21 23:30:42,060 - INFO - Epoch 88 - Train Loss: 4706.008691369855, Validation MRR: 0.025756213814020157, Learning Rate: 0.001
2026-05-21 23:30:45,047 - INFO - Memory cleaned.
2026-05-21 23:30:45,521 - INFO - Epoch[88] Complete. Time taken: 00:01:26.193
2026-05-21 23:32:09,120 - INFO - Epoch 89 - Train Loss: 4740.457344647821, Validation MRR: 0.025756213814020157, Learning Rate: 0.001
2026-05-21 23:32:12,144 - INFO - Memory cleaned.
2026-05-21 23:32:12,617 - INFO - Epoch[89] Complete. Time taken: 00:01:27.096
2026-05-21 23:33:43,522 - INFO - Epoch 90 - Train Loss: 4723.097318345499, Validation MRR: 0.025756213814020157, Learning Rate: 0.001
2026-05-21 23:33:46,506 - INFO - Memory cleaned.
2026-05-21 23:33:46,966 - INFO - Epoch[90] Complete. Time taken: 00:01:34.349
2026-05-21 23:35:09,889 - INFO - Epoch 91 - Train Loss: 4737.1543844610815, Validation MRR: 0.025756213814020157, Learning Rate: 0.001
2026-05-21 23:35:12,909 - INFO - Memory cleaned.
2026-05-21 23:35:13,410 - INFO - Epoch[91] Complete. Time taken: 00:01:26.443
2026-05-21 23:36:42,223 - INFO - Epoch 92 - Train Loss: 4708.80062713272, Validation MRR: 0.025756213814020157, Learning Rate: 0.001
2026-05-21 23:36:45,207 - INFO - Memory cleaned.
2026-05-21 23:36:45,666 - INFO - Epoch[92] Complete. Time taken: 00:01:32.256
2026-05-21 23:38:08,400 - INFO - Epoch 93 - Train Loss: 4737.852273205112, Validation MRR: 0.025756213814020157, Learning Rate: 0.001
2026-05-21 23:38:11,389 - INFO - Memory cleaned.
2026-05-21 23:38:11,864 - INFO - Epoch[93] Complete. Time taken: 00:01:26.197
2026-05-21 23:39:34,634 - INFO - Epoch 94 - Train Loss: 4735.412853735096, Validation MRR: 0.025756213814020157, Learning Rate: 0.001
2026-05-21 23:39:37,662 - INFO - Memory cleaned.
2026-05-21 23:39:38,126 - INFO - Epoch[94] Complete. Time taken: 00:01:26.262
2026-05-21 23:41:00,925 - INFO - Epoch 95 - Train Loss: 4727.679740337157, Validation MRR: 0.025756213814020157, Learning Rate: 0.001
2026-05-21 23:41:03,948 - INFO - Memory cleaned.
2026-05-21 23:41:04,412 - INFO - Epoch[95] Complete. Time taken: 00:01:26.286
2026-05-21 23:42:31,713 - INFO - Epoch 96 - Train Loss: 4730.8944226102685, Validation MRR: 0.025756213814020157, Learning Rate: 0.001
2026-05-21 23:42:34,703 - INFO - Memory cleaned.
2026-05-21 23:42:35,163 - INFO - Epoch[96] Complete. Time taken: 00:01:30.750
2026-05-21 23:43:57,883 - INFO - Epoch 97 - Train Loss: 4702.978617830749, Validation MRR: 0.025756213814020157, Learning Rate: 0.001
2026-05-21 23:44:00,869 - INFO - Memory cleaned.
2026-05-21 23:44:01,326 - INFO - Epoch[97] Complete. Time taken: 00:01:26.164
2026-05-21 23:45:24,242 - INFO - Epoch 98 - Train Loss: 4720.380367930213, Validation MRR: 0.025756213814020157, Learning Rate: 0.001
2026-05-21 23:45:27,237 - INFO - Memory cleaned.
2026-05-21 23:45:27,712 - INFO - Epoch[98] Complete. Time taken: 00:01:26.386
2026-05-21 23:47:13,928 - INFO - Epoch 99 - Train Loss: 4714.155606210463, Validation MRR: 0.025756213814020157, Learning Rate: 0.001
2026-05-21 23:47:16,948 - INFO - Memory cleaned.
2026-05-21 23:47:17,434 - INFO - Epoch[99] Complete. Time taken: 00:01:49.721
2026-05-21 23:48:52,364 - INFO - Epoch 100 - Train Loss: 4680.022170313691, Validation MRR: 0.025756213814020157, Learning Rate: 0.001
2026-05-21 23:48:55,354 - INFO - Memory cleaned.
2026-05-21 23:48:55,355 - INFO - Evaluating on validation set at epoch 100...
Link prediction evaluation:   0%|          | 0/3 [00:00<?, ?batch/s]Link prediction evaluation:  67%|██████▋   | 2/3 [00:00<00:00, 15.35batch/s]Link prediction evaluation: 100%|██████████| 3/3 [00:00<00:00, 18.85batch/s]
2026-05-21 23:48:55,535 - INFO - Validation MRR: 0.014017907902598381
2026-05-21 23:48:55,993 - INFO - Epoch[100] Complete. Time taken: 00:01:38.560
2026-05-21 23:50:41,557 - INFO - Epoch 101 - Train Loss: 4700.99303382889, Validation MRR: 0.014017907902598381, Learning Rate: 0.001
2026-05-21 23:50:44,585 - INFO - Memory cleaned.
2026-05-21 23:50:45,070 - INFO - Epoch[101] Complete. Time taken: 00:01:49.077
2026-05-21 23:52:09,678 - INFO - Epoch 102 - Train Loss: 4685.788219933685, Validation MRR: 0.014017907902598381, Learning Rate: 0.001
2026-05-21 23:52:12,698 - INFO - Memory cleaned.
2026-05-21 23:52:13,171 - INFO - Epoch[102] Complete. Time taken: 00:01:28.101
2026-05-21 23:53:37,696 - INFO - Epoch 103 - Train Loss: 4690.4598692249, Validation MRR: 0.014017907902598381, Learning Rate: 0.001
2026-05-21 23:53:40,697 - INFO - Memory cleaned.
2026-05-21 23:53:41,161 - INFO - Epoch[103] Complete. Time taken: 00:01:27.990
2026-05-21 23:55:03,865 - INFO - Epoch 104 - Train Loss: 4721.905148992225, Validation MRR: 0.014017907902598381, Learning Rate: 0.001
2026-05-21 23:55:06,875 - INFO - Memory cleaned.
2026-05-21 23:55:07,390 - INFO - Epoch[104] Complete. Time taken: 00:01:26.228
2026-05-21 23:56:50,536 - INFO - Epoch 105 - Train Loss: 4697.478289069776, Validation MRR: 0.014017907902598381, Learning Rate: 0.001
2026-05-21 23:56:53,560 - INFO - Memory cleaned.
2026-05-21 23:56:54,048 - INFO - Epoch[105] Complete. Time taken: 00:01:46.658
2026-05-21 23:58:50,601 - INFO - Epoch 106 - Train Loss: 4696.007190774363, Validation MRR: 0.014017907902598381, Learning Rate: 0.001
2026-05-21 23:58:53,626 - INFO - Memory cleaned.
2026-05-21 23:58:54,090 - INFO - Epoch[106] Complete. Time taken: 00:02:00.043
2026-05-22 00:00:50,606 - INFO - Epoch 107 - Train Loss: 4712.179407065069, Validation MRR: 0.014017907902598381, Learning Rate: 0.001
2026-05-22 00:00:53,668 - INFO - Memory cleaned.
2026-05-22 00:00:54,132 - INFO - Epoch[107] Complete. Time taken: 00:02:00.042
2026-05-22 00:02:23,029 - INFO - Epoch 108 - Train Loss: 4680.3970562648865, Validation MRR: 0.014017907902598381, Learning Rate: 0.001
2026-05-22 00:02:26,013 - INFO - Memory cleaned.
2026-05-22 00:02:26,482 - INFO - Epoch[108] Complete. Time taken: 00:01:32.350
2026-05-22 00:03:49,174 - INFO - Epoch 109 - Train Loss: 4674.246801930548, Validation MRR: 0.014017907902598381, Learning Rate: 0.001
2026-05-22 00:03:52,159 - INFO - Memory cleaned.
2026-05-22 00:03:52,620 - INFO - Epoch[109] Complete. Time taken: 00:01:26.138
2026-05-22 00:05:15,297 - INFO - Epoch 110 - Train Loss: 4689.494091957886, Validation MRR: 0.014017907902598381, Learning Rate: 0.001
2026-05-22 00:05:18,299 - INFO - Memory cleaned.
2026-05-22 00:05:18,754 - INFO - Epoch[110] Complete. Time taken: 00:01:26.133
2026-05-22 00:06:41,363 - INFO - Epoch 111 - Train Loss: 4698.427009658623, Validation MRR: 0.014017907902598381, Learning Rate: 0.001
2026-05-22 00:06:44,364 - INFO - Memory cleaned.
2026-05-22 00:06:44,821 - INFO - Epoch[111] Complete. Time taken: 00:01:26.068
2026-05-22 00:08:07,431 - INFO - Epoch 112 - Train Loss: 4705.651129713564, Validation MRR: 0.014017907902598381, Learning Rate: 0.001
2026-05-22 00:08:10,439 - INFO - Memory cleaned.
2026-05-22 00:08:10,894 - INFO - Epoch[112] Complete. Time taken: 00:01:26.072
2026-05-22 00:09:33,505 - INFO - Epoch 113 - Train Loss: 4701.890115667701, Validation MRR: 0.014017907902598381, Learning Rate: 0.001
2026-05-22 00:09:36,507 - INFO - Memory cleaned.
2026-05-22 00:09:36,965 - INFO - Epoch[113] Complete. Time taken: 00:01:26.072
2026-05-22 00:10:59,553 - INFO - Epoch 114 - Train Loss: 4689.297186592886, Validation MRR: 0.014017907902598381, Learning Rate: 0.001
2026-05-22 00:11:02,552 - INFO - Memory cleaned.
2026-05-22 00:11:03,007 - INFO - Epoch[114] Complete. Time taken: 00:01:26.041
2026-05-22 00:12:25,613 - INFO - Epoch 115 - Train Loss: 4688.316403651791, Validation MRR: 0.014017907902598381, Learning Rate: 0.001
2026-05-22 00:12:28,614 - INFO - Memory cleaned.
2026-05-22 00:12:29,073 - INFO - Epoch[115] Complete. Time taken: 00:01:26.066
2026-05-22 00:13:51,583 - INFO - Epoch 116 - Train Loss: 4683.616517964063, Validation MRR: 0.014017907902598381, Learning Rate: 0.001
2026-05-22 00:13:54,585 - INFO - Memory cleaned.
2026-05-22 00:13:55,051 - INFO - Epoch[116] Complete. Time taken: 00:01:25.978
2026-05-22 00:15:17,600 - INFO - Epoch 117 - Train Loss: 4692.861058782285, Validation MRR: 0.014017907902598381, Learning Rate: 0.001
2026-05-22 00:15:20,616 - INFO - Memory cleaned.
2026-05-22 00:15:21,073 - INFO - Epoch[117] Complete. Time taken: 00:01:26.022
2026-05-22 00:16:43,636 - INFO - Epoch 118 - Train Loss: 4686.24632626013, Validation MRR: 0.014017907902598381, Learning Rate: 0.001
2026-05-22 00:16:46,646 - INFO - Memory cleaned.
2026-05-22 00:16:47,101 - INFO - Epoch[118] Complete. Time taken: 00:01:26.027
2026-05-22 00:18:09,775 - INFO - Epoch 119 - Train Loss: 4695.444917141227, Validation MRR: 0.014017907902598381, Learning Rate: 0.001
2026-05-22 00:18:12,754 - INFO - Memory cleaned.
2026-05-22 00:18:13,210 - INFO - Epoch[119] Complete. Time taken: 00:01:26.109
2026-05-22 00:19:35,875 - INFO - Epoch 120 - Train Loss: 4694.919212132873, Validation MRR: 0.014017907902598381, Learning Rate: 0.001
2026-05-22 00:19:38,862 - INFO - Memory cleaned.
2026-05-22 00:19:38,862 - INFO - Evaluating on validation set at epoch 120...
Link prediction evaluation:   0%|          | 0/3 [00:00<?, ?batch/s]Link prediction evaluation:  67%|██████▋   | 2/3 [00:00<00:00, 16.43batch/s]Link prediction evaluation: 100%|██████████| 3/3 [00:00<00:00, 19.95batch/s]
2026-05-22 00:19:39,014 - INFO - Validation MRR: 0.00505455955862999
2026-05-22 00:19:39,473 - INFO - Epoch[120] Complete. Time taken: 00:01:26.263
2026-05-22 00:21:02,156 - INFO - Epoch 121 - Train Loss: 4679.006596216952, Validation MRR: 0.00505455955862999, Learning Rate: 0.001
2026-05-22 00:21:05,166 - INFO - Memory cleaned.
2026-05-22 00:21:05,640 - INFO - Epoch[121] Complete. Time taken: 00:01:26.167
2026-05-22 00:22:28,390 - INFO - Epoch 122 - Train Loss: 4663.930125742095, Validation MRR: 0.00505455955862999, Learning Rate: 0.001
2026-05-22 00:22:31,382 - INFO - Memory cleaned.
2026-05-22 00:22:31,840 - INFO - Epoch[122] Complete. Time taken: 00:01:26.200
2026-05-22 00:24:10,089 - INFO - Epoch 123 - Train Loss: 4684.499099626785, Validation MRR: 0.00505455955862999, Learning Rate: 0.001
2026-05-22 00:24:13,123 - INFO - Memory cleaned.
2026-05-22 00:24:13,531 - INFO - Epoch[123] Complete. Time taken: 00:01:41.691
2026-05-22 00:25:36,344 - INFO - Epoch 124 - Train Loss: 4672.816206806888, Validation MRR: 0.00505455955862999, Learning Rate: 0.001
2026-05-22 00:25:39,340 - INFO - Memory cleaned.
2026-05-22 00:25:39,801 - INFO - Epoch[124] Complete. Time taken: 00:01:26.269
2026-05-22 00:27:02,608 - INFO - Epoch 125 - Train Loss: 4688.842585852068, Validation MRR: 0.00505455955862999, Learning Rate: 0.001
2026-05-22 00:27:05,640 - INFO - Memory cleaned.
2026-05-22 00:27:06,070 - INFO - Epoch[125] Complete. Time taken: 00:01:26.269
2026-05-22 00:28:28,883 - INFO - Epoch 126 - Train Loss: 4664.465984525204, Validation MRR: 0.00505455955862999, Learning Rate: 0.001
2026-05-22 00:28:31,874 - INFO - Memory cleaned.
2026-05-22 00:28:32,336 - INFO - Epoch[126] Complete. Time taken: 00:01:26.266
2026-05-22 00:29:55,111 - INFO - Epoch 127 - Train Loss: 4648.84579868033, Validation MRR: 0.00505455955862999, Learning Rate: 0.001
2026-05-22 00:29:58,100 - INFO - Memory cleaned.
2026-05-22 00:29:58,564 - INFO - Epoch[127] Complete. Time taken: 00:01:26.227
2026-05-22 00:31:22,814 - INFO - Epoch 128 - Train Loss: 4679.0569638815105, Validation MRR: 0.00505455955862999, Learning Rate: 0.001
2026-05-22 00:31:25,820 - INFO - Memory cleaned.
2026-05-22 00:31:26,300 - INFO - Epoch[128] Complete. Time taken: 00:01:27.736
2026-05-22 00:32:49,026 - INFO - Epoch 129 - Train Loss: 4641.620096522016, Validation MRR: 0.00505455955862999, Learning Rate: 0.001
2026-05-22 00:32:52,011 - INFO - Memory cleaned.
2026-05-22 00:32:52,474 - INFO - Epoch[129] Complete. Time taken: 00:01:26.175
2026-05-22 00:34:18,543 - INFO - Epoch 130 - Train Loss: 4699.844248028671, Validation MRR: 0.00505455955862999, Learning Rate: 0.001
2026-05-22 00:34:21,566 - INFO - Memory cleaned.
2026-05-22 00:34:22,045 - INFO - Epoch[130] Complete. Time taken: 00:01:29.571
2026-05-22 00:36:18,716 - INFO - Epoch 131 - Train Loss: 4690.858059949004, Validation MRR: 0.00505455955862999, Learning Rate: 0.001
2026-05-22 00:36:21,705 - INFO - Memory cleaned.
2026-05-22 00:36:22,169 - INFO - Epoch[131] Complete. Time taken: 00:02:00.124
2026-05-22 00:37:57,612 - INFO - Epoch 132 - Train Loss: 4685.196569772259, Validation MRR: 0.00505455955862999, Learning Rate: 0.001
2026-05-22 00:38:00,604 - INFO - Memory cleaned.
2026-05-22 00:38:01,088 - INFO - Epoch[132] Complete. Time taken: 00:01:38.918
2026-05-22 00:39:23,765 - INFO - Epoch 133 - Train Loss: 4644.691862584614, Validation MRR: 0.00505455955862999, Learning Rate: 0.001
2026-05-22 00:39:26,755 - INFO - Memory cleaned.
2026-05-22 00:39:27,229 - INFO - Epoch[133] Complete. Time taken: 00:01:26.141
2026-05-22 00:40:50,037 - INFO - Epoch 134 - Train Loss: 4674.061983372852, Validation MRR: 0.00505455955862999, Learning Rate: 0.001
2026-05-22 00:40:53,027 - INFO - Memory cleaned.
2026-05-22 00:40:53,503 - INFO - Epoch[134] Complete. Time taken: 00:01:26.274
2026-05-22 00:42:20,996 - INFO - Epoch 135 - Train Loss: 4638.64025630104, Validation MRR: 0.00505455955862999, Learning Rate: 0.001
2026-05-22 00:42:24,015 - INFO - Memory cleaned.
2026-05-22 00:42:24,484 - INFO - Epoch[135] Complete. Time taken: 00:01:30.981
2026-05-22 00:43:52,694 - INFO - Epoch 136 - Train Loss: 4659.925497466092, Validation MRR: 0.00505455955862999, Learning Rate: 0.001
2026-05-22 00:43:55,716 - INFO - Memory cleaned.
2026-05-22 00:43:56,182 - INFO - Epoch[136] Complete. Time taken: 00:01:31.697
2026-05-22 00:45:33,721 - INFO - Epoch 137 - Train Loss: 4640.761239419428, Validation MRR: 0.00505455955862999, Learning Rate: 0.001
2026-05-22 00:45:36,743 - INFO - Memory cleaned.
2026-05-22 00:45:37,217 - INFO - Epoch[137] Complete. Time taken: 00:01:41.035
2026-05-22 00:47:33,915 - INFO - Epoch 138 - Train Loss: 4683.47923701499, Validation MRR: 0.00505455955862999, Learning Rate: 0.001
2026-05-22 00:47:36,939 - INFO - Memory cleaned.
2026-05-22 00:47:37,407 - INFO - Epoch[138] Complete. Time taken: 00:02:00.190
2026-05-22 00:49:02,369 - INFO - Epoch 139 - Train Loss: 4652.05097925224, Validation MRR: 0.00505455955862999, Learning Rate: 0.001
2026-05-22 00:49:05,392 - INFO - Memory cleaned.
2026-05-22 00:49:05,842 - INFO - Epoch[139] Complete. Time taken: 00:01:28.435
2026-05-22 00:50:32,331 - INFO - Epoch 140 - Train Loss: 4667.076731931566, Validation MRR: 0.00505455955862999, Learning Rate: 0.001
2026-05-22 00:50:35,321 - INFO - Memory cleaned.
2026-05-22 00:50:35,321 - INFO - Evaluating on validation set at epoch 140...
Link prediction evaluation:   0%|          | 0/3 [00:00<?, ?batch/s]Link prediction evaluation:  67%|██████▋   | 2/3 [00:00<00:00, 15.33batch/s]Link prediction evaluation: 100%|██████████| 3/3 [00:00<00:00, 18.78batch/s]
2026-05-22 00:50:35,504 - INFO - Validation MRR: 0.011709142476320267
2026-05-22 00:50:35,968 - INFO - Epoch[140] Complete. Time taken: 00:01:30.125
2026-05-22 00:51:58,706 - INFO - Epoch 141 - Train Loss: 4664.552395368789, Validation MRR: 0.011709142476320267, Learning Rate: 0.001
2026-05-22 00:52:01,736 - INFO - Memory cleaned.
2026-05-22 00:52:02,204 - INFO - Epoch[141] Complete. Time taken: 00:01:26.236
2026-05-22 00:53:24,988 - INFO - Epoch 142 - Train Loss: 4661.15476703519, Validation MRR: 0.011709142476320267, Learning Rate: 0.001
2026-05-22 00:53:27,990 - INFO - Memory cleaned.
2026-05-22 00:53:28,451 - INFO - Epoch[142] Complete. Time taken: 00:01:26.247
2026-05-22 00:54:51,154 - INFO - Epoch 143 - Train Loss: 4640.68518749448, Validation MRR: 0.011709142476320267, Learning Rate: 0.001
2026-05-22 00:54:54,163 - INFO - Memory cleaned.
2026-05-22 00:54:54,632 - INFO - Epoch[143] Complete. Time taken: 00:01:26.181
2026-05-22 00:56:17,417 - INFO - Epoch 144 - Train Loss: 4640.693821701589, Validation MRR: 0.011709142476320267, Learning Rate: 0.001
2026-05-22 00:56:20,403 - INFO - Memory cleaned.
2026-05-22 00:56:20,871 - INFO - Epoch[144] Complete. Time taken: 00:01:26.239
2026-05-22 00:57:45,452 - INFO - Epoch 145 - Train Loss: 4649.445373100321, Validation MRR: 0.011709142476320267, Learning Rate: 0.001
2026-05-22 00:57:48,436 - INFO - Memory cleaned.
2026-05-22 00:57:48,900 - INFO - Epoch[145] Complete. Time taken: 00:01:28.029
2026-05-22 00:59:21,367 - INFO - Epoch 146 - Train Loss: 4678.891314581142, Validation MRR: 0.011709142476320267, Learning Rate: 0.001
2026-05-22 00:59:24,376 - INFO - Memory cleaned.
2026-05-22 00:59:24,841 - INFO - Epoch[146] Complete. Time taken: 00:01:35.941
2026-05-22 01:01:06,584 - INFO - Epoch 147 - Train Loss: 4663.820362493015, Validation MRR: 0.011709142476320267, Learning Rate: 0.001
2026-05-22 01:01:09,604 - INFO - Memory cleaned.
2026-05-22 01:01:10,069 - INFO - Epoch[147] Complete. Time taken: 00:01:45.228
2026-05-22 01:03:06,749 - INFO - Epoch 148 - Train Loss: 4647.500125622198, Validation MRR: 0.011709142476320267, Learning Rate: 0.001
2026-05-22 01:03:09,762 - INFO - Memory cleaned.
2026-05-22 01:03:10,224 - INFO - Epoch[148] Complete. Time taken: 00:02:00.154
2026-05-22 01:04:50,945 - INFO - Epoch 149 - Train Loss: 4652.771467530696, Validation MRR: 0.011709142476320267, Learning Rate: 0.001
2026-05-22 01:04:53,964 - INFO - Memory cleaned.
2026-05-22 01:04:54,437 - INFO - Epoch[149] Complete. Time taken: 00:01:44.213
2026-05-22 01:06:24,275 - INFO - Epoch 150 - Train Loss: 4654.479368742639, Validation MRR: 0.011709142476320267, Learning Rate: 0.001
2026-05-22 01:06:27,277 - INFO - Memory cleaned.
2026-05-22 01:06:27,737 - INFO - Epoch[150] Complete. Time taken: 00:01:33.300
2026-05-22 01:07:53,507 - INFO - Epoch 151 - Train Loss: 4650.362612809511, Validation MRR: 0.011709142476320267, Learning Rate: 0.001
2026-05-22 01:07:56,508 - INFO - Memory cleaned.
2026-05-22 01:07:56,981 - INFO - Epoch[151] Complete. Time taken: 00:01:29.244
2026-05-22 01:09:47,440 - INFO - Epoch 152 - Train Loss: 4646.98141292222, Validation MRR: 0.011709142476320267, Learning Rate: 0.001
2026-05-22 01:09:50,456 - INFO - Memory cleaned.
2026-05-22 01:09:50,918 - INFO - Epoch[152] Complete. Time taken: 00:01:53.937
2026-05-22 01:11:39,026 - INFO - Epoch 153 - Train Loss: 4646.408320816422, Validation MRR: 0.011709142476320267, Learning Rate: 0.001
2026-05-22 01:11:42,044 - INFO - Memory cleaned.
2026-05-22 01:11:42,509 - INFO - Epoch[153] Complete. Time taken: 00:01:51.591
2026-05-22 01:13:19,006 - INFO - Epoch 154 - Train Loss: 4652.189467699874, Validation MRR: 0.011709142476320267, Learning Rate: 0.001
2026-05-22 01:13:22,066 - INFO - Memory cleaned.
2026-05-22 01:13:22,531 - INFO - Epoch[154] Complete. Time taken: 00:01:40.022
2026-05-22 01:15:17,115 - INFO - Epoch 155 - Train Loss: 4624.556828156671, Validation MRR: 0.011709142476320267, Learning Rate: 0.001
2026-05-22 01:15:20,150 - INFO - Memory cleaned.
2026-05-22 01:15:20,615 - INFO - Epoch[155] Complete. Time taken: 00:01:58.083
2026-05-22 01:16:59,559 - INFO - Epoch 156 - Train Loss: 4664.89175010137, Validation MRR: 0.011709142476320267, Learning Rate: 0.001
2026-05-22 01:17:02,586 - INFO - Memory cleaned.
2026-05-22 01:17:03,058 - INFO - Epoch[156] Complete. Time taken: 00:01:42.443
2026-05-22 01:18:30,152 - INFO - Epoch 157 - Train Loss: 4653.172108680886, Validation MRR: 0.011709142476320267, Learning Rate: 0.001
2026-05-22 01:18:33,188 - INFO - Memory cleaned.
2026-05-22 01:18:33,698 - INFO - Epoch[157] Complete. Time taken: 00:01:30.640
2026-05-22 01:19:56,443 - INFO - Epoch 158 - Train Loss: 4664.287796500717, Validation MRR: 0.011709142476320267, Learning Rate: 0.001
2026-05-22 01:19:59,430 - INFO - Memory cleaned.
2026-05-22 01:19:59,886 - INFO - Epoch[158] Complete. Time taken: 00:01:26.188
2026-05-22 01:21:31,549 - INFO - Epoch 159 - Train Loss: 4659.416179285665, Validation MRR: 0.011709142476320267, Learning Rate: 0.001
2026-05-22 01:21:34,624 - INFO - Memory cleaned.
2026-05-22 01:21:35,285 - INFO - Epoch[159] Complete. Time taken: 00:01:35.398
2026-05-22 01:23:00,491 - INFO - Epoch 160 - Train Loss: 4654.221349097615, Validation MRR: 0.011709142476320267, Learning Rate: 0.001
2026-05-22 01:23:03,493 - INFO - Memory cleaned.
2026-05-22 01:23:03,493 - INFO - Evaluating on validation set at epoch 160...
Link prediction evaluation:   0%|          | 0/3 [00:00<?, ?batch/s]Link prediction evaluation:  67%|██████▋   | 2/3 [00:00<00:00, 16.40batch/s]Link prediction evaluation: 100%|██████████| 3/3 [00:00<00:00, 19.92batch/s]
2026-05-22 01:23:03,645 - INFO - Validation MRR: 0.011295927688479424
2026-05-22 01:23:04,111 - INFO - Epoch[160] Complete. Time taken: 00:01:28.827
2026-05-22 01:24:32,371 - INFO - Epoch 161 - Train Loss: 4626.377720994461, Validation MRR: 0.011295927688479424, Learning Rate: 0.001
2026-05-22 01:24:35,393 - INFO - Memory cleaned.
2026-05-22 01:24:35,869 - INFO - Epoch[161] Complete. Time taken: 00:01:31.757
2026-05-22 01:26:32,346 - INFO - Epoch 162 - Train Loss: 4647.098990156044, Validation MRR: 0.011295927688479424, Learning Rate: 0.001
2026-05-22 01:26:35,380 - INFO - Memory cleaned.
2026-05-22 01:26:35,847 - INFO - Epoch[162] Complete. Time taken: 00:01:59.978
2026-05-22 01:28:12,180 - INFO - Epoch 163 - Train Loss: 4630.891338198005, Validation MRR: 0.011295927688479424, Learning Rate: 0.001
2026-05-22 01:28:15,202 - INFO - Memory cleaned.
2026-05-22 01:28:15,676 - INFO - Epoch[163] Complete. Time taken: 00:01:39.829
2026-05-22 01:29:51,315 - INFO - Epoch 164 - Train Loss: 4645.295927110301, Validation MRR: 0.011295927688479424, Learning Rate: 0.001
2026-05-22 01:29:54,330 - INFO - Memory cleaned.
2026-05-22 01:29:54,737 - INFO - Epoch[164] Complete. Time taken: 00:01:39.061
2026-05-22 01:31:17,429 - INFO - Epoch 165 - Train Loss: 4667.819638099429, Validation MRR: 0.011295927688479424, Learning Rate: 0.001
2026-05-22 01:31:20,434 - INFO - Memory cleaned.
2026-05-22 01:31:20,846 - INFO - Epoch[165] Complete. Time taken: 00:01:26.109
2026-05-22 01:32:43,674 - INFO - Epoch 166 - Train Loss: 4653.6106359674795, Validation MRR: 0.011295927688479424, Learning Rate: 0.001
2026-05-22 01:32:46,666 - INFO - Memory cleaned.
2026-05-22 01:32:47,065 - INFO - Epoch[166] Complete. Time taken: 00:01:26.219
2026-05-22 01:34:09,837 - INFO - Epoch 167 - Train Loss: 4637.632484563021, Validation MRR: 0.011295927688479424, Learning Rate: 0.001
2026-05-22 01:34:12,820 - INFO - Memory cleaned.
2026-05-22 01:34:13,288 - INFO - Epoch[167] Complete. Time taken: 00:01:26.222
2026-05-22 01:35:35,984 - INFO - Epoch 168 - Train Loss: 4676.915551549604, Validation MRR: 0.011295927688479424, Learning Rate: 0.001
2026-05-22 01:35:38,969 - INFO - Memory cleaned.
2026-05-22 01:35:39,430 - INFO - Epoch[168] Complete. Time taken: 00:01:26.142
2026-05-22 01:37:21,255 - INFO - Epoch 169 - Train Loss: 4618.992879673249, Validation MRR: 0.011295927688479424, Learning Rate: 0.001
2026-05-22 01:37:24,274 - INFO - Memory cleaned.
2026-05-22 01:37:24,769 - INFO - Epoch[169] Complete. Time taken: 00:01:45.339
2026-05-22 01:39:20,025 - INFO - Epoch 170 - Train Loss: 4660.235170489553, Validation MRR: 0.011295927688479424, Learning Rate: 0.001
2026-05-22 01:39:23,028 - INFO - Memory cleaned.
2026-05-22 01:39:23,488 - INFO - Epoch[170] Complete. Time taken: 00:01:58.720
2026-05-22 01:40:47,668 - INFO - Epoch 171 - Train Loss: 4645.053784208275, Validation MRR: 0.011295927688479424, Learning Rate: 0.001
2026-05-22 01:40:50,654 - INFO - Memory cleaned.
2026-05-22 01:40:51,120 - INFO - Epoch[171] Complete. Time taken: 00:01:27.632
2026-05-22 01:42:24,619 - INFO - Epoch 172 - Train Loss: 4651.620788163617, Validation MRR: 0.011295927688479424, Learning Rate: 0.001
2026-05-22 01:42:27,643 - INFO - Memory cleaned.
2026-05-22 01:42:28,120 - INFO - Epoch[172] Complete. Time taken: 00:01:36.999
2026-05-22 01:43:54,413 - INFO - Epoch 173 - Train Loss: 4629.381517097423, Validation MRR: 0.011295927688479424, Learning Rate: 0.001
2026-05-22 01:43:57,411 - INFO - Memory cleaned.
2026-05-22 01:43:57,877 - INFO - Epoch[173] Complete. Time taken: 00:01:29.757
2026-05-22 01:45:20,638 - INFO - Epoch 174 - Train Loss: 4642.959759596212, Validation MRR: 0.011295927688479424, Learning Rate: 0.001
2026-05-22 01:45:23,653 - INFO - Memory cleaned.
2026-05-22 01:45:24,120 - INFO - Epoch[174] Complete. Time taken: 00:01:26.243
2026-05-22 01:46:46,892 - INFO - Epoch 175 - Train Loss: 4662.371086291757, Validation MRR: 0.011295927688479424, Learning Rate: 0.001
2026-05-22 01:46:49,904 - INFO - Memory cleaned.
2026-05-22 01:46:50,364 - INFO - Epoch[175] Complete. Time taken: 00:01:26.244
2026-05-22 01:48:20,359 - INFO - Epoch 176 - Train Loss: 4639.016250233659, Validation MRR: 0.011295927688479424, Learning Rate: 0.001
2026-05-22 01:48:23,372 - INFO - Memory cleaned.
2026-05-22 01:48:23,841 - INFO - Epoch[176] Complete. Time taken: 00:01:33.478
2026-05-22 01:49:47,891 - INFO - Epoch 177 - Train Loss: 4618.26811644463, Validation MRR: 0.011295927688479424, Learning Rate: 0.001
2026-05-22 01:49:50,896 - INFO - Memory cleaned.
2026-05-22 01:49:51,360 - INFO - Epoch[177] Complete. Time taken: 00:01:27.519
2026-05-22 01:51:14,139 - INFO - Epoch 178 - Train Loss: 4646.201882204428, Validation MRR: 0.011295927688479424, Learning Rate: 0.001
2026-05-22 01:51:17,127 - INFO - Memory cleaned.
2026-05-22 01:51:17,584 - INFO - Epoch[178] Complete. Time taken: 00:01:26.224
2026-05-22 01:53:04,747 - INFO - Epoch 179 - Train Loss: 4639.350554314443, Validation MRR: 0.011295927688479424, Learning Rate: 0.001
2026-05-22 01:53:07,768 - INFO - Memory cleaned.
2026-05-22 01:53:08,235 - INFO - Epoch[179] Complete. Time taken: 00:01:50.651
2026-05-22 01:54:37,934 - INFO - Epoch 180 - Train Loss: 4647.9436946462565, Validation MRR: 0.011295927688479424, Learning Rate: 0.001
2026-05-22 01:54:40,916 - INFO - Memory cleaned.
2026-05-22 01:54:40,916 - INFO - Evaluating on validation set at epoch 180...
Link prediction evaluation:   0%|          | 0/3 [00:00<?, ?batch/s]Link prediction evaluation:  67%|██████▋   | 2/3 [00:00<00:00, 15.82batch/s]Link prediction evaluation: 100%|██████████| 3/3 [00:00<00:00, 19.35batch/s]
2026-05-22 01:54:41,072 - INFO - Validation MRR: 0.005889534018933773
2026-05-22 01:54:41,533 - INFO - Epoch[180] Complete. Time taken: 00:01:33.298
2026-05-22 01:56:10,161 - INFO - Epoch 181 - Train Loss: 4663.698342169948, Validation MRR: 0.005889534018933773, Learning Rate: 0.001
2026-05-22 01:56:13,154 - INFO - Memory cleaned.
2026-05-22 01:56:13,642 - INFO - Epoch[181] Complete. Time taken: 00:01:32.109
2026-05-22 01:57:36,442 - INFO - Epoch 182 - Train Loss: 4624.564321835496, Validation MRR: 0.005889534018933773, Learning Rate: 0.001
2026-05-22 01:57:39,469 - INFO - Memory cleaned.
2026-05-22 01:57:39,951 - INFO - Epoch[182] Complete. Time taken: 00:01:26.309
2026-05-22 01:59:23,698 - INFO - Epoch 183 - Train Loss: 4655.427387323137, Validation MRR: 0.005889534018933773, Learning Rate: 0.001
2026-05-22 01:59:26,720 - INFO - Memory cleaned.
2026-05-22 01:59:27,186 - INFO - Epoch[183] Complete. Time taken: 00:01:47.235
2026-05-22 02:01:11,038 - INFO - Epoch 184 - Train Loss: 4650.133456750343, Validation MRR: 0.005889534018933773, Learning Rate: 0.001
2026-05-22 02:01:14,070 - INFO - Memory cleaned.
2026-05-22 02:01:14,531 - INFO - Epoch[184] Complete. Time taken: 00:01:47.345
2026-05-22 02:02:37,229 - INFO - Epoch 185 - Train Loss: 4613.128802360688, Validation MRR: 0.005889534018933773, Learning Rate: 0.001
2026-05-22 02:02:40,232 - INFO - Memory cleaned.
2026-05-22 02:02:40,696 - INFO - Epoch[185] Complete. Time taken: 00:01:26.165
2026-05-22 02:04:03,385 - INFO - Epoch 186 - Train Loss: 4632.095897437527, Validation MRR: 0.005889534018933773, Learning Rate: 0.001
2026-05-22 02:04:06,414 - INFO - Memory cleaned.
2026-05-22 02:04:06,875 - INFO - Epoch[186] Complete. Time taken: 00:01:26.178
2026-05-22 02:05:33,211 - INFO - Epoch 187 - Train Loss: 4637.5687403109705, Validation MRR: 0.005889534018933773, Learning Rate: 0.001
2026-05-22 02:05:36,199 - INFO - Memory cleaned.
2026-05-22 02:05:36,665 - INFO - Epoch[187] Complete. Time taken: 00:01:29.790
2026-05-22 02:07:10,278 - INFO - Epoch 188 - Train Loss: 4665.420213987312, Validation MRR: 0.005889534018933773, Learning Rate: 0.001
2026-05-22 02:07:13,281 - INFO - Memory cleaned.
2026-05-22 02:07:13,743 - INFO - Epoch[188] Complete. Time taken: 00:01:37.078
2026-05-22 02:08:44,948 - INFO - Epoch 189 - Train Loss: 4634.470538819889, Validation MRR: 0.005889534018933773, Learning Rate: 0.001
2026-05-22 02:08:47,945 - INFO - Memory cleaned.
2026-05-22 02:08:48,416 - INFO - Epoch[189] Complete. Time taken: 00:01:34.672
2026-05-22 02:10:11,125 - INFO - Epoch 190 - Train Loss: 4626.056137404023, Validation MRR: 0.005889534018933773, Learning Rate: 0.001
2026-05-22 02:10:14,109 - INFO - Memory cleaned.
2026-05-22 02:10:14,598 - INFO - Epoch[190] Complete. Time taken: 00:01:26.182
2026-05-22 02:11:49,368 - INFO - Epoch 191 - Train Loss: 4621.60998765569, Validation MRR: 0.005889534018933773, Learning Rate: 0.001
2026-05-22 02:11:52,358 - INFO - Memory cleaned.
2026-05-22 02:11:52,820 - INFO - Epoch[191] Complete. Time taken: 00:01:38.221
2026-05-22 02:13:42,587 - INFO - Epoch 192 - Train Loss: 4641.455885268789, Validation MRR: 0.005889534018933773, Learning Rate: 0.001
2026-05-22 02:13:45,607 - INFO - Memory cleaned.
2026-05-22 02:13:46,076 - INFO - Epoch[192] Complete. Time taken: 00:01:53.256
2026-05-22 02:15:17,348 - INFO - Epoch 193 - Train Loss: 4616.97524034814, Validation MRR: 0.005889534018933773, Learning Rate: 0.001
2026-05-22 02:15:20,401 - INFO - Memory cleaned.
2026-05-22 02:15:20,887 - INFO - Epoch[193] Complete. Time taken: 00:01:34.812
2026-05-22 02:16:43,582 - INFO - Epoch 194 - Train Loss: 4632.372800679387, Validation MRR: 0.005889534018933773, Learning Rate: 0.001
2026-05-22 02:16:46,564 - INFO - Memory cleaned.
2026-05-22 02:16:47,021 - INFO - Epoch[194] Complete. Time taken: 00:01:26.133
2026-05-22 02:18:09,819 - INFO - Epoch 195 - Train Loss: 4617.355031667319, Validation MRR: 0.005889534018933773, Learning Rate: 0.001
2026-05-22 02:18:12,831 - INFO - Memory cleaned.
2026-05-22 02:18:13,297 - INFO - Epoch[195] Complete. Time taken: 00:01:26.276
2026-05-22 02:19:42,087 - INFO - Epoch 196 - Train Loss: 4616.3215788136795, Validation MRR: 0.005889534018933773, Learning Rate: 0.001
2026-05-22 02:19:45,106 - INFO - Memory cleaned.
2026-05-22 02:19:45,580 - INFO - Epoch[196] Complete. Time taken: 00:01:32.283
2026-05-22 02:21:20,264 - INFO - Epoch 197 - Train Loss: 4627.814296768182, Validation MRR: 0.005889534018933773, Learning Rate: 0.001
2026-05-22 02:21:23,288 - INFO - Memory cleaned.
2026-05-22 02:21:23,754 - INFO - Epoch[197] Complete. Time taken: 00:01:38.173
2026-05-22 02:23:10,417 - INFO - Epoch 198 - Train Loss: 4619.965046039266, Validation MRR: 0.005889534018933773, Learning Rate: 0.001
2026-05-22 02:23:13,456 - INFO - Memory cleaned.
2026-05-22 02:23:13,934 - INFO - Epoch[198] Complete. Time taken: 00:01:50.181
2026-05-22 02:24:36,680 - INFO - Epoch 199 - Train Loss: 4629.378669445374, Validation MRR: 0.005889534018933773, Learning Rate: 0.001
2026-05-22 02:24:39,685 - INFO - Memory cleaned.
2026-05-22 02:24:40,148 - INFO - Epoch[199] Complete. Time taken: 00:01:26.214
2026-05-22 02:26:02,843 - INFO - Epoch 200 - Train Loss: 4592.596314964002, Validation MRR: 0.005889534018933773, Learning Rate: 0.001
2026-05-22 02:26:05,831 - INFO - Memory cleaned.
2026-05-22 02:26:05,831 - INFO - Evaluating on validation set at epoch 200...
Link prediction evaluation:   0%|          | 0/3 [00:00<?, ?batch/s]Link prediction evaluation:  67%|██████▋   | 2/3 [00:00<00:00, 16.45batch/s]Link prediction evaluation: 100%|██████████| 3/3 [00:00<00:00, 19.98batch/s]
2026-05-22 02:26:05,983 - INFO - Validation MRR: 0.004403871018439531
2026-05-22 02:26:06,457 - INFO - Epoch[200] Complete. Time taken: 00:01:26.308
2026-05-22 02:27:30,771 - INFO - Epoch 201 - Train Loss: 4622.80324430195, Validation MRR: 0.004403871018439531, Learning Rate: 0.001
2026-05-22 02:27:33,780 - INFO - Memory cleaned.
2026-05-22 02:27:34,242 - INFO - Epoch[201] Complete. Time taken: 00:01:27.785
2026-05-22 02:29:15,277 - INFO - Epoch 202 - Train Loss: 4610.997224904234, Validation MRR: 0.004403871018439531, Learning Rate: 0.001
2026-05-22 02:29:18,301 - INFO - Memory cleaned.
2026-05-22 02:29:18,773 - INFO - Epoch[202] Complete. Time taken: 00:01:44.530
2026-05-22 02:31:11,226 - INFO - Epoch 203 - Train Loss: 4617.6643714202, Validation MRR: 0.004403871018439531, Learning Rate: 0.001
2026-05-22 02:31:14,215 - INFO - Memory cleaned.
2026-05-22 02:31:14,754 - INFO - Epoch[203] Complete. Time taken: 00:01:55.982
2026-05-22 02:32:37,537 - INFO - Epoch 204 - Train Loss: 4648.255214722196, Validation MRR: 0.004403871018439531, Learning Rate: 0.001
2026-05-22 02:32:40,532 - INFO - Memory cleaned.
2026-05-22 02:32:40,996 - INFO - Epoch[204] Complete. Time taken: 00:01:26.242
2026-05-22 02:34:15,330 - INFO - Epoch 205 - Train Loss: 4645.525615238943, Validation MRR: 0.004403871018439531, Learning Rate: 0.001
2026-05-22 02:34:18,325 - INFO - Memory cleaned.
2026-05-22 02:34:18,788 - INFO - Epoch[205] Complete. Time taken: 00:01:37.791
2026-05-22 02:35:44,974 - INFO - Epoch 206 - Train Loss: 4636.731505421625, Validation MRR: 0.004403871018439531, Learning Rate: 0.001
2026-05-22 02:35:47,999 - INFO - Memory cleaned.
2026-05-22 02:35:48,466 - INFO - Epoch[206] Complete. Time taken: 00:01:29.678
2026-05-22 02:37:16,826 - INFO - Epoch 207 - Train Loss: 4622.898585106115, Validation MRR: 0.004403871018439531, Learning Rate: 0.001
2026-05-22 02:37:19,862 - INFO - Memory cleaned.
2026-05-22 02:37:20,279 - INFO - Epoch[207] Complete. Time taken: 00:01:31.814
2026-05-22 02:39:16,980 - INFO - Epoch 208 - Train Loss: 4630.9946565324835, Validation MRR: 0.004403871018439531, Learning Rate: 0.001
2026-05-22 02:39:20,005 - INFO - Memory cleaned.
2026-05-22 02:39:20,428 - INFO - Epoch[208] Complete. Time taken: 00:02:00.148
2026-05-22 02:40:55,142 - INFO - Epoch 209 - Train Loss: 4618.964614912423, Validation MRR: 0.004403871018439531, Learning Rate: 0.001
2026-05-22 02:40:58,132 - INFO - Memory cleaned.
2026-05-22 02:40:58,594 - INFO - Epoch[209] Complete. Time taken: 00:01:38.166
2026-05-22 02:42:26,582 - INFO - Epoch 210 - Train Loss: 4619.675611672603, Validation MRR: 0.004403871018439531, Learning Rate: 0.001
2026-05-22 02:42:29,613 - INFO - Memory cleaned.
2026-05-22 02:42:30,094 - INFO - Epoch[210] Complete. Time taken: 00:01:31.499
2026-05-22 02:43:52,883 - INFO - Epoch 211 - Train Loss: 4615.612231091875, Validation MRR: 0.004403871018439531, Learning Rate: 0.001
2026-05-22 02:43:55,864 - INFO - Memory cleaned.
2026-05-22 02:43:56,323 - INFO - Epoch[211] Complete. Time taken: 00:01:26.229
2026-05-22 02:45:39,661 - INFO - Epoch 212 - Train Loss: 4623.771283508335, Validation MRR: 0.004403871018439531, Learning Rate: 0.001
2026-05-22 02:45:42,646 - INFO - Memory cleaned.
2026-05-22 02:45:43,110 - INFO - Epoch[212] Complete. Time taken: 00:01:46.787
2026-05-22 02:47:05,701 - INFO - Epoch 213 - Train Loss: 4631.099443054054, Validation MRR: 0.004403871018439531, Learning Rate: 0.001
2026-05-22 02:47:08,704 - INFO - Memory cleaned.
2026-05-22 02:47:09,178 - INFO - Epoch[213] Complete. Time taken: 00:01:26.067
2026-05-22 02:48:31,767 - INFO - Epoch 214 - Train Loss: 4590.066015184232, Validation MRR: 0.004403871018439531, Learning Rate: 0.001
2026-05-22 02:48:34,755 - INFO - Memory cleaned.
2026-05-22 02:48:35,214 - INFO - Epoch[214] Complete. Time taken: 00:01:26.036
2026-05-22 02:49:57,802 - INFO - Epoch 215 - Train Loss: 4602.318911189235, Validation MRR: 0.004403871018439531, Learning Rate: 0.001
2026-05-22 02:50:00,781 - INFO - Memory cleaned.
2026-05-22 02:50:01,239 - INFO - Epoch[215] Complete. Time taken: 00:01:26.024
2026-05-22 02:51:23,857 - INFO - Epoch 216 - Train Loss: 4635.289596106722, Validation MRR: 0.004403871018439531, Learning Rate: 0.001
2026-05-22 02:51:26,837 - INFO - Memory cleaned.
2026-05-22 02:51:27,298 - INFO - Epoch[216] Complete. Time taken: 00:01:26.059
2026-05-22 02:52:49,913 - INFO - Epoch 217 - Train Loss: 4631.373198079378, Validation MRR: 0.004403871018439531, Learning Rate: 0.001
2026-05-22 02:52:52,894 - INFO - Memory cleaned.
2026-05-22 02:52:53,367 - INFO - Epoch[217] Complete. Time taken: 00:01:26.068
2026-05-22 02:54:15,952 - INFO - Epoch 218 - Train Loss: 4618.33739661898, Validation MRR: 0.004403871018439531, Learning Rate: 0.001
2026-05-22 02:54:18,939 - INFO - Memory cleaned.
2026-05-22 02:54:19,396 - INFO - Epoch[218] Complete. Time taken: 00:01:26.030
2026-05-22 02:55:42,366 - INFO - Epoch 219 - Train Loss: 4608.651307085346, Validation MRR: 0.004403871018439531, Learning Rate: 0.001
2026-05-22 02:55:45,347 - INFO - Memory cleaned.
2026-05-22 02:55:45,826 - INFO - Epoch[219] Complete. Time taken: 00:01:26.429
2026-05-22 02:57:08,436 - INFO - Epoch 220 - Train Loss: 4594.450687826331, Validation MRR: 0.004403871018439531, Learning Rate: 0.001
2026-05-22 02:57:11,423 - INFO - Memory cleaned.
2026-05-22 02:57:11,423 - INFO - Evaluating on validation set at epoch 220...
Link prediction evaluation:   0%|          | 0/3 [00:00<?, ?batch/s]Link prediction evaluation:  67%|██████▋   | 2/3 [00:00<00:00, 15.60batch/s]Link prediction evaluation: 100%|██████████| 3/3 [00:00<00:00, 19.06batch/s]
2026-05-22 02:57:11,585 - INFO - Validation MRR: 0.010317467153072357
2026-05-22 02:57:11,585 ignite.handlers.early_stopping.EarlyStopping INFO: EarlyStopping: Stop training
2026-05-22 02:57:11,585 - INFO - Terminate signaled. Engine will stop after current iteration is finished.
2026-05-22 02:57:12,054 - INFO - Training completed after 220 epochs.
2026-05-22 02:57:12,054 - INFO - Engine run complete. Time taken: 05:48:14.057
2026-05-22 02:57:16,803 - INFO - Loading best model.
2026-05-22 02:57:16,804 - INFO - Best model is ./checkpoints/best_model_checkpoint_val_mrr=0.0425.pt
2026-05-22 02:57:16,804 - WARNING - /lustre/fswork/projects/rech/rnk/ufq76hz/dr_benchmark/dev/run_training.py:820: FutureWarning: You are using `torch.load` with `weights_only=False` (the current default value), which uses the default pickle module implicitly. It is possible to construct malicious pickle data which will execute arbitrary code during unpickling (See https://github.com/pytorch/pytorch/blob/main/SECURITY.md#untrusted-models for more details). In a future release, the default value for `weights_only` will be flipped to `True`. This limits the functions that could be executed during unpickling. Arbitrary objects will no longer be allowed to be loaded via this mode unless they are explicitly allowlisted by the user via `torch.serialization.add_safe_globals`. We recommend you start setting `weights_only=True` for any use case where you don't have full control of the loaded file. Please open an issue on GitHub for any issues related to this experimental feature.
  checkpoint = torch.load(os.path.join(checkpoint_dir, best_model), map_location=device)

2026-05-22 02:57:17,555 - INFO - Best model successfully loaded.
2026-05-22 02:57:17,555 - INFO - Evaluating on the test set with best model...
CtD
Link prediction evaluation:   0%|          | 0/2 [00:00<?, ?batch/s]Link prediction evaluation: 100%|██████████| 2/2 [00:00<00:00, 16.15batch/s]Link prediction evaluation: 100%|██████████| 2/2 [00:00<00:00, 16.12batch/s]
2026-05-22 02:57:17,710 - INFO - Final Test MRR with best model: 0.04528665170073509
2026-05-22 02:57:17,711 - INFO - Final Test Hits@10 with best model: 0.05140186846256256
Link prediction evaluation:   0%|          | 0/1 [00:00<?, ?batch/s]Link prediction evaluation: 100%|██████████| 1/1 [00:00<00:00, 128.09batch/s]
Link prediction evaluation:   0%|          | 0/2 [00:00<?, ?batch/s]Link prediction evaluation: 100%|██████████| 2/2 [00:00<00:00, 20.13batch/s]
2026-05-22 02:57:25,051 - INFO - MRR for frequent nodes (threshold=10) in relation CtD: 0.029106508940458298
2026-05-22 02:57:25,051 - INFO - MRR for infrequent nodes (threshold=10) in relation CtD: 0.04624784365296364
2026-05-22 02:57:25,051 - INFO - Hits@10 for frequent nodes (threshold=10) in relation CtD: 0.0833333358168602
2026-05-22 02:57:25,051 - INFO - Hits@10 for infrequent nodes (threshold=10) in relation CtD: 0.049504950642585754
2026-05-22 02:57:25,054 - INFO - MRR evaluation results stored in ./evaluation_metrics.yaml
2026-05-22 02:57:25,064 - INFO - Hit@10 evaluation results stored in ./evaluation_hit@10.yaml
Link prediction evaluation:   0%|          | 0/1 [00:00<?, ?batch/s]Link prediction evaluation: 100%|██████████| 1/1 [00:00<00:00, 86.24batch/s]
Link prediction evaluation:   0%|          | 0/1 [00:00<?, ?batch/s]Link prediction evaluation: 100%|██████████| 1/1 [00:00<00:00, 161.92batch/s]
2026-05-22 02:57:25,157 - INFO - MRR on inference set: 0.01065868977457285
2026-05-22 02:57:25,159 - INFO - Evaluation results stored in ./inference_metrics.yaml
