2026-05-19 11:58:20,777 - WARNING - /linkhome/rech/genuyp01/ufq76hz/.conda/envs/torch_pyg/lib/python3.10/site-packages/ignite/handlers/checkpoint.py:16: DeprecationWarning: `TorchScript` support for functional optimizers is deprecated and will be removed in a future PyTorch release. Consider using the `torch.compile` optimizer instead.
  from torch.distributed.optim import ZeroRedundancyOptimizer

2026-05-19 11:58:23,098 - INFO - Configuration loaded:
{
    "common": {
        "seed": 42,
        "input_pkl": "/lustre/fswork/projects/rech/rnk/ufq76hz/dr_benchmark/DL3experiment/cold_start/hetionet_processing_drug",
        "out": "./",
        "verbose": true,
        "run_kg_prep": false,
        "run_training": true,
        "run_evaluation": true,
        "plot_training_metrics": true,
        "run_inference": "/lustre/fswork/projects/rech/rnk/ufq76hz/dr_benchmark/knowledge_graph/hetionet_orphan_associations_only.tsv"
    },
    "model": {
        "name": "TransE",
        "emb_dim": 200,
        "margin": 1
    },
    "sampler": {
        "name": "Mixed",
        "n_neg": 5
    },
    "optimizer": {
        "name": "Adam",
        "params": {
            "lr": 0.001,
            "weight_decay": 0.001
        }
    },
    "lr_scheduler": {
        "type": "CosineAnnealingWarmRestarts",
        "params": {
            "T_0": 10,
            "T_mult": 2
        }
    },
    "training": {
        "max_epochs": 500,
        "batch_size": 4096,
        "eval_interval": 20,
        "eval_batch_size": 64,
        "patience": 10
    },
    "evaluation": {
        "made_directed_relations": [
            "DrD",
            "DrD_inv",
            "CrC",
            "CrC_inv",
            "GiG",
            "GiG_inv",
            "GcG",
            "GcG_inv"
        ],
        "target_relations": [
            "CtD"
        ],
        "thresholds": [
            10,
            5
        ]
    }
}
2026-05-19 11:58:23,098 - INFO - Setting number of threads to 5
2026-05-19 11:58:23,298 - INFO - Loading parameters from params.yaml
2026-05-19 11:58:23,298 - INFO - Output folder: ./
2026-05-19 11:58:23,298 - INFO - Loading KG...
2026-05-19 11:59:16,888 - INFO - Done
2026-05-19 11:59:16,970 - INFO - Detected device: cuda
2026-05-19 11:59:17,112 - INFO - Initializing model...
2026-05-19 11:59:17,112 - WARNING - /lustre/fswork/projects/rech/rnk/ufq76hz/dr_benchmark/dev/run_training.py:134: UserWarning: The 'dissimilarity' field is missing for model TransE. Defaulting to 'L2'.
  warnings.warn(f"The 'dissimilarity' field is missing for model {model_name}. Defaulting to 'L2'.")

2026-05-19 11:59:19,012 - INFO - Optimizer 'Adam' initialized with parameters: {'lr': 0.001, 'weight_decay': 0.001}
2026-05-19 11:59:19,012 - INFO - Initializing sampler...
2026-05-19 11:59:52,751 - INFO - Scheduler 'CosineAnnealingWarmRestarts' initialized with parameters: {'T_0': 10, 'T_mult': 2}
2026-05-19 11:59:52,765 - INFO - Number of training batches: 602
2026-05-19 11:59:52,774 - INFO - Engine run starting with max_epochs=500.
2026-05-19 12:01:17,974 - INFO - Epoch 1 - Train Loss: 14196.534500831209, Validation MRR: 0, Learning Rate: 0.001
2026-05-19 12:01:21,154 - INFO - Memory cleaned.
2026-05-19 12:01:21,412 - INFO - Epoch[1] Complete. Time taken: 00:01:28.637
2026-05-19 12:02:41,101 - INFO - Epoch 2 - Train Loss: 8281.856866944116, Validation MRR: 0, Learning Rate: 0.0009755282581475768
2026-05-19 12:02:44,126 - INFO - Memory cleaned.
2026-05-19 12:02:44,341 - INFO - Epoch[2] Complete. Time taken: 00:01:22.929
2026-05-19 12:04:03,862 - INFO - Epoch 3 - Train Loss: 6777.152096794411, Validation MRR: 0, Learning Rate: 0.0009045084971874737
2026-05-19 12:04:06,883 - INFO - Memory cleaned.
2026-05-19 12:04:07,124 - INFO - Epoch[3] Complete. Time taken: 00:01:22.783
2026-05-19 12:05:26,690 - INFO - Epoch 4 - Train Loss: 6078.575043735446, Validation MRR: 0, Learning Rate: 0.0007938926261462366
2026-05-19 12:05:29,709 - INFO - Memory cleaned.
2026-05-19 12:05:29,950 - INFO - Epoch[4] Complete. Time taken: 00:01:22.826
2026-05-19 12:06:49,510 - INFO - Epoch 5 - Train Loss: 5635.204044343214, Validation MRR: 0, Learning Rate: 0.0006545084971874737
2026-05-19 12:06:52,531 - INFO - Memory cleaned.
2026-05-19 12:06:52,767 - INFO - Epoch[5] Complete. Time taken: 00:01:22.817
2026-05-19 12:08:12,285 - INFO - Epoch 6 - Train Loss: 5327.887568368933, Validation MRR: 0, Learning Rate: 0.0005
2026-05-19 12:08:15,294 - INFO - Memory cleaned.
2026-05-19 12:08:15,537 - INFO - Epoch[6] Complete. Time taken: 00:01:22.769
2026-05-19 12:09:35,212 - INFO - Epoch 7 - Train Loss: 5109.575505707454, Validation MRR: 0, Learning Rate: 0.00034549150281252633
2026-05-19 12:09:38,224 - INFO - Memory cleaned.
2026-05-19 12:09:38,469 - INFO - Epoch[7] Complete. Time taken: 00:01:22.932
2026-05-19 12:10:58,208 - INFO - Epoch 8 - Train Loss: 4935.8107907646445, Validation MRR: 0, Learning Rate: 0.00020610737385376348
2026-05-19 12:11:01,218 - INFO - Memory cleaned.
2026-05-19 12:11:01,461 - INFO - Epoch[8] Complete. Time taken: 00:01:22.992
2026-05-19 12:12:20,756 - INFO - Epoch 9 - Train Loss: 4825.332281543129, Validation MRR: 0, Learning Rate: 9.549150281252633e-05
2026-05-19 12:12:23,762 - INFO - Memory cleaned.
2026-05-19 12:12:24,078 - INFO - Epoch[9] Complete. Time taken: 00:01:22.617
2026-05-19 12:13:43,297 - INFO - Epoch 10 - Train Loss: 4778.734512811523, Validation MRR: 0, Learning Rate: 2.4471741852423235e-05
2026-05-19 12:13:46,302 - INFO - Memory cleaned.
2026-05-19 12:13:46,559 - INFO - Epoch[10] Complete. Time taken: 00:01:22.481
2026-05-19 12:15:06,117 - INFO - Epoch 11 - Train Loss: 5381.7158878619875, Validation MRR: 0, Learning Rate: 0.001
2026-05-19 12:15:09,119 - INFO - Memory cleaned.
2026-05-19 12:15:09,358 - INFO - Epoch[11] Complete. Time taken: 00:01:22.798
2026-05-19 12:16:28,932 - INFO - Epoch 12 - Train Loss: 5214.287671609293, Validation MRR: 0, Learning Rate: 0.0009938441702975688
2026-05-19 12:16:31,935 - INFO - Memory cleaned.
2026-05-19 12:16:32,169 - INFO - Epoch[12] Complete. Time taken: 00:01:22.811
2026-05-19 12:17:51,682 - INFO - Epoch 13 - Train Loss: 5125.8187529616625, Validation MRR: 0, Learning Rate: 0.0009755282581475768
2026-05-19 12:17:54,683 - INFO - Memory cleaned.
2026-05-19 12:17:54,929 - INFO - Epoch[13] Complete. Time taken: 00:01:22.760
2026-05-19 12:19:14,500 - INFO - Epoch 14 - Train Loss: 5043.495631468108, Validation MRR: 0, Learning Rate: 0.0009455032620941839
2026-05-19 12:19:17,502 - INFO - Memory cleaned.
2026-05-19 12:19:17,747 - INFO - Epoch[14] Complete. Time taken: 00:01:22.818
2026-05-19 12:20:37,298 - INFO - Epoch 15 - Train Loss: 4973.53812088103, Validation MRR: 0, Learning Rate: 0.0009045084971874737
2026-05-19 12:20:40,298 - INFO - Memory cleaned.
2026-05-19 12:20:40,548 - INFO - Epoch[15] Complete. Time taken: 00:01:22.800
2026-05-19 12:22:00,096 - INFO - Epoch 16 - Train Loss: 4886.383184321877, Validation MRR: 0, Learning Rate: 0.0008535533905932737
2026-05-19 12:22:03,096 - INFO - Memory cleaned.
2026-05-19 12:22:03,346 - INFO - Epoch[16] Complete. Time taken: 00:01:22.798
2026-05-19 12:23:22,880 - INFO - Epoch 17 - Train Loss: 4817.696685776964, Validation MRR: 0, Learning Rate: 0.0007938926261462366
2026-05-19 12:23:25,878 - INFO - Memory cleaned.
2026-05-19 12:23:26,117 - INFO - Epoch[17] Complete. Time taken: 00:01:22.771
2026-05-19 12:24:45,736 - INFO - Epoch 18 - Train Loss: 4723.876334791193, Validation MRR: 0, Learning Rate: 0.0007269952498697733
2026-05-19 12:24:48,713 - INFO - Memory cleaned.
2026-05-19 12:24:48,940 - INFO - Epoch[18] Complete. Time taken: 00:01:22.822
2026-05-19 12:26:08,370 - INFO - Epoch 19 - Train Loss: 4654.3788119379915, Validation MRR: 0, Learning Rate: 0.0006545084971874737
2026-05-19 12:26:11,346 - INFO - Memory cleaned.
2026-05-19 12:26:11,583 - INFO - Epoch[19] Complete. Time taken: 00:01:22.643
2026-05-19 12:27:31,039 - INFO - Epoch 20 - Train Loss: 4570.379183423941, Validation MRR: 0, Learning Rate: 0.0005782172325201155
2026-05-19 12:27:34,010 - INFO - Memory cleaned.
2026-05-19 12:27:34,010 - INFO - Evaluating on validation set at epoch 20...
Link prediction evaluation:   0%|          | 0/2 [00:00<?, ?batch/s]Link prediction evaluation:  50%|█████     | 1/2 [00:00<00:00,  2.21batch/s]Link prediction evaluation: 100%|██████████| 2/2 [00:00<00:00,  4.30batch/s]
2026-05-19 12:27:34,826 - INFO - Validation MRR: 0.2268323004245758
2026-05-19 12:27:35,222 - INFO - Epoch[20] Complete. Time taken: 00:01:23.639
2026-05-19 12:28:54,696 - INFO - Epoch 21 - Train Loss: 4491.047802286786, Validation MRR: 0.2268323004245758, Learning Rate: 0.0005
2026-05-19 12:28:57,671 - INFO - Memory cleaned.
2026-05-19 12:28:57,931 - INFO - Epoch[21] Complete. Time taken: 00:01:22.708
2026-05-19 12:30:17,414 - INFO - Epoch 22 - Train Loss: 4423.576174160968, Validation MRR: 0.2268323004245758, Learning Rate: 0.0004217827674798847
2026-05-19 12:30:20,394 - INFO - Memory cleaned.
2026-05-19 12:30:20,641 - INFO - Epoch[22] Complete. Time taken: 00:01:22.710
2026-05-19 12:31:40,153 - INFO - Epoch 23 - Train Loss: 4357.6461569686735, Validation MRR: 0.2268323004245758, Learning Rate: 0.00034549150281252633
2026-05-19 12:31:43,117 - INFO - Memory cleaned.
2026-05-19 12:31:43,387 - INFO - Epoch[23] Complete. Time taken: 00:01:22.746
2026-05-19 12:33:02,869 - INFO - Epoch 24 - Train Loss: 4285.688155937139, Validation MRR: 0.2268323004245758, Learning Rate: 0.00027300475013022663
2026-05-19 12:33:05,830 - INFO - Memory cleaned.
2026-05-19 12:33:06,072 - INFO - Epoch[24] Complete. Time taken: 00:01:22.685
2026-05-19 12:34:25,580 - INFO - Epoch 25 - Train Loss: 4229.494518497827, Validation MRR: 0.2268323004245758, Learning Rate: 0.00020610737385376348
2026-05-19 12:34:28,540 - INFO - Memory cleaned.
2026-05-19 12:34:28,766 - INFO - Epoch[25] Complete. Time taken: 00:01:22.694
2026-05-19 12:35:48,269 - INFO - Epoch 26 - Train Loss: 4180.870438036635, Validation MRR: 0.2268323004245758, Learning Rate: 0.00014644660940672628
2026-05-19 12:35:51,209 - INFO - Memory cleaned.
2026-05-19 12:35:51,453 - INFO - Epoch[26] Complete. Time taken: 00:01:22.687
2026-05-19 12:37:10,878 - INFO - Epoch 27 - Train Loss: 4150.719066060968, Validation MRR: 0.2268323004245758, Learning Rate: 9.549150281252633e-05
2026-05-19 12:37:13,818 - INFO - Memory cleaned.
2026-05-19 12:37:14,046 - INFO - Epoch[27] Complete. Time taken: 00:01:22.593
2026-05-19 12:38:33,463 - INFO - Epoch 28 - Train Loss: 4119.14787724079, Validation MRR: 0.2268323004245758, Learning Rate: 5.449673790581611e-05
2026-05-19 12:38:36,403 - INFO - Memory cleaned.
2026-05-19 12:38:36,632 - INFO - Epoch[28] Complete. Time taken: 00:01:22.586
2026-05-19 12:39:56,015 - INFO - Epoch 29 - Train Loss: 4093.632291144908, Validation MRR: 0.2268323004245758, Learning Rate: 2.4471741852423235e-05
2026-05-19 12:39:58,955 - INFO - Memory cleaned.
2026-05-19 12:39:59,186 - INFO - Epoch[29] Complete. Time taken: 00:01:22.553
2026-05-19 12:41:18,658 - INFO - Epoch 30 - Train Loss: 4070.925768577993, Validation MRR: 0.2268323004245758, Learning Rate: 6.15582970243117e-06
2026-05-19 12:41:21,592 - INFO - Memory cleaned.
2026-05-19 12:41:21,838 - INFO - Epoch[30] Complete. Time taken: 00:01:22.652
2026-05-19 12:42:41,297 - INFO - Epoch 31 - Train Loss: 4881.35647275153, Validation MRR: 0.2268323004245758, Learning Rate: 0.001
2026-05-19 12:42:44,231 - INFO - Memory cleaned.
2026-05-19 12:42:44,472 - INFO - Epoch[31] Complete. Time taken: 00:01:22.633
2026-05-19 12:44:04,925 - INFO - Epoch 32 - Train Loss: 4847.762967202911, Validation MRR: 0.2268323004245758, Learning Rate: 0.000998458666866564
2026-05-19 12:44:08,256 - INFO - Memory cleaned.
2026-05-19 12:44:08,530 - INFO - Epoch[32] Complete. Time taken: 00:01:24.058
2026-05-19 12:45:28,021 - INFO - Epoch 33 - Train Loss: 4802.050869169163, Validation MRR: 0.2268323004245758, Learning Rate: 0.0009938441702975688
2026-05-19 12:45:31,019 - INFO - Memory cleaned.
2026-05-19 12:45:31,268 - INFO - Epoch[33] Complete. Time taken: 00:01:22.738
2026-05-19 12:46:50,744 - INFO - Epoch 34 - Train Loss: 4792.2335345505135, Validation MRR: 0.2268323004245758, Learning Rate: 0.0009861849601988384
2026-05-19 12:46:53,742 - INFO - Memory cleaned.
2026-05-19 12:46:53,986 - INFO - Epoch[34] Complete. Time taken: 00:01:22.717
2026-05-19 12:48:13,464 - INFO - Epoch 35 - Train Loss: 4779.069916401243, Validation MRR: 0.2268323004245758, Learning Rate: 0.0009755282581475768
2026-05-19 12:48:16,474 - INFO - Memory cleaned.
2026-05-19 12:48:16,704 - INFO - Epoch[35] Complete. Time taken: 00:01:22.718
2026-05-19 12:49:36,156 - INFO - Epoch 36 - Train Loss: 4761.333555987262, Validation MRR: 0.2268323004245758, Learning Rate: 0.0009619397662556434
2026-05-19 12:49:39,165 - INFO - Memory cleaned.
2026-05-19 12:49:39,429 - INFO - Epoch[36] Complete. Time taken: 00:01:22.725
2026-05-19 12:50:58,902 - INFO - Epoch 37 - Train Loss: 4749.606505120641, Validation MRR: 0.2268323004245758, Learning Rate: 0.0009455032620941839
2026-05-19 12:51:01,938 - INFO - Memory cleaned.
2026-05-19 12:51:02,178 - INFO - Epoch[37] Complete. Time taken: 00:01:22.749
2026-05-19 12:52:21,713 - INFO - Epoch 38 - Train Loss: 4723.395511082698, Validation MRR: 0.2268323004245758, Learning Rate: 0.0009263200821770461
2026-05-19 12:52:24,749 - INFO - Memory cleaned.
2026-05-19 12:52:24,983 - INFO - Epoch[38] Complete. Time taken: 00:01:22.805
2026-05-19 12:53:44,513 - INFO - Epoch 39 - Train Loss: 4692.406713109395, Validation MRR: 0.2268323004245758, Learning Rate: 0.0009045084971874737
2026-05-19 12:53:47,546 - INFO - Memory cleaned.
2026-05-19 12:53:47,782 - INFO - Epoch[39] Complete. Time taken: 00:01:22.798
2026-05-19 12:55:07,253 - INFO - Epoch 40 - Train Loss: 4658.072590952525, Validation MRR: 0.2268323004245758, Learning Rate: 0.0008802029828000156
2026-05-19 12:55:10,254 - INFO - Memory cleaned.
2026-05-19 12:55:10,254 - INFO - Evaluating on validation set at epoch 40...
Link prediction evaluation:   0%|          | 0/2 [00:00<?, ?batch/s]Link prediction evaluation: 100%|██████████| 2/2 [00:00<00:00, 43.30batch/s]
2026-05-19 12:55:10,301 - INFO - Validation MRR: 0.146561399102211
2026-05-19 12:55:10,533 - INFO - Epoch[40] Complete. Time taken: 00:01:22.751
2026-05-19 12:56:29,951 - INFO - Epoch 41 - Train Loss: 4634.786122525319, Validation MRR: 0.146561399102211, Learning Rate: 0.0008535533905932737
2026-05-19 12:56:32,954 - INFO - Memory cleaned.
2026-05-19 12:56:33,185 - INFO - Epoch[41] Complete. Time taken: 00:01:22.652
2026-05-19 12:57:52,640 - INFO - Epoch 42 - Train Loss: 4606.862276886883, Validation MRR: 0.146561399102211, Learning Rate: 0.000824724024165092
2026-05-19 12:57:55,638 - INFO - Memory cleaned.
2026-05-19 12:57:55,868 - INFO - Epoch[42] Complete. Time taken: 00:01:22.684
2026-05-19 12:59:15,308 - INFO - Epoch 43 - Train Loss: 4575.663978113981, Validation MRR: 0.146561399102211, Learning Rate: 0.0007938926261462366
2026-05-19 12:59:18,305 - INFO - Memory cleaned.
2026-05-19 12:59:18,538 - INFO - Epoch[43] Complete. Time taken: 00:01:22.669
2026-05-19 13:00:37,982 - INFO - Epoch 44 - Train Loss: 4560.137148519645, Validation MRR: 0.146561399102211, Learning Rate: 0.0007612492823579744
2026-05-19 13:00:41,001 - INFO - Memory cleaned.
2026-05-19 13:00:41,300 - INFO - Epoch[44] Complete. Time taken: 00:01:22.762
2026-05-19 13:02:01,085 - INFO - Epoch 45 - Train Loss: 4522.404059744688, Validation MRR: 0.146561399102211, Learning Rate: 0.0007269952498697733
2026-05-19 13:02:04,135 - INFO - Memory cleaned.
2026-05-19 13:02:04,392 - INFO - Epoch[45] Complete. Time taken: 00:01:23.092
2026-05-19 13:03:24,377 - INFO - Epoch 46 - Train Loss: 4489.181074380315, Validation MRR: 0.146561399102211, Learning Rate: 0.000691341716182545
2026-05-19 13:03:27,535 - INFO - Memory cleaned.
2026-05-19 13:03:27,760 - INFO - Epoch[46] Complete. Time taken: 00:01:23.367
2026-05-19 13:04:47,306 - INFO - Epoch 47 - Train Loss: 4454.844965270012, Validation MRR: 0.146561399102211, Learning Rate: 0.0006545084971874737
2026-05-19 13:04:50,321 - INFO - Memory cleaned.
2026-05-19 13:04:50,566 - INFO - Epoch[47] Complete. Time taken: 00:01:22.806
2026-05-19 13:06:10,302 - INFO - Epoch 48 - Train Loss: 4403.1986188463925, Validation MRR: 0.146561399102211, Learning Rate: 0.0006167226819279528
2026-05-19 13:06:13,297 - INFO - Memory cleaned.
2026-05-19 13:06:13,539 - INFO - Epoch[48] Complete. Time taken: 00:01:22.973
2026-05-19 13:07:33,026 - INFO - Epoch 49 - Train Loss: 4386.997800047335, Validation MRR: 0.146561399102211, Learning Rate: 0.0005782172325201155
2026-05-19 13:07:36,021 - INFO - Memory cleaned.
2026-05-19 13:07:36,251 - INFO - Epoch[49] Complete. Time taken: 00:01:22.711
2026-05-19 13:08:55,819 - INFO - Epoch 50 - Train Loss: 4355.306913499888, Validation MRR: 0.146561399102211, Learning Rate: 0.0005392295478639225
2026-05-19 13:08:58,827 - INFO - Memory cleaned.
2026-05-19 13:08:59,052 - INFO - Epoch[50] Complete. Time taken: 00:01:22.800
2026-05-19 13:10:18,561 - INFO - Epoch 51 - Train Loss: 4327.524148864423, Validation MRR: 0.146561399102211, Learning Rate: 0.0005
2026-05-19 13:10:21,555 - INFO - Memory cleaned.
2026-05-19 13:10:21,783 - INFO - Epoch[51] Complete. Time taken: 00:01:22.731
2026-05-19 13:11:41,365 - INFO - Epoch 52 - Train Loss: 4290.170234119282, Validation MRR: 0.146561399102211, Learning Rate: 0.0004607704521360776
2026-05-19 13:11:44,360 - INFO - Memory cleaned.
2026-05-19 13:11:44,597 - INFO - Epoch[52] Complete. Time taken: 00:01:22.814
2026-05-19 13:13:04,103 - INFO - Epoch 53 - Train Loss: 4250.774883846728, Validation MRR: 0.146561399102211, Learning Rate: 0.0004217827674798847
2026-05-19 13:13:07,102 - INFO - Memory cleaned.
2026-05-19 13:13:07,330 - INFO - Epoch[53] Complete. Time taken: 00:01:22.733
2026-05-19 13:14:26,914 - INFO - Epoch 54 - Train Loss: 4215.759386810749, Validation MRR: 0.146561399102211, Learning Rate: 0.00038327731807204733
2026-05-19 13:14:29,929 - INFO - Memory cleaned.
2026-05-19 13:14:30,189 - INFO - Epoch[54] Complete. Time taken: 00:01:22.859
2026-05-19 13:15:49,736 - INFO - Epoch 55 - Train Loss: 4192.160881218877, Validation MRR: 0.146561399102211, Learning Rate: 0.00034549150281252633
2026-05-19 13:15:52,731 - INFO - Memory cleaned.
2026-05-19 13:15:52,961 - INFO - Epoch[55] Complete. Time taken: 00:01:22.772
2026-05-19 13:17:12,476 - INFO - Epoch 56 - Train Loss: 4159.162837276795, Validation MRR: 0.146561399102211, Learning Rate: 0.0003086582838174551
2026-05-19 13:17:15,484 - INFO - Memory cleaned.
2026-05-19 13:17:15,712 - INFO - Epoch[56] Complete. Time taken: 00:01:22.750
2026-05-19 13:18:35,306 - INFO - Epoch 57 - Train Loss: 4124.796595131412, Validation MRR: 0.146561399102211, Learning Rate: 0.00027300475013022663
2026-05-19 13:18:38,302 - INFO - Memory cleaned.
2026-05-19 13:18:38,533 - INFO - Epoch[57] Complete. Time taken: 00:01:22.821
2026-05-19 13:19:58,049 - INFO - Epoch 58 - Train Loss: 4101.684863422446, Validation MRR: 0.146561399102211, Learning Rate: 0.00023875071764202561
2026-05-19 13:20:01,052 - INFO - Memory cleaned.
2026-05-19 13:20:01,289 - INFO - Epoch[58] Complete. Time taken: 00:01:22.756
2026-05-19 13:21:20,906 - INFO - Epoch 59 - Train Loss: 4071.91050168152, Validation MRR: 0.146561399102211, Learning Rate: 0.00020610737385376348
2026-05-19 13:21:23,901 - INFO - Memory cleaned.
2026-05-19 13:21:24,133 - INFO - Epoch[59] Complete. Time taken: 00:01:22.843
2026-05-19 13:22:43,683 - INFO - Epoch 60 - Train Loss: 4044.5781375368656, Validation MRR: 0.146561399102211, Learning Rate: 0.00017527597583490823
2026-05-19 13:22:46,736 - INFO - Memory cleaned.
2026-05-19 13:22:46,736 - INFO - Evaluating on validation set at epoch 60...
Link prediction evaluation:   0%|          | 0/2 [00:00<?, ?batch/s]Link prediction evaluation:  50%|█████     | 1/2 [00:00<00:00,  5.33batch/s]Link prediction evaluation: 100%|██████████| 2/2 [00:00<00:00,  8.93batch/s]
2026-05-19 13:22:47,182 - INFO - Validation MRR: 0.1648491472005844
2026-05-19 13:22:47,407 - INFO - Epoch[60] Complete. Time taken: 00:01:23.274
2026-05-19 13:24:06,938 - INFO - Epoch 61 - Train Loss: 4026.8372866823674, Validation MRR: 0.1648491472005844, Learning Rate: 0.00014644660940672628
2026-05-19 13:24:09,936 - INFO - Memory cleaned.
2026-05-19 13:24:10,186 - INFO - Epoch[61] Complete. Time taken: 00:01:22.779
2026-05-19 13:25:29,731 - INFO - Epoch 62 - Train Loss: 4009.378656679968, Validation MRR: 0.1648491472005844, Learning Rate: 0.00011979701719998454
2026-05-19 13:25:32,740 - INFO - Memory cleaned.
2026-05-19 13:25:32,995 - INFO - Epoch[62] Complete. Time taken: 00:01:22.809
2026-05-19 13:26:52,609 - INFO - Epoch 63 - Train Loss: 3981.6927533981793, Validation MRR: 0.1648491472005844, Learning Rate: 9.549150281252633e-05
2026-05-19 13:26:55,605 - INFO - Memory cleaned.
2026-05-19 13:26:55,832 - INFO - Epoch[63] Complete. Time taken: 00:01:22.837
2026-05-19 13:28:15,382 - INFO - Epoch 64 - Train Loss: 3978.1592907997583, Validation MRR: 0.1648491472005844, Learning Rate: 7.367991782295391e-05
2026-05-19 13:28:18,391 - INFO - Memory cleaned.
2026-05-19 13:28:18,627 - INFO - Epoch[64] Complete. Time taken: 00:01:22.795
2026-05-19 13:29:38,222 - INFO - Epoch 65 - Train Loss: 3963.7690420461763, Validation MRR: 0.1648491472005844, Learning Rate: 5.449673790581611e-05
2026-05-19 13:29:41,219 - INFO - Memory cleaned.
2026-05-19 13:29:41,445 - INFO - Epoch[65] Complete. Time taken: 00:01:22.817
2026-05-19 13:31:00,974 - INFO - Epoch 66 - Train Loss: 3947.681789626846, Validation MRR: 0.1648491472005844, Learning Rate: 3.806023374435663e-05
2026-05-19 13:31:03,971 - INFO - Memory cleaned.
2026-05-19 13:31:04,213 - INFO - Epoch[66] Complete. Time taken: 00:01:22.768
2026-05-19 13:32:23,814 - INFO - Epoch 67 - Train Loss: 3939.877011627115, Validation MRR: 0.1648491472005844, Learning Rate: 2.4471741852423235e-05
2026-05-19 13:32:26,820 - INFO - Memory cleaned.
2026-05-19 13:32:27,050 - INFO - Epoch[67] Complete. Time taken: 00:01:22.836
2026-05-19 13:33:47,457 - INFO - Epoch 68 - Train Loss: 3936.576807661386, Validation MRR: 0.1648491472005844, Learning Rate: 1.3815039801161721e-05
2026-05-19 13:33:50,458 - INFO - Memory cleaned.
2026-05-19 13:33:50,696 - INFO - Epoch[68] Complete. Time taken: 00:01:23.645
2026-05-19 13:35:10,288 - INFO - Epoch 69 - Train Loss: 3933.119979986354, Validation MRR: 0.1648491472005844, Learning Rate: 6.15582970243117e-06
2026-05-19 13:35:13,300 - INFO - Memory cleaned.
2026-05-19 13:35:13,528 - INFO - Epoch[69] Complete. Time taken: 00:01:22.832
2026-05-19 13:36:33,402 - INFO - Epoch 70 - Train Loss: 3920.989809000811, Validation MRR: 0.1648491472005844, Learning Rate: 1.541333133436018e-06
2026-05-19 13:36:36,654 - INFO - Memory cleaned.
2026-05-19 13:36:37,004 - INFO - Epoch[70] Complete. Time taken: 00:01:23.477
2026-05-19 13:37:56,635 - INFO - Epoch 71 - Train Loss: 4723.871720141937, Validation MRR: 0.1648491472005844, Learning Rate: 0.001
2026-05-19 13:37:59,610 - INFO - Memory cleaned.
2026-05-19 13:37:59,848 - INFO - Epoch[71] Complete. Time taken: 00:01:22.844
2026-05-19 13:39:19,403 - INFO - Epoch 72 - Train Loss: 4696.742995655422, Validation MRR: 0.1648491472005844, Learning Rate: 0.0009996145181203615
2026-05-19 13:39:22,378 - INFO - Memory cleaned.
2026-05-19 13:39:22,601 - INFO - Epoch[72] Complete. Time taken: 00:01:22.753
2026-05-19 13:40:42,107 - INFO - Epoch 73 - Train Loss: 4697.2253837886665, Validation MRR: 0.1648491472005844, Learning Rate: 0.000998458666866564
2026-05-19 13:40:45,076 - INFO - Memory cleaned.
2026-05-19 13:40:45,307 - INFO - Epoch[73] Complete. Time taken: 00:01:22.706
2026-05-19 13:42:04,766 - INFO - Epoch 74 - Train Loss: 4667.9033698044195, Validation MRR: 0.1648491472005844, Learning Rate: 0.0009965342284774632
2026-05-19 13:42:07,734 - INFO - Memory cleaned.
2026-05-19 13:42:07,962 - INFO - Epoch[74] Complete. Time taken: 00:01:22.655
2026-05-19 13:43:27,423 - INFO - Epoch 75 - Train Loss: 4669.931310071874, Validation MRR: 0.1648491472005844, Learning Rate: 0.0009938441702975688
2026-05-19 13:43:30,391 - INFO - Memory cleaned.
2026-05-19 13:43:30,622 - INFO - Epoch[75] Complete. Time taken: 00:01:22.660
2026-05-19 13:44:50,091 - INFO - Epoch 76 - Train Loss: 4661.849338176173, Validation MRR: 0.1648491472005844, Learning Rate: 0.0009903926402016153
2026-05-19 13:44:53,056 - INFO - Memory cleaned.
2026-05-19 13:44:53,288 - INFO - Epoch[76] Complete. Time taken: 00:01:22.666
2026-05-19 13:46:12,861 - INFO - Epoch 77 - Train Loss: 4665.966958911687, Validation MRR: 0.1648491472005844, Learning Rate: 0.0009861849601988384
2026-05-19 13:46:15,827 - INFO - Memory cleaned.
2026-05-19 13:46:16,056 - INFO - Epoch[77] Complete. Time taken: 00:01:22.767
2026-05-19 13:47:35,511 - INFO - Epoch 78 - Train Loss: 4657.266342070117, Validation MRR: 0.1648491472005844, Learning Rate: 0.0009812276182268236
2026-05-19 13:47:38,478 - INFO - Memory cleaned.
2026-05-19 13:47:38,709 - INFO - Epoch[78] Complete. Time taken: 00:01:22.653
2026-05-19 13:48:58,152 - INFO - Epoch 79 - Train Loss: 4663.367523122616, Validation MRR: 0.1648491472005844, Learning Rate: 0.0009755282581475768
2026-05-19 13:49:01,201 - INFO - Memory cleaned.
2026-05-19 13:49:01,456 - INFO - Epoch[79] Complete. Time taken: 00:01:22.747
2026-05-19 13:50:20,888 - INFO - Epoch 80 - Train Loss: 4641.453032607112, Validation MRR: 0.1648491472005844, Learning Rate: 0.0009690956679612422
2026-05-19 13:50:23,858 - INFO - Memory cleaned.
2026-05-19 13:50:23,858 - INFO - Evaluating on validation set at epoch 80...
Link prediction evaluation:   0%|          | 0/2 [00:00<?, ?batch/s]Link prediction evaluation:  50%|█████     | 1/2 [00:00<00:00,  7.43batch/s]Link prediction evaluation: 100%|██████████| 2/2 [00:00<00:00, 14.05batch/s]
2026-05-19 13:50:24,455 - INFO - Validation MRR: 0.1722291260957718
2026-05-19 13:50:24,714 - INFO - Epoch[80] Complete. Time taken: 00:01:23.259
2026-05-19 13:51:44,091 - INFO - Epoch 81 - Train Loss: 4636.501796901929, Validation MRR: 0.1722291260957718, Learning Rate: 0.0009619397662556434
2026-05-19 13:51:47,102 - INFO - Memory cleaned.
2026-05-19 13:51:47,336 - INFO - Epoch[81] Complete. Time taken: 00:01:22.622
2026-05-19 13:53:06,702 - INFO - Epoch 82 - Train Loss: 4631.3340633005755, Validation MRR: 0.1722291260957718, Learning Rate: 0.0009540715869125407
2026-05-19 13:53:09,708 - INFO - Memory cleaned.
2026-05-19 13:53:09,935 - INFO - Epoch[82] Complete. Time taken: 00:01:22.598
2026-05-19 13:54:29,316 - INFO - Epoch 83 - Train Loss: 4634.620976322183, Validation MRR: 0.1722291260957718, Learning Rate: 0.0009455032620941839
2026-05-19 13:54:32,322 - INFO - Memory cleaned.
2026-05-19 13:54:32,553 - INFO - Epoch[83] Complete. Time taken: 00:01:22.618
2026-05-19 13:55:51,916 - INFO - Epoch 84 - Train Loss: 4626.133349725865, Validation MRR: 0.1722291260957718, Learning Rate: 0.0009362480035363986
2026-05-19 13:55:54,923 - INFO - Memory cleaned.
2026-05-19 13:55:55,156 - INFO - Epoch[84] Complete. Time taken: 00:01:22.603
2026-05-19 13:57:14,534 - INFO - Epoch 85 - Train Loss: 4630.2624516926, Validation MRR: 0.1722291260957718, Learning Rate: 0.0009263200821770461
2026-05-19 13:57:17,555 - INFO - Memory cleaned.
2026-05-19 13:57:17,787 - INFO - Epoch[85] Complete. Time taken: 00:01:22.631
2026-05-19 13:58:37,154 - INFO - Epoch 86 - Train Loss: 4596.078937979502, Validation MRR: 0.1722291260957718, Learning Rate: 0.0009157348061512727
2026-05-19 13:58:40,173 - INFO - Memory cleaned.
2026-05-19 13:58:40,402 - INFO - Epoch[86] Complete. Time taken: 00:01:22.615
2026-05-19 13:59:59,822 - INFO - Epoch 87 - Train Loss: 4591.732170700862, Validation MRR: 0.1722291260957718, Learning Rate: 0.0009045084971874737
2026-05-19 14:00:02,844 - INFO - Memory cleaned.
2026-05-19 14:00:03,075 - INFO - Epoch[87] Complete. Time taken: 00:01:22.673
2026-05-19 14:01:22,449 - INFO - Epoch 88 - Train Loss: 4581.695580189548, Validation MRR: 0.1722291260957718, Learning Rate: 0.0008926584654403724
2026-05-19 14:01:25,470 - INFO - Memory cleaned.
2026-05-19 14:01:25,700 - INFO - Epoch[88] Complete. Time taken: 00:01:22.624
2026-05-19 14:02:45,075 - INFO - Epoch 89 - Train Loss: 4565.959467299353, Validation MRR: 0.1722291260957718, Learning Rate: 0.0008802029828000156
2026-05-19 14:02:48,095 - INFO - Memory cleaned.
2026-05-19 14:02:48,325 - INFO - Epoch[89] Complete. Time taken: 00:01:22.626
2026-05-19 14:04:07,697 - INFO - Epoch 90 - Train Loss: 4555.426518622304, Validation MRR: 0.1722291260957718, Learning Rate: 0.0008671612547178428
2026-05-19 14:04:10,719 - INFO - Memory cleaned.
2026-05-19 14:04:10,949 - INFO - Epoch[90] Complete. Time taken: 00:01:22.623
2026-05-19 14:05:30,305 - INFO - Epoch 91 - Train Loss: 4550.89833429034, Validation MRR: 0.1722291260957718, Learning Rate: 0.0008535533905932737
2026-05-19 14:05:33,328 - INFO - Memory cleaned.
2026-05-19 14:05:33,558 - INFO - Epoch[91] Complete. Time taken: 00:01:22.609
2026-05-19 14:06:52,899 - INFO - Epoch 92 - Train Loss: 4553.5634681376305, Validation MRR: 0.1722291260957718, Learning Rate: 0.0008394003727664709
2026-05-19 14:06:55,927 - INFO - Memory cleaned.
2026-05-19 14:06:56,157 - INFO - Epoch[92] Complete. Time taken: 00:01:22.599
2026-05-19 14:08:15,460 - INFO - Epoch 93 - Train Loss: 4542.838782155864, Validation MRR: 0.1722291260957718, Learning Rate: 0.000824724024165092
2026-05-19 14:08:18,484 - INFO - Memory cleaned.
2026-05-19 14:08:18,717 - INFO - Epoch[93] Complete. Time taken: 00:01:22.560
2026-05-19 14:09:38,091 - INFO - Epoch 94 - Train Loss: 4524.831149701299, Validation MRR: 0.1722291260957718, Learning Rate: 0.000809546974654917
2026-05-19 14:09:41,099 - INFO - Memory cleaned.
2026-05-19 14:09:41,331 - INFO - Epoch[94] Complete. Time taken: 00:01:22.614
2026-05-19 14:11:00,702 - INFO - Epoch 95 - Train Loss: 4507.033044204424, Validation MRR: 0.1722291260957718, Learning Rate: 0.0007938926261462366
2026-05-19 14:11:03,708 - INFO - Memory cleaned.
2026-05-19 14:11:03,938 - INFO - Epoch[95] Complete. Time taken: 00:01:22.607
2026-05-19 14:12:23,345 - INFO - Epoch 96 - Train Loss: 4519.589540929235, Validation MRR: 0.1722291260957718, Learning Rate: 0.0007777851165098011
2026-05-19 14:12:26,351 - INFO - Memory cleaned.
2026-05-19 14:12:26,580 - INFO - Epoch[96] Complete. Time taken: 00:01:22.641
2026-05-19 14:13:46,026 - INFO - Epoch 97 - Train Loss: 4506.842591043045, Validation MRR: 0.1722291260957718, Learning Rate: 0.0007612492823579744
2026-05-19 14:13:49,079 - INFO - Memory cleaned.
2026-05-19 14:13:49,313 - INFO - Epoch[97] Complete. Time taken: 00:01:22.733
2026-05-19 14:15:09,061 - INFO - Epoch 98 - Train Loss: 4457.059628574328, Validation MRR: 0.1722291260957718, Learning Rate: 0.0007443106207484776
2026-05-19 14:15:12,143 - INFO - Memory cleaned.
2026-05-19 14:15:12,384 - INFO - Epoch[98] Complete. Time taken: 00:01:23.070
2026-05-19 14:16:31,962 - INFO - Epoch 99 - Train Loss: 4439.800106256221, Validation MRR: 0.1722291260957718, Learning Rate: 0.0007269952498697733
2026-05-19 14:16:35,031 - INFO - Memory cleaned.
2026-05-19 14:16:35,259 - INFO - Epoch[99] Complete. Time taken: 00:01:22.876
2026-05-19 14:17:54,876 - INFO - Epoch 100 - Train Loss: 4421.956537254051, Validation MRR: 0.1722291260957718, Learning Rate: 0.0007093298687687141
2026-05-19 14:17:57,951 - INFO - Memory cleaned.
2026-05-19 14:17:57,951 - INFO - Evaluating on validation set at epoch 100...
Link prediction evaluation:   0%|          | 0/2 [00:00<?, ?batch/s]Link prediction evaluation:  50%|█████     | 1/2 [00:00<00:00,  3.86batch/s]Link prediction evaluation: 100%|██████████| 2/2 [00:00<00:00,  7.49batch/s]
2026-05-19 14:17:58,257 - INFO - Validation MRR: 0.17164573073387146
2026-05-19 14:17:58,490 - INFO - Epoch[100] Complete. Time taken: 00:01:23.231
2026-05-19 14:19:18,021 - INFO - Epoch 101 - Train Loss: 4412.417517325524, Validation MRR: 0.17164573073387146, Learning Rate: 0.000691341716182545
2026-05-19 14:19:21,093 - INFO - Memory cleaned.
2026-05-19 14:19:21,322 - INFO - Epoch[101] Complete. Time taken: 00:01:22.832
2026-05-19 14:20:40,897 - INFO - Epoch 102 - Train Loss: 4402.788541447937, Validation MRR: 0.17164573073387146, Learning Rate: 0.0006730585285387465
2026-05-19 14:20:43,977 - INFO - Memory cleaned.
2026-05-19 14:20:44,208 - INFO - Epoch[102] Complete. Time taken: 00:01:22.885
2026-05-19 14:22:03,774 - INFO - Epoch 103 - Train Loss: 4389.389886758639, Validation MRR: 0.17164573073387146, Learning Rate: 0.0006545084971874737
2026-05-19 14:22:06,803 - INFO - Memory cleaned.
2026-05-19 14:22:07,032 - INFO - Epoch[103] Complete. Time taken: 00:01:22.824
2026-05-19 14:23:26,521 - INFO - Epoch 104 - Train Loss: 4379.530388545023, Validation MRR: 0.17164573073387146, Learning Rate: 0.0006357202249325371
2026-05-19 14:23:29,595 - INFO - Memory cleaned.
2026-05-19 14:23:29,823 - INFO - Epoch[104] Complete. Time taken: 00:01:22.791
2026-05-19 14:24:49,320 - INFO - Epoch 105 - Train Loss: 4369.4922372820965, Validation MRR: 0.17164573073387146, Learning Rate: 0.0006167226819279528
2026-05-19 14:24:52,341 - INFO - Memory cleaned.
2026-05-19 14:24:52,570 - INFO - Epoch[105] Complete. Time taken: 00:01:22.746
2026-05-19 14:26:12,057 - INFO - Epoch 106 - Train Loss: 4338.418201352431, Validation MRR: 0.17164573073387146, Learning Rate: 0.0005975451610080642
2026-05-19 14:26:15,076 - INFO - Memory cleaned.
2026-05-19 14:26:15,305 - INFO - Epoch[106] Complete. Time taken: 00:01:22.735
2026-05-19 14:27:35,289 - INFO - Epoch 107 - Train Loss: 4318.722076443884, Validation MRR: 0.17164573073387146, Learning Rate: 0.0005782172325201155
2026-05-19 14:27:38,364 - INFO - Memory cleaned.
2026-05-19 14:27:38,699 - INFO - Epoch[107] Complete. Time taken: 00:01:23.394
2026-05-19 14:28:58,254 - INFO - Epoch 108 - Train Loss: 4312.24278692141, Validation MRR: 0.17164573073387146, Learning Rate: 0.0005587686987289189
2026-05-19 14:29:01,301 - INFO - Memory cleaned.
2026-05-19 14:29:01,533 - INFO - Epoch[108] Complete. Time taken: 00:01:22.833
2026-05-19 14:30:21,097 - INFO - Epoch 109 - Train Loss: 4288.462318515747, Validation MRR: 0.17164573073387146, Learning Rate: 0.0005392295478639225
2026-05-19 14:30:24,117 - INFO - Memory cleaned.
2026-05-19 14:30:24,343 - INFO - Epoch[109] Complete. Time taken: 00:01:22.811
2026-05-19 14:31:43,849 - INFO - Epoch 110 - Train Loss: 4281.590424779533, Validation MRR: 0.17164573073387146, Learning Rate: 0.0005196299078795343
2026-05-19 14:31:46,875 - INFO - Memory cleaned.
2026-05-19 14:31:47,104 - INFO - Epoch[110] Complete. Time taken: 00:01:22.760
2026-05-19 14:33:06,621 - INFO - Epoch 111 - Train Loss: 4256.933001848945, Validation MRR: 0.17164573073387146, Learning Rate: 0.0005
2026-05-19 14:33:09,743 - INFO - Memory cleaned.
2026-05-19 14:33:09,974 - INFO - Epoch[111] Complete. Time taken: 00:01:22.870
2026-05-19 14:34:29,461 - INFO - Epoch 112 - Train Loss: 4252.797304734869, Validation MRR: 0.17164573073387146, Learning Rate: 0.00048037009212046586
2026-05-19 14:34:32,494 - INFO - Memory cleaned.
2026-05-19 14:34:32,728 - INFO - Epoch[112] Complete. Time taken: 00:01:22.754
2026-05-19 14:35:52,243 - INFO - Epoch 113 - Train Loss: 4228.657321472408, Validation MRR: 0.17164573073387146, Learning Rate: 0.0004607704521360776
2026-05-19 14:35:55,271 - INFO - Memory cleaned.
2026-05-19 14:35:55,498 - INFO - Epoch[113] Complete. Time taken: 00:01:22.770
2026-05-19 14:37:15,004 - INFO - Epoch 114 - Train Loss: 4208.3279262733895, Validation MRR: 0.17164573073387146, Learning Rate: 0.00044123130127108126
2026-05-19 14:37:18,041 - INFO - Memory cleaned.
2026-05-19 14:37:18,286 - INFO - Epoch[114] Complete. Time taken: 00:01:22.788
2026-05-19 14:38:37,867 - INFO - Epoch 115 - Train Loss: 4201.612391585679, Validation MRR: 0.17164573073387146, Learning Rate: 0.0004217827674798847
2026-05-19 14:38:40,973 - INFO - Memory cleaned.
2026-05-19 14:38:41,235 - INFO - Epoch[115] Complete. Time taken: 00:01:22.949
2026-05-19 14:40:00,777 - INFO - Epoch 116 - Train Loss: 4182.41161364786, Validation MRR: 0.17164573073387146, Learning Rate: 0.00040245483899193594
2026-05-19 14:40:03,836 - INFO - Memory cleaned.
2026-05-19 14:40:04,078 - INFO - Epoch[116] Complete. Time taken: 00:01:22.843
2026-05-19 14:41:23,610 - INFO - Epoch 117 - Train Loss: 4170.499945992475, Validation MRR: 0.17164573073387146, Learning Rate: 0.00038327731807204733
2026-05-19 14:41:26,681 - INFO - Memory cleaned.
2026-05-19 14:41:26,917 - INFO - Epoch[117] Complete. Time taken: 00:01:22.838
2026-05-19 14:42:46,445 - INFO - Epoch 118 - Train Loss: 4153.690836824864, Validation MRR: 0.17164573073387146, Learning Rate: 0.0003642797750674628
2026-05-19 14:42:49,561 - INFO - Memory cleaned.
2026-05-19 14:42:49,813 - INFO - Epoch[118] Complete. Time taken: 00:01:22.896
2026-05-19 14:44:09,303 - INFO - Epoch 119 - Train Loss: 4150.233885372618, Validation MRR: 0.17164573073387146, Learning Rate: 0.00034549150281252633
2026-05-19 14:44:12,322 - INFO - Memory cleaned.
2026-05-19 14:44:12,550 - INFO - Epoch[119] Complete. Time taken: 00:01:22.737
2026-05-19 14:45:32,035 - INFO - Epoch 120 - Train Loss: 4121.988193586656, Validation MRR: 0.17164573073387146, Learning Rate: 0.00032694147146125364
2026-05-19 14:45:35,049 - INFO - Memory cleaned.
2026-05-19 14:45:35,049 - INFO - Evaluating on validation set at epoch 120...
Link prediction evaluation:   0%|          | 0/2 [00:00<?, ?batch/s]Link prediction evaluation: 100%|██████████| 2/2 [00:00<00:00, 29.08batch/s]
2026-05-19 14:45:35,138 - INFO - Validation MRR: 0.1410677582025528
2026-05-19 14:45:35,368 - INFO - Epoch[120] Complete. Time taken: 00:01:22.818
2026-05-19 14:46:54,865 - INFO - Epoch 121 - Train Loss: 4105.724571196411, Validation MRR: 0.1410677582025528, Learning Rate: 0.0003086582838174551
2026-05-19 14:46:57,927 - INFO - Memory cleaned.
2026-05-19 14:46:58,156 - INFO - Epoch[121] Complete. Time taken: 00:01:22.788
2026-05-19 14:48:17,973 - INFO - Epoch 122 - Train Loss: 4099.016163874945, Validation MRR: 0.1410677582025528, Learning Rate: 0.0002906701312312861
2026-05-19 14:48:21,004 - INFO - Memory cleaned.
2026-05-19 14:48:21,232 - INFO - Epoch[122] Complete. Time taken: 00:01:23.076
2026-05-19 14:49:41,003 - INFO - Epoch 123 - Train Loss: 4082.8345269981187, Validation MRR: 0.1410677582025528, Learning Rate: 0.00027300475013022663
2026-05-19 14:49:44,035 - INFO - Memory cleaned.
2026-05-19 14:49:44,276 - INFO - Epoch[123] Complete. Time taken: 00:01:23.044
2026-05-19 14:51:03,679 - INFO - Epoch 124 - Train Loss: 4057.350537550827, Validation MRR: 0.1410677582025528, Learning Rate: 0.00025568937925152246
2026-05-19 14:51:06,712 - INFO - Memory cleaned.
2026-05-19 14:51:06,940 - INFO - Epoch[124] Complete. Time taken: 00:01:22.664
2026-05-19 14:52:26,366 - INFO - Epoch 125 - Train Loss: 4048.876182245191, Validation MRR: 0.1410677582025528, Learning Rate: 0.00023875071764202561
2026-05-19 14:52:29,401 - INFO - Memory cleaned.
2026-05-19 14:52:29,632 - INFO - Epoch[125] Complete. Time taken: 00:01:22.692
2026-05-19 14:53:49,130 - INFO - Epoch 126 - Train Loss: 4027.9474579884836, Validation MRR: 0.1410677582025528, Learning Rate: 0.00022221488349019887
2026-05-19 14:53:52,147 - INFO - Memory cleaned.
2026-05-19 14:53:52,384 - INFO - Epoch[126] Complete. Time taken: 00:01:22.751
2026-05-19 14:55:11,912 - INFO - Epoch 127 - Train Loss: 4020.6514904710775, Validation MRR: 0.1410677582025528, Learning Rate: 0.00020610737385376348
2026-05-19 14:55:14,942 - INFO - Memory cleaned.
2026-05-19 14:55:15,172 - INFO - Epoch[127] Complete. Time taken: 00:01:22.788
2026-05-19 14:56:34,712 - INFO - Epoch 128 - Train Loss: 4019.491147124686, Validation MRR: 0.1410677582025528, Learning Rate: 0.00019045302534508314
2026-05-19 14:56:37,755 - INFO - Memory cleaned.
2026-05-19 14:56:37,997 - INFO - Epoch[128] Complete. Time taken: 00:01:22.825
2026-05-19 14:57:57,634 - INFO - Epoch 129 - Train Loss: 3997.013450906181, Validation MRR: 0.1410677582025528, Learning Rate: 0.00017527597583490823
2026-05-19 14:58:00,688 - INFO - Memory cleaned.
2026-05-19 14:58:00,931 - INFO - Epoch[129] Complete. Time taken: 00:01:22.935
2026-05-19 14:59:20,429 - INFO - Epoch 130 - Train Loss: 3992.434834306005, Validation MRR: 0.1410677582025528, Learning Rate: 0.00016059962723352923
2026-05-19 14:59:23,488 - INFO - Memory cleaned.
2026-05-19 14:59:23,716 - INFO - Epoch[130] Complete. Time taken: 00:01:22.785
2026-05-19 15:00:43,267 - INFO - Epoch 131 - Train Loss: 3977.4638940221466, Validation MRR: 0.1410677582025528, Learning Rate: 0.00014644660940672628
2026-05-19 15:00:46,327 - INFO - Memory cleaned.
2026-05-19 15:00:46,567 - INFO - Epoch[131] Complete. Time taken: 00:01:22.851
2026-05-19 15:02:06,103 - INFO - Epoch 132 - Train Loss: 3962.9104150914814, Validation MRR: 0.1410677582025528, Learning Rate: 0.00013283874528215717
2026-05-19 15:02:09,137 - INFO - Memory cleaned.
2026-05-19 15:02:09,365 - INFO - Epoch[132] Complete. Time taken: 00:01:22.798
2026-05-19 15:03:28,894 - INFO - Epoch 133 - Train Loss: 3964.446578445354, Validation MRR: 0.1410677582025528, Learning Rate: 0.00011979701719998454
2026-05-19 15:03:31,952 - INFO - Memory cleaned.
2026-05-19 15:03:32,184 - INFO - Epoch[133] Complete. Time taken: 00:01:22.819
2026-05-19 15:04:51,688 - INFO - Epoch 134 - Train Loss: 3952.8663698708306, Validation MRR: 0.1410677582025528, Learning Rate: 0.00010734153455962748
2026-05-19 15:04:54,749 - INFO - Memory cleaned.
2026-05-19 15:04:54,983 - INFO - Epoch[134] Complete. Time taken: 00:01:22.799
2026-05-19 15:06:14,505 - INFO - Epoch 135 - Train Loss: 3933.4258009484583, Validation MRR: 0.1410677582025528, Learning Rate: 9.549150281252633e-05
2026-05-19 15:06:17,563 - INFO - Memory cleaned.
2026-05-19 15:06:17,795 - INFO - Epoch[135] Complete. Time taken: 00:01:22.811
2026-05-19 15:07:37,331 - INFO - Epoch 136 - Train Loss: 3933.1153663697655, Validation MRR: 0.1410677582025528, Learning Rate: 8.42651938487275e-05
2026-05-19 15:07:40,390 - INFO - Memory cleaned.
2026-05-19 15:07:40,620 - INFO - Epoch[136] Complete. Time taken: 00:01:22.825
2026-05-19 15:09:00,078 - INFO - Epoch 137 - Train Loss: 3919.234118052264, Validation MRR: 0.1410677582025528, Learning Rate: 7.367991782295391e-05
2026-05-19 15:09:03,096 - INFO - Memory cleaned.
2026-05-19 15:09:03,326 - INFO - Epoch[137] Complete. Time taken: 00:01:22.706
2026-05-19 15:10:22,782 - INFO - Epoch 138 - Train Loss: 3914.9939553176223, Validation MRR: 0.1410677582025528, Learning Rate: 6.375199646360153e-05
2026-05-19 15:10:25,794 - INFO - Memory cleaned.
2026-05-19 15:10:26,021 - INFO - Epoch[138] Complete. Time taken: 00:01:22.694
2026-05-19 15:11:45,455 - INFO - Epoch 139 - Train Loss: 3908.9426330469173, Validation MRR: 0.1410677582025528, Learning Rate: 5.449673790581611e-05
2026-05-19 15:11:48,472 - INFO - Memory cleaned.
2026-05-19 15:11:48,699 - INFO - Epoch[139] Complete. Time taken: 00:01:22.678
2026-05-19 15:13:08,148 - INFO - Epoch 140 - Train Loss: 3905.288153503852, Validation MRR: 0.1410677582025528, Learning Rate: 4.592841308745932e-05
2026-05-19 15:13:11,167 - INFO - Memory cleaned.
2026-05-19 15:13:11,167 - INFO - Evaluating on validation set at epoch 140...
Link prediction evaluation:   0%|          | 0/2 [00:00<?, ?batch/s]Link prediction evaluation: 100%|██████████| 2/2 [00:00<00:00, 43.27batch/s]
2026-05-19 15:13:11,214 - INFO - Validation MRR: 0.17455661296844482
2026-05-19 15:13:11,441 - INFO - Epoch[140] Complete. Time taken: 00:01:22.742
2026-05-19 15:14:30,865 - INFO - Epoch 141 - Train Loss: 3898.603716138951, Validation MRR: 0.17455661296844482, Learning Rate: 3.806023374435663e-05
2026-05-19 15:14:33,886 - INFO - Memory cleaned.
2026-05-19 15:14:34,114 - INFO - Epoch[141] Complete. Time taken: 00:01:22.673
2026-05-19 15:15:53,661 - INFO - Epoch 142 - Train Loss: 3892.286032447498, Validation MRR: 0.17455661296844482, Learning Rate: 3.090433203875792e-05
2026-05-19 15:15:56,716 - INFO - Memory cleaned.
2026-05-19 15:15:56,947 - INFO - Epoch[142] Complete. Time taken: 00:01:22.833
2026-05-19 15:17:16,445 - INFO - Epoch 143 - Train Loss: 3893.5157840407596, Validation MRR: 0.17455661296844482, Learning Rate: 2.4471741852423235e-05
2026-05-19 15:17:19,496 - INFO - Memory cleaned.
2026-05-19 15:17:19,727 - INFO - Epoch[143] Complete. Time taken: 00:01:22.780
2026-05-19 15:18:39,153 - INFO - Epoch 144 - Train Loss: 3883.0466326255064, Validation MRR: 0.17455661296844482, Learning Rate: 1.8772381773176416e-05
2026-05-19 15:18:42,206 - INFO - Memory cleaned.
2026-05-19 15:18:42,453 - INFO - Epoch[144] Complete. Time taken: 00:01:22.726
2026-05-19 15:20:01,913 - INFO - Epoch 145 - Train Loss: 3876.1547725049363, Validation MRR: 0.17455661296844482, Learning Rate: 1.3815039801161721e-05
2026-05-19 15:20:04,945 - INFO - Memory cleaned.
2026-05-19 15:20:05,173 - INFO - Epoch[145] Complete. Time taken: 00:01:22.720
2026-05-19 15:21:24,932 - INFO - Epoch 146 - Train Loss: 3888.6104186414677, Validation MRR: 0.17455661296844482, Learning Rate: 9.607359798384786e-06
2026-05-19 15:21:28,028 - INFO - Memory cleaned.
2026-05-19 15:21:28,265 - INFO - Epoch[146] Complete. Time taken: 00:01:23.092
2026-05-19 15:22:47,793 - INFO - Epoch 147 - Train Loss: 3872.9401711499186, Validation MRR: 0.17455661296844482, Learning Rate: 6.15582970243117e-06
2026-05-19 15:22:50,814 - INFO - Memory cleaned.
2026-05-19 15:22:51,045 - INFO - Epoch[147] Complete. Time taken: 00:01:22.779
2026-05-19 15:24:10,548 - INFO - Epoch 148 - Train Loss: 3871.05270524961, Validation MRR: 0.17455661296844482, Learning Rate: 3.4657715225368535e-06
2026-05-19 15:24:13,569 - INFO - Memory cleaned.
2026-05-19 15:24:13,797 - INFO - Epoch[148] Complete. Time taken: 00:01:22.752
2026-05-19 15:25:33,319 - INFO - Epoch 149 - Train Loss: 3868.6310338648127, Validation MRR: 0.17455661296844482, Learning Rate: 1.541333133436018e-06
2026-05-19 15:25:36,344 - INFO - Memory cleaned.
2026-05-19 15:25:36,572 - INFO - Epoch[149] Complete. Time taken: 00:01:22.775
2026-05-19 15:26:56,066 - INFO - Epoch 150 - Train Loss: 3870.930877069554, Validation MRR: 0.17455661296844482, Learning Rate: 3.854818796385495e-07
2026-05-19 15:26:59,090 - INFO - Memory cleaned.
2026-05-19 15:26:59,327 - INFO - Epoch[150] Complete. Time taken: 00:01:22.754
2026-05-19 15:28:18,814 - INFO - Epoch 151 - Train Loss: 4667.095580873327, Validation MRR: 0.17455661296844482, Learning Rate: 0.001
2026-05-19 15:28:21,839 - INFO - Memory cleaned.
2026-05-19 15:28:22,067 - INFO - Epoch[151] Complete. Time taken: 00:01:22.740
2026-05-19 15:29:41,575 - INFO - Epoch 152 - Train Loss: 4668.567353549608, Validation MRR: 0.17455661296844482, Learning Rate: 0.0009999036202410325
2026-05-19 15:29:44,597 - INFO - Memory cleaned.
2026-05-19 15:29:44,851 - INFO - Epoch[152] Complete. Time taken: 00:01:22.784
2026-05-19 15:31:04,347 - INFO - Epoch 153 - Train Loss: 4652.1568375382885, Validation MRR: 0.17455661296844482, Learning Rate: 0.0009996145181203615
2026-05-19 15:31:07,369 - INFO - Memory cleaned.
2026-05-19 15:31:07,612 - INFO - Epoch[153] Complete. Time taken: 00:01:22.760
2026-05-19 15:32:27,113 - INFO - Epoch 154 - Train Loss: 4635.454507882714, Validation MRR: 0.17455661296844482, Learning Rate: 0.000999132805092358
2026-05-19 15:32:30,159 - INFO - Memory cleaned.
2026-05-19 15:32:30,398 - INFO - Epoch[154] Complete. Time taken: 00:01:22.786
2026-05-19 15:33:49,904 - INFO - Epoch 155 - Train Loss: 4622.776731501907, Validation MRR: 0.17455661296844482, Learning Rate: 0.000998458666866564
2026-05-19 15:33:53,020 - INFO - Memory cleaned.
2026-05-19 15:33:53,249 - INFO - Epoch[155] Complete. Time taken: 00:01:22.851
2026-05-19 15:35:12,777 - INFO - Epoch 156 - Train Loss: 4634.472641617723, Validation MRR: 0.17455661296844482, Learning Rate: 0.0009975923633360985
2026-05-19 15:35:15,857 - INFO - Memory cleaned.
2026-05-19 15:35:16,092 - INFO - Epoch[156] Complete. Time taken: 00:01:22.843
2026-05-19 15:36:35,616 - INFO - Epoch 157 - Train Loss: 4640.805721105367, Validation MRR: 0.17455661296844482, Learning Rate: 0.0009965342284774632
2026-05-19 15:36:38,703 - INFO - Memory cleaned.
2026-05-19 15:36:38,937 - INFO - Epoch[157] Complete. Time taken: 00:01:22.845
2026-05-19 15:38:04,633 - INFO - Epoch 158 - Train Loss: 4633.077847502694, Validation MRR: 0.17455661296844482, Learning Rate: 0.0009952846702217886
2026-05-19 15:38:07,928 - INFO - Memory cleaned.
2026-05-19 15:38:08,189 - INFO - Epoch[158] Complete. Time taken: 00:01:29.251
2026-05-19 15:39:27,648 - INFO - Epoch 159 - Train Loss: 4626.336554171855, Validation MRR: 0.17455661296844482, Learning Rate: 0.0009938441702975688
2026-05-19 15:39:30,570 - INFO - Memory cleaned.
2026-05-19 15:39:30,838 - INFO - Epoch[159] Complete. Time taken: 00:01:22.650
2026-05-19 15:40:50,273 - INFO - Epoch 160 - Train Loss: 4647.171873623298, Validation MRR: 0.17455661296844482, Learning Rate: 0.0009922132840449458
2026-05-19 15:40:53,191 - INFO - Memory cleaned.
2026-05-19 15:40:53,191 - INFO - Evaluating on validation set at epoch 160...
Link prediction evaluation:   0%|          | 0/2 [00:00<?, ?batch/s]Link prediction evaluation:  50%|█████     | 1/2 [00:00<00:00,  5.98batch/s]Link prediction evaluation: 100%|██████████| 2/2 [00:00<00:00, 11.35batch/s]
2026-05-19 15:40:53,439 - INFO - Validation MRR: 0.16865268349647522
2026-05-19 15:40:53,686 - INFO - Epoch[160] Complete. Time taken: 00:01:22.848
2026-05-19 15:42:13,116 - INFO - Epoch 161 - Train Loss: 4626.870010527511, Validation MRR: 0.16865268349647522, Learning Rate: 0.0009903926402016153
2026-05-19 15:42:16,024 - INFO - Memory cleaned.
2026-05-19 15:42:16,263 - INFO - Epoch[161] Complete. Time taken: 00:01:22.577
2026-05-19 15:43:35,727 - INFO - Epoch 162 - Train Loss: 4636.204309612709, Validation MRR: 0.16865268349647522, Learning Rate: 0.0009883829406604362
2026-05-19 15:43:38,638 - INFO - Memory cleaned.
2026-05-19 15:43:38,868 - INFO - Epoch[162] Complete. Time taken: 00:01:22.604
2026-05-19 15:44:58,350 - INFO - Epoch 163 - Train Loss: 4618.440524890471, Validation MRR: 0.16865268349647522, Learning Rate: 0.0009861849601988384
2026-05-19 15:45:01,356 - INFO - Memory cleaned.
2026-05-19 15:45:01,636 - INFO - Epoch[163] Complete. Time taken: 00:01:22.768
2026-05-19 15:46:21,104 - INFO - Epoch 164 - Train Loss: 4630.579610919496, Validation MRR: 0.16865268349647522, Learning Rate: 0.0009837995461801298
2026-05-19 15:46:24,067 - INFO - Memory cleaned.
2026-05-19 15:46:24,300 - INFO - Epoch[164] Complete. Time taken: 00:01:22.664
2026-05-19 15:47:43,744 - INFO - Epoch 165 - Train Loss: 4617.634872984051, Validation MRR: 0.16865268349647522, Learning Rate: 0.0009812276182268236
2026-05-19 15:47:46,708 - INFO - Memory cleaned.
2026-05-19 15:47:46,953 - INFO - Epoch[165] Complete. Time taken: 00:01:22.653
2026-05-19 15:49:06,863 - INFO - Epoch 166 - Train Loss: 4618.649955538183, Validation MRR: 0.16865268349647522, Learning Rate: 0.0009784701678661044
2026-05-19 15:49:09,970 - INFO - Memory cleaned.
2026-05-19 15:49:10,305 - INFO - Epoch[166] Complete. Time taken: 00:01:23.352
2026-05-19 15:50:29,834 - INFO - Epoch 167 - Train Loss: 4612.698520400093, Validation MRR: 0.16865268349647522, Learning Rate: 0.0009755282581475768
2026-05-19 15:50:32,853 - INFO - Memory cleaned.
2026-05-19 15:50:33,088 - INFO - Epoch[167] Complete. Time taken: 00:01:22.782
2026-05-19 15:51:52,588 - INFO - Epoch 168 - Train Loss: 4622.512266382299, Validation MRR: 0.16865268349647522, Learning Rate: 0.0009724030232334391
2026-05-19 15:51:55,605 - INFO - Memory cleaned.
2026-05-19 15:51:55,837 - INFO - Epoch[168] Complete. Time taken: 00:01:22.750
2026-05-19 15:53:15,362 - INFO - Epoch 169 - Train Loss: 4605.431257007834, Validation MRR: 0.16865268349647522, Learning Rate: 0.0009690956679612422
2026-05-19 15:53:18,383 - INFO - Memory cleaned.
2026-05-19 15:53:18,615 - INFO - Epoch[169] Complete. Time taken: 00:01:22.777
2026-05-19 15:54:38,141 - INFO - Epoch 170 - Train Loss: 4615.6172203841215, Validation MRR: 0.16865268349647522, Learning Rate: 0.0009656074673794017
2026-05-19 15:54:41,156 - INFO - Memory cleaned.
2026-05-19 15:54:41,385 - INFO - Epoch[170] Complete. Time taken: 00:01:22.770
2026-05-19 15:56:00,903 - INFO - Epoch 171 - Train Loss: 4602.375810636907, Validation MRR: 0.16865268349647522, Learning Rate: 0.0009619397662556434
2026-05-19 15:56:03,921 - INFO - Memory cleaned.
2026-05-19 15:56:04,163 - INFO - Epoch[171] Complete. Time taken: 00:01:22.777
2026-05-19 15:57:23,653 - INFO - Epoch 172 - Train Loss: 4612.032283800154, Validation MRR: 0.16865268349647522, Learning Rate: 0.0009580939785585681
2026-05-19 15:57:26,672 - INFO - Memory cleaned.
2026-05-19 15:57:26,900 - INFO - Epoch[172] Complete. Time taken: 00:01:22.737
2026-05-19 15:58:46,422 - INFO - Epoch 173 - Train Loss: 4592.947870402854, Validation MRR: 0.16865268349647522, Learning Rate: 0.0009540715869125407
2026-05-19 15:58:49,417 - INFO - Memory cleaned.
2026-05-19 15:58:49,646 - INFO - Epoch[173] Complete. Time taken: 00:01:22.745
2026-05-19 16:00:09,183 - INFO - Epoch 174 - Train Loss: 4601.294843497601, Validation MRR: 0.16865268349647522, Learning Rate: 0.0009498741420261108
2026-05-19 16:00:12,177 - INFO - Memory cleaned.
2026-05-19 16:00:12,405 - INFO - Epoch[174] Complete. Time taken: 00:01:22.759
2026-05-19 16:01:31,916 - INFO - Epoch 175 - Train Loss: 4589.664891713004, Validation MRR: 0.16865268349647522, Learning Rate: 0.0009455032620941839
2026-05-19 16:01:34,915 - INFO - Memory cleaned.
2026-05-19 16:01:35,144 - INFO - Epoch[175] Complete. Time taken: 00:01:22.739
2026-05-19 16:02:54,670 - INFO - Epoch 176 - Train Loss: 4583.754464430287, Validation MRR: 0.16865268349647522, Learning Rate: 0.0009409606321741775
2026-05-19 16:02:57,665 - INFO - Memory cleaned.
2026-05-19 16:02:57,893 - INFO - Epoch[176] Complete. Time taken: 00:01:22.749
2026-05-19 16:04:17,428 - INFO - Epoch 177 - Train Loss: 4586.2007394319835, Validation MRR: 0.16865268349647522, Learning Rate: 0.0009362480035363986
2026-05-19 16:04:20,425 - INFO - Memory cleaned.
2026-05-19 16:04:20,655 - INFO - Epoch[177] Complete. Time taken: 00:01:22.762
2026-05-19 16:05:40,209 - INFO - Epoch 178 - Train Loss: 4585.851263205657, Validation MRR: 0.16865268349647522, Learning Rate: 0.0009313671929888959
2026-05-19 16:05:43,204 - INFO - Memory cleaned.
2026-05-19 16:05:43,449 - INFO - Epoch[178] Complete. Time taken: 00:01:22.794
2026-05-19 16:07:02,991 - INFO - Epoch 179 - Train Loss: 4577.488418130191, Validation MRR: 0.16865268349647522, Learning Rate: 0.0009263200821770461
2026-05-19 16:07:05,982 - INFO - Memory cleaned.
2026-05-19 16:07:06,207 - INFO - Epoch[179] Complete. Time taken: 00:01:22.757
2026-05-19 16:08:25,761 - INFO - Epoch 180 - Train Loss: 4567.580971060495, Validation MRR: 0.16865268349647522, Learning Rate: 0.0009211086168581433
2026-05-19 16:08:28,758 - INFO - Memory cleaned.
2026-05-19 16:08:28,758 - INFO - Evaluating on validation set at epoch 180...
Link prediction evaluation:   0%|          | 0/2 [00:00<?, ?batch/s]Link prediction evaluation: 100%|██████████| 2/2 [00:00<00:00, 33.09batch/s]
2026-05-19 16:08:28,843 - INFO - Validation MRR: 0.20370855927467346
2026-05-19 16:08:29,088 - INFO - Epoch[180] Complete. Time taken: 00:01:22.881
2026-05-19 16:09:48,582 - INFO - Epoch 181 - Train Loss: 4577.296136563847, Validation MRR: 0.20370855927467346, Learning Rate: 0.0009157348061512727
2026-05-19 16:09:51,581 - INFO - Memory cleaned.
2026-05-19 16:09:51,810 - INFO - Epoch[181] Complete. Time taken: 00:01:22.721
2026-05-19 16:11:11,341 - INFO - Epoch 182 - Train Loss: 4564.781815819582, Validation MRR: 0.20370855927467346, Learning Rate: 0.0009102007217627568
2026-05-19 16:11:14,335 - INFO - Memory cleaned.
2026-05-19 16:11:14,563 - INFO - Epoch[182] Complete. Time taken: 00:01:22.754
2026-05-19 16:12:34,108 - INFO - Epoch 183 - Train Loss: 4559.215164623336, Validation MRR: 0.20370855927467346, Learning Rate: 0.0009045084971874737
2026-05-19 16:12:37,100 - INFO - Memory cleaned.
2026-05-19 16:12:37,327 - INFO - Epoch[183] Complete. Time taken: 00:01:22.764
2026-05-19 16:13:56,878 - INFO - Epoch 184 - Train Loss: 4561.311750850501, Validation MRR: 0.20370855927467346, Learning Rate: 0.0008986603268863536
2026-05-19 16:13:59,874 - INFO - Memory cleaned.
2026-05-19 16:14:00,104 - INFO - Epoch[184] Complete. Time taken: 00:01:22.777
2026-05-19 16:15:19,653 - INFO - Epoch 185 - Train Loss: 4543.396181845248, Validation MRR: 0.20370855927467346, Learning Rate: 0.0008926584654403724
2026-05-19 16:15:22,645 - INFO - Memory cleaned.
2026-05-19 16:15:22,873 - INFO - Epoch[185] Complete. Time taken: 00:01:22.769
2026-05-19 16:16:42,439 - INFO - Epoch 186 - Train Loss: 4536.414763820025, Validation MRR: 0.20370855927467346, Learning Rate: 0.0008865052266813684
2026-05-19 16:16:45,434 - INFO - Memory cleaned.
2026-05-19 16:16:45,680 - INFO - Epoch[186] Complete. Time taken: 00:01:22.807
2026-05-19 16:18:05,226 - INFO - Epoch 187 - Train Loss: 4538.169950644455, Validation MRR: 0.20370855927467346, Learning Rate: 0.0008802029828000156
2026-05-19 16:18:08,220 - INFO - Memory cleaned.
2026-05-19 16:18:08,449 - INFO - Epoch[187] Complete. Time taken: 00:01:22.769
2026-05-19 16:19:28,001 - INFO - Epoch 188 - Train Loss: 4531.936590758053, Validation MRR: 0.20370855927467346, Learning Rate: 0.0008737541634312985
2026-05-19 16:19:30,993 - INFO - Memory cleaned.
2026-05-19 16:19:31,293 - INFO - Epoch[188] Complete. Time taken: 00:01:22.843
2026-05-19 16:20:50,830 - INFO - Epoch 189 - Train Loss: 4533.1672919968305, Validation MRR: 0.20370855927467346, Learning Rate: 0.0008671612547178428
2026-05-19 16:20:53,824 - INFO - Memory cleaned.
2026-05-19 16:20:54,051 - INFO - Epoch[189] Complete. Time taken: 00:01:22.758
2026-05-19 16:22:13,590 - INFO - Epoch 190 - Train Loss: 4526.85933842904, Validation MRR: 0.20370855927467346, Learning Rate: 0.0008604267983514594
2026-05-19 16:22:16,583 - INFO - Memory cleaned.
2026-05-19 16:22:16,819 - INFO - Epoch[190] Complete. Time taken: 00:01:22.768
2026-05-19 16:23:36,361 - INFO - Epoch 191 - Train Loss: 4509.851080565634, Validation MRR: 0.20370855927467346, Learning Rate: 0.0008535533905932737
2026-05-19 16:23:39,357 - INFO - Memory cleaned.
2026-05-19 16:23:39,585 - INFO - Epoch[191] Complete. Time taken: 00:01:22.765
2026-05-19 16:24:59,123 - INFO - Epoch 192 - Train Loss: 4511.4996014028175, Validation MRR: 0.20370855927467346, Learning Rate: 0.000846543681272818
2026-05-19 16:25:02,115 - INFO - Memory cleaned.
2026-05-19 16:25:02,345 - INFO - Epoch[192] Complete. Time taken: 00:01:22.760
2026-05-19 16:26:21,913 - INFO - Epoch 193 - Train Loss: 4506.9655561996715, Validation MRR: 0.20370855927467346, Learning Rate: 0.0008394003727664709
2026-05-19 16:26:24,924 - INFO - Memory cleaned.
2026-05-19 16:26:25,150 - INFO - Epoch[193] Complete. Time taken: 00:01:22.804
2026-05-19 16:27:44,766 - INFO - Epoch 194 - Train Loss: 4506.407218684528, Validation MRR: 0.20370855927467346, Learning Rate: 0.0008321262189556409
2026-05-19 16:27:47,822 - INFO - Memory cleaned.
2026-05-19 16:27:48,050 - INFO - Epoch[194] Complete. Time taken: 00:01:22.900
2026-05-19 16:29:07,582 - INFO - Epoch 195 - Train Loss: 4491.5620001124735, Validation MRR: 0.20370855927467346, Learning Rate: 0.000824724024165092
2026-05-19 16:29:10,578 - INFO - Memory cleaned.
2026-05-19 16:29:10,804 - INFO - Epoch[195] Complete. Time taken: 00:01:22.754
2026-05-19 16:30:30,356 - INFO - Epoch 196 - Train Loss: 4488.102879404544, Validation MRR: 0.20370855927467346, Learning Rate: 0.0008171966420818228
2026-05-19 16:30:33,349 - INFO - Memory cleaned.
2026-05-19 16:30:33,579 - INFO - Epoch[196] Complete. Time taken: 00:01:22.775
2026-05-19 16:31:53,129 - INFO - Epoch 197 - Train Loss: 4482.466642699802, Validation MRR: 0.20370855927467346, Learning Rate: 0.000809546974654917
2026-05-19 16:31:56,123 - INFO - Memory cleaned.
2026-05-19 16:31:56,351 - INFO - Epoch[197] Complete. Time taken: 00:01:22.772
2026-05-19 16:33:15,911 - INFO - Epoch 198 - Train Loss: 4475.242611190906, Validation MRR: 0.20370855927467346, Learning Rate: 0.0008017779709767857
2026-05-19 16:33:18,907 - INFO - Memory cleaned.
2026-05-19 16:33:19,135 - INFO - Epoch[198] Complete. Time taken: 00:01:22.784
2026-05-19 16:34:38,673 - INFO - Epoch 199 - Train Loss: 4474.848615858108, Validation MRR: 0.20370855927467346, Learning Rate: 0.0007938926261462366
2026-05-19 16:34:41,664 - INFO - Memory cleaned.
2026-05-19 16:34:41,892 - INFO - Epoch[199] Complete. Time taken: 00:01:22.758
2026-05-19 16:36:01,476 - INFO - Epoch 200 - Train Loss: 4469.842895634219, Validation MRR: 0.20370855927467346, Learning Rate: 0.0007858939801138062
2026-05-19 16:36:04,473 - INFO - Memory cleaned.
2026-05-19 16:36:04,473 - INFO - Evaluating on validation set at epoch 200...
Link prediction evaluation:   0%|          | 0/2 [00:00<?, ?batch/s]Link prediction evaluation: 100%|██████████| 2/2 [00:00<00:00, 43.43batch/s]
2026-05-19 16:36:04,520 - INFO - Validation MRR: 0.16788850724697113
2026-05-19 16:36:04,747 - INFO - Epoch[200] Complete. Time taken: 00:01:22.855
2026-05-19 16:37:24,278 - INFO - Epoch 201 - Train Loss: 4456.762219048767, Validation MRR: 0.16788850724697113, Learning Rate: 0.0007777851165098011
2026-05-19 16:37:27,275 - INFO - Memory cleaned.
2026-05-19 16:37:27,505 - INFO - Epoch[201] Complete. Time taken: 00:01:22.758
2026-05-19 16:38:47,067 - INFO - Epoch 202 - Train Loss: 4445.107758871424, Validation MRR: 0.16788850724697113, Learning Rate: 0.0007695691614555002
2026-05-19 16:38:50,061 - INFO - Memory cleaned.
2026-05-19 16:38:50,291 - INFO - Epoch[202] Complete. Time taken: 00:01:22.786
2026-05-19 16:40:09,843 - INFO - Epoch 203 - Train Loss: 4439.842632125904, Validation MRR: 0.16788850724697113, Learning Rate: 0.0007612492823579744
2026-05-19 16:40:12,837 - INFO - Memory cleaned.
2026-05-19 16:40:13,064 - INFO - Epoch[203] Complete. Time taken: 00:01:22.772
2026-05-19 16:41:32,620 - INFO - Epoch 204 - Train Loss: 4442.802776315848, Validation MRR: 0.16788850724697113, Learning Rate: 0.0007528286866889923
2026-05-19 16:41:35,615 - INFO - Memory cleaned.
2026-05-19 16:41:35,843 - INFO - Epoch[204] Complete. Time taken: 00:01:22.779
2026-05-19 16:42:55,464 - INFO - Epoch 205 - Train Loss: 4427.009582920006, Validation MRR: 0.16788850724697113, Learning Rate: 0.0007443106207484776
2026-05-19 16:42:58,455 - INFO - Memory cleaned.
2026-05-19 16:42:58,692 - INFO - Epoch[205] Complete. Time taken: 00:01:22.849
2026-05-19 16:44:18,715 - INFO - Epoch 206 - Train Loss: 4432.548786197208, Validation MRR: 0.16788850724697113, Learning Rate: 0.0007356983684129988
2026-05-19 16:44:21,971 - INFO - Memory cleaned.
2026-05-19 16:44:22,208 - INFO - Epoch[206] Complete. Time taken: 00:01:23.515
2026-05-19 16:45:43,303 - INFO - Epoch 207 - Train Loss: 4420.610212822118, Validation MRR: 0.16788850724697113, Learning Rate: 0.0007269952498697733
2026-05-19 16:45:46,449 - INFO - Memory cleaned.
2026-05-19 16:45:46,681 - INFO - Epoch[207] Complete. Time taken: 00:01:24.474
2026-05-19 16:47:13,568 - INFO - Epoch 208 - Train Loss: 4413.9988861261345, Validation MRR: 0.16788850724697113, Learning Rate: 0.0007182046203366711
2026-05-19 16:47:16,761 - INFO - Memory cleaned.
2026-05-19 16:47:17,530 - INFO - Epoch[208] Complete. Time taken: 00:01:30.848
2026-05-19 16:48:38,693 - INFO - Epoch 209 - Train Loss: 4404.521830784766, Validation MRR: 0.16788850724697113, Learning Rate: 0.0007093298687687141
2026-05-19 16:48:41,860 - INFO - Memory cleaned.
2026-05-19 16:48:42,093 - INFO - Epoch[209] Complete. Time taken: 00:01:24.563
2026-05-19 16:50:03,207 - INFO - Epoch 210 - Train Loss: 4394.024662298659, Validation MRR: 0.16788850724697113, Learning Rate: 0.0007003744165515705
2026-05-19 16:50:06,387 - INFO - Memory cleaned.
2026-05-19 16:50:06,653 - INFO - Epoch[210] Complete. Time taken: 00:01:24.560
2026-05-19 16:51:27,615 - INFO - Epoch 211 - Train Loss: 4386.578866873924, Validation MRR: 0.16788850724697113, Learning Rate: 0.000691341716182545
2026-05-19 16:51:30,803 - INFO - Memory cleaned.
2026-05-19 16:51:31,040 - INFO - Epoch[211] Complete. Time taken: 00:01:24.387
2026-05-19 16:52:52,140 - INFO - Epoch 212 - Train Loss: 4384.352636554838, Validation MRR: 0.16788850724697113, Learning Rate: 0.0006822352499395748
2026-05-19 16:52:55,260 - INFO - Memory cleaned.
2026-05-19 16:52:55,489 - INFO - Epoch[212] Complete. Time taken: 00:01:24.449
2026-05-19 16:54:16,723 - INFO - Epoch 213 - Train Loss: 4376.941908972131, Validation MRR: 0.16788850724697113, Learning Rate: 0.0006730585285387465
2026-05-19 16:54:19,927 - INFO - Memory cleaned.
2026-05-19 16:54:20,177 - INFO - Epoch[213] Complete. Time taken: 00:01:24.688
2026-05-19 16:55:41,287 - INFO - Epoch 214 - Train Loss: 4365.461985500208, Validation MRR: 0.16788850724697113, Learning Rate: 0.0006638150897808467
2026-05-19 16:55:44,422 - INFO - Memory cleaned.
2026-05-19 16:55:44,655 - INFO - Epoch[214] Complete. Time taken: 00:01:24.478
2026-05-19 16:57:05,779 - INFO - Epoch 215 - Train Loss: 4354.477424509328, Validation MRR: 0.16788850724697113, Learning Rate: 0.0006545084971874737
2026-05-19 16:57:08,904 - INFO - Memory cleaned.
2026-05-19 16:57:09,140 - INFO - Epoch[215] Complete. Time taken: 00:01:24.485
2026-05-19 16:58:30,265 - INFO - Epoch 216 - Train Loss: 4357.993291661137, Validation MRR: 0.16788850724697113, Learning Rate: 0.0006451423386272313
2026-05-19 16:58:33,336 - INFO - Memory cleaned.
2026-05-19 16:58:33,566 - INFO - Epoch[216] Complete. Time taken: 00:01:24.426
2026-05-19 16:59:54,758 - INFO - Epoch 217 - Train Loss: 4342.441363439875, Validation MRR: 0.16788850724697113, Learning Rate: 0.0006357202249325371
2026-05-19 16:59:57,921 - INFO - Memory cleaned.
2026-05-19 16:59:58,157 - INFO - Epoch[217] Complete. Time taken: 00:01:24.591
2026-05-19 17:01:19,524 - INFO - Epoch 218 - Train Loss: 4343.222080608995, Validation MRR: 0.16788850724697113, Learning Rate: 0.0006262457885075791
2026-05-19 17:01:22,668 - INFO - Memory cleaned.
2026-05-19 17:01:22,904 - INFO - Epoch[218] Complete. Time taken: 00:01:24.747
2026-05-19 17:02:44,058 - INFO - Epoch 219 - Train Loss: 4320.602006655024, Validation MRR: 0.16788850724697113, Learning Rate: 0.0006167226819279528
2026-05-19 17:02:47,220 - INFO - Memory cleaned.
2026-05-19 17:02:47,457 - INFO - Epoch[219] Complete. Time taken: 00:01:24.552
2026-05-19 17:04:08,728 - INFO - Epoch 220 - Train Loss: 4318.400042599377, Validation MRR: 0.16788850724697113, Learning Rate: 0.0006071545765325253
2026-05-19 17:04:11,892 - INFO - Memory cleaned.
2026-05-19 17:04:11,892 - INFO - Evaluating on validation set at epoch 220...
Link prediction evaluation:   0%|          | 0/2 [00:00<?, ?batch/s]Link prediction evaluation: 100%|██████████| 2/2 [00:00<00:00, 29.86batch/s]
2026-05-19 17:04:12,049 - INFO - Validation MRR: 0.1709579974412918
2026-05-19 17:04:12,050 ignite.handlers.early_stopping.EarlyStopping INFO: EarlyStopping: Stop training
2026-05-19 17:04:12,050 - INFO - Terminate signaled. Engine will stop after current iteration is finished.
2026-05-19 17:04:12,280 - INFO - Training completed after 220 epochs.
2026-05-19 17:04:12,281 - INFO - Engine run complete. Time taken: 05:04:19.506
2026-05-19 17:04:22,283 - WARNING - /lustre/fswork/projects/rech/rnk/ufq76hz/dr_benchmark/dev/run_training.py:134: UserWarning: The 'dissimilarity' field is missing for model TransE. Defaulting to 'L2'.
  warnings.warn(f"The 'dissimilarity' field is missing for model {model_name}. Defaulting to 'L2'.")

2026-05-19 17:04:22,846 - INFO - Loading best model.
2026-05-19 17:04:22,847 - INFO - Best model is ./checkpoints/best_model_checkpoint_val_mrr=0.2268.pt
2026-05-19 17:04:22,848 - WARNING - /lustre/fswork/projects/rech/rnk/ufq76hz/dr_benchmark/dev/run_training.py:820: FutureWarning: You are using `torch.load` with `weights_only=False` (the current default value), which uses the default pickle module implicitly. It is possible to construct malicious pickle data which will execute arbitrary code during unpickling (See https://github.com/pytorch/pytorch/blob/main/SECURITY.md#untrusted-models for more details). In a future release, the default value for `weights_only` will be flipped to `True`. This limits the functions that could be executed during unpickling. Arbitrary objects will no longer be allowed to be loaded via this mode unless they are explicitly allowlisted by the user via `torch.serialization.add_safe_globals`. We recommend you start setting `weights_only=True` for any use case where you don't have full control of the loaded file. Please open an issue on GitHub for any issues related to this experimental feature.
  checkpoint = torch.load(os.path.join(checkpoint_dir, best_model), map_location=device)

2026-05-19 17:04:23,641 - INFO - Best model successfully loaded.
2026-05-19 17:04:23,641 - INFO - Evaluating on the test set with best model...
CtD
Link prediction evaluation:   0%|          | 0/2 [00:00<?, ?batch/s]Link prediction evaluation:  50%|█████     | 1/2 [00:00<00:00,  7.56batch/s]Link prediction evaluation: 100%|██████████| 2/2 [00:00<00:00, 12.74batch/s]
2026-05-19 17:04:24,443 - INFO - Final Test MRR with best model: 0.18834903836250305
2026-05-19 17:04:24,443 - INFO - Final Test Hits@10 with best model: 0.27611940540373325
Link prediction evaluation:   0%|          | 0/1 [00:00<?, ?batch/s]Link prediction evaluation: 100%|██████████| 1/1 [00:00<00:00, 39.08batch/s]
Link prediction evaluation:   0%|          | 0/1 [00:00<?, ?batch/s]Link prediction evaluation: 100%|██████████| 1/1 [00:00<00:00, 55.44batch/s]
2026-05-19 17:04:32,158 - INFO - MRR for frequent nodes (threshold=10) in relation CtD: 0.29011452198028564
2026-05-19 17:04:32,158 - INFO - MRR for infrequent nodes (threshold=10) in relation CtD: 0.037585414946079254
2026-05-19 17:04:32,158 - INFO - Hits@10 for frequent nodes (threshold=10) in relation CtD: 0.42500000074505806
2026-05-19 17:04:32,158 - INFO - Hits@10 for infrequent nodes (threshold=10) in relation CtD: 0.0555555559694767
2026-05-19 17:04:32,180 - INFO - MRR evaluation results stored in ./evaluation_metrics.yaml
2026-05-19 17:04:32,183 - INFO - Hit@10 evaluation results stored in ./evaluation_hit@10.yaml
Link prediction evaluation:   0%|          | 0/1 [00:00<?, ?batch/s]Link prediction evaluation: 100%|██████████| 1/1 [00:00<00:00, 130.00batch/s]
Link prediction evaluation:   0%|          | 0/1 [00:00<?, ?batch/s]Link prediction evaluation: 100%|██████████| 1/1 [00:00<00:00, 11.43batch/s]
2026-05-19 17:04:32,630 - INFO - MRR on inference set: 0.007747328840196133
2026-05-19 17:04:32,632 - INFO - Evaluation results stored in ./inference_metrics.yaml
