2026-05-21 21:29:43,815 - WARNING - /linkhome/rech/genuyp01/ufq76hz/.conda/envs/torch_pyg/lib/python3.10/site-packages/ignite/handlers/checkpoint.py:16: DeprecationWarning: `TorchScript` support for functional optimizers is deprecated and will be removed in a future PyTorch release. Consider using the `torch.compile` optimizer instead.
  from torch.distributed.optim import ZeroRedundancyOptimizer

2026-05-21 21:29:43,980 - INFO - Configuration loaded:
{
    "common": {
        "seed": 42,
        "input_pkl": "/lustre/fswork/projects/rech/rnk/ufq76hz/dr_benchmark/DL3experiment/cold_start/hetionet_processing_disease",
        "out": "./",
        "run_kg_prep": false,
        "run_training": true,
        "run_evaluation": true,
        "plot_training_metrics": true,
        "run_inference": "/lustre/fswork/projects/rech/rnk/ufq76hz/dr_benchmark/knowledge_graph/hetionet_orphan_associations_only.tsv"
    },
    "model": {
        "name": "RESCAL",
        "emb_dim": 200
    },
    "sampler": {
        "name": "Mixed",
        "n_neg": 5
    },
    "optimizer": {
        "name": "Adam",
        "params": {
            "lr": 0.001,
            "weight_decay": 0.001
        }
    },
    "training": {
        "max_epochs": 500,
        "batch_size": 4096,
        "eval_interval": 20,
        "eval_batch_size": 64,
        "patience": 10
    },
    "evaluation": {
        "made_directed_relations": [
            "DrD",
            "DrD_inv",
            "CrC",
            "CrC_inv",
            "GiG",
            "GiG_inv",
            "GcG",
            "GcG_inv"
        ],
        "target_relations": [
            "CtD"
        ],
        "thresholds": [
            10,
            5
        ]
    }
}
2026-05-21 21:29:43,980 - INFO - Setting number of threads to 5
2026-05-21 21:29:44,160 - INFO - Loading parameters from params.yaml
2026-05-21 21:29:44,160 - INFO - Output folder: ./
2026-05-21 21:29:44,160 - INFO - Loading KG...
2026-05-21 21:30:38,392 - INFO - Done
2026-05-21 21:30:38,434 - INFO - Detected device: cuda
2026-05-21 21:30:38,443 - INFO - Initializing model...
2026-05-21 21:30:38,842 - INFO - Optimizer 'Adam' initialized with parameters: {'lr': 0.001, 'weight_decay': 0.001}
2026-05-21 21:30:38,842 - INFO - Initializing sampler...
2026-05-21 21:31:09,647 - WARNING - /lustre/fswork/projects/rech/rnk/ufq76hz/dr_benchmark/dev/run_training.py:298: UserWarning: No learning rate scheduler specified in the configuration.
  warnings.warn("No learning rate scheduler specified in the configuration.")

2026-05-21 21:31:09,661 - INFO - Number of training batches: 602
2026-05-21 21:31:09,670 - INFO - Engine run starting with max_epochs=500.
2026-05-21 21:33:08,150 - INFO - Epoch 1 - Train Loss: 35280.06650120465, Validation MRR: 0, Learning Rate: 0.001
2026-05-21 21:33:11,412 - INFO - Memory cleaned.
2026-05-21 21:33:11,652 - INFO - Epoch[1] Complete. Time taken: 00:02:01.982
2026-05-21 21:35:08,423 - INFO - Epoch 2 - Train Loss: 28509.806144734976, Validation MRR: 0, Learning Rate: 0.001
2026-05-21 21:35:11,482 - INFO - Memory cleaned.
2026-05-21 21:35:11,721 - INFO - Epoch[2] Complete. Time taken: 00:02:00.069
2026-05-21 21:37:08,053 - INFO - Epoch 3 - Train Loss: 24927.945972866506, Validation MRR: 0, Learning Rate: 0.001
2026-05-21 21:37:11,126 - INFO - Memory cleaned.
2026-05-21 21:37:11,381 - INFO - Epoch[3] Complete. Time taken: 00:01:59.659
2026-05-21 21:39:07,559 - INFO - Epoch 4 - Train Loss: 23017.894089245387, Validation MRR: 0, Learning Rate: 0.001
2026-05-21 21:39:10,636 - INFO - Memory cleaned.
2026-05-21 21:39:10,898 - INFO - Epoch[4] Complete. Time taken: 00:01:59.517
2026-05-21 21:41:07,060 - INFO - Epoch 5 - Train Loss: 21612.781955917595, Validation MRR: 0, Learning Rate: 0.001
2026-05-21 21:41:10,113 - INFO - Memory cleaned.
2026-05-21 21:41:10,475 - INFO - Epoch[5] Complete. Time taken: 00:01:59.577
2026-05-21 21:43:06,453 - INFO - Epoch 6 - Train Loss: 19958.729362110116, Validation MRR: 0, Learning Rate: 0.001
2026-05-21 21:43:09,524 - INFO - Memory cleaned.
2026-05-21 21:43:09,776 - INFO - Epoch[6] Complete. Time taken: 00:01:59.301
2026-05-21 21:45:05,670 - INFO - Epoch 7 - Train Loss: 18866.999609868308, Validation MRR: 0, Learning Rate: 0.001
2026-05-21 21:45:08,742 - INFO - Memory cleaned.
2026-05-21 21:45:08,995 - INFO - Epoch[7] Complete. Time taken: 00:01:59.219
2026-05-21 21:47:04,882 - INFO - Epoch 8 - Train Loss: 17994.885536846963, Validation MRR: 0, Learning Rate: 0.001
2026-05-21 21:47:07,927 - INFO - Memory cleaned.
2026-05-21 21:47:08,188 - INFO - Epoch[8] Complete. Time taken: 00:01:59.193
2026-05-21 21:49:03,966 - INFO - Epoch 9 - Train Loss: 17850.45413694004, Validation MRR: 0, Learning Rate: 0.001
2026-05-21 21:49:07,037 - INFO - Memory cleaned.
2026-05-21 21:49:07,288 - INFO - Epoch[9] Complete. Time taken: 00:01:59.100
2026-05-21 21:51:03,124 - INFO - Epoch 10 - Train Loss: 16980.330095805875, Validation MRR: 0, Learning Rate: 0.001
2026-05-21 21:51:06,206 - INFO - Memory cleaned.
2026-05-21 21:51:06,459 - INFO - Epoch[10] Complete. Time taken: 00:01:59.170
2026-05-21 21:53:02,188 - INFO - Epoch 11 - Train Loss: 16396.478527113137, Validation MRR: 0, Learning Rate: 0.001
2026-05-21 21:53:05,243 - INFO - Memory cleaned.
2026-05-21 21:53:05,499 - INFO - Epoch[11] Complete. Time taken: 00:01:59.040
2026-05-21 21:55:01,175 - INFO - Epoch 12 - Train Loss: 16008.885524088413, Validation MRR: 0, Learning Rate: 0.001
2026-05-21 21:55:04,241 - INFO - Memory cleaned.
2026-05-21 21:55:04,539 - INFO - Epoch[12] Complete. Time taken: 00:01:59.040
2026-05-21 21:57:00,273 - INFO - Epoch 13 - Train Loss: 16260.815728384192, Validation MRR: 0, Learning Rate: 0.001
2026-05-21 21:57:03,336 - INFO - Memory cleaned.
2026-05-21 21:57:03,588 - INFO - Epoch[13] Complete. Time taken: 00:01:59.049
2026-05-21 21:58:59,430 - INFO - Epoch 14 - Train Loss: 15257.748756789058, Validation MRR: 0, Learning Rate: 0.001
2026-05-21 21:59:02,496 - INFO - Memory cleaned.
2026-05-21 21:59:02,750 - INFO - Epoch[14] Complete. Time taken: 00:01:59.161
2026-05-21 22:00:58,610 - INFO - Epoch 15 - Train Loss: 14740.157142442185, Validation MRR: 0, Learning Rate: 0.001
2026-05-21 22:01:01,667 - INFO - Memory cleaned.
2026-05-21 22:01:01,923 - INFO - Epoch[15] Complete. Time taken: 00:01:59.173
2026-05-21 22:02:57,700 - INFO - Epoch 16 - Train Loss: 14314.737082172953, Validation MRR: 0, Learning Rate: 0.001
2026-05-21 22:03:00,750 - INFO - Memory cleaned.
2026-05-21 22:03:01,003 - INFO - Epoch[16] Complete. Time taken: 00:01:59.080
2026-05-21 22:04:56,761 - INFO - Epoch 17 - Train Loss: 14018.895929164762, Validation MRR: 0, Learning Rate: 0.001
2026-05-21 22:04:59,808 - INFO - Memory cleaned.
2026-05-21 22:05:00,065 - INFO - Epoch[17] Complete. Time taken: 00:01:59.061
2026-05-21 22:06:55,733 - INFO - Epoch 18 - Train Loss: 13882.133943411603, Validation MRR: 0, Learning Rate: 0.001
2026-05-21 22:06:58,787 - INFO - Memory cleaned.
2026-05-21 22:06:59,039 - INFO - Epoch[18] Complete. Time taken: 00:01:58.975
2026-05-21 22:08:54,836 - INFO - Epoch 19 - Train Loss: 13543.187440486965, Validation MRR: 0, Learning Rate: 0.001
2026-05-21 22:08:57,877 - INFO - Memory cleaned.
2026-05-21 22:08:58,140 - INFO - Epoch[19] Complete. Time taken: 00:01:59.101
2026-05-21 22:10:53,860 - INFO - Epoch 20 - Train Loss: 12974.575883404486, Validation MRR: 0, Learning Rate: 0.001
2026-05-21 22:10:56,868 - INFO - Memory cleaned.
2026-05-21 22:10:56,869 - INFO - Evaluating on validation set at epoch 20...
Link prediction evaluation:   0%|          | 0/3 [00:00<?, ?batch/s]Link prediction evaluation:  33%|███▎      | 1/3 [00:00<00:00,  8.31batch/s]Link prediction evaluation: 100%|██████████| 3/3 [00:00<00:00, 17.90batch/s]
2026-05-21 22:10:57,080 - INFO - Validation MRR: 0.031073350459337234
2026-05-21 22:10:57,519 - INFO - Epoch[20] Complete. Time taken: 00:01:59.378
2026-05-21 22:12:53,122 - INFO - Epoch 21 - Train Loss: 12765.157759123878, Validation MRR: 0.031073350459337234, Learning Rate: 0.001
2026-05-21 22:12:56,127 - INFO - Memory cleaned.
2026-05-21 22:12:56,383 - INFO - Epoch[21] Complete. Time taken: 00:01:58.864
2026-05-21 22:14:52,068 - INFO - Epoch 22 - Train Loss: 12614.840670347347, Validation MRR: 0.031073350459337234, Learning Rate: 0.001
2026-05-21 22:14:55,075 - INFO - Memory cleaned.
2026-05-21 22:14:55,337 - INFO - Epoch[22] Complete. Time taken: 00:01:58.953
2026-05-21 22:16:51,307 - INFO - Epoch 23 - Train Loss: 12329.229226486887, Validation MRR: 0.031073350459337234, Learning Rate: 0.001
2026-05-21 22:16:54,345 - INFO - Memory cleaned.
2026-05-21 22:16:54,623 - INFO - Epoch[23] Complete. Time taken: 00:01:59.287
2026-05-21 22:18:50,511 - INFO - Epoch 24 - Train Loss: 12189.614845224602, Validation MRR: 0.031073350459337234, Learning Rate: 0.001
2026-05-21 22:18:53,529 - INFO - Memory cleaned.
2026-05-21 22:18:53,804 - INFO - Epoch[24] Complete. Time taken: 00:01:59.180
2026-05-21 22:20:49,565 - INFO - Epoch 25 - Train Loss: 11769.56648176712, Validation MRR: 0.031073350459337234, Learning Rate: 0.001
2026-05-21 22:20:52,554 - INFO - Memory cleaned.
2026-05-21 22:20:52,808 - INFO - Epoch[25] Complete. Time taken: 00:01:59.005
2026-05-21 22:22:48,529 - INFO - Epoch 26 - Train Loss: 11530.271213834034, Validation MRR: 0.031073350459337234, Learning Rate: 0.001
2026-05-21 22:22:51,512 - INFO - Memory cleaned.
2026-05-21 22:22:51,764 - INFO - Epoch[26] Complete. Time taken: 00:01:58.956
2026-05-21 22:24:47,419 - INFO - Epoch 27 - Train Loss: 11371.152968940898, Validation MRR: 0.031073350459337234, Learning Rate: 0.001
2026-05-21 22:24:50,399 - INFO - Memory cleaned.
2026-05-21 22:24:50,649 - INFO - Epoch[27] Complete. Time taken: 00:01:58.884
2026-05-21 22:26:46,500 - INFO - Epoch 28 - Train Loss: 11335.930350078013, Validation MRR: 0.031073350459337234, Learning Rate: 0.001
2026-05-21 22:26:49,506 - INFO - Memory cleaned.
2026-05-21 22:26:49,764 - INFO - Epoch[28] Complete. Time taken: 00:01:59.115
2026-05-21 22:28:45,572 - INFO - Epoch 29 - Train Loss: 11181.70928886594, Validation MRR: 0.031073350459337234, Learning Rate: 0.001
2026-05-21 22:28:48,571 - INFO - Memory cleaned.
2026-05-21 22:28:48,824 - INFO - Epoch[29] Complete. Time taken: 00:01:59.060
2026-05-21 22:30:44,645 - INFO - Epoch 30 - Train Loss: 11013.02083725617, Validation MRR: 0.031073350459337234, Learning Rate: 0.001
2026-05-21 22:30:47,638 - INFO - Memory cleaned.
2026-05-21 22:30:47,891 - INFO - Epoch[30] Complete. Time taken: 00:01:59.066
2026-05-21 22:32:43,738 - INFO - Epoch 31 - Train Loss: 10722.930322407994, Validation MRR: 0.031073350459337234, Learning Rate: 0.001
2026-05-21 22:32:46,734 - INFO - Memory cleaned.
2026-05-21 22:32:46,987 - INFO - Epoch[31] Complete. Time taken: 00:01:59.096
2026-05-21 22:34:42,819 - INFO - Epoch 32 - Train Loss: 10633.150224326468, Validation MRR: 0.031073350459337234, Learning Rate: 0.001
2026-05-21 22:34:46,556 - INFO - Memory cleaned.
2026-05-21 22:34:46,859 - INFO - Epoch[32] Complete. Time taken: 00:01:59.872
2026-05-21 22:36:42,921 - INFO - Epoch 33 - Train Loss: 10557.940421960933, Validation MRR: 0.031073350459337234, Learning Rate: 0.001
2026-05-21 22:36:45,926 - INFO - Memory cleaned.
2026-05-21 22:36:46,171 - INFO - Epoch[33] Complete. Time taken: 00:01:59.312
2026-05-21 22:38:42,020 - INFO - Epoch 34 - Train Loss: 10582.900421638094, Validation MRR: 0.031073350459337234, Learning Rate: 0.001
2026-05-21 22:38:45,012 - INFO - Memory cleaned.
2026-05-21 22:38:45,280 - INFO - Epoch[34] Complete. Time taken: 00:01:59.108
2026-05-21 22:40:40,998 - INFO - Epoch 35 - Train Loss: 10431.98072649181, Validation MRR: 0.031073350459337234, Learning Rate: 0.001
2026-05-21 22:40:43,968 - INFO - Memory cleaned.
2026-05-21 22:40:44,214 - INFO - Epoch[35] Complete. Time taken: 00:01:58.934
2026-05-21 22:42:39,899 - INFO - Epoch 36 - Train Loss: 10301.266963522878, Validation MRR: 0.031073350459337234, Learning Rate: 0.001
2026-05-21 22:42:42,892 - INFO - Memory cleaned.
2026-05-21 22:42:43,147 - INFO - Epoch[36] Complete. Time taken: 00:01:58.933
2026-05-21 22:44:38,990 - INFO - Epoch 37 - Train Loss: 10116.839235700249, Validation MRR: 0.031073350459337234, Learning Rate: 0.001
2026-05-21 22:44:41,984 - INFO - Memory cleaned.
2026-05-21 22:44:42,273 - INFO - Epoch[37] Complete. Time taken: 00:01:59.126
2026-05-21 22:46:38,043 - INFO - Epoch 38 - Train Loss: 10013.850269939216, Validation MRR: 0.031073350459337234, Learning Rate: 0.001
2026-05-21 22:46:41,025 - INFO - Memory cleaned.
2026-05-21 22:46:41,297 - INFO - Epoch[38] Complete. Time taken: 00:01:59.023
2026-05-21 22:48:37,026 - INFO - Epoch 39 - Train Loss: 10021.857948116953, Validation MRR: 0.031073350459337234, Learning Rate: 0.001
2026-05-21 22:48:40,021 - INFO - Memory cleaned.
2026-05-21 22:48:40,274 - INFO - Epoch[39] Complete. Time taken: 00:01:58.977
2026-05-21 22:50:36,100 - INFO - Epoch 40 - Train Loss: 9924.670163975212, Validation MRR: 0.031073350459337234, Learning Rate: 0.001
2026-05-21 22:50:39,091 - INFO - Memory cleaned.
2026-05-21 22:50:39,091 - INFO - Evaluating on validation set at epoch 40...
Link prediction evaluation:   0%|          | 0/3 [00:00<?, ?batch/s]Link prediction evaluation: 100%|██████████| 3/3 [00:00<00:00, 26.08batch/s]Link prediction evaluation: 100%|██████████| 3/3 [00:00<00:00, 26.03batch/s]
2026-05-21 22:50:39,225 - INFO - Validation MRR: 0.0684351921081543
2026-05-21 22:50:39,668 - INFO - Epoch[40] Complete. Time taken: 00:01:59.394
2026-05-21 22:52:35,437 - INFO - Epoch 41 - Train Loss: 9772.301374077731, Validation MRR: 0.0684351921081543, Learning Rate: 0.001
2026-05-21 22:52:38,422 - INFO - Memory cleaned.
2026-05-21 22:52:38,676 - INFO - Epoch[41] Complete. Time taken: 00:01:59.007
2026-05-21 22:54:34,432 - INFO - Epoch 42 - Train Loss: 9812.441018377902, Validation MRR: 0.0684351921081543, Learning Rate: 0.001
2026-05-21 22:54:37,424 - INFO - Memory cleaned.
2026-05-21 22:54:37,682 - INFO - Epoch[42] Complete. Time taken: 00:01:59.006
2026-05-21 22:56:33,476 - INFO - Epoch 43 - Train Loss: 9708.637404945694, Validation MRR: 0.0684351921081543, Learning Rate: 0.001
2026-05-21 22:56:36,464 - INFO - Memory cleaned.
2026-05-21 22:56:36,744 - INFO - Epoch[43] Complete. Time taken: 00:01:59.063
2026-05-21 22:58:32,499 - INFO - Epoch 44 - Train Loss: 9610.642070171936, Validation MRR: 0.0684351921081543, Learning Rate: 0.001
2026-05-21 22:58:35,496 - INFO - Memory cleaned.
2026-05-21 22:58:35,749 - INFO - Epoch[44] Complete. Time taken: 00:01:59.004
2026-05-21 23:00:31,535 - INFO - Epoch 45 - Train Loss: 9595.54977126384, Validation MRR: 0.0684351921081543, Learning Rate: 0.001
2026-05-21 23:00:34,527 - INFO - Memory cleaned.
2026-05-21 23:00:34,789 - INFO - Epoch[45] Complete. Time taken: 00:01:59.041
2026-05-21 23:02:30,573 - INFO - Epoch 46 - Train Loss: 9524.719183625351, Validation MRR: 0.0684351921081543, Learning Rate: 0.001
2026-05-21 23:02:33,558 - INFO - Memory cleaned.
2026-05-21 23:02:33,809 - INFO - Epoch[46] Complete. Time taken: 00:01:59.019
2026-05-21 23:04:29,441 - INFO - Epoch 47 - Train Loss: 9447.499695587787, Validation MRR: 0.0684351921081543, Learning Rate: 0.001
2026-05-21 23:04:32,407 - INFO - Memory cleaned.
2026-05-21 23:04:32,656 - INFO - Epoch[47] Complete. Time taken: 00:01:58.847
2026-05-21 23:06:28,270 - INFO - Epoch 48 - Train Loss: 9373.896522239447, Validation MRR: 0.0684351921081543, Learning Rate: 0.001
2026-05-21 23:06:31,235 - INFO - Memory cleaned.
2026-05-21 23:06:31,489 - INFO - Epoch[48] Complete. Time taken: 00:01:58.833
2026-05-21 23:08:27,132 - INFO - Epoch 49 - Train Loss: 9365.36155143738, Validation MRR: 0.0684351921081543, Learning Rate: 0.001
2026-05-21 23:08:30,097 - INFO - Memory cleaned.
2026-05-21 23:08:30,347 - INFO - Epoch[49] Complete. Time taken: 00:01:58.858
2026-05-21 23:10:25,981 - INFO - Epoch 50 - Train Loss: 9298.83109012762, Validation MRR: 0.0684351921081543, Learning Rate: 0.001
2026-05-21 23:10:28,946 - INFO - Memory cleaned.
2026-05-21 23:10:29,195 - INFO - Epoch[50] Complete. Time taken: 00:01:58.848
2026-05-21 23:12:24,852 - INFO - Epoch 51 - Train Loss: 9301.180952801195, Validation MRR: 0.0684351921081543, Learning Rate: 0.001
2026-05-21 23:12:27,837 - INFO - Memory cleaned.
2026-05-21 23:12:28,093 - INFO - Epoch[51] Complete. Time taken: 00:01:58.897
2026-05-21 23:14:23,785 - INFO - Epoch 52 - Train Loss: 9280.374241754924, Validation MRR: 0.0684351921081543, Learning Rate: 0.001
2026-05-21 23:14:26,779 - INFO - Memory cleaned.
2026-05-21 23:14:27,030 - INFO - Epoch[52] Complete. Time taken: 00:01:58.937
2026-05-21 23:16:22,826 - INFO - Epoch 53 - Train Loss: 9137.287648900663, Validation MRR: 0.0684351921081543, Learning Rate: 0.001
2026-05-21 23:16:25,824 - INFO - Memory cleaned.
2026-05-21 23:16:26,080 - INFO - Epoch[53] Complete. Time taken: 00:01:59.050
2026-05-21 23:18:21,865 - INFO - Epoch 54 - Train Loss: 9088.585589637329, Validation MRR: 0.0684351921081543, Learning Rate: 0.001
2026-05-21 23:18:24,871 - INFO - Memory cleaned.
2026-05-21 23:18:25,129 - INFO - Epoch[54] Complete. Time taken: 00:01:59.049
2026-05-21 23:20:20,918 - INFO - Epoch 55 - Train Loss: 9042.676645445703, Validation MRR: 0.0684351921081543, Learning Rate: 0.001
2026-05-21 23:20:23,912 - INFO - Memory cleaned.
2026-05-21 23:20:24,174 - INFO - Epoch[55] Complete. Time taken: 00:01:59.045
2026-05-21 23:22:19,893 - INFO - Epoch 56 - Train Loss: 9051.209676237011, Validation MRR: 0.0684351921081543, Learning Rate: 0.001
2026-05-21 23:22:22,874 - INFO - Memory cleaned.
2026-05-21 23:22:23,132 - INFO - Epoch[56] Complete. Time taken: 00:01:58.958
2026-05-21 23:24:18,822 - INFO - Epoch 57 - Train Loss: 9038.128929071328, Validation MRR: 0.0684351921081543, Learning Rate: 0.001
2026-05-21 23:24:21,788 - INFO - Memory cleaned.
2026-05-21 23:24:22,041 - INFO - Epoch[57] Complete. Time taken: 00:01:58.908
2026-05-21 23:26:17,657 - INFO - Epoch 58 - Train Loss: 9013.103362723918, Validation MRR: 0.0684351921081543, Learning Rate: 0.001
2026-05-21 23:26:20,625 - INFO - Memory cleaned.
2026-05-21 23:26:20,879 - INFO - Epoch[58] Complete. Time taken: 00:01:58.838
2026-05-21 23:28:16,578 - INFO - Epoch 59 - Train Loss: 8915.268444017269, Validation MRR: 0.0684351921081543, Learning Rate: 0.001
2026-05-21 23:28:19,580 - INFO - Memory cleaned.
2026-05-21 23:28:19,879 - INFO - Epoch[59] Complete. Time taken: 00:01:59.000
2026-05-21 23:30:15,641 - INFO - Epoch 60 - Train Loss: 8887.743791989762, Validation MRR: 0.0684351921081543, Learning Rate: 0.001
2026-05-21 23:30:18,617 - INFO - Memory cleaned.
2026-05-21 23:30:18,617 - INFO - Evaluating on validation set at epoch 60...
Link prediction evaluation:   0%|          | 0/3 [00:00<?, ?batch/s]Link prediction evaluation: 100%|██████████| 3/3 [00:00<00:00, 36.25batch/s]
2026-05-21 23:30:18,702 - INFO - Validation MRR: 0.09945062547922134
2026-05-21 23:30:19,184 - INFO - Epoch[60] Complete. Time taken: 00:01:59.305
2026-05-21 23:32:14,960 - INFO - Epoch 61 - Train Loss: 8865.650173795912, Validation MRR: 0.09945062547922134, Learning Rate: 0.001
2026-05-21 23:32:17,955 - INFO - Memory cleaned.
2026-05-21 23:32:18,207 - INFO - Epoch[61] Complete. Time taken: 00:01:59.023
2026-05-21 23:34:13,990 - INFO - Epoch 62 - Train Loss: 8806.40601229145, Validation MRR: 0.09945062547922134, Learning Rate: 0.001
2026-05-21 23:34:16,980 - INFO - Memory cleaned.
2026-05-21 23:34:17,237 - INFO - Epoch[62] Complete. Time taken: 00:01:59.030
2026-05-21 23:36:12,992 - INFO - Epoch 63 - Train Loss: 8772.842806847852, Validation MRR: 0.09945062547922134, Learning Rate: 0.001
2026-05-21 23:36:15,998 - INFO - Memory cleaned.
2026-05-21 23:36:16,264 - INFO - Epoch[63] Complete. Time taken: 00:01:59.026
2026-05-21 23:38:12,076 - INFO - Epoch 64 - Train Loss: 8810.50840997578, Validation MRR: 0.09945062547922134, Learning Rate: 0.001
2026-05-21 23:38:15,079 - INFO - Memory cleaned.
2026-05-21 23:38:15,339 - INFO - Epoch[64] Complete. Time taken: 00:01:59.075
2026-05-21 23:40:11,241 - INFO - Epoch 65 - Train Loss: 8740.189920182751, Validation MRR: 0.09945062547922134, Learning Rate: 0.001
2026-05-21 23:40:14,233 - INFO - Memory cleaned.
2026-05-21 23:40:14,505 - INFO - Epoch[65] Complete. Time taken: 00:01:59.166
2026-05-21 23:42:10,238 - INFO - Epoch 66 - Train Loss: 8709.605868861228, Validation MRR: 0.09945062547922134, Learning Rate: 0.001
2026-05-21 23:42:13,243 - INFO - Memory cleaned.
2026-05-21 23:42:13,495 - INFO - Epoch[66] Complete. Time taken: 00:01:58.990
2026-05-21 23:44:09,193 - INFO - Epoch 67 - Train Loss: 8633.742776234492, Validation MRR: 0.09945062547922134, Learning Rate: 0.001
2026-05-21 23:44:12,177 - INFO - Memory cleaned.
2026-05-21 23:44:12,431 - INFO - Epoch[67] Complete. Time taken: 00:01:58.936
2026-05-21 23:46:08,175 - INFO - Epoch 68 - Train Loss: 8640.566447154093, Validation MRR: 0.09945062547922134, Learning Rate: 0.001
2026-05-21 23:46:11,166 - INFO - Memory cleaned.
2026-05-21 23:46:11,424 - INFO - Epoch[68] Complete. Time taken: 00:01:58.992
2026-05-21 23:48:07,069 - INFO - Epoch 69 - Train Loss: 8603.19348424999, Validation MRR: 0.09945062547922134, Learning Rate: 0.001
2026-05-21 23:48:10,037 - INFO - Memory cleaned.
2026-05-21 23:48:10,309 - INFO - Epoch[69] Complete. Time taken: 00:01:58.885
2026-05-21 23:50:05,943 - INFO - Epoch 70 - Train Loss: 8624.651916136892, Validation MRR: 0.09945062547922134, Learning Rate: 0.001
2026-05-21 23:50:08,937 - INFO - Memory cleaned.
2026-05-21 23:50:09,202 - INFO - Epoch[70] Complete. Time taken: 00:01:58.893
2026-05-21 23:52:04,961 - INFO - Epoch 71 - Train Loss: 8600.800622426576, Validation MRR: 0.09945062547922134, Learning Rate: 0.001
2026-05-21 23:52:07,954 - INFO - Memory cleaned.
2026-05-21 23:52:08,216 - INFO - Epoch[71] Complete. Time taken: 00:01:59.014
2026-05-21 23:54:03,995 - INFO - Epoch 72 - Train Loss: 8532.019368879155, Validation MRR: 0.09945062547922134, Learning Rate: 0.001
2026-05-21 23:54:06,991 - INFO - Memory cleaned.
2026-05-21 23:54:07,243 - INFO - Epoch[72] Complete. Time taken: 00:01:59.027
2026-05-21 23:56:02,929 - INFO - Epoch 73 - Train Loss: 8532.502742862196, Validation MRR: 0.09945062547922134, Learning Rate: 0.001
2026-05-21 23:56:05,924 - INFO - Memory cleaned.
2026-05-21 23:56:06,178 - INFO - Epoch[73] Complete. Time taken: 00:01:58.935
2026-05-21 23:58:01,970 - INFO - Epoch 74 - Train Loss: 8434.635187678052, Validation MRR: 0.09945062547922134, Learning Rate: 0.001
2026-05-21 23:58:04,972 - INFO - Memory cleaned.
2026-05-21 23:58:05,226 - INFO - Epoch[74] Complete. Time taken: 00:01:59.048
2026-05-22 00:00:01,007 - INFO - Epoch 75 - Train Loss: 8472.22636109373, Validation MRR: 0.09945062547922134, Learning Rate: 0.001
2026-05-22 00:00:03,971 - INFO - Memory cleaned.
2026-05-22 00:00:04,233 - INFO - Epoch[75] Complete. Time taken: 00:01:59.006
2026-05-22 00:01:59,958 - INFO - Epoch 76 - Train Loss: 8451.363968740367, Validation MRR: 0.09945062547922134, Learning Rate: 0.001
2026-05-22 00:02:02,926 - INFO - Memory cleaned.
2026-05-22 00:02:03,199 - INFO - Epoch[76] Complete. Time taken: 00:01:58.966
2026-05-22 00:03:58,824 - INFO - Epoch 77 - Train Loss: 8387.546873379933, Validation MRR: 0.09945062547922134, Learning Rate: 0.001
2026-05-22 00:04:01,790 - INFO - Memory cleaned.
2026-05-22 00:04:02,040 - INFO - Epoch[77] Complete. Time taken: 00:01:58.841
2026-05-22 00:05:57,615 - INFO - Epoch 78 - Train Loss: 8382.375625201494, Validation MRR: 0.09945062547922134, Learning Rate: 0.001
2026-05-22 00:06:00,588 - INFO - Memory cleaned.
2026-05-22 00:06:00,837 - INFO - Epoch[78] Complete. Time taken: 00:01:58.797
2026-05-22 00:07:56,485 - INFO - Epoch 79 - Train Loss: 8452.946176888496, Validation MRR: 0.09945062547922134, Learning Rate: 0.001
2026-05-22 00:07:59,467 - INFO - Memory cleaned.
2026-05-22 00:07:59,723 - INFO - Epoch[79] Complete. Time taken: 00:01:58.886
2026-05-22 00:09:55,321 - INFO - Epoch 80 - Train Loss: 8396.482214530219, Validation MRR: 0.09945062547922134, Learning Rate: 0.001
2026-05-22 00:09:58,288 - INFO - Memory cleaned.
2026-05-22 00:09:58,288 - INFO - Evaluating on validation set at epoch 80...
Link prediction evaluation:   0%|          | 0/3 [00:00<?, ?batch/s]Link prediction evaluation: 100%|██████████| 3/3 [00:00<00:00, 32.92batch/s]
2026-05-22 00:09:58,404 - INFO - Validation MRR: 0.11908136308193207
2026-05-22 00:09:58,842 - INFO - Epoch[80] Complete. Time taken: 00:01:59.118
2026-05-22 00:11:54,638 - INFO - Epoch 81 - Train Loss: 8349.959128896977, Validation MRR: 0.11908136308193207, Learning Rate: 0.001
2026-05-22 00:11:57,639 - INFO - Memory cleaned.
2026-05-22 00:11:57,892 - INFO - Epoch[81] Complete. Time taken: 00:01:59.051
2026-05-22 00:13:53,624 - INFO - Epoch 82 - Train Loss: 8326.520426806424, Validation MRR: 0.11908136308193207, Learning Rate: 0.001
2026-05-22 00:13:56,623 - INFO - Memory cleaned.
2026-05-22 00:13:56,898 - INFO - Epoch[82] Complete. Time taken: 00:01:59.006
2026-05-22 00:15:52,718 - INFO - Epoch 83 - Train Loss: 8283.182155360111, Validation MRR: 0.11908136308193207, Learning Rate: 0.001
2026-05-22 00:15:55,708 - INFO - Memory cleaned.
2026-05-22 00:15:55,959 - INFO - Epoch[83] Complete. Time taken: 00:01:59.061
2026-05-22 00:17:51,755 - INFO - Epoch 84 - Train Loss: 8301.696076600807, Validation MRR: 0.11908136308193207, Learning Rate: 0.001
2026-05-22 00:17:54,746 - INFO - Memory cleaned.
2026-05-22 00:17:55,002 - INFO - Epoch[84] Complete. Time taken: 00:01:59.042
2026-05-22 00:19:50,802 - INFO - Epoch 85 - Train Loss: 8299.132669817316, Validation MRR: 0.11908136308193207, Learning Rate: 0.001
2026-05-22 00:19:53,792 - INFO - Memory cleaned.
2026-05-22 00:19:54,057 - INFO - Epoch[85] Complete. Time taken: 00:01:59.056
2026-05-22 00:21:49,766 - INFO - Epoch 86 - Train Loss: 8232.617702802225, Validation MRR: 0.11908136308193207, Learning Rate: 0.001
2026-05-22 00:21:52,730 - INFO - Memory cleaned.
2026-05-22 00:21:52,984 - INFO - Epoch[86] Complete. Time taken: 00:01:58.927
2026-05-22 00:23:48,608 - INFO - Epoch 87 - Train Loss: 8239.969190880169, Validation MRR: 0.11908136308193207, Learning Rate: 0.001
2026-05-22 00:23:51,574 - INFO - Memory cleaned.
2026-05-22 00:23:51,823 - INFO - Epoch[87] Complete. Time taken: 00:01:58.839
2026-05-22 00:25:47,453 - INFO - Epoch 88 - Train Loss: 8200.787690355812, Validation MRR: 0.11908136308193207, Learning Rate: 0.001
2026-05-22 00:25:50,418 - INFO - Memory cleaned.
2026-05-22 00:25:50,698 - INFO - Epoch[88] Complete. Time taken: 00:01:58.874
2026-05-22 00:27:46,356 - INFO - Epoch 89 - Train Loss: 8164.0672959812855, Validation MRR: 0.11908136308193207, Learning Rate: 0.001
2026-05-22 00:27:49,349 - INFO - Memory cleaned.
2026-05-22 00:27:49,601 - INFO - Epoch[89] Complete. Time taken: 00:01:58.903
2026-05-22 00:29:45,419 - INFO - Epoch 90 - Train Loss: 8204.308715211997, Validation MRR: 0.11908136308193207, Learning Rate: 0.001
2026-05-22 00:29:48,413 - INFO - Memory cleaned.
2026-05-22 00:29:48,672 - INFO - Epoch[90] Complete. Time taken: 00:01:59.071
2026-05-22 00:31:44,431 - INFO - Epoch 91 - Train Loss: 8201.313765641687, Validation MRR: 0.11908136308193207, Learning Rate: 0.001
2026-05-22 00:31:47,397 - INFO - Memory cleaned.
2026-05-22 00:31:47,650 - INFO - Epoch[91] Complete. Time taken: 00:01:58.978
2026-05-22 00:33:43,475 - INFO - Epoch 92 - Train Loss: 8198.758034602175, Validation MRR: 0.11908136308193207, Learning Rate: 0.001
2026-05-22 00:33:46,458 - INFO - Memory cleaned.
2026-05-22 00:33:46,713 - INFO - Epoch[92] Complete. Time taken: 00:01:59.062
2026-05-22 00:35:42,383 - INFO - Epoch 93 - Train Loss: 8167.19563612002, Validation MRR: 0.11908136308193207, Learning Rate: 0.001
2026-05-22 00:35:45,362 - INFO - Memory cleaned.
2026-05-22 00:35:45,614 - INFO - Epoch[93] Complete. Time taken: 00:01:58.902
2026-05-22 00:37:41,331 - INFO - Epoch 94 - Train Loss: 8141.224929064681, Validation MRR: 0.11908136308193207, Learning Rate: 0.001
2026-05-22 00:37:44,309 - INFO - Memory cleaned.
2026-05-22 00:37:44,571 - INFO - Epoch[94] Complete. Time taken: 00:01:58.957
2026-05-22 00:39:40,315 - INFO - Epoch 95 - Train Loss: 8095.359732226004, Validation MRR: 0.11908136308193207, Learning Rate: 0.001
2026-05-22 00:39:43,307 - INFO - Memory cleaned.
2026-05-22 00:39:43,563 - INFO - Epoch[95] Complete. Time taken: 00:01:58.991
2026-05-22 00:41:39,387 - INFO - Epoch 96 - Train Loss: 8096.111946095549, Validation MRR: 0.11908136308193207, Learning Rate: 0.001
2026-05-22 00:41:42,381 - INFO - Memory cleaned.
2026-05-22 00:41:42,635 - INFO - Epoch[96] Complete. Time taken: 00:01:59.073
2026-05-22 00:43:38,496 - INFO - Epoch 97 - Train Loss: 8081.148644693266, Validation MRR: 0.11908136308193207, Learning Rate: 0.001
2026-05-22 00:43:41,492 - INFO - Memory cleaned.
2026-05-22 00:43:41,784 - INFO - Epoch[97] Complete. Time taken: 00:01:59.148
2026-05-22 00:45:37,830 - INFO - Epoch 98 - Train Loss: 8061.351883040857, Validation MRR: 0.11908136308193207, Learning Rate: 0.001
2026-05-22 00:45:40,845 - INFO - Memory cleaned.
2026-05-22 00:45:41,120 - INFO - Epoch[98] Complete. Time taken: 00:01:59.336
2026-05-22 00:47:36,911 - INFO - Epoch 99 - Train Loss: 8066.397320171691, Validation MRR: 0.11908136308193207, Learning Rate: 0.001
2026-05-22 00:47:39,920 - INFO - Memory cleaned.
2026-05-22 00:47:40,176 - INFO - Epoch[99] Complete. Time taken: 00:01:59.056
2026-05-22 00:49:35,987 - INFO - Epoch 100 - Train Loss: 8047.632453590073, Validation MRR: 0.11908136308193207, Learning Rate: 0.001
2026-05-22 00:49:38,965 - INFO - Memory cleaned.
2026-05-22 00:49:38,965 - INFO - Evaluating on validation set at epoch 100...
Link prediction evaluation:   0%|          | 0/3 [00:00<?, ?batch/s]Link prediction evaluation: 100%|██████████| 3/3 [00:00<00:00, 32.89batch/s]
2026-05-22 00:49:39,080 - INFO - Validation MRR: 0.18070800602436066
2026-05-22 00:49:39,523 - INFO - Epoch[100] Complete. Time taken: 00:01:59.347
2026-05-22 00:51:35,240 - INFO - Epoch 101 - Train Loss: 7992.937025763013, Validation MRR: 0.18070800602436066, Learning Rate: 0.001
2026-05-22 00:51:38,222 - INFO - Memory cleaned.
2026-05-22 00:51:38,475 - INFO - Epoch[101] Complete. Time taken: 00:01:58.952
2026-05-22 00:53:34,457 - INFO - Epoch 102 - Train Loss: 8050.293573677366, Validation MRR: 0.18070800602436066, Learning Rate: 0.001
2026-05-22 00:53:37,449 - INFO - Memory cleaned.
2026-05-22 00:53:37,706 - INFO - Epoch[102] Complete. Time taken: 00:01:59.231
2026-05-22 00:55:33,466 - INFO - Epoch 103 - Train Loss: 8009.074022176221, Validation MRR: 0.18070800602436066, Learning Rate: 0.001
2026-05-22 00:55:36,453 - INFO - Memory cleaned.
2026-05-22 00:55:36,708 - INFO - Epoch[103] Complete. Time taken: 00:01:59.002
2026-05-22 00:57:32,401 - INFO - Epoch 104 - Train Loss: 8007.606538303507, Validation MRR: 0.18070800602436066, Learning Rate: 0.001
2026-05-22 00:57:35,429 - INFO - Memory cleaned.
2026-05-22 00:57:35,692 - INFO - Epoch[104] Complete. Time taken: 00:01:58.984
2026-05-22 00:59:31,351 - INFO - Epoch 105 - Train Loss: 7995.366497790864, Validation MRR: 0.18070800602436066, Learning Rate: 0.001
2026-05-22 00:59:34,324 - INFO - Memory cleaned.
2026-05-22 00:59:34,582 - INFO - Epoch[105] Complete. Time taken: 00:01:58.890
2026-05-22 01:01:30,286 - INFO - Epoch 106 - Train Loss: 7971.974956426192, Validation MRR: 0.18070800602436066, Learning Rate: 0.001
2026-05-22 01:01:33,278 - INFO - Memory cleaned.
2026-05-22 01:01:33,538 - INFO - Epoch[106] Complete. Time taken: 00:01:58.955
2026-05-22 01:03:29,316 - INFO - Epoch 107 - Train Loss: 7935.514461588073, Validation MRR: 0.18070800602436066, Learning Rate: 0.001
2026-05-22 01:03:32,313 - INFO - Memory cleaned.
2026-05-22 01:03:32,572 - INFO - Epoch[107] Complete. Time taken: 00:01:59.034
2026-05-22 01:05:28,326 - INFO - Epoch 108 - Train Loss: 7985.351504865006, Validation MRR: 0.18070800602436066, Learning Rate: 0.001
2026-05-22 01:05:31,311 - INFO - Memory cleaned.
2026-05-22 01:05:31,590 - INFO - Epoch[108] Complete. Time taken: 00:01:59.018
2026-05-22 01:07:27,204 - INFO - Epoch 109 - Train Loss: 7914.761045994502, Validation MRR: 0.18070800602436066, Learning Rate: 0.001
2026-05-22 01:07:30,200 - INFO - Memory cleaned.
2026-05-22 01:07:30,455 - INFO - Epoch[109] Complete. Time taken: 00:01:58.864
2026-05-22 01:09:26,215 - INFO - Epoch 110 - Train Loss: 7929.16836011801, Validation MRR: 0.18070800602436066, Learning Rate: 0.001
2026-05-22 01:09:29,206 - INFO - Memory cleaned.
2026-05-22 01:09:29,487 - INFO - Epoch[110] Complete. Time taken: 00:01:59.032
2026-05-22 01:11:25,249 - INFO - Epoch 111 - Train Loss: 7915.144786298189, Validation MRR: 0.18070800602436066, Learning Rate: 0.001
2026-05-22 01:11:28,251 - INFO - Memory cleaned.
2026-05-22 01:11:28,515 - INFO - Epoch[111] Complete. Time taken: 00:01:59.028
2026-05-22 01:13:24,176 - INFO - Epoch 112 - Train Loss: 7920.091405288504, Validation MRR: 0.18070800602436066, Learning Rate: 0.001
2026-05-22 01:13:27,142 - INFO - Memory cleaned.
2026-05-22 01:13:27,400 - INFO - Epoch[112] Complete. Time taken: 00:01:58.884
2026-05-22 01:15:23,009 - INFO - Epoch 113 - Train Loss: 7896.285543579275, Validation MRR: 0.18070800602436066, Learning Rate: 0.001
2026-05-22 01:15:25,977 - INFO - Memory cleaned.
2026-05-22 01:15:26,239 - INFO - Epoch[113] Complete. Time taken: 00:01:58.839
2026-05-22 01:17:22,009 - INFO - Epoch 114 - Train Loss: 7910.039350219657, Validation MRR: 0.18070800602436066, Learning Rate: 0.001
2026-05-22 01:17:24,974 - INFO - Memory cleaned.
2026-05-22 01:17:25,247 - INFO - Epoch[114] Complete. Time taken: 00:01:59.008
2026-05-22 01:19:20,845 - INFO - Epoch 115 - Train Loss: 7895.473406445736, Validation MRR: 0.18070800602436066, Learning Rate: 0.001
2026-05-22 01:19:23,810 - INFO - Memory cleaned.
2026-05-22 01:19:24,065 - INFO - Epoch[115] Complete. Time taken: 00:01:58.818
2026-05-22 01:21:19,859 - INFO - Epoch 116 - Train Loss: 7869.674432111309, Validation MRR: 0.18070800602436066, Learning Rate: 0.001
2026-05-22 01:21:22,851 - INFO - Memory cleaned.
2026-05-22 01:21:23,109 - INFO - Epoch[116] Complete. Time taken: 00:01:59.043
2026-05-22 01:23:18,863 - INFO - Epoch 117 - Train Loss: 7857.701098395017, Validation MRR: 0.18070800602436066, Learning Rate: 0.001
2026-05-22 01:23:21,859 - INFO - Memory cleaned.
2026-05-22 01:23:22,135 - INFO - Epoch[117] Complete. Time taken: 00:01:59.026
2026-05-22 01:25:17,924 - INFO - Epoch 118 - Train Loss: 7868.911753113543, Validation MRR: 0.18070800602436066, Learning Rate: 0.001
2026-05-22 01:25:20,935 - INFO - Memory cleaned.
2026-05-22 01:25:21,192 - INFO - Epoch[118] Complete. Time taken: 00:01:59.057
2026-05-22 01:27:16,904 - INFO - Epoch 119 - Train Loss: 7826.774823620292, Validation MRR: 0.18070800602436066, Learning Rate: 0.001
2026-05-22 01:27:19,870 - INFO - Memory cleaned.
2026-05-22 01:27:20,122 - INFO - Epoch[119] Complete. Time taken: 00:01:58.930
2026-05-22 01:29:15,731 - INFO - Epoch 120 - Train Loss: 7837.886933257893, Validation MRR: 0.18070800602436066, Learning Rate: 0.001
2026-05-22 01:29:18,696 - INFO - Memory cleaned.
2026-05-22 01:29:18,697 - INFO - Evaluating on validation set at epoch 120...
Link prediction evaluation:   0%|          | 0/3 [00:00<?, ?batch/s]Link prediction evaluation: 100%|██████████| 3/3 [00:00<00:00, 36.27batch/s]
2026-05-22 01:29:18,782 - INFO - Validation MRR: 0.1316106915473938
2026-05-22 01:29:19,036 - INFO - Epoch[120] Complete. Time taken: 00:01:58.914
2026-05-22 01:31:14,644 - INFO - Epoch 121 - Train Loss: 7798.499717927422, Validation MRR: 0.1316106915473938, Learning Rate: 0.001
2026-05-22 01:31:17,646 - INFO - Memory cleaned.
2026-05-22 01:31:17,907 - INFO - Epoch[121] Complete. Time taken: 00:01:58.871
2026-05-22 01:33:13,649 - INFO - Epoch 122 - Train Loss: 7812.8694706194665, Validation MRR: 0.1316106915473938, Learning Rate: 0.001
2026-05-22 01:33:16,653 - INFO - Memory cleaned.
2026-05-22 01:33:16,912 - INFO - Epoch[122] Complete. Time taken: 00:01:59.005
2026-05-22 01:35:12,651 - INFO - Epoch 123 - Train Loss: 7799.112396703507, Validation MRR: 0.1316106915473938, Learning Rate: 0.001
2026-05-22 01:35:15,643 - INFO - Memory cleaned.
2026-05-22 01:35:15,899 - INFO - Epoch[123] Complete. Time taken: 00:01:58.988
2026-05-22 01:37:11,667 - INFO - Epoch 124 - Train Loss: 7817.200645591111, Validation MRR: 0.1316106915473938, Learning Rate: 0.001
2026-05-22 01:37:14,658 - INFO - Memory cleaned.
2026-05-22 01:37:14,956 - INFO - Epoch[124] Complete. Time taken: 00:01:59.056
2026-05-22 01:39:10,654 - INFO - Epoch 125 - Train Loss: 7789.580333555019, Validation MRR: 0.1316106915473938, Learning Rate: 0.001
2026-05-22 01:39:13,637 - INFO - Memory cleaned.
2026-05-22 01:39:13,900 - INFO - Epoch[125] Complete. Time taken: 00:01:58.944
2026-05-22 01:41:09,608 - INFO - Epoch 126 - Train Loss: 7823.835333058322, Validation MRR: 0.1316106915473938, Learning Rate: 0.001
2026-05-22 01:41:12,635 - INFO - Memory cleaned.
2026-05-22 01:41:12,894 - INFO - Epoch[126] Complete. Time taken: 00:01:58.995
2026-05-22 01:43:08,624 - INFO - Epoch 127 - Train Loss: 7773.661466048689, Validation MRR: 0.1316106915473938, Learning Rate: 0.001
2026-05-22 01:43:11,617 - INFO - Memory cleaned.
2026-05-22 01:43:11,873 - INFO - Epoch[127] Complete. Time taken: 00:01:58.979
2026-05-22 01:45:07,598 - INFO - Epoch 128 - Train Loss: 7739.951918523947, Validation MRR: 0.1316106915473938, Learning Rate: 0.001
2026-05-22 01:45:10,563 - INFO - Memory cleaned.
2026-05-22 01:45:10,821 - INFO - Epoch[128] Complete. Time taken: 00:01:58.948
2026-05-22 01:47:06,534 - INFO - Epoch 129 - Train Loss: 7736.544653520579, Validation MRR: 0.1316106915473938, Learning Rate: 0.001
2026-05-22 01:47:09,537 - INFO - Memory cleaned.
2026-05-22 01:47:09,796 - INFO - Epoch[129] Complete. Time taken: 00:01:58.975
2026-05-22 01:49:05,635 - INFO - Epoch 130 - Train Loss: 7761.431820804346, Validation MRR: 0.1316106915473938, Learning Rate: 0.001
2026-05-22 01:49:08,631 - INFO - Memory cleaned.
2026-05-22 01:49:08,900 - INFO - Epoch[130] Complete. Time taken: 00:01:59.103
2026-05-22 01:51:05,064 - INFO - Epoch 131 - Train Loss: 7753.34835693907, Validation MRR: 0.1316106915473938, Learning Rate: 0.001
2026-05-22 01:51:08,059 - INFO - Memory cleaned.
2026-05-22 01:51:08,356 - INFO - Epoch[131] Complete. Time taken: 00:01:59.456
2026-05-22 01:53:04,096 - INFO - Epoch 132 - Train Loss: 7759.667770878638, Validation MRR: 0.1316106915473938, Learning Rate: 0.001
2026-05-22 01:53:07,098 - INFO - Memory cleaned.
2026-05-22 01:53:07,359 - INFO - Epoch[132] Complete. Time taken: 00:01:59.003
2026-05-22 01:55:03,129 - INFO - Epoch 133 - Train Loss: 7718.204679842077, Validation MRR: 0.1316106915473938, Learning Rate: 0.001
2026-05-22 01:55:06,122 - INFO - Memory cleaned.
2026-05-22 01:55:06,380 - INFO - Epoch[133] Complete. Time taken: 00:01:59.021
2026-05-22 01:57:02,189 - INFO - Epoch 134 - Train Loss: 7714.346211599023, Validation MRR: 0.1316106915473938, Learning Rate: 0.001
2026-05-22 01:57:05,179 - INFO - Memory cleaned.
2026-05-22 01:57:05,435 - INFO - Epoch[134] Complete. Time taken: 00:01:59.054
2026-05-22 01:59:01,236 - INFO - Epoch 135 - Train Loss: 7716.752423797732, Validation MRR: 0.1316106915473938, Learning Rate: 0.001
2026-05-22 01:59:04,350 - INFO - Memory cleaned.
2026-05-22 01:59:04,652 - INFO - Epoch[135] Complete. Time taken: 00:01:59.215
2026-05-22 02:01:00,467 - INFO - Epoch 136 - Train Loss: 7700.0763276395755, Validation MRR: 0.1316106915473938, Learning Rate: 0.001
2026-05-22 02:01:03,497 - INFO - Memory cleaned.
2026-05-22 02:01:03,746 - INFO - Epoch[136] Complete. Time taken: 00:01:59.094
2026-05-22 02:02:59,544 - INFO - Epoch 137 - Train Loss: 7735.749943644885, Validation MRR: 0.1316106915473938, Learning Rate: 0.001
2026-05-22 02:03:02,536 - INFO - Memory cleaned.
2026-05-22 02:03:02,801 - INFO - Epoch[137] Complete. Time taken: 00:01:59.055
2026-05-22 02:04:58,618 - INFO - Epoch 138 - Train Loss: 7683.170948761468, Validation MRR: 0.1316106915473938, Learning Rate: 0.001
2026-05-22 02:05:01,614 - INFO - Memory cleaned.
2026-05-22 02:05:01,880 - INFO - Epoch[138] Complete. Time taken: 00:01:59.079
2026-05-22 02:06:57,665 - INFO - Epoch 139 - Train Loss: 7690.785794709925, Validation MRR: 0.1316106915473938, Learning Rate: 0.001
2026-05-22 02:07:00,656 - INFO - Memory cleaned.
2026-05-22 02:07:00,914 - INFO - Epoch[139] Complete. Time taken: 00:01:59.033
2026-05-22 02:08:56,674 - INFO - Epoch 140 - Train Loss: 7667.378400260843, Validation MRR: 0.1316106915473938, Learning Rate: 0.001
2026-05-22 02:08:59,652 - INFO - Memory cleaned.
2026-05-22 02:08:59,652 - INFO - Evaluating on validation set at epoch 140...
Link prediction evaluation:   0%|          | 0/3 [00:00<?, ?batch/s]Link prediction evaluation: 100%|██████████| 3/3 [00:00<00:00, 33.29batch/s]
2026-05-22 02:08:59,765 - INFO - Validation MRR: 0.07129612565040588
2026-05-22 02:09:00,024 - INFO - Epoch[140] Complete. Time taken: 00:01:59.110
2026-05-22 02:10:55,831 - INFO - Epoch 141 - Train Loss: 7690.620459577162, Validation MRR: 0.07129612565040588, Learning Rate: 0.001
2026-05-22 02:10:58,831 - INFO - Memory cleaned.
2026-05-22 02:10:59,088 - INFO - Epoch[141] Complete. Time taken: 00:01:59.064
2026-05-22 02:12:54,921 - INFO - Epoch 142 - Train Loss: 7690.739597983236, Validation MRR: 0.07129612565040588, Learning Rate: 0.001
2026-05-22 02:12:57,915 - INFO - Memory cleaned.
2026-05-22 02:12:58,177 - INFO - Epoch[142] Complete. Time taken: 00:01:59.088
2026-05-22 02:14:53,990 - INFO - Epoch 143 - Train Loss: 7641.875336404045, Validation MRR: 0.07129612565040588, Learning Rate: 0.001
2026-05-22 02:14:56,982 - INFO - Memory cleaned.
2026-05-22 02:14:57,251 - INFO - Epoch[143] Complete. Time taken: 00:01:59.074
2026-05-22 02:16:53,082 - INFO - Epoch 144 - Train Loss: 7642.706139060582, Validation MRR: 0.07129612565040588, Learning Rate: 0.001
2026-05-22 02:16:56,061 - INFO - Memory cleaned.
2026-05-22 02:16:56,460 - INFO - Epoch[144] Complete. Time taken: 00:01:59.209
2026-05-22 02:18:52,247 - INFO - Epoch 145 - Train Loss: 7634.357724178492, Validation MRR: 0.07129612565040588, Learning Rate: 0.001
2026-05-22 02:18:55,248 - INFO - Memory cleaned.
2026-05-22 02:18:55,522 - INFO - Epoch[145] Complete. Time taken: 00:01:59.062
2026-05-22 02:20:51,333 - INFO - Epoch 146 - Train Loss: 7653.972184616126, Validation MRR: 0.07129612565040588, Learning Rate: 0.001
2026-05-22 02:20:54,324 - INFO - Memory cleaned.
2026-05-22 02:20:54,581 - INFO - Epoch[146] Complete. Time taken: 00:01:59.058
2026-05-22 02:22:50,241 - INFO - Epoch 147 - Train Loss: 7655.530746052077, Validation MRR: 0.07129612565040588, Learning Rate: 0.001
2026-05-22 02:22:53,233 - INFO - Memory cleaned.
2026-05-22 02:22:53,491 - INFO - Epoch[147] Complete. Time taken: 00:01:58.910
2026-05-22 02:24:49,286 - INFO - Epoch 148 - Train Loss: 7640.985310646351, Validation MRR: 0.07129612565040588, Learning Rate: 0.001
2026-05-22 02:24:52,278 - INFO - Memory cleaned.
2026-05-22 02:24:52,540 - INFO - Epoch[148] Complete. Time taken: 00:01:59.049
2026-05-22 02:26:48,389 - INFO - Epoch 149 - Train Loss: 7639.722188931804, Validation MRR: 0.07129612565040588, Learning Rate: 0.001
2026-05-22 02:26:51,389 - INFO - Memory cleaned.
2026-05-22 02:26:51,650 - INFO - Epoch[149] Complete. Time taken: 00:01:59.109
2026-05-22 02:28:47,371 - INFO - Epoch 150 - Train Loss: 7644.241125747012, Validation MRR: 0.07129612565040588, Learning Rate: 0.001
2026-05-22 02:28:50,340 - INFO - Memory cleaned.
2026-05-22 02:28:50,604 - INFO - Epoch[150] Complete. Time taken: 00:01:58.954
2026-05-22 02:30:46,293 - INFO - Epoch 151 - Train Loss: 7627.174040993009, Validation MRR: 0.07129612565040588, Learning Rate: 0.001
2026-05-22 02:30:49,265 - INFO - Memory cleaned.
2026-05-22 02:30:49,548 - INFO - Epoch[151] Complete. Time taken: 00:01:58.944
2026-05-22 02:32:45,204 - INFO - Epoch 152 - Train Loss: 7597.870539254597, Validation MRR: 0.07129612565040588, Learning Rate: 0.001
2026-05-22 02:32:48,182 - INFO - Memory cleaned.
2026-05-22 02:32:48,458 - INFO - Epoch[152] Complete. Time taken: 00:01:58.910
2026-05-22 02:34:44,201 - INFO - Epoch 153 - Train Loss: 7618.605218816212, Validation MRR: 0.07129612565040588, Learning Rate: 0.001
2026-05-22 02:34:47,170 - INFO - Memory cleaned.
2026-05-22 02:34:47,422 - INFO - Epoch[153] Complete. Time taken: 00:01:58.965
2026-05-22 02:36:43,072 - INFO - Epoch 154 - Train Loss: 7604.4250675291, Validation MRR: 0.07129612565040588, Learning Rate: 0.001
2026-05-22 02:36:46,038 - INFO - Memory cleaned.
2026-05-22 02:36:46,294 - INFO - Epoch[154] Complete. Time taken: 00:01:58.872
2026-05-22 02:38:42,011 - INFO - Epoch 155 - Train Loss: 7576.5418249875065, Validation MRR: 0.07129612565040588, Learning Rate: 0.001
2026-05-22 02:38:45,005 - INFO - Memory cleaned.
2026-05-22 02:38:45,294 - INFO - Epoch[155] Complete. Time taken: 00:01:59.000
2026-05-22 02:40:41,065 - INFO - Epoch 156 - Train Loss: 7603.743287849302, Validation MRR: 0.07129612565040588, Learning Rate: 0.001
2026-05-22 02:40:44,043 - INFO - Memory cleaned.
2026-05-22 02:40:44,301 - INFO - Epoch[156] Complete. Time taken: 00:01:59.007
2026-05-22 02:42:40,054 - INFO - Epoch 157 - Train Loss: 7591.3624570161455, Validation MRR: 0.07129612565040588, Learning Rate: 0.001
2026-05-22 02:42:43,045 - INFO - Memory cleaned.
2026-05-22 02:42:43,318 - INFO - Epoch[157] Complete. Time taken: 00:01:59.016
2026-05-22 02:44:39,106 - INFO - Epoch 158 - Train Loss: 7583.189939749349, Validation MRR: 0.07129612565040588, Learning Rate: 0.001
2026-05-22 02:44:42,099 - INFO - Memory cleaned.
2026-05-22 02:44:42,358 - INFO - Epoch[158] Complete. Time taken: 00:01:59.041
2026-05-22 02:46:38,136 - INFO - Epoch 159 - Train Loss: 7595.877574695293, Validation MRR: 0.07129612565040588, Learning Rate: 0.001
2026-05-22 02:46:41,127 - INFO - Memory cleaned.
2026-05-22 02:46:41,390 - INFO - Epoch[159] Complete. Time taken: 00:01:59.031
2026-05-22 02:48:37,124 - INFO - Epoch 160 - Train Loss: 7586.021525259807, Validation MRR: 0.07129612565040588, Learning Rate: 0.001
2026-05-22 02:48:40,128 - INFO - Memory cleaned.
2026-05-22 02:48:40,128 - INFO - Evaluating on validation set at epoch 160...
Link prediction evaluation:   0%|          | 0/3 [00:00<?, ?batch/s]Link prediction evaluation: 100%|██████████| 3/3 [00:00<00:00, 36.34batch/s]
2026-05-22 02:48:40,212 - INFO - Validation MRR: 0.10431303083896637
2026-05-22 02:48:40,469 - INFO - Epoch[160] Complete. Time taken: 00:01:59.079
2026-05-22 02:50:36,125 - INFO - Epoch 161 - Train Loss: 7556.374987127399, Validation MRR: 0.10431303083896637, Learning Rate: 0.001
2026-05-22 02:50:39,118 - INFO - Memory cleaned.
2026-05-22 02:50:39,376 - INFO - Epoch[161] Complete. Time taken: 00:01:58.906
2026-05-22 02:52:35,157 - INFO - Epoch 162 - Train Loss: 7556.561543920177, Validation MRR: 0.10431303083896637, Learning Rate: 0.001
2026-05-22 02:52:38,149 - INFO - Memory cleaned.
2026-05-22 02:52:38,407 - INFO - Epoch[162] Complete. Time taken: 00:01:59.031
2026-05-22 02:54:34,169 - INFO - Epoch 163 - Train Loss: 7578.991428387918, Validation MRR: 0.10431303083896637, Learning Rate: 0.001
2026-05-22 02:54:37,160 - INFO - Memory cleaned.
2026-05-22 02:54:37,439 - INFO - Epoch[163] Complete. Time taken: 00:01:59.032
2026-05-22 02:56:33,289 - INFO - Epoch 164 - Train Loss: 7521.925641657436, Validation MRR: 0.10431303083896637, Learning Rate: 0.001
2026-05-22 02:56:36,261 - INFO - Memory cleaned.
2026-05-22 02:56:36,532 - INFO - Epoch[164] Complete. Time taken: 00:01:59.093
2026-05-22 02:58:32,169 - INFO - Epoch 165 - Train Loss: 7579.240548740229, Validation MRR: 0.10431303083896637, Learning Rate: 0.001
2026-05-22 02:58:35,141 - INFO - Memory cleaned.
2026-05-22 02:58:35,418 - INFO - Epoch[165] Complete. Time taken: 00:01:58.886
2026-05-22 03:00:31,124 - INFO - Epoch 166 - Train Loss: 7576.34272389851, Validation MRR: 0.10431303083896637, Learning Rate: 0.001
2026-05-22 03:00:34,105 - INFO - Memory cleaned.
2026-05-22 03:00:34,394 - INFO - Epoch[166] Complete. Time taken: 00:01:58.975
2026-05-22 03:02:30,086 - INFO - Epoch 167 - Train Loss: 7544.076480835126, Validation MRR: 0.10431303083896637, Learning Rate: 0.001
2026-05-22 03:02:33,063 - INFO - Memory cleaned.
2026-05-22 03:02:33,321 - INFO - Epoch[167] Complete. Time taken: 00:01:58.928
2026-05-22 03:04:29,034 - INFO - Epoch 168 - Train Loss: 7576.621387376284, Validation MRR: 0.10431303083896637, Learning Rate: 0.001
2026-05-22 03:04:32,035 - INFO - Memory cleaned.
2026-05-22 03:04:32,304 - INFO - Epoch[168] Complete. Time taken: 00:01:58.983
2026-05-22 03:06:28,122 - INFO - Epoch 169 - Train Loss: 7501.688521174563, Validation MRR: 0.10431303083896637, Learning Rate: 0.001
2026-05-22 03:06:31,145 - INFO - Memory cleaned.
2026-05-22 03:06:31,376 - INFO - Epoch[169] Complete. Time taken: 00:01:59.071
2026-05-22 03:08:27,099 - INFO - Epoch 170 - Train Loss: 7529.488025756282, Validation MRR: 0.10431303083896637, Learning Rate: 0.001
2026-05-22 03:08:30,099 - INFO - Memory cleaned.
2026-05-22 03:08:30,359 - INFO - Epoch[170] Complete. Time taken: 00:01:58.983
2026-05-22 03:10:26,138 - INFO - Epoch 171 - Train Loss: 7535.077191433547, Validation MRR: 0.10431303083896637, Learning Rate: 0.001
2026-05-22 03:10:29,135 - INFO - Memory cleaned.
2026-05-22 03:10:29,415 - INFO - Epoch[171] Complete. Time taken: 00:01:59.055
2026-05-22 03:12:25,170 - INFO - Epoch 172 - Train Loss: 7536.306622747157, Validation MRR: 0.10431303083896637, Learning Rate: 0.001
2026-05-22 03:12:28,161 - INFO - Memory cleaned.
2026-05-22 03:12:28,433 - INFO - Epoch[172] Complete. Time taken: 00:01:59.018
2026-05-22 03:14:24,217 - INFO - Epoch 173 - Train Loss: 7510.492777000185, Validation MRR: 0.10431303083896637, Learning Rate: 0.001
2026-05-22 03:14:27,211 - INFO - Memory cleaned.
2026-05-22 03:14:27,668 - INFO - Epoch[173] Complete. Time taken: 00:01:59.234
2026-05-22 03:16:23,422 - INFO - Epoch 174 - Train Loss: 7523.975913796644, Validation MRR: 0.10431303083896637, Learning Rate: 0.001
2026-05-22 03:16:26,423 - INFO - Memory cleaned.
2026-05-22 03:16:26,680 - INFO - Epoch[174] Complete. Time taken: 00:01:59.012
2026-05-22 03:18:22,469 - INFO - Epoch 175 - Train Loss: 7555.169502789895, Validation MRR: 0.10431303083896637, Learning Rate: 0.001
2026-05-22 03:18:25,460 - INFO - Memory cleaned.
2026-05-22 03:18:25,721 - INFO - Epoch[175] Complete. Time taken: 00:01:59.041
2026-05-22 03:20:21,477 - INFO - Epoch 176 - Train Loss: 7495.394148159129, Validation MRR: 0.10431303083896637, Learning Rate: 0.001
2026-05-22 03:20:24,468 - INFO - Memory cleaned.
2026-05-22 03:20:24,738 - INFO - Epoch[176] Complete. Time taken: 00:01:59.016
2026-05-22 03:22:20,514 - INFO - Epoch 177 - Train Loss: 7510.250264257029, Validation MRR: 0.10431303083896637, Learning Rate: 0.001
2026-05-22 03:22:23,505 - INFO - Memory cleaned.
2026-05-22 03:22:23,775 - INFO - Epoch[177] Complete. Time taken: 00:01:59.037
2026-05-22 03:24:19,553 - INFO - Epoch 178 - Train Loss: 7488.927999796302, Validation MRR: 0.10431303083896637, Learning Rate: 0.001
2026-05-22 03:24:22,544 - INFO - Memory cleaned.
2026-05-22 03:24:22,812 - INFO - Epoch[178] Complete. Time taken: 00:01:59.036
2026-05-22 03:26:18,601 - INFO - Epoch 179 - Train Loss: 7507.573195424602, Validation MRR: 0.10431303083896637, Learning Rate: 0.001
2026-05-22 03:26:21,593 - INFO - Memory cleaned.
2026-05-22 03:26:21,850 - INFO - Epoch[179] Complete. Time taken: 00:01:59.039
2026-05-22 03:28:17,596 - INFO - Epoch 180 - Train Loss: 7486.3647644049, Validation MRR: 0.10431303083896637, Learning Rate: 0.001
2026-05-22 03:28:20,584 - INFO - Memory cleaned.
2026-05-22 03:28:20,584 - INFO - Evaluating on validation set at epoch 180...
Link prediction evaluation:   0%|          | 0/3 [00:00<?, ?batch/s]Link prediction evaluation:  67%|██████▋   | 2/3 [00:00<00:00, 18.18batch/s]Link prediction evaluation: 100%|██████████| 3/3 [00:00<00:00, 23.80batch/s]
2026-05-22 03:28:20,734 - INFO - Validation MRR: 0.0886022299528122
2026-05-22 03:28:20,991 - INFO - Epoch[180] Complete. Time taken: 00:01:59.140
2026-05-22 03:30:16,747 - INFO - Epoch 181 - Train Loss: 7501.237556890452, Validation MRR: 0.0886022299528122, Learning Rate: 0.001
2026-05-22 03:30:19,726 - INFO - Memory cleaned.
2026-05-22 03:30:20,006 - INFO - Epoch[181] Complete. Time taken: 00:01:59.015
2026-05-22 03:32:15,734 - INFO - Epoch 182 - Train Loss: 7476.953243801037, Validation MRR: 0.0886022299528122, Learning Rate: 0.001
2026-05-22 03:32:18,728 - INFO - Memory cleaned.
2026-05-22 03:32:18,998 - INFO - Epoch[182] Complete. Time taken: 00:01:58.992
2026-05-22 03:34:14,789 - INFO - Epoch 183 - Train Loss: 7496.088809051935, Validation MRR: 0.0886022299528122, Learning Rate: 0.001
2026-05-22 03:34:17,782 - INFO - Memory cleaned.
2026-05-22 03:34:18,045 - INFO - Epoch[183] Complete. Time taken: 00:01:59.046
2026-05-22 03:36:13,816 - INFO - Epoch 184 - Train Loss: 7501.204921831203, Validation MRR: 0.0886022299528122, Learning Rate: 0.001
2026-05-22 03:36:16,812 - INFO - Memory cleaned.
2026-05-22 03:36:17,086 - INFO - Epoch[184] Complete. Time taken: 00:01:59.041
2026-05-22 03:38:12,816 - INFO - Epoch 185 - Train Loss: 7464.559312725374, Validation MRR: 0.0886022299528122, Learning Rate: 0.001
2026-05-22 03:38:15,808 - INFO - Memory cleaned.
2026-05-22 03:38:16,096 - INFO - Epoch[185] Complete. Time taken: 00:01:59.010
2026-05-22 03:40:11,901 - INFO - Epoch 186 - Train Loss: 7465.274575577948, Validation MRR: 0.0886022299528122, Learning Rate: 0.001
2026-05-22 03:40:14,893 - INFO - Memory cleaned.
2026-05-22 03:40:15,206 - INFO - Epoch[186] Complete. Time taken: 00:01:59.110
2026-05-22 03:42:11,005 - INFO - Epoch 187 - Train Loss: 7449.521561692094, Validation MRR: 0.0886022299528122, Learning Rate: 0.001
2026-05-22 03:42:13,997 - INFO - Memory cleaned.
2026-05-22 03:42:14,263 - INFO - Epoch[187] Complete. Time taken: 00:01:59.057
2026-05-22 03:44:10,043 - INFO - Epoch 188 - Train Loss: 7491.096674462339, Validation MRR: 0.0886022299528122, Learning Rate: 0.001
2026-05-22 03:44:13,036 - INFO - Memory cleaned.
2026-05-22 03:44:13,293 - INFO - Epoch[188] Complete. Time taken: 00:01:59.030
2026-05-22 03:46:08,985 - INFO - Epoch 189 - Train Loss: 7479.722964526893, Validation MRR: 0.0886022299528122, Learning Rate: 0.001
2026-05-22 03:46:11,976 - INFO - Memory cleaned.
2026-05-22 03:46:12,244 - INFO - Epoch[189] Complete. Time taken: 00:01:58.950
2026-05-22 03:48:08,039 - INFO - Epoch 190 - Train Loss: 7474.131914262888, Validation MRR: 0.0886022299528122, Learning Rate: 0.001
2026-05-22 03:48:11,031 - INFO - Memory cleaned.
2026-05-22 03:48:11,338 - INFO - Epoch[190] Complete. Time taken: 00:01:59.094
2026-05-22 03:50:07,106 - INFO - Epoch 191 - Train Loss: 7457.542278955922, Validation MRR: 0.0886022299528122, Learning Rate: 0.001
2026-05-22 03:50:10,099 - INFO - Memory cleaned.
2026-05-22 03:50:10,393 - INFO - Epoch[191] Complete. Time taken: 00:01:59.055
2026-05-22 03:52:06,177 - INFO - Epoch 192 - Train Loss: 7456.108428466179, Validation MRR: 0.0886022299528122, Learning Rate: 0.001
2026-05-22 03:52:09,167 - INFO - Memory cleaned.
2026-05-22 03:52:09,425 - INFO - Epoch[192] Complete. Time taken: 00:01:59.031
2026-05-22 03:54:05,192 - INFO - Epoch 193 - Train Loss: 7473.537737664128, Validation MRR: 0.0886022299528122, Learning Rate: 0.001
2026-05-22 03:54:08,185 - INFO - Memory cleaned.
2026-05-22 03:54:08,443 - INFO - Epoch[193] Complete. Time taken: 00:01:59.018
2026-05-22 03:56:04,204 - INFO - Epoch 194 - Train Loss: 7447.868202285038, Validation MRR: 0.0886022299528122, Learning Rate: 0.001
2026-05-22 03:56:07,195 - INFO - Memory cleaned.
2026-05-22 03:56:07,452 - INFO - Epoch[194] Complete. Time taken: 00:01:59.009
2026-05-22 03:58:03,264 - INFO - Epoch 195 - Train Loss: 7435.283842649195, Validation MRR: 0.0886022299528122, Learning Rate: 0.001
2026-05-22 03:58:06,255 - INFO - Memory cleaned.
2026-05-22 03:58:06,514 - INFO - Epoch[195] Complete. Time taken: 00:01:59.062
2026-05-22 04:00:02,305 - INFO - Epoch 196 - Train Loss: 7447.6447464451885, Validation MRR: 0.0886022299528122, Learning Rate: 0.001
2026-05-22 04:00:05,298 - INFO - Memory cleaned.
2026-05-22 04:00:05,571 - INFO - Epoch[196] Complete. Time taken: 00:01:59.057
2026-05-22 04:02:01,662 - INFO - Epoch 197 - Train Loss: 7461.250268637055, Validation MRR: 0.0886022299528122, Learning Rate: 0.001
2026-05-22 04:02:04,660 - INFO - Memory cleaned.
2026-05-22 04:02:04,951 - INFO - Epoch[197] Complete. Time taken: 00:01:59.380
2026-05-22 04:04:00,715 - INFO - Epoch 198 - Train Loss: 7426.917277669586, Validation MRR: 0.0886022299528122, Learning Rate: 0.001
2026-05-22 04:04:03,714 - INFO - Memory cleaned.
2026-05-22 04:04:03,976 - INFO - Epoch[198] Complete. Time taken: 00:01:59.025
2026-05-22 04:05:59,772 - INFO - Epoch 199 - Train Loss: 7457.568939325129, Validation MRR: 0.0886022299528122, Learning Rate: 0.001
2026-05-22 04:06:02,771 - INFO - Memory cleaned.
2026-05-22 04:06:02,997 - INFO - Epoch[199] Complete. Time taken: 00:01:59.020
2026-05-22 04:07:58,715 - INFO - Epoch 200 - Train Loss: 7397.933420853103, Validation MRR: 0.0886022299528122, Learning Rate: 0.001
2026-05-22 04:08:01,680 - INFO - Memory cleaned.
2026-05-22 04:08:01,680 - INFO - Evaluating on validation set at epoch 200...
Link prediction evaluation:   0%|          | 0/3 [00:00<?, ?batch/s]Link prediction evaluation: 100%|██████████| 3/3 [00:00<00:00, 34.59batch/s]
2026-05-22 04:08:01,786 - INFO - Validation MRR: 0.1309623420238495
2026-05-22 04:08:02,044 - INFO - Epoch[200] Complete. Time taken: 00:01:59.047
2026-05-22 04:09:57,848 - INFO - Epoch 201 - Train Loss: 7398.778190641627, Validation MRR: 0.1309623420238495, Learning Rate: 0.001
2026-05-22 04:10:00,831 - INFO - Memory cleaned.
2026-05-22 04:10:01,063 - INFO - Epoch[201] Complete. Time taken: 00:01:59.020
2026-05-22 04:11:56,851 - INFO - Epoch 202 - Train Loss: 7445.631160284564, Validation MRR: 0.1309623420238495, Learning Rate: 0.001
2026-05-22 04:11:59,879 - INFO - Memory cleaned.
2026-05-22 04:12:00,111 - INFO - Epoch[202] Complete. Time taken: 00:01:59.047
2026-05-22 04:13:55,993 - INFO - Epoch 203 - Train Loss: 7424.721302985188, Validation MRR: 0.1309623420238495, Learning Rate: 0.001
2026-05-22 04:13:58,992 - INFO - Memory cleaned.
2026-05-22 04:13:59,218 - INFO - Epoch[203] Complete. Time taken: 00:01:59.107
2026-05-22 04:15:54,918 - INFO - Epoch 204 - Train Loss: 7419.387838388522, Validation MRR: 0.1309623420238495, Learning Rate: 0.001
2026-05-22 04:15:57,917 - INFO - Memory cleaned.
2026-05-22 04:15:58,178 - INFO - Epoch[204] Complete. Time taken: 00:01:58.960
2026-05-22 04:17:54,021 - INFO - Epoch 205 - Train Loss: 7438.552786474331, Validation MRR: 0.1309623420238495, Learning Rate: 0.001
2026-05-22 04:17:57,022 - INFO - Memory cleaned.
2026-05-22 04:17:57,265 - INFO - Epoch[205] Complete. Time taken: 00:01:59.086
2026-05-22 04:19:53,004 - INFO - Epoch 206 - Train Loss: 7446.511334189728, Validation MRR: 0.1309623420238495, Learning Rate: 0.001
2026-05-22 04:19:55,987 - INFO - Memory cleaned.
2026-05-22 04:19:56,248 - INFO - Epoch[206] Complete. Time taken: 00:01:58.983
2026-05-22 04:21:51,997 - INFO - Epoch 207 - Train Loss: 7409.618474334165, Validation MRR: 0.1309623420238495, Learning Rate: 0.001
2026-05-22 04:21:54,989 - INFO - Memory cleaned.
2026-05-22 04:21:55,246 - INFO - Epoch[207] Complete. Time taken: 00:01:58.998
2026-05-22 04:23:51,125 - INFO - Epoch 208 - Train Loss: 7424.038223497626, Validation MRR: 0.1309623420238495, Learning Rate: 0.001
2026-05-22 04:23:54,119 - INFO - Memory cleaned.
2026-05-22 04:23:54,381 - INFO - Epoch[208] Complete. Time taken: 00:01:59.135
2026-05-22 04:25:50,184 - INFO - Epoch 209 - Train Loss: 7411.454676680192, Validation MRR: 0.1309623420238495, Learning Rate: 0.001
2026-05-22 04:25:53,175 - INFO - Memory cleaned.
2026-05-22 04:25:53,436 - INFO - Epoch[209] Complete. Time taken: 00:01:59.055
2026-05-22 04:27:49,259 - INFO - Epoch 210 - Train Loss: 7380.167028911357, Validation MRR: 0.1309623420238495, Learning Rate: 0.001
2026-05-22 04:27:52,251 - INFO - Memory cleaned.
2026-05-22 04:27:52,530 - INFO - Epoch[210] Complete. Time taken: 00:01:59.094
2026-05-22 04:29:48,239 - INFO - Epoch 211 - Train Loss: 7395.290698391936, Validation MRR: 0.1309623420238495, Learning Rate: 0.001
2026-05-22 04:29:51,223 - INFO - Memory cleaned.
2026-05-22 04:29:51,484 - INFO - Epoch[211] Complete. Time taken: 00:01:58.954
2026-05-22 04:31:47,173 - INFO - Epoch 212 - Train Loss: 7403.277047714464, Validation MRR: 0.1309623420238495, Learning Rate: 0.001
2026-05-22 04:31:50,151 - INFO - Memory cleaned.
2026-05-22 04:31:50,411 - INFO - Epoch[212] Complete. Time taken: 00:01:58.927
2026-05-22 04:33:46,011 - INFO - Epoch 213 - Train Loss: 7408.442012010517, Validation MRR: 0.1309623420238495, Learning Rate: 0.001
2026-05-22 04:33:48,993 - INFO - Memory cleaned.
2026-05-22 04:33:49,254 - INFO - Epoch[213] Complete. Time taken: 00:01:58.842
2026-05-22 04:35:45,077 - INFO - Epoch 214 - Train Loss: 7379.440003055382, Validation MRR: 0.1309623420238495, Learning Rate: 0.001
2026-05-22 04:35:48,068 - INFO - Memory cleaned.
2026-05-22 04:35:48,326 - INFO - Epoch[214] Complete. Time taken: 00:01:59.072
2026-05-22 04:37:44,095 - INFO - Epoch 215 - Train Loss: 7410.743467125831, Validation MRR: 0.1309623420238495, Learning Rate: 0.001
2026-05-22 04:37:47,098 - INFO - Memory cleaned.
2026-05-22 04:37:47,367 - INFO - Epoch[215] Complete. Time taken: 00:01:59.040
2026-05-22 04:39:43,085 - INFO - Epoch 216 - Train Loss: 7402.681383972434, Validation MRR: 0.1309623420238495, Learning Rate: 0.001
2026-05-22 04:39:46,051 - INFO - Memory cleaned.
2026-05-22 04:39:46,327 - INFO - Epoch[216] Complete. Time taken: 00:01:58.960
2026-05-22 04:41:41,940 - INFO - Epoch 217 - Train Loss: 7400.450090375472, Validation MRR: 0.1309623420238495, Learning Rate: 0.001
2026-05-22 04:41:44,908 - INFO - Memory cleaned.
2026-05-22 04:41:45,166 - INFO - Epoch[217] Complete. Time taken: 00:01:58.840
2026-05-22 04:43:40,882 - INFO - Epoch 218 - Train Loss: 7395.093329218601, Validation MRR: 0.1309623420238495, Learning Rate: 0.001
2026-05-22 04:43:43,876 - INFO - Memory cleaned.
2026-05-22 04:43:44,145 - INFO - Epoch[218] Complete. Time taken: 00:01:58.979
2026-05-22 04:45:39,891 - INFO - Epoch 219 - Train Loss: 7376.831827688993, Validation MRR: 0.1309623420238495, Learning Rate: 0.001
2026-05-22 04:45:42,884 - INFO - Memory cleaned.
2026-05-22 04:45:43,144 - INFO - Epoch[219] Complete. Time taken: 00:01:58.999
2026-05-22 04:47:38,929 - INFO - Epoch 220 - Train Loss: 7377.351361258377, Validation MRR: 0.1309623420238495, Learning Rate: 0.001
2026-05-22 04:47:41,921 - INFO - Memory cleaned.
2026-05-22 04:47:41,921 - INFO - Evaluating on validation set at epoch 220...
Link prediction evaluation:   0%|          | 0/3 [00:00<?, ?batch/s]Link prediction evaluation: 100%|██████████| 3/3 [00:00<00:00, 34.11batch/s]
2026-05-22 04:47:42,015 - INFO - Validation MRR: 0.10546356439590454
2026-05-22 04:47:42,287 - INFO - Epoch[220] Complete. Time taken: 00:01:59.143
2026-05-22 04:49:38,032 - INFO - Epoch 221 - Train Loss: 7357.701679409919, Validation MRR: 0.10546356439590454, Learning Rate: 0.001
2026-05-22 04:49:41,019 - INFO - Memory cleaned.
2026-05-22 04:49:41,290 - INFO - Epoch[221] Complete. Time taken: 00:01:59.003
2026-05-22 04:51:36,936 - INFO - Epoch 222 - Train Loss: 7364.131963730689, Validation MRR: 0.10546356439590454, Learning Rate: 0.001
2026-05-22 04:51:39,939 - INFO - Memory cleaned.
2026-05-22 04:51:40,209 - INFO - Epoch[222] Complete. Time taken: 00:01:58.919
2026-05-22 04:53:35,909 - INFO - Epoch 223 - Train Loss: 7389.818562482141, Validation MRR: 0.10546356439590454, Learning Rate: 0.001
2026-05-22 04:53:38,901 - INFO - Memory cleaned.
2026-05-22 04:53:39,160 - INFO - Epoch[223] Complete. Time taken: 00:01:58.951
2026-05-22 04:55:34,939 - INFO - Epoch 224 - Train Loss: 7394.9009949233705, Validation MRR: 0.10546356439590454, Learning Rate: 0.001
2026-05-22 04:55:37,930 - INFO - Memory cleaned.
2026-05-22 04:55:38,198 - INFO - Epoch[224] Complete. Time taken: 00:01:59.038
2026-05-22 04:57:33,988 - INFO - Epoch 225 - Train Loss: 7359.949833876615, Validation MRR: 0.10546356439590454, Learning Rate: 0.001
2026-05-22 04:57:36,979 - INFO - Memory cleaned.
2026-05-22 04:57:37,248 - INFO - Epoch[225] Complete. Time taken: 00:01:59.049
2026-05-22 04:59:33,013 - INFO - Epoch 226 - Train Loss: 7357.047286023988, Validation MRR: 0.10546356439590454, Learning Rate: 0.001
2026-05-22 04:59:36,002 - INFO - Memory cleaned.
2026-05-22 04:59:36,263 - INFO - Epoch[226] Complete. Time taken: 00:01:59.015
2026-05-22 05:01:32,034 - INFO - Epoch 227 - Train Loss: 7372.541947147155, Validation MRR: 0.10546356439590454, Learning Rate: 0.001
2026-05-22 05:01:35,026 - INFO - Memory cleaned.
2026-05-22 05:01:35,322 - INFO - Epoch[227] Complete. Time taken: 00:01:59.058
2026-05-22 05:03:31,110 - INFO - Epoch 228 - Train Loss: 7358.462485829194, Validation MRR: 0.10546356439590454, Learning Rate: 0.001
2026-05-22 05:03:34,106 - INFO - Memory cleaned.
2026-05-22 05:03:34,403 - INFO - Epoch[228] Complete. Time taken: 00:01:59.081
2026-05-22 05:05:30,144 - INFO - Epoch 229 - Train Loss: 7355.260569906514, Validation MRR: 0.10546356439590454, Learning Rate: 0.001
2026-05-22 05:05:33,109 - INFO - Memory cleaned.
2026-05-22 05:05:33,384 - INFO - Epoch[229] Complete. Time taken: 00:01:58.980
2026-05-22 05:07:29,168 - INFO - Epoch 230 - Train Loss: 7361.195360201231, Validation MRR: 0.10546356439590454, Learning Rate: 0.001
2026-05-22 05:07:32,138 - INFO - Memory cleaned.
2026-05-22 05:07:32,411 - INFO - Epoch[230] Complete. Time taken: 00:01:59.027
2026-05-22 05:09:28,064 - INFO - Epoch 231 - Train Loss: 7353.194349857732, Validation MRR: 0.10546356439590454, Learning Rate: 0.001
2026-05-22 05:09:31,063 - INFO - Memory cleaned.
2026-05-22 05:09:31,321 - INFO - Epoch[231] Complete. Time taken: 00:01:58.910
2026-05-22 05:11:27,023 - INFO - Epoch 232 - Train Loss: 7343.906585139311, Validation MRR: 0.10546356439590454, Learning Rate: 0.001
2026-05-22 05:11:29,990 - INFO - Memory cleaned.
2026-05-22 05:11:30,246 - INFO - Epoch[232] Complete. Time taken: 00:01:58.925
2026-05-22 05:13:25,840 - INFO - Epoch 233 - Train Loss: 7380.404874962444, Validation MRR: 0.10546356439590454, Learning Rate: 0.001
2026-05-22 05:13:28,812 - INFO - Memory cleaned.
2026-05-22 05:13:29,069 - INFO - Epoch[233] Complete. Time taken: 00:01:58.822
2026-05-22 05:15:24,746 - INFO - Epoch 234 - Train Loss: 7354.168007773014, Validation MRR: 0.10546356439590454, Learning Rate: 0.001
2026-05-22 05:15:27,726 - INFO - Memory cleaned.
2026-05-22 05:15:27,985 - INFO - Epoch[234] Complete. Time taken: 00:01:58.916
2026-05-22 05:17:23,693 - INFO - Epoch 235 - Train Loss: 7339.376119966242, Validation MRR: 0.10546356439590454, Learning Rate: 0.001
2026-05-22 05:17:26,690 - INFO - Memory cleaned.
2026-05-22 05:17:26,949 - INFO - Epoch[235] Complete. Time taken: 00:01:58.964
2026-05-22 05:19:22,680 - INFO - Epoch 236 - Train Loss: 7339.628620647486, Validation MRR: 0.10546356439590454, Learning Rate: 0.001
2026-05-22 05:19:25,671 - INFO - Memory cleaned.
2026-05-22 05:19:25,907 - INFO - Epoch[236] Complete. Time taken: 00:01:58.957
2026-05-22 05:21:21,681 - INFO - Epoch 237 - Train Loss: 7334.367529262622, Validation MRR: 0.10546356439590454, Learning Rate: 0.001
2026-05-22 05:21:24,681 - INFO - Memory cleaned.
2026-05-22 05:21:24,980 - INFO - Epoch[237] Complete. Time taken: 00:01:59.074
2026-05-22 05:23:20,807 - INFO - Epoch 238 - Train Loss: 7340.863584381144, Validation MRR: 0.10546356439590454, Learning Rate: 0.001
2026-05-22 05:23:23,818 - INFO - Memory cleaned.
2026-05-22 05:23:24,084 - INFO - Epoch[238] Complete. Time taken: 00:01:59.104
2026-05-22 05:25:19,893 - INFO - Epoch 239 - Train Loss: 7351.51886062547, Validation MRR: 0.10546356439590454, Learning Rate: 0.001
2026-05-22 05:25:22,885 - INFO - Memory cleaned.
2026-05-22 05:25:23,155 - INFO - Epoch[239] Complete. Time taken: 00:01:59.070
2026-05-22 05:27:18,962 - INFO - Epoch 240 - Train Loss: 7322.928853005063, Validation MRR: 0.10546356439590454, Learning Rate: 0.001
2026-05-22 05:27:21,954 - INFO - Memory cleaned.
2026-05-22 05:27:21,954 - INFO - Evaluating on validation set at epoch 240...
Link prediction evaluation:   0%|          | 0/3 [00:00<?, ?batch/s]Link prediction evaluation: 100%|██████████| 3/3 [00:00<00:00, 32.66batch/s]
2026-05-22 05:27:22,070 - INFO - Validation MRR: 0.10789471864700317
2026-05-22 05:27:22,337 - INFO - Epoch[240] Complete. Time taken: 00:01:59.182
2026-05-22 05:29:18,149 - INFO - Epoch 241 - Train Loss: 7306.680423894314, Validation MRR: 0.10789471864700317, Learning Rate: 0.001
2026-05-22 05:29:21,143 - INFO - Memory cleaned.
2026-05-22 05:29:21,428 - INFO - Epoch[241] Complete. Time taken: 00:01:59.091
2026-05-22 05:31:17,217 - INFO - Epoch 242 - Train Loss: 7339.784707412649, Validation MRR: 0.10789471864700317, Learning Rate: 0.001
2026-05-22 05:31:20,210 - INFO - Memory cleaned.
2026-05-22 05:31:20,473 - INFO - Epoch[242] Complete. Time taken: 00:01:59.046
2026-05-22 05:33:16,281 - INFO - Epoch 243 - Train Loss: 7327.206494161304, Validation MRR: 0.10789471864700317, Learning Rate: 0.001
2026-05-22 05:33:19,272 - INFO - Memory cleaned.
2026-05-22 05:33:19,541 - INFO - Epoch[243] Complete. Time taken: 00:01:59.068
2026-05-22 05:35:15,373 - INFO - Epoch 244 - Train Loss: 7329.58316068931, Validation MRR: 0.10789471864700317, Learning Rate: 0.001
2026-05-22 05:35:18,368 - INFO - Memory cleaned.
2026-05-22 05:35:18,651 - INFO - Epoch[244] Complete. Time taken: 00:01:59.110
2026-05-22 05:37:14,518 - INFO - Epoch 245 - Train Loss: 7360.549592034057, Validation MRR: 0.10789471864700317, Learning Rate: 0.001
2026-05-22 05:37:17,511 - INFO - Memory cleaned.
2026-05-22 05:37:17,770 - INFO - Epoch[245] Complete. Time taken: 00:01:59.118
2026-05-22 05:39:13,580 - INFO - Epoch 246 - Train Loss: 7314.223750890087, Validation MRR: 0.10789471864700317, Learning Rate: 0.001
2026-05-22 05:39:16,572 - INFO - Memory cleaned.
2026-05-22 05:39:16,831 - INFO - Epoch[246] Complete. Time taken: 00:01:59.061
2026-05-22 05:41:12,579 - INFO - Epoch 247 - Train Loss: 7293.787854648413, Validation MRR: 0.10789471864700317, Learning Rate: 0.001
2026-05-22 05:41:15,579 - INFO - Memory cleaned.
2026-05-22 05:41:15,849 - INFO - Epoch[247] Complete. Time taken: 00:01:59.018
2026-05-22 05:43:11,491 - INFO - Epoch 248 - Train Loss: 7335.489612463722, Validation MRR: 0.10789471864700317, Learning Rate: 0.001
2026-05-22 05:43:14,457 - INFO - Memory cleaned.
2026-05-22 05:43:14,714 - INFO - Epoch[248] Complete. Time taken: 00:01:58.865
2026-05-22 05:45:10,363 - INFO - Epoch 249 - Train Loss: 7330.399087476597, Validation MRR: 0.10789471864700317, Learning Rate: 0.001
2026-05-22 05:45:13,334 - INFO - Memory cleaned.
2026-05-22 05:45:13,594 - INFO - Epoch[249] Complete. Time taken: 00:01:58.880
2026-05-22 05:47:09,201 - INFO - Epoch 250 - Train Loss: 7324.085155947674, Validation MRR: 0.10789471864700317, Learning Rate: 0.001
2026-05-22 05:47:12,169 - INFO - Memory cleaned.
2026-05-22 05:47:12,447 - INFO - Epoch[250] Complete. Time taken: 00:01:58.853
2026-05-22 05:49:08,070 - INFO - Epoch 251 - Train Loss: 7322.780166475309, Validation MRR: 0.10789471864700317, Learning Rate: 0.001
2026-05-22 05:49:11,035 - INFO - Memory cleaned.
2026-05-22 05:49:11,296 - INFO - Epoch[251] Complete. Time taken: 00:01:58.849
2026-05-22 05:51:06,964 - INFO - Epoch 252 - Train Loss: 7326.395318498545, Validation MRR: 0.10789471864700317, Learning Rate: 0.001
2026-05-22 05:51:09,928 - INFO - Memory cleaned.
2026-05-22 05:51:10,185 - INFO - Epoch[252] Complete. Time taken: 00:01:58.889
2026-05-22 05:53:05,838 - INFO - Epoch 253 - Train Loss: 7320.442779813746, Validation MRR: 0.10789471864700317, Learning Rate: 0.001
2026-05-22 05:53:08,803 - INFO - Memory cleaned.
2026-05-22 05:53:09,087 - INFO - Epoch[253] Complete. Time taken: 00:01:58.902
2026-05-22 05:55:04,746 - INFO - Epoch 254 - Train Loss: 7324.122999751807, Validation MRR: 0.10789471864700317, Learning Rate: 0.001
2026-05-22 05:55:07,711 - INFO - Memory cleaned.
2026-05-22 05:55:07,966 - INFO - Epoch[254] Complete. Time taken: 00:01:58.878
2026-05-22 05:57:03,676 - INFO - Epoch 255 - Train Loss: 7301.895759962373, Validation MRR: 0.10789471864700317, Learning Rate: 0.001
2026-05-22 05:57:06,642 - INFO - Memory cleaned.
2026-05-22 05:57:06,898 - INFO - Epoch[255] Complete. Time taken: 00:01:58.932
2026-05-22 05:59:02,852 - INFO - Epoch 256 - Train Loss: 7300.712785242846, Validation MRR: 0.10789471864700317, Learning Rate: 0.001
2026-05-22 05:59:05,843 - INFO - Memory cleaned.
2026-05-22 05:59:06,114 - INFO - Epoch[256] Complete. Time taken: 00:01:59.216
2026-05-22 06:01:01,995 - INFO - Epoch 257 - Train Loss: 7309.8521035113135, Validation MRR: 0.10789471864700317, Learning Rate: 0.001
2026-05-22 06:01:04,986 - INFO - Memory cleaned.
2026-05-22 06:01:05,263 - INFO - Epoch[257] Complete. Time taken: 00:01:59.149
2026-05-22 06:03:01,123 - INFO - Epoch 258 - Train Loss: 7303.804696827199, Validation MRR: 0.10789471864700317, Learning Rate: 0.001
2026-05-22 06:03:04,114 - INFO - Memory cleaned.
2026-05-22 06:03:04,383 - INFO - Epoch[258] Complete. Time taken: 00:01:59.120
2026-05-22 06:05:00,176 - INFO - Epoch 259 - Train Loss: 7295.654677198222, Validation MRR: 0.10789471864700317, Learning Rate: 0.001
2026-05-22 06:05:03,166 - INFO - Memory cleaned.
2026-05-22 06:05:03,440 - INFO - Epoch[259] Complete. Time taken: 00:01:59.057
2026-05-22 06:06:59,164 - INFO - Epoch 260 - Train Loss: 7296.650433792649, Validation MRR: 0.10789471864700317, Learning Rate: 0.001
2026-05-22 06:07:02,129 - INFO - Memory cleaned.
2026-05-22 06:07:02,129 - INFO - Evaluating on validation set at epoch 260...
Link prediction evaluation:   0%|          | 0/3 [00:00<?, ?batch/s]Link prediction evaluation: 100%|██████████| 3/3 [00:00<00:00, 36.28batch/s]
2026-05-22 06:07:02,213 - INFO - Validation MRR: 0.15484794974327087
2026-05-22 06:07:02,492 - INFO - Epoch[260] Complete. Time taken: 00:01:59.052
2026-05-22 06:08:58,152 - INFO - Epoch 261 - Train Loss: 7294.287344585102, Validation MRR: 0.15484794974327087, Learning Rate: 0.001
2026-05-22 06:09:01,122 - INFO - Memory cleaned.
2026-05-22 06:09:01,375 - INFO - Epoch[261] Complete. Time taken: 00:01:58.884
2026-05-22 06:10:57,146 - INFO - Epoch 262 - Train Loss: 7286.797939502272, Validation MRR: 0.15484794974327087, Learning Rate: 0.001
2026-05-22 06:11:00,141 - INFO - Memory cleaned.
2026-05-22 06:11:00,465 - INFO - Epoch[262] Complete. Time taken: 00:01:59.090
2026-05-22 06:12:56,236 - INFO - Epoch 263 - Train Loss: 7293.72818386492, Validation MRR: 0.15484794974327087, Learning Rate: 0.001
2026-05-22 06:12:59,204 - INFO - Memory cleaned.
2026-05-22 06:12:59,481 - INFO - Epoch[263] Complete. Time taken: 00:01:59.016
2026-05-22 06:14:55,212 - INFO - Epoch 264 - Train Loss: 7300.805268508191, Validation MRR: 0.15484794974327087, Learning Rate: 0.001
2026-05-22 06:14:58,212 - INFO - Memory cleaned.
2026-05-22 06:14:58,482 - INFO - Epoch[264] Complete. Time taken: 00:01:59.001
2026-05-22 06:16:54,255 - INFO - Epoch 265 - Train Loss: 7293.303721080342, Validation MRR: 0.15484794974327087, Learning Rate: 0.001
2026-05-22 06:16:57,246 - INFO - Memory cleaned.
2026-05-22 06:16:57,514 - INFO - Epoch[265] Complete. Time taken: 00:01:59.032
2026-05-22 06:18:53,287 - INFO - Epoch 266 - Train Loss: 7301.576959358432, Validation MRR: 0.15484794974327087, Learning Rate: 0.001
2026-05-22 06:18:56,279 - INFO - Memory cleaned.
2026-05-22 06:18:56,551 - INFO - Epoch[266] Complete. Time taken: 00:01:59.037
2026-05-22 06:20:52,506 - INFO - Epoch 267 - Train Loss: 7289.879074679212, Validation MRR: 0.15484794974327087, Learning Rate: 0.001
2026-05-22 06:20:55,517 - INFO - Memory cleaned.
2026-05-22 06:20:55,792 - INFO - Epoch[267] Complete. Time taken: 00:01:59.241
2026-05-22 06:22:51,821 - INFO - Epoch 268 - Train Loss: 7310.348966548088, Validation MRR: 0.15484794974327087, Learning Rate: 0.001
2026-05-22 06:22:54,855 - INFO - Memory cleaned.
2026-05-22 06:22:55,116 - INFO - Epoch[268] Complete. Time taken: 00:01:59.323
2026-05-22 06:24:51,037 - INFO - Epoch 269 - Train Loss: 7289.379190412937, Validation MRR: 0.15484794974327087, Learning Rate: 0.001
2026-05-22 06:24:54,028 - INFO - Memory cleaned.
2026-05-22 06:24:54,256 - INFO - Epoch[269] Complete. Time taken: 00:01:59.141
2026-05-22 06:26:50,137 - INFO - Epoch 270 - Train Loss: 7266.423699058843, Validation MRR: 0.15484794974327087, Learning Rate: 0.001
2026-05-22 06:26:53,128 - INFO - Memory cleaned.
2026-05-22 06:26:53,398 - INFO - Epoch[270] Complete. Time taken: 00:01:59.141
2026-05-22 06:28:49,366 - INFO - Epoch 271 - Train Loss: 7281.753202950109, Validation MRR: 0.15484794974327087, Learning Rate: 0.001
2026-05-22 06:28:52,369 - INFO - Memory cleaned.
2026-05-22 06:28:52,641 - INFO - Epoch[271] Complete. Time taken: 00:01:59.243
2026-05-22 06:30:48,544 - INFO - Epoch 272 - Train Loss: 7289.754611351346, Validation MRR: 0.15484794974327087, Learning Rate: 0.001
2026-05-22 06:30:51,527 - INFO - Memory cleaned.
2026-05-22 06:30:51,783 - INFO - Epoch[272] Complete. Time taken: 00:01:59.142
2026-05-22 06:32:47,779 - INFO - Epoch 273 - Train Loss: 7326.783414947942, Validation MRR: 0.15484794974327087, Learning Rate: 0.001
2026-05-22 06:32:50,777 - INFO - Memory cleaned.
2026-05-22 06:32:51,057 - INFO - Epoch[273] Complete. Time taken: 00:01:59.273
2026-05-22 06:34:46,890 - INFO - Epoch 274 - Train Loss: 7271.016414638287, Validation MRR: 0.15484794974327087, Learning Rate: 0.001
2026-05-22 06:34:49,856 - INFO - Memory cleaned.
2026-05-22 06:34:50,115 - INFO - Epoch[274] Complete. Time taken: 00:01:59.058
2026-05-22 06:36:45,967 - INFO - Epoch 275 - Train Loss: 7261.22718311315, Validation MRR: 0.15484794974327087, Learning Rate: 0.001
2026-05-22 06:36:48,962 - INFO - Memory cleaned.
2026-05-22 06:36:49,221 - INFO - Epoch[275] Complete. Time taken: 00:01:59.106
2026-05-22 06:38:45,170 - INFO - Epoch 276 - Train Loss: 7279.1944571488175, Validation MRR: 0.15484794974327087, Learning Rate: 0.001
2026-05-22 06:38:48,162 - INFO - Memory cleaned.
2026-05-22 06:38:48,420 - INFO - Epoch[276] Complete. Time taken: 00:01:59.199
2026-05-22 06:40:44,392 - INFO - Epoch 277 - Train Loss: 7272.923928669911, Validation MRR: 0.15484794974327087, Learning Rate: 0.001
2026-05-22 06:40:47,385 - INFO - Memory cleaned.
2026-05-22 06:40:47,653 - INFO - Epoch[277] Complete. Time taken: 00:01:59.233
2026-05-22 06:42:43,606 - INFO - Epoch 278 - Train Loss: 7282.932651730371, Validation MRR: 0.15484794974327087, Learning Rate: 0.001
2026-05-22 06:42:46,590 - INFO - Memory cleaned.
2026-05-22 06:42:46,863 - INFO - Epoch[278] Complete. Time taken: 00:01:59.210
2026-05-22 06:44:42,711 - INFO - Epoch 279 - Train Loss: 7273.954234195167, Validation MRR: 0.15484794974327087, Learning Rate: 0.001
2026-05-22 06:44:45,695 - INFO - Memory cleaned.
2026-05-22 06:44:45,960 - INFO - Epoch[279] Complete. Time taken: 00:01:59.097
2026-05-22 06:46:41,861 - INFO - Epoch 280 - Train Loss: 7289.1749769744465, Validation MRR: 0.15484794974327087, Learning Rate: 0.001
2026-05-22 06:46:44,828 - INFO - Memory cleaned.
2026-05-22 06:46:44,828 - INFO - Evaluating on validation set at epoch 280...
Link prediction evaluation:   0%|          | 0/3 [00:00<?, ?batch/s]Link prediction evaluation: 100%|██████████| 3/3 [00:00<00:00, 33.15batch/s]
2026-05-22 06:46:44,944 - INFO - Validation MRR: 0.15994605422019958
2026-05-22 06:46:45,200 - INFO - Epoch[280] Complete. Time taken: 00:01:59.240
2026-05-22 06:48:41,099 - INFO - Epoch 281 - Train Loss: 7267.2396903540775, Validation MRR: 0.15994605422019958, Learning Rate: 0.001
2026-05-22 06:48:44,080 - INFO - Memory cleaned.
2026-05-22 06:48:44,353 - INFO - Epoch[281] Complete. Time taken: 00:01:59.153
2026-05-22 06:50:40,388 - INFO - Epoch 282 - Train Loss: 7297.1313164954045, Validation MRR: 0.15994605422019958, Learning Rate: 0.001
2026-05-22 06:50:43,387 - INFO - Memory cleaned.
2026-05-22 06:50:43,670 - INFO - Epoch[282] Complete. Time taken: 00:01:59.317
2026-05-22 06:52:39,725 - INFO - Epoch 283 - Train Loss: 7280.496566653483, Validation MRR: 0.15994605422019958, Learning Rate: 0.001
2026-05-22 06:52:42,721 - INFO - Memory cleaned.
2026-05-22 06:52:42,982 - INFO - Epoch[283] Complete. Time taken: 00:01:59.313
2026-05-22 06:54:39,059 - INFO - Epoch 284 - Train Loss: 7258.78784487654, Validation MRR: 0.15994605422019958, Learning Rate: 0.001
2026-05-22 06:54:42,053 - INFO - Memory cleaned.
2026-05-22 06:54:42,310 - INFO - Epoch[284] Complete. Time taken: 00:01:59.327
2026-05-22 06:56:38,310 - INFO - Epoch 285 - Train Loss: 7279.736168050348, Validation MRR: 0.15994605422019958, Learning Rate: 0.001
2026-05-22 06:56:41,302 - INFO - Memory cleaned.
2026-05-22 06:56:41,560 - INFO - Epoch[285] Complete. Time taken: 00:01:59.250
2026-05-22 06:58:37,587 - INFO - Epoch 286 - Train Loss: 7257.577917083373, Validation MRR: 0.15994605422019958, Learning Rate: 0.001
2026-05-22 06:58:40,579 - INFO - Memory cleaned.
2026-05-22 06:58:40,837 - INFO - Epoch[286] Complete. Time taken: 00:01:59.277
2026-05-22 07:00:36,862 - INFO - Epoch 287 - Train Loss: 7256.180535345719, Validation MRR: 0.15994605422019958, Learning Rate: 0.001
2026-05-22 07:00:39,870 - INFO - Memory cleaned.
2026-05-22 07:00:40,137 - INFO - Epoch[287] Complete. Time taken: 00:01:59.300
2026-05-22 07:02:36,136 - INFO - Epoch 288 - Train Loss: 7255.348934570911, Validation MRR: 0.15994605422019958, Learning Rate: 0.001
2026-05-22 07:02:39,114 - INFO - Memory cleaned.
2026-05-22 07:02:39,374 - INFO - Epoch[288] Complete. Time taken: 00:01:59.237
2026-05-22 07:04:35,391 - INFO - Epoch 289 - Train Loss: 7248.855717951505, Validation MRR: 0.15994605422019958, Learning Rate: 0.001
2026-05-22 07:04:38,369 - INFO - Memory cleaned.
2026-05-22 07:04:38,642 - INFO - Epoch[289] Complete. Time taken: 00:01:59.268
2026-05-22 07:06:34,669 - INFO - Epoch 290 - Train Loss: 7252.46464286244, Validation MRR: 0.15994605422019958, Learning Rate: 0.001
2026-05-22 07:06:37,652 - INFO - Memory cleaned.
2026-05-22 07:06:37,912 - INFO - Epoch[290] Complete. Time taken: 00:01:59.270
2026-05-22 07:08:34,168 - INFO - Epoch 291 - Train Loss: 7263.071402898277, Validation MRR: 0.15994605422019958, Learning Rate: 0.001
2026-05-22 07:08:37,160 - INFO - Memory cleaned.
2026-05-22 07:08:37,419 - INFO - Epoch[291] Complete. Time taken: 00:01:59.507
2026-05-22 07:10:33,532 - INFO - Epoch 292 - Train Loss: 7261.970546637947, Validation MRR: 0.15994605422019958, Learning Rate: 0.001
2026-05-22 07:10:36,511 - INFO - Memory cleaned.
2026-05-22 07:10:36,809 - INFO - Epoch[292] Complete. Time taken: 00:01:59.390
2026-05-22 07:12:32,891 - INFO - Epoch 293 - Train Loss: 7259.094789017929, Validation MRR: 0.15994605422019958, Learning Rate: 0.001
2026-05-22 07:12:35,869 - INFO - Memory cleaned.
2026-05-22 07:12:36,164 - INFO - Epoch[293] Complete. Time taken: 00:01:59.354
2026-05-22 07:14:32,259 - INFO - Epoch 294 - Train Loss: 7278.190175898146, Validation MRR: 0.15994605422019958, Learning Rate: 0.001
2026-05-22 07:14:35,251 - INFO - Memory cleaned.
2026-05-22 07:14:35,511 - INFO - Epoch[294] Complete. Time taken: 00:01:59.347
2026-05-22 07:16:31,529 - INFO - Epoch 295 - Train Loss: 7244.981249909051, Validation MRR: 0.15994605422019958, Learning Rate: 0.001
2026-05-22 07:16:34,522 - INFO - Memory cleaned.
2026-05-22 07:16:34,820 - INFO - Epoch[295] Complete. Time taken: 00:01:59.309
2026-05-22 07:18:30,982 - INFO - Epoch 296 - Train Loss: 7268.700334548243, Validation MRR: 0.15994605422019958, Learning Rate: 0.001
2026-05-22 07:18:33,978 - INFO - Memory cleaned.
2026-05-22 07:18:34,255 - INFO - Epoch[296] Complete. Time taken: 00:01:59.435
2026-05-22 07:20:30,289 - INFO - Epoch 297 - Train Loss: 7229.0655504646165, Validation MRR: 0.15994605422019958, Learning Rate: 0.001
2026-05-22 07:20:33,263 - INFO - Memory cleaned.
2026-05-22 07:20:33,521 - INFO - Epoch[297] Complete. Time taken: 00:01:59.266
2026-05-22 07:22:29,746 - INFO - Epoch 298 - Train Loss: 7284.543304741217, Validation MRR: 0.15994605422019958, Learning Rate: 0.001
2026-05-22 07:22:32,760 - INFO - Memory cleaned.
2026-05-22 07:22:33,025 - INFO - Epoch[298] Complete. Time taken: 00:01:59.504
2026-05-22 07:24:29,307 - INFO - Epoch 299 - Train Loss: 7254.292625834385, Validation MRR: 0.15994605422019958, Learning Rate: 0.001
2026-05-22 07:24:32,327 - INFO - Memory cleaned.
2026-05-22 07:24:32,577 - INFO - Epoch[299] Complete. Time taken: 00:01:59.552
2026-05-22 07:26:28,892 - INFO - Epoch 300 - Train Loss: 7241.076042530029, Validation MRR: 0.15994605422019958, Learning Rate: 0.001
2026-05-22 07:26:31,904 - INFO - Memory cleaned.
2026-05-22 07:26:31,904 - INFO - Evaluating on validation set at epoch 300...
Link prediction evaluation:   0%|          | 0/3 [00:00<?, ?batch/s]Link prediction evaluation: 100%|██████████| 3/3 [00:00<00:00, 34.50batch/s]
2026-05-22 07:26:32,011 - INFO - Validation MRR: 0.1359463781118393
2026-05-22 07:26:32,011 ignite.handlers.early_stopping.EarlyStopping INFO: EarlyStopping: Stop training
2026-05-22 07:26:32,011 - INFO - Terminate signaled. Engine will stop after current iteration is finished.
2026-05-22 07:26:32,301 - INFO - Training completed after 300 epochs.
2026-05-22 07:26:32,301 - INFO - Engine run complete. Time taken: 09:55:22.631
2026-05-22 07:26:38,303 - INFO - Loading best model.
2026-05-22 07:26:38,305 - INFO - Best model is ./checkpoints/best_model_checkpoint_val_mrr=0.1807.pt
2026-05-22 07:26:38,305 - WARNING - /lustre/fswork/projects/rech/rnk/ufq76hz/dr_benchmark/dev/run_training.py:820: FutureWarning: You are using `torch.load` with `weights_only=False` (the current default value), which uses the default pickle module implicitly. It is possible to construct malicious pickle data which will execute arbitrary code during unpickling (See https://github.com/pytorch/pytorch/blob/main/SECURITY.md#untrusted-models for more details). In a future release, the default value for `weights_only` will be flipped to `True`. This limits the functions that could be executed during unpickling. Arbitrary objects will no longer be allowed to be loaded via this mode unless they are explicitly allowlisted by the user via `torch.serialization.add_safe_globals`. We recommend you start setting `weights_only=True` for any use case where you don't have full control of the loaded file. Please open an issue on GitHub for any issues related to this experimental feature.
  checkpoint = torch.load(os.path.join(checkpoint_dir, best_model), map_location=device)

2026-05-22 07:26:38,747 - INFO - Best model successfully loaded.
2026-05-22 07:26:38,747 - INFO - Evaluating on the test set with best model...
CtD
Link prediction evaluation:   0%|          | 0/2 [00:00<?, ?batch/s]Link prediction evaluation: 100%|██████████| 2/2 [00:00<00:00, 22.58batch/s]
2026-05-22 07:26:38,922 - INFO - Final Test MRR with best model: 0.22543632984161377
2026-05-22 07:26:38,922 - INFO - Final Test Hits@10 with best model: 0.38317757099866867
Link prediction evaluation:   0%|          | 0/1 [00:00<?, ?batch/s]Link prediction evaluation: 100%|██████████| 1/1 [00:00<00:00, 62.06batch/s]
Link prediction evaluation:   0%|          | 0/2 [00:00<?, ?batch/s]Link prediction evaluation: 100%|██████████| 2/2 [00:00<00:00, 36.51batch/s]
2026-05-22 07:26:46,301 - INFO - MRR for frequent nodes (threshold=10) in relation CtD: 0.30565693974494934
2026-05-22 07:26:46,301 - INFO - MRR for infrequent nodes (threshold=10) in relation CtD: 0.22067075967788696
2026-05-22 07:26:46,301 - INFO - Hits@10 for frequent nodes (threshold=10) in relation CtD: 0.5833333432674408
2026-05-22 07:26:46,301 - INFO - Hits@10 for infrequent nodes (threshold=10) in relation CtD: 0.37128713726997375
2026-05-22 07:26:46,304 - INFO - MRR evaluation results stored in ./evaluation_metrics.yaml
2026-05-22 07:26:46,336 - INFO - Hit@10 evaluation results stored in ./evaluation_hit@10.yaml
Link prediction evaluation:   0%|          | 0/1 [00:00<?, ?batch/s]Link prediction evaluation: 100%|██████████| 1/1 [00:00<00:00, 156.60batch/s]
Link prediction evaluation:   0%|          | 0/1 [00:00<?, ?batch/s]Link prediction evaluation: 100%|██████████| 1/1 [00:00<00:00, 188.95batch/s]
2026-05-22 07:26:46,465 - INFO - MRR on inference set: 0.04143283888697624
2026-05-22 07:26:46,467 - INFO - Evaluation results stored in ./inference_metrics.yaml
