2026-05-21 23:00:01,359 - WARNING - /linkhome/rech/genuyp01/ufq76hz/.conda/envs/torch_pyg/lib/python3.10/site-packages/ignite/handlers/checkpoint.py:16: DeprecationWarning: `TorchScript` support for functional optimizers is deprecated and will be removed in a future PyTorch release. Consider using the `torch.compile` optimizer instead.
  from torch.distributed.optim import ZeroRedundancyOptimizer

2026-05-21 23:00:01,633 - INFO - Configuration loaded:
{
    "common": {
        "seed": 42,
        "input_pkl": "/lustre/fswork/projects/rech/rnk/ufq76hz/dr_benchmark/DL3experiment/cold_start/hetionet_processing_drug",
        "out": "./",
        "run_kg_prep": false,
        "run_training": true,
        "run_evaluation": true,
        "plot_training_metrics": true,
        "run_inference": "/lustre/fswork/projects/rech/rnk/ufq76hz/dr_benchmark/knowledge_graph/hetionet_orphan_associations_only.tsv"
    },
    "model": {
        "name": "ComplEx",
        "emb_dim": 200,
        "margin": 1
    },
    "sampler": {
        "name": "Mixed",
        "n_neg": 5
    },
    "optimizer": {
        "name": "Adam",
        "params": {
            "lr": 0.001,
            "weight_decay": 0.001
        }
    },
    "training": {
        "max_epochs": 500,
        "batch_size": 4096,
        "eval_interval": 20,
        "eval_batch_size": 64,
        "patience": 10
    },
    "evaluation": {
        "made_directed_relations": [
            "DrD",
            "DrD_inv",
            "CrC",
            "CrC_inv",
            "GiG",
            "GiG_inv",
            "GcG",
            "GcG_inv"
        ],
        "target_relations": [
            "CtD"
        ],
        "thresholds": [
            10,
            5
        ]
    }
}
2026-05-21 23:00:01,633 - INFO - Setting number of threads to 5
2026-05-21 23:00:01,873 - INFO - Loading parameters from params.yaml
2026-05-21 23:00:01,873 - INFO - Output folder: ./
2026-05-21 23:00:01,873 - INFO - Loading KG...
2026-05-21 23:00:54,726 - INFO - Done
2026-05-21 23:00:54,775 - INFO - Detected device: cuda
2026-05-21 23:00:54,780 - INFO - Initializing model...
2026-05-21 23:00:55,215 - INFO - Optimizer 'Adam' initialized with parameters: {'lr': 0.001, 'weight_decay': 0.001}
2026-05-21 23:00:55,215 - INFO - Initializing sampler...
2026-05-21 23:01:24,888 - WARNING - /lustre/fswork/projects/rech/rnk/ufq76hz/dr_benchmark/dev/run_training.py:298: UserWarning: No learning rate scheduler specified in the configuration.
  warnings.warn("No learning rate scheduler specified in the configuration.")

2026-05-21 23:01:24,903 - INFO - Number of training batches: 602
2026-05-21 23:01:24,911 - INFO - Engine run starting with max_epochs=500.
2026-05-21 23:02:48,893 - INFO - Epoch 1 - Train Loss: 51268.51093551689, Validation MRR: 0, Learning Rate: 0.001
2026-05-21 23:02:51,973 - INFO - Memory cleaned.
2026-05-21 23:02:52,364 - INFO - Epoch[1] Complete. Time taken: 00:01:27.452
2026-05-21 23:04:15,536 - INFO - Epoch 2 - Train Loss: 38765.29727094111, Validation MRR: 0, Learning Rate: 0.001
2026-05-21 23:04:18,466 - INFO - Memory cleaned.
2026-05-21 23:04:18,862 - INFO - Epoch[2] Complete. Time taken: 00:01:26.498
2026-05-21 23:05:41,932 - INFO - Epoch 3 - Train Loss: 29993.901704326086, Validation MRR: 0, Learning Rate: 0.001
2026-05-21 23:05:44,845 - INFO - Memory cleaned.
2026-05-21 23:05:45,273 - INFO - Epoch[3] Complete. Time taken: 00:01:26.411
2026-05-21 23:07:08,246 - INFO - Epoch 4 - Train Loss: 24478.87859684486, Validation MRR: 0, Learning Rate: 0.001
2026-05-21 23:07:11,163 - INFO - Memory cleaned.
2026-05-21 23:07:11,606 - INFO - Epoch[4] Complete. Time taken: 00:01:26.332
2026-05-21 23:08:34,682 - INFO - Epoch 5 - Train Loss: 20494.52476567503, Validation MRR: 0, Learning Rate: 0.001
2026-05-21 23:08:37,566 - INFO - Memory cleaned.
2026-05-21 23:08:38,005 - INFO - Epoch[5] Complete. Time taken: 00:01:26.399
2026-05-21 23:10:00,899 - INFO - Epoch 6 - Train Loss: 17271.864436137013, Validation MRR: 0, Learning Rate: 0.001
2026-05-21 23:10:03,782 - INFO - Memory cleaned.
2026-05-21 23:10:04,249 - INFO - Epoch[6] Complete. Time taken: 00:01:26.243
2026-05-21 23:11:27,222 - INFO - Epoch 7 - Train Loss: 14730.290128594192, Validation MRR: 0, Learning Rate: 0.001
2026-05-21 23:11:30,125 - INFO - Memory cleaned.
2026-05-21 23:11:30,566 - INFO - Epoch[7] Complete. Time taken: 00:01:26.317
2026-05-21 23:12:53,498 - INFO - Epoch 8 - Train Loss: 12712.447156595446, Validation MRR: 0, Learning Rate: 0.001
2026-05-21 23:12:56,382 - INFO - Memory cleaned.
2026-05-21 23:12:56,821 - INFO - Epoch[8] Complete. Time taken: 00:01:26.255
2026-05-21 23:14:19,773 - INFO - Epoch 9 - Train Loss: 11172.72486283114, Validation MRR: 0, Learning Rate: 0.001
2026-05-21 23:14:22,703 - INFO - Memory cleaned.
2026-05-21 23:14:23,150 - INFO - Epoch[9] Complete. Time taken: 00:01:26.329
2026-05-21 23:15:46,147 - INFO - Epoch 10 - Train Loss: 9995.785047604928, Validation MRR: 0, Learning Rate: 0.001
2026-05-21 23:15:49,047 - INFO - Memory cleaned.
2026-05-21 23:15:49,492 - INFO - Epoch[10] Complete. Time taken: 00:01:26.342
2026-05-21 23:17:12,446 - INFO - Epoch 11 - Train Loss: 9098.111832559774, Validation MRR: 0, Learning Rate: 0.001
2026-05-21 23:17:15,328 - INFO - Memory cleaned.
2026-05-21 23:17:15,795 - INFO - Epoch[11] Complete. Time taken: 00:01:26.303
2026-05-21 23:18:38,734 - INFO - Epoch 12 - Train Loss: 8368.024895394787, Validation MRR: 0, Learning Rate: 0.001
2026-05-21 23:18:41,634 - INFO - Memory cleaned.
2026-05-21 23:18:42,084 - INFO - Epoch[12] Complete. Time taken: 00:01:26.288
2026-05-21 23:20:05,099 - INFO - Epoch 13 - Train Loss: 7859.209718480147, Validation MRR: 0, Learning Rate: 0.001
2026-05-21 23:20:07,986 - INFO - Memory cleaned.
2026-05-21 23:20:08,439 - INFO - Epoch[13] Complete. Time taken: 00:01:26.355
2026-05-21 23:21:31,347 - INFO - Epoch 14 - Train Loss: 7384.48713949201, Validation MRR: 0, Learning Rate: 0.001
2026-05-21 23:21:34,225 - INFO - Memory cleaned.
2026-05-21 23:21:34,668 - INFO - Epoch[14] Complete. Time taken: 00:01:26.229
2026-05-21 23:22:57,584 - INFO - Epoch 15 - Train Loss: 7064.625743877978, Validation MRR: 0, Learning Rate: 0.001
2026-05-21 23:23:00,486 - INFO - Memory cleaned.
2026-05-21 23:23:00,938 - INFO - Epoch[15] Complete. Time taken: 00:01:26.270
2026-05-21 23:24:23,894 - INFO - Epoch 16 - Train Loss: 6808.19610028913, Validation MRR: 0, Learning Rate: 0.001
2026-05-21 23:24:26,796 - INFO - Memory cleaned.
2026-05-21 23:24:27,246 - INFO - Epoch[16] Complete. Time taken: 00:01:26.308
2026-05-21 23:25:50,198 - INFO - Epoch 17 - Train Loss: 6551.83650698722, Validation MRR: 0, Learning Rate: 0.001
2026-05-21 23:25:53,128 - INFO - Memory cleaned.
2026-05-21 23:25:53,578 - INFO - Epoch[17] Complete. Time taken: 00:01:26.332
2026-05-21 23:27:16,640 - INFO - Epoch 18 - Train Loss: 6338.68250133585, Validation MRR: 0, Learning Rate: 0.001
2026-05-21 23:27:19,573 - INFO - Memory cleaned.
2026-05-21 23:27:20,031 - INFO - Epoch[18] Complete. Time taken: 00:01:26.453
2026-05-21 23:28:42,974 - INFO - Epoch 19 - Train Loss: 6182.738402555464, Validation MRR: 0, Learning Rate: 0.001
2026-05-21 23:28:45,874 - INFO - Memory cleaned.
2026-05-21 23:28:46,332 - INFO - Epoch[19] Complete. Time taken: 00:01:26.300
2026-05-21 23:30:09,276 - INFO - Epoch 20 - Train Loss: 6053.955223120905, Validation MRR: 0, Learning Rate: 0.001
2026-05-21 23:30:12,193 - INFO - Memory cleaned.
2026-05-21 23:30:12,193 - INFO - Evaluating on validation set at epoch 20...
Link prediction evaluation:   0%|          | 0/2 [00:00<?, ?batch/s]Link prediction evaluation:  50%|█████     | 1/2 [00:00<00:00,  9.02batch/s]Link prediction evaluation: 100%|██████████| 2/2 [00:00<00:00, 13.06batch/s]
2026-05-21 23:30:12,421 - INFO - Validation MRR: 0.14033721387386322
2026-05-21 23:30:13,200 - INFO - Epoch[20] Complete. Time taken: 00:01:26.868
2026-05-21 23:31:36,232 - INFO - Epoch 21 - Train Loss: 5916.567497619851, Validation MRR: 0.14033721387386322, Learning Rate: 0.001
2026-05-21 23:31:39,181 - INFO - Memory cleaned.
2026-05-21 23:31:39,641 - INFO - Epoch[21] Complete. Time taken: 00:01:26.440
2026-05-21 23:33:02,609 - INFO - Epoch 22 - Train Loss: 5835.901354785929, Validation MRR: 0.14033721387386322, Learning Rate: 0.001
2026-05-21 23:33:05,590 - INFO - Memory cleaned.
2026-05-21 23:33:06,044 - INFO - Epoch[22] Complete. Time taken: 00:01:26.403
2026-05-21 23:34:29,064 - INFO - Epoch 23 - Train Loss: 5750.04795648222, Validation MRR: 0.14033721387386322, Learning Rate: 0.001
2026-05-21 23:34:31,994 - INFO - Memory cleaned.
2026-05-21 23:34:32,447 - INFO - Epoch[23] Complete. Time taken: 00:01:26.403
2026-05-21 23:35:55,506 - INFO - Epoch 24 - Train Loss: 5671.774277272043, Validation MRR: 0.14033721387386322, Learning Rate: 0.001
2026-05-21 23:35:58,388 - INFO - Memory cleaned.
2026-05-21 23:35:58,841 - INFO - Epoch[24] Complete. Time taken: 00:01:26.394
2026-05-21 23:37:21,810 - INFO - Epoch 25 - Train Loss: 5585.337925180749, Validation MRR: 0.14033721387386322, Learning Rate: 0.001
2026-05-21 23:37:24,708 - INFO - Memory cleaned.
2026-05-21 23:37:25,156 - INFO - Epoch[25] Complete. Time taken: 00:01:26.315
2026-05-21 23:38:48,220 - INFO - Epoch 26 - Train Loss: 5534.6193456399205, Validation MRR: 0.14033721387386322, Learning Rate: 0.001
2026-05-21 23:38:51,105 - INFO - Memory cleaned.
2026-05-21 23:38:51,563 - INFO - Epoch[26] Complete. Time taken: 00:01:26.407
2026-05-21 23:40:14,571 - INFO - Epoch 27 - Train Loss: 5467.70322705444, Validation MRR: 0.14033721387386322, Learning Rate: 0.001
2026-05-21 23:40:17,500 - INFO - Memory cleaned.
2026-05-21 23:40:17,951 - INFO - Epoch[27] Complete. Time taken: 00:01:26.388
2026-05-21 23:41:40,939 - INFO - Epoch 28 - Train Loss: 5416.987695511732, Validation MRR: 0.14033721387386322, Learning Rate: 0.001
2026-05-21 23:41:43,836 - INFO - Memory cleaned.
2026-05-21 23:41:44,292 - INFO - Epoch[28] Complete. Time taken: 00:01:26.340
2026-05-21 23:43:07,288 - INFO - Epoch 29 - Train Loss: 5371.839088538425, Validation MRR: 0.14033721387386322, Learning Rate: 0.001
2026-05-21 23:43:10,172 - INFO - Memory cleaned.
2026-05-21 23:43:10,632 - INFO - Epoch[29] Complete. Time taken: 00:01:26.340
2026-05-21 23:44:33,646 - INFO - Epoch 30 - Train Loss: 5294.259169017899, Validation MRR: 0.14033721387386322, Learning Rate: 0.001
2026-05-21 23:44:36,537 - INFO - Memory cleaned.
2026-05-21 23:44:36,993 - INFO - Epoch[30] Complete. Time taken: 00:01:26.361
2026-05-21 23:46:00,044 - INFO - Epoch 31 - Train Loss: 5284.984211491114, Validation MRR: 0.14033721387386322, Learning Rate: 0.001
2026-05-21 23:46:02,960 - INFO - Memory cleaned.
2026-05-21 23:46:03,422 - INFO - Epoch[31] Complete. Time taken: 00:01:26.428
2026-05-21 23:47:26,367 - INFO - Epoch 32 - Train Loss: 5273.774092911327, Validation MRR: 0.14033721387386322, Learning Rate: 0.001
2026-05-21 23:47:29,245 - INFO - Memory cleaned.
2026-05-21 23:47:29,726 - INFO - Epoch[32] Complete. Time taken: 00:01:26.305
2026-05-21 23:48:52,645 - INFO - Epoch 33 - Train Loss: 5217.746302512583, Validation MRR: 0.14033721387386322, Learning Rate: 0.001
2026-05-21 23:48:55,522 - INFO - Memory cleaned.
2026-05-21 23:48:55,975 - INFO - Epoch[33] Complete. Time taken: 00:01:26.249
2026-05-21 23:50:18,920 - INFO - Epoch 34 - Train Loss: 5194.166403441939, Validation MRR: 0.14033721387386322, Learning Rate: 0.001
2026-05-21 23:50:21,838 - INFO - Memory cleaned.
2026-05-21 23:50:22,300 - INFO - Epoch[34] Complete. Time taken: 00:01:26.325
2026-05-21 23:51:45,516 - INFO - Epoch 35 - Train Loss: 5188.336294975106, Validation MRR: 0.14033721387386322, Learning Rate: 0.001
2026-05-21 23:51:48,448 - INFO - Memory cleaned.
2026-05-21 23:51:48,909 - INFO - Epoch[35] Complete. Time taken: 00:01:26.608
2026-05-21 23:53:11,944 - INFO - Epoch 36 - Train Loss: 5151.523829376024, Validation MRR: 0.14033721387386322, Learning Rate: 0.001
2026-05-21 23:53:14,850 - INFO - Memory cleaned.
2026-05-21 23:53:15,310 - INFO - Epoch[36] Complete. Time taken: 00:01:26.401
2026-05-21 23:54:38,320 - INFO - Epoch 37 - Train Loss: 5106.839856974994, Validation MRR: 0.14033721387386322, Learning Rate: 0.001
2026-05-21 23:54:41,211 - INFO - Memory cleaned.
2026-05-21 23:54:41,671 - INFO - Epoch[37] Complete. Time taken: 00:01:26.361
2026-05-21 23:56:04,812 - INFO - Epoch 38 - Train Loss: 5111.385002144187, Validation MRR: 0.14033721387386322, Learning Rate: 0.001
2026-05-21 23:56:07,709 - INFO - Memory cleaned.
2026-05-21 23:56:08,163 - INFO - Epoch[38] Complete. Time taken: 00:01:26.492
2026-05-21 23:57:31,073 - INFO - Epoch 39 - Train Loss: 5075.515050194796, Validation MRR: 0.14033721387386322, Learning Rate: 0.001
2026-05-21 23:57:33,974 - INFO - Memory cleaned.
2026-05-21 23:57:34,429 - INFO - Epoch[39] Complete. Time taken: 00:01:26.266
2026-05-21 23:58:57,348 - INFO - Epoch 40 - Train Loss: 5061.392943367162, Validation MRR: 0.14033721387386322, Learning Rate: 0.001
2026-05-21 23:59:00,248 - INFO - Memory cleaned.
2026-05-21 23:59:00,248 - INFO - Evaluating on validation set at epoch 40...
Link prediction evaluation:   0%|          | 0/2 [00:00<?, ?batch/s]Link prediction evaluation: 100%|██████████| 2/2 [00:00<00:00, 27.44batch/s]
2026-05-21 23:59:00,322 - INFO - Validation MRR: 0.10676518827676773
2026-05-21 23:59:00,775 - INFO - Epoch[40] Complete. Time taken: 00:01:26.346
2026-05-22 00:00:23,678 - INFO - Epoch 41 - Train Loss: 5057.749704811454, Validation MRR: 0.10676518827676773, Learning Rate: 0.001
2026-05-22 00:00:26,594 - INFO - Memory cleaned.
2026-05-22 00:00:27,048 - INFO - Epoch[41] Complete. Time taken: 00:01:26.273
2026-05-22 00:01:50,022 - INFO - Epoch 42 - Train Loss: 5010.471096493145, Validation MRR: 0.10676518827676773, Learning Rate: 0.001
2026-05-22 00:01:52,941 - INFO - Memory cleaned.
2026-05-22 00:01:53,399 - INFO - Epoch[42] Complete. Time taken: 00:01:26.350
2026-05-22 00:03:16,441 - INFO - Epoch 43 - Train Loss: 5010.127455581408, Validation MRR: 0.10676518827676773, Learning Rate: 0.001
2026-05-22 00:03:19,325 - INFO - Memory cleaned.
2026-05-22 00:03:19,780 - INFO - Epoch[43] Complete. Time taken: 00:01:26.381
2026-05-22 00:04:42,819 - INFO - Epoch 44 - Train Loss: 5002.3237555766345, Validation MRR: 0.10676518827676773, Learning Rate: 0.001
2026-05-22 00:04:45,718 - INFO - Memory cleaned.
2026-05-22 00:04:46,182 - INFO - Epoch[44] Complete. Time taken: 00:01:26.402
2026-05-22 00:06:09,345 - INFO - Epoch 45 - Train Loss: 4983.874368427467, Validation MRR: 0.10676518827676773, Learning Rate: 0.001
2026-05-22 00:06:12,268 - INFO - Memory cleaned.
2026-05-22 00:06:12,731 - INFO - Epoch[45] Complete. Time taken: 00:01:26.549
2026-05-22 00:07:36,022 - INFO - Epoch 46 - Train Loss: 4949.776229558814, Validation MRR: 0.10676518827676773, Learning Rate: 0.001
2026-05-22 00:07:38,944 - INFO - Memory cleaned.
2026-05-22 00:07:39,413 - INFO - Epoch[46] Complete. Time taken: 00:01:26.682
2026-05-22 00:09:02,294 - INFO - Epoch 47 - Train Loss: 4972.585944896419, Validation MRR: 0.10676518827676773, Learning Rate: 0.001
2026-05-22 00:09:05,228 - INFO - Memory cleaned.
2026-05-22 00:09:05,701 - INFO - Epoch[47] Complete. Time taken: 00:01:26.288
2026-05-22 00:10:28,635 - INFO - Epoch 48 - Train Loss: 4947.362065959601, Validation MRR: 0.10676518827676773, Learning Rate: 0.001
2026-05-22 00:10:31,565 - INFO - Memory cleaned.
2026-05-22 00:10:32,051 - INFO - Epoch[48] Complete. Time taken: 00:01:26.349
2026-05-22 00:11:55,024 - INFO - Epoch 49 - Train Loss: 4920.65165683983, Validation MRR: 0.10676518827676773, Learning Rate: 0.001
2026-05-22 00:11:57,944 - INFO - Memory cleaned.
2026-05-22 00:11:58,427 - INFO - Epoch[49] Complete. Time taken: 00:01:26.376
2026-05-22 00:13:21,424 - INFO - Epoch 50 - Train Loss: 4922.528425298099, Validation MRR: 0.10676518827676773, Learning Rate: 0.001
2026-05-22 00:13:24,305 - INFO - Memory cleaned.
2026-05-22 00:13:24,764 - INFO - Epoch[50] Complete. Time taken: 00:01:26.337
2026-05-22 00:14:47,737 - INFO - Epoch 51 - Train Loss: 4939.621773760323, Validation MRR: 0.10676518827676773, Learning Rate: 0.001
2026-05-22 00:14:50,640 - INFO - Memory cleaned.
2026-05-22 00:14:51,111 - INFO - Epoch[51] Complete. Time taken: 00:01:26.346
2026-05-22 00:16:14,042 - INFO - Epoch 52 - Train Loss: 4923.202219216608, Validation MRR: 0.10676518827676773, Learning Rate: 0.001
2026-05-22 00:16:16,926 - INFO - Memory cleaned.
2026-05-22 00:16:17,387 - INFO - Epoch[52] Complete. Time taken: 00:01:26.276
2026-05-22 00:17:40,392 - INFO - Epoch 53 - Train Loss: 4889.067417987772, Validation MRR: 0.10676518827676773, Learning Rate: 0.001
2026-05-22 00:17:43,274 - INFO - Memory cleaned.
2026-05-22 00:17:43,758 - INFO - Epoch[53] Complete. Time taken: 00:01:26.371
2026-05-22 00:19:06,609 - INFO - Epoch 54 - Train Loss: 4886.590905137071, Validation MRR: 0.10676518827676773, Learning Rate: 0.001
2026-05-22 00:19:09,505 - INFO - Memory cleaned.
2026-05-22 00:19:09,967 - INFO - Epoch[54] Complete. Time taken: 00:01:26.209
2026-05-22 00:20:32,844 - INFO - Epoch 55 - Train Loss: 4891.598391973578, Validation MRR: 0.10676518827676773, Learning Rate: 0.001
2026-05-22 00:20:35,727 - INFO - Memory cleaned.
2026-05-22 00:20:36,193 - INFO - Epoch[55] Complete. Time taken: 00:01:26.226
2026-05-22 00:21:59,153 - INFO - Epoch 56 - Train Loss: 4866.337223396299, Validation MRR: 0.10676518827676773, Learning Rate: 0.001
2026-05-22 00:22:02,038 - INFO - Memory cleaned.
2026-05-22 00:22:02,497 - INFO - Epoch[56] Complete. Time taken: 00:01:26.304
2026-05-22 00:23:25,495 - INFO - Epoch 57 - Train Loss: 4848.176010650897, Validation MRR: 0.10676518827676773, Learning Rate: 0.001
2026-05-22 00:23:28,380 - INFO - Memory cleaned.
2026-05-22 00:23:28,844 - INFO - Epoch[57] Complete. Time taken: 00:01:26.347
2026-05-22 00:24:51,856 - INFO - Epoch 58 - Train Loss: 4840.660419434391, Validation MRR: 0.10676518827676773, Learning Rate: 0.001
2026-05-22 00:24:54,785 - INFO - Memory cleaned.
2026-05-22 00:24:55,250 - INFO - Epoch[58] Complete. Time taken: 00:01:26.406
2026-05-22 00:26:18,257 - INFO - Epoch 59 - Train Loss: 4843.659101814662, Validation MRR: 0.10676518827676773, Learning Rate: 0.001
2026-05-22 00:26:21,199 - INFO - Memory cleaned.
2026-05-22 00:26:21,665 - INFO - Epoch[59] Complete. Time taken: 00:01:26.415
2026-05-22 00:27:44,677 - INFO - Epoch 60 - Train Loss: 4853.594214087323, Validation MRR: 0.10676518827676773, Learning Rate: 0.001
2026-05-22 00:27:47,611 - INFO - Memory cleaned.
2026-05-22 00:27:47,611 - INFO - Evaluating on validation set at epoch 60...
Link prediction evaluation:   0%|          | 0/2 [00:00<?, ?batch/s]Link prediction evaluation: 100%|██████████| 2/2 [00:00<00:00, 27.41batch/s]
2026-05-22 00:27:47,685 - INFO - Validation MRR: 0.12070592492818832
2026-05-22 00:27:48,142 - INFO - Epoch[60] Complete. Time taken: 00:01:26.477
2026-05-22 00:29:11,137 - INFO - Epoch 61 - Train Loss: 4821.8188779242, Validation MRR: 0.12070592492818832, Learning Rate: 0.001
2026-05-22 00:29:14,028 - INFO - Memory cleaned.
2026-05-22 00:29:14,487 - INFO - Epoch[61] Complete. Time taken: 00:01:26.344
2026-05-22 00:30:37,532 - INFO - Epoch 62 - Train Loss: 4841.928445618834, Validation MRR: 0.12070592492818832, Learning Rate: 0.001
2026-05-22 00:30:40,417 - INFO - Memory cleaned.
2026-05-22 00:30:40,873 - INFO - Epoch[62] Complete. Time taken: 00:01:26.386
2026-05-22 00:32:03,932 - INFO - Epoch 63 - Train Loss: 4809.591978147208, Validation MRR: 0.12070592492818832, Learning Rate: 0.001
2026-05-22 00:32:06,860 - INFO - Memory cleaned.
2026-05-22 00:32:07,321 - INFO - Epoch[63] Complete. Time taken: 00:01:26.447
2026-05-22 00:33:30,346 - INFO - Epoch 64 - Train Loss: 4797.004041717653, Validation MRR: 0.12070592492818832, Learning Rate: 0.001
2026-05-22 00:33:33,277 - INFO - Memory cleaned.
2026-05-22 00:33:33,737 - INFO - Epoch[64] Complete. Time taken: 00:01:26.416
2026-05-22 00:34:56,636 - INFO - Epoch 65 - Train Loss: 4807.081204544295, Validation MRR: 0.12070592492818832, Learning Rate: 0.001
2026-05-22 00:34:59,566 - INFO - Memory cleaned.
2026-05-22 00:35:00,025 - INFO - Epoch[65] Complete. Time taken: 00:01:26.288
2026-05-22 00:36:22,477 - INFO - Epoch 66 - Train Loss: 4807.37722252526, Validation MRR: 0.12070592492818832, Learning Rate: 0.001
2026-05-22 00:36:25,404 - INFO - Memory cleaned.
2026-05-22 00:36:25,862 - INFO - Epoch[66] Complete. Time taken: 00:01:25.836
2026-05-22 00:37:48,281 - INFO - Epoch 67 - Train Loss: 4799.044554886491, Validation MRR: 0.12070592492818832, Learning Rate: 0.001
2026-05-22 00:37:51,204 - INFO - Memory cleaned.
2026-05-22 00:37:51,665 - INFO - Epoch[67] Complete. Time taken: 00:01:25.803
2026-05-22 00:39:13,829 - INFO - Epoch 68 - Train Loss: 4806.485960994494, Validation MRR: 0.12070592492818832, Learning Rate: 0.001
2026-05-22 00:39:16,719 - INFO - Memory cleaned.
2026-05-22 00:39:17,182 - INFO - Epoch[68] Complete. Time taken: 00:01:25.516
2026-05-22 00:40:39,157 - INFO - Epoch 69 - Train Loss: 4793.614346066685, Validation MRR: 0.12070592492818832, Learning Rate: 0.001
2026-05-22 00:40:42,050 - INFO - Memory cleaned.
2026-05-22 00:40:42,512 - INFO - Epoch[69] Complete. Time taken: 00:01:25.330
2026-05-22 00:42:04,534 - INFO - Epoch 70 - Train Loss: 4782.440048491063, Validation MRR: 0.12070592492818832, Learning Rate: 0.001
2026-05-22 00:42:07,423 - INFO - Memory cleaned.
2026-05-22 00:42:07,903 - INFO - Epoch[70] Complete. Time taken: 00:01:25.390
2026-05-22 00:43:30,194 - INFO - Epoch 71 - Train Loss: 4785.278139215279, Validation MRR: 0.12070592492818832, Learning Rate: 0.001
2026-05-22 00:43:33,080 - INFO - Memory cleaned.
2026-05-22 00:43:33,537 - INFO - Epoch[71] Complete. Time taken: 00:01:25.634
2026-05-22 00:44:55,829 - INFO - Epoch 72 - Train Loss: 4767.0038194935505, Validation MRR: 0.12070592492818832, Learning Rate: 0.001
2026-05-22 00:44:58,716 - INFO - Memory cleaned.
2026-05-22 00:44:59,173 - INFO - Epoch[72] Complete. Time taken: 00:01:25.636
2026-05-22 00:46:21,452 - INFO - Epoch 73 - Train Loss: 4778.869120431187, Validation MRR: 0.12070592492818832, Learning Rate: 0.001
2026-05-22 00:46:24,339 - INFO - Memory cleaned.
2026-05-22 00:46:24,797 - INFO - Epoch[73] Complete. Time taken: 00:01:25.624
2026-05-22 00:47:47,135 - INFO - Epoch 74 - Train Loss: 4763.309725881921, Validation MRR: 0.12070592492818832, Learning Rate: 0.001
2026-05-22 00:47:50,003 - INFO - Memory cleaned.
2026-05-22 00:47:50,467 - INFO - Epoch[74] Complete. Time taken: 00:01:25.670
2026-05-22 00:49:12,831 - INFO - Epoch 75 - Train Loss: 4787.082590367465, Validation MRR: 0.12070592492818832, Learning Rate: 0.001
2026-05-22 00:49:15,716 - INFO - Memory cleaned.
2026-05-22 00:49:16,179 - INFO - Epoch[75] Complete. Time taken: 00:01:25.711
2026-05-22 00:50:38,530 - INFO - Epoch 76 - Train Loss: 4756.390502077344, Validation MRR: 0.12070592492818832, Learning Rate: 0.001
2026-05-22 00:50:41,433 - INFO - Memory cleaned.
2026-05-22 00:50:41,932 - INFO - Epoch[76] Complete. Time taken: 00:01:25.754
2026-05-22 00:52:04,202 - INFO - Epoch 77 - Train Loss: 4761.421565043545, Validation MRR: 0.12070592492818832, Learning Rate: 0.001
2026-05-22 00:52:07,069 - INFO - Memory cleaned.
2026-05-22 00:52:07,526 - INFO - Epoch[77] Complete. Time taken: 00:01:25.594
2026-05-22 00:53:29,864 - INFO - Epoch 78 - Train Loss: 4783.550605592489, Validation MRR: 0.12070592492818832, Learning Rate: 0.001
2026-05-22 00:53:32,736 - INFO - Memory cleaned.
2026-05-22 00:53:33,225 - INFO - Epoch[78] Complete. Time taken: 00:01:25.699
2026-05-22 00:54:55,546 - INFO - Epoch 79 - Train Loss: 4760.498416593313, Validation MRR: 0.12070592492818832, Learning Rate: 0.001
2026-05-22 00:54:58,450 - INFO - Memory cleaned.
2026-05-22 00:54:58,919 - INFO - Epoch[79] Complete. Time taken: 00:01:25.694
2026-05-22 00:56:22,094 - INFO - Epoch 80 - Train Loss: 4740.9456705544335, Validation MRR: 0.12070592492818832, Learning Rate: 0.001
2026-05-22 00:56:25,010 - INFO - Memory cleaned.
2026-05-22 00:56:25,010 - INFO - Evaluating on validation set at epoch 80...
Link prediction evaluation:   0%|          | 0/2 [00:00<?, ?batch/s]Link prediction evaluation: 100%|██████████| 2/2 [00:00<00:00, 27.37batch/s]
2026-05-22 00:56:25,084 - INFO - Validation MRR: 0.1266409456729889
2026-05-22 00:56:25,564 - INFO - Epoch[80] Complete. Time taken: 00:01:26.644
2026-05-22 00:57:48,398 - INFO - Epoch 81 - Train Loss: 4771.110740754092, Validation MRR: 0.1266409456729889, Learning Rate: 0.001
2026-05-22 00:57:51,310 - INFO - Memory cleaned.
2026-05-22 00:57:51,777 - INFO - Epoch[81] Complete. Time taken: 00:01:26.213
2026-05-22 00:59:14,401 - INFO - Epoch 82 - Train Loss: 4760.842184165566, Validation MRR: 0.1266409456729889, Learning Rate: 0.001
2026-05-22 00:59:17,264 - INFO - Memory cleaned.
2026-05-22 00:59:17,725 - INFO - Epoch[82] Complete. Time taken: 00:01:25.948
2026-05-22 01:00:40,047 - INFO - Epoch 83 - Train Loss: 4746.917655403694, Validation MRR: 0.1266409456729889, Learning Rate: 0.001
2026-05-22 01:00:42,913 - INFO - Memory cleaned.
2026-05-22 01:00:43,404 - INFO - Epoch[83] Complete. Time taken: 00:01:25.679
2026-05-22 01:02:05,992 - INFO - Epoch 84 - Train Loss: 4733.240079709262, Validation MRR: 0.1266409456729889, Learning Rate: 0.001
2026-05-22 01:02:08,846 - INFO - Memory cleaned.
2026-05-22 01:02:09,315 - INFO - Epoch[84] Complete. Time taken: 00:01:25.910
2026-05-22 01:03:31,623 - INFO - Epoch 85 - Train Loss: 4730.802843287719, Validation MRR: 0.1266409456729889, Learning Rate: 0.001
2026-05-22 01:03:34,476 - INFO - Memory cleaned.
2026-05-22 01:03:34,933 - INFO - Epoch[85] Complete. Time taken: 00:01:25.618
2026-05-22 01:04:57,228 - INFO - Epoch 86 - Train Loss: 4757.606930321532, Validation MRR: 0.1266409456729889, Learning Rate: 0.001
2026-05-22 01:05:00,078 - INFO - Memory cleaned.
2026-05-22 01:05:00,540 - INFO - Epoch[86] Complete. Time taken: 00:01:25.607
2026-05-22 01:06:22,837 - INFO - Epoch 87 - Train Loss: 4748.4222737622995, Validation MRR: 0.1266409456729889, Learning Rate: 0.001
2026-05-22 01:06:25,680 - INFO - Memory cleaned.
2026-05-22 01:06:26,139 - INFO - Epoch[87] Complete. Time taken: 00:01:25.599
2026-05-22 01:07:48,439 - INFO - Epoch 88 - Train Loss: 4709.530031330262, Validation MRR: 0.1266409456729889, Learning Rate: 0.001
2026-05-22 01:07:51,287 - INFO - Memory cleaned.
2026-05-22 01:07:51,748 - INFO - Epoch[88] Complete. Time taken: 00:01:25.609
2026-05-22 01:09:14,097 - INFO - Epoch 89 - Train Loss: 4736.812642752056, Validation MRR: 0.1266409456729889, Learning Rate: 0.001
2026-05-22 01:09:16,941 - INFO - Memory cleaned.
2026-05-22 01:09:17,403 - INFO - Epoch[89] Complete. Time taken: 00:01:25.655
2026-05-22 01:10:39,900 - INFO - Epoch 90 - Train Loss: 4759.684942512254, Validation MRR: 0.1266409456729889, Learning Rate: 0.001
2026-05-22 01:10:42,747 - INFO - Memory cleaned.
2026-05-22 01:10:43,224 - INFO - Epoch[90] Complete. Time taken: 00:01:25.821
2026-05-22 01:12:05,539 - INFO - Epoch 91 - Train Loss: 4730.77756350059, Validation MRR: 0.1266409456729889, Learning Rate: 0.001
2026-05-22 01:12:08,377 - INFO - Memory cleaned.
2026-05-22 01:12:08,838 - INFO - Epoch[91] Complete. Time taken: 00:01:25.614
2026-05-22 01:13:31,159 - INFO - Epoch 92 - Train Loss: 4742.88712123069, Validation MRR: 0.1266409456729889, Learning Rate: 0.001
2026-05-22 01:13:33,998 - INFO - Memory cleaned.
2026-05-22 01:13:34,459 - INFO - Epoch[92] Complete. Time taken: 00:01:25.621
2026-05-22 01:14:56,753 - INFO - Epoch 93 - Train Loss: 4728.330615102259, Validation MRR: 0.1266409456729889, Learning Rate: 0.001
2026-05-22 01:14:59,600 - INFO - Memory cleaned.
2026-05-22 01:15:00,122 - INFO - Epoch[93] Complete. Time taken: 00:01:25.664
2026-05-22 01:16:22,426 - INFO - Epoch 94 - Train Loss: 4721.207149878779, Validation MRR: 0.1266409456729889, Learning Rate: 0.001
2026-05-22 01:16:25,254 - INFO - Memory cleaned.
2026-05-22 01:16:25,716 - INFO - Epoch[94] Complete. Time taken: 00:01:25.594
2026-05-22 01:17:47,988 - INFO - Epoch 95 - Train Loss: 4712.967449379293, Validation MRR: 0.1266409456729889, Learning Rate: 0.001
2026-05-22 01:17:50,815 - INFO - Memory cleaned.
2026-05-22 01:17:51,294 - INFO - Epoch[95] Complete. Time taken: 00:01:25.577
2026-05-22 01:19:13,630 - INFO - Epoch 96 - Train Loss: 4726.355812628561, Validation MRR: 0.1266409456729889, Learning Rate: 0.001
2026-05-22 01:19:16,456 - INFO - Memory cleaned.
2026-05-22 01:19:16,916 - INFO - Epoch[96] Complete. Time taken: 00:01:25.622
2026-05-22 01:20:39,194 - INFO - Epoch 97 - Train Loss: 4714.202139886493, Validation MRR: 0.1266409456729889, Learning Rate: 0.001
2026-05-22 01:20:42,023 - INFO - Memory cleaned.
2026-05-22 01:20:42,484 - INFO - Epoch[97] Complete. Time taken: 00:01:25.568
2026-05-22 01:22:04,803 - INFO - Epoch 98 - Train Loss: 4723.382287157099, Validation MRR: 0.1266409456729889, Learning Rate: 0.001
2026-05-22 01:22:07,623 - INFO - Memory cleaned.
2026-05-22 01:22:08,084 - INFO - Epoch[98] Complete. Time taken: 00:01:25.600
2026-05-22 01:23:30,344 - INFO - Epoch 99 - Train Loss: 4711.423619109168, Validation MRR: 0.1266409456729889, Learning Rate: 0.001
2026-05-22 01:23:33,161 - INFO - Memory cleaned.
2026-05-22 01:23:33,622 - INFO - Epoch[99] Complete. Time taken: 00:01:25.538
2026-05-22 01:24:55,898 - INFO - Epoch 100 - Train Loss: 4671.338611186522, Validation MRR: 0.1266409456729889, Learning Rate: 0.001
2026-05-22 01:24:58,709 - INFO - Memory cleaned.
2026-05-22 01:24:58,710 - INFO - Evaluating on validation set at epoch 100...
Link prediction evaluation:   0%|          | 0/2 [00:00<?, ?batch/s]Link prediction evaluation: 100%|██████████| 2/2 [00:00<00:00, 27.48batch/s]
2026-05-22 01:24:58,784 - INFO - Validation MRR: 0.11403180658817291
2026-05-22 01:24:59,245 - INFO - Epoch[100] Complete. Time taken: 00:01:25.623
2026-05-22 01:26:21,518 - INFO - Epoch 101 - Train Loss: 4690.930998180019, Validation MRR: 0.11403180658817291, Learning Rate: 0.001
2026-05-22 01:26:24,330 - INFO - Memory cleaned.
2026-05-22 01:26:24,811 - INFO - Epoch[101] Complete. Time taken: 00:01:25.566
2026-05-22 01:27:47,105 - INFO - Epoch 102 - Train Loss: 4716.613640016661, Validation MRR: 0.11403180658817291, Learning Rate: 0.001
2026-05-22 01:27:49,919 - INFO - Memory cleaned.
2026-05-22 01:27:50,381 - INFO - Epoch[102] Complete. Time taken: 00:01:25.570
2026-05-22 01:29:12,683 - INFO - Epoch 103 - Train Loss: 4677.527695071298, Validation MRR: 0.11403180658817291, Learning Rate: 0.001
2026-05-22 01:29:15,491 - INFO - Memory cleaned.
2026-05-22 01:29:15,954 - INFO - Epoch[103] Complete. Time taken: 00:01:25.573
2026-05-22 01:30:38,265 - INFO - Epoch 104 - Train Loss: 4709.041182571418, Validation MRR: 0.11403180658817291, Learning Rate: 0.001
2026-05-22 01:30:41,075 - INFO - Memory cleaned.
2026-05-22 01:30:41,534 - INFO - Epoch[104] Complete. Time taken: 00:01:25.580
2026-05-22 01:32:03,863 - INFO - Epoch 105 - Train Loss: 4732.992710296168, Validation MRR: 0.11403180658817291, Learning Rate: 0.001
2026-05-22 01:32:06,696 - INFO - Memory cleaned.
2026-05-22 01:32:07,158 - INFO - Epoch[105] Complete. Time taken: 00:01:25.624
2026-05-22 01:33:29,437 - INFO - Epoch 106 - Train Loss: 4712.825757144466, Validation MRR: 0.11403180658817291, Learning Rate: 0.001
2026-05-22 01:33:32,240 - INFO - Memory cleaned.
2026-05-22 01:33:32,697 - INFO - Epoch[106] Complete. Time taken: 00:01:25.539
2026-05-22 01:34:54,947 - INFO - Epoch 107 - Train Loss: 4675.2651687287325, Validation MRR: 0.11403180658817291, Learning Rate: 0.001
2026-05-22 01:34:57,744 - INFO - Memory cleaned.
2026-05-22 01:34:58,204 - INFO - Epoch[107] Complete. Time taken: 00:01:25.506
2026-05-22 01:36:20,525 - INFO - Epoch 108 - Train Loss: 4696.560611010651, Validation MRR: 0.11403180658817291, Learning Rate: 0.001
2026-05-22 01:36:23,338 - INFO - Memory cleaned.
2026-05-22 01:36:23,816 - INFO - Epoch[108] Complete. Time taken: 00:01:25.612
2026-05-22 01:37:46,047 - INFO - Epoch 109 - Train Loss: 4696.983061078245, Validation MRR: 0.11403180658817291, Learning Rate: 0.001
2026-05-22 01:37:48,869 - INFO - Memory cleaned.
2026-05-22 01:37:49,354 - INFO - Epoch[109] Complete. Time taken: 00:01:25.538
2026-05-22 01:39:11,612 - INFO - Epoch 110 - Train Loss: 4689.412801221862, Validation MRR: 0.11403180658817291, Learning Rate: 0.001
2026-05-22 01:39:14,468 - INFO - Memory cleaned.
2026-05-22 01:39:14,935 - INFO - Epoch[110] Complete. Time taken: 00:01:25.581
2026-05-22 01:40:37,235 - INFO - Epoch 111 - Train Loss: 4673.627771522247, Validation MRR: 0.11403180658817291, Learning Rate: 0.001
2026-05-22 01:40:40,091 - INFO - Memory cleaned.
2026-05-22 01:40:40,554 - INFO - Epoch[111] Complete. Time taken: 00:01:25.619
2026-05-22 01:42:02,810 - INFO - Epoch 112 - Train Loss: 4717.133021207371, Validation MRR: 0.11403180658817291, Learning Rate: 0.001
2026-05-22 01:42:05,622 - INFO - Memory cleaned.
2026-05-22 01:42:06,086 - INFO - Epoch[112] Complete. Time taken: 00:01:25.532
2026-05-22 01:43:28,336 - INFO - Epoch 113 - Train Loss: 4692.101226319312, Validation MRR: 0.11403180658817291, Learning Rate: 0.001
2026-05-22 01:43:31,137 - INFO - Memory cleaned.
2026-05-22 01:43:31,600 - INFO - Epoch[113] Complete. Time taken: 00:01:25.514
2026-05-22 01:44:53,857 - INFO - Epoch 114 - Train Loss: 4691.775134683753, Validation MRR: 0.11403180658817291, Learning Rate: 0.001
2026-05-22 01:44:56,660 - INFO - Memory cleaned.
2026-05-22 01:44:57,126 - INFO - Epoch[114] Complete. Time taken: 00:01:25.526
2026-05-22 01:46:19,417 - INFO - Epoch 115 - Train Loss: 4685.608663294913, Validation MRR: 0.11403180658817291, Learning Rate: 0.001
2026-05-22 01:46:22,217 - INFO - Memory cleaned.
2026-05-22 01:46:22,677 - INFO - Epoch[115] Complete. Time taken: 00:01:25.551
2026-05-22 01:47:44,936 - INFO - Epoch 116 - Train Loss: 4682.618745548759, Validation MRR: 0.11403180658817291, Learning Rate: 0.001
2026-05-22 01:47:47,731 - INFO - Memory cleaned.
2026-05-22 01:47:48,191 - INFO - Epoch[116] Complete. Time taken: 00:01:25.514
2026-05-22 01:49:10,451 - INFO - Epoch 117 - Train Loss: 4698.353642912559, Validation MRR: 0.11403180658817291, Learning Rate: 0.001
2026-05-22 01:49:13,264 - INFO - Memory cleaned.
2026-05-22 01:49:13,724 - INFO - Epoch[117] Complete. Time taken: 00:01:25.532
2026-05-22 01:50:36,016 - INFO - Epoch 118 - Train Loss: 4694.930260273685, Validation MRR: 0.11403180658817291, Learning Rate: 0.001
2026-05-22 01:50:38,813 - INFO - Memory cleaned.
2026-05-22 01:50:39,272 - INFO - Epoch[118] Complete. Time taken: 00:01:25.548
2026-05-22 01:52:01,545 - INFO - Epoch 119 - Train Loss: 4698.4295538184515, Validation MRR: 0.11403180658817291, Learning Rate: 0.001
2026-05-22 01:52:04,340 - INFO - Memory cleaned.
2026-05-22 01:52:04,820 - INFO - Epoch[119] Complete. Time taken: 00:01:25.548
2026-05-22 01:53:27,105 - INFO - Epoch 120 - Train Loss: 4670.094861137123, Validation MRR: 0.11403180658817291, Learning Rate: 0.001
2026-05-22 01:53:29,909 - INFO - Memory cleaned.
2026-05-22 01:53:29,909 - INFO - Evaluating on validation set at epoch 120...
Link prediction evaluation:   0%|          | 0/2 [00:00<?, ?batch/s]Link prediction evaluation: 100%|██████████| 2/2 [00:00<00:00, 27.49batch/s]
2026-05-22 01:53:29,983 - INFO - Validation MRR: 0.11390875279903412
2026-05-22 01:53:30,444 - INFO - Epoch[120] Complete. Time taken: 00:01:25.624
2026-05-22 01:54:52,669 - INFO - Epoch 121 - Train Loss: 4657.189769192464, Validation MRR: 0.11390875279903412, Learning Rate: 0.001
2026-05-22 01:54:55,488 - INFO - Memory cleaned.
2026-05-22 01:54:55,970 - INFO - Epoch[121] Complete. Time taken: 00:01:25.526
2026-05-22 01:56:18,227 - INFO - Epoch 122 - Train Loss: 4692.747141848026, Validation MRR: 0.11390875279903412, Learning Rate: 0.001
2026-05-22 01:56:21,039 - INFO - Memory cleaned.
2026-05-22 01:56:21,496 - INFO - Epoch[122] Complete. Time taken: 00:01:25.526
2026-05-22 01:57:43,747 - INFO - Epoch 123 - Train Loss: 4669.574114758996, Validation MRR: 0.11390875279903412, Learning Rate: 0.001
2026-05-22 01:57:46,558 - INFO - Memory cleaned.
2026-05-22 01:57:47,021 - INFO - Epoch[123] Complete. Time taken: 00:01:25.524
2026-05-22 01:59:09,311 - INFO - Epoch 124 - Train Loss: 4685.709308403957, Validation MRR: 0.11390875279903412, Learning Rate: 0.001
2026-05-22 01:59:12,127 - INFO - Memory cleaned.
2026-05-22 01:59:12,587 - INFO - Epoch[124] Complete. Time taken: 00:01:25.566
2026-05-22 02:00:34,827 - INFO - Epoch 125 - Train Loss: 4680.684600528331, Validation MRR: 0.11390875279903412, Learning Rate: 0.001
2026-05-22 02:00:37,642 - INFO - Memory cleaned.
2026-05-22 02:00:38,161 - INFO - Epoch[125] Complete. Time taken: 00:01:25.575
2026-05-22 02:02:00,794 - INFO - Epoch 126 - Train Loss: 4667.499135097807, Validation MRR: 0.11390875279903412, Learning Rate: 0.001
2026-05-22 02:02:03,597 - INFO - Memory cleaned.
2026-05-22 02:02:04,063 - INFO - Epoch[126] Complete. Time taken: 00:01:25.901
2026-05-22 02:03:26,338 - INFO - Epoch 127 - Train Loss: 4659.50041364269, Validation MRR: 0.11390875279903412, Learning Rate: 0.001
2026-05-22 02:03:29,142 - INFO - Memory cleaned.
2026-05-22 02:03:29,541 - INFO - Epoch[127] Complete. Time taken: 00:01:25.478
2026-05-22 02:04:51,818 - INFO - Epoch 128 - Train Loss: 4696.0607727869565, Validation MRR: 0.11390875279903412, Learning Rate: 0.001
2026-05-22 02:04:54,630 - INFO - Memory cleaned.
2026-05-22 02:04:55,093 - INFO - Epoch[128] Complete. Time taken: 00:01:25.552
2026-05-22 02:06:17,365 - INFO - Epoch 129 - Train Loss: 4662.103484923902, Validation MRR: 0.11390875279903412, Learning Rate: 0.001
2026-05-22 02:06:20,176 - INFO - Memory cleaned.
2026-05-22 02:06:20,614 - INFO - Epoch[129] Complete. Time taken: 00:01:25.521
2026-05-22 02:07:42,832 - INFO - Epoch 130 - Train Loss: 4663.553636931666, Validation MRR: 0.11390875279903412, Learning Rate: 0.001
2026-05-22 02:07:45,629 - INFO - Memory cleaned.
2026-05-22 02:07:46,095 - INFO - Epoch[130] Complete. Time taken: 00:01:25.480
2026-05-22 02:09:08,302 - INFO - Epoch 131 - Train Loss: 4676.596498209248, Validation MRR: 0.11390875279903412, Learning Rate: 0.001
2026-05-22 02:09:11,097 - INFO - Memory cleaned.
2026-05-22 02:09:11,495 - INFO - Epoch[131] Complete. Time taken: 00:01:25.400
2026-05-22 02:10:33,727 - INFO - Epoch 132 - Train Loss: 4657.533667012412, Validation MRR: 0.11390875279903412, Learning Rate: 0.001
2026-05-22 02:10:36,522 - INFO - Memory cleaned.
2026-05-22 02:10:36,995 - INFO - Epoch[132] Complete. Time taken: 00:01:25.500
2026-05-22 02:11:59,262 - INFO - Epoch 133 - Train Loss: 4661.349425056193, Validation MRR: 0.11390875279903412, Learning Rate: 0.001
2026-05-22 02:12:02,062 - INFO - Memory cleaned.
2026-05-22 02:12:02,526 - INFO - Epoch[133] Complete. Time taken: 00:01:25.531
2026-05-22 02:13:24,753 - INFO - Epoch 134 - Train Loss: 4662.154057740417, Validation MRR: 0.11390875279903412, Learning Rate: 0.001
2026-05-22 02:13:27,571 - INFO - Memory cleaned.
2026-05-22 02:13:28,036 - INFO - Epoch[134] Complete. Time taken: 00:01:25.510
2026-05-22 02:14:50,270 - INFO - Epoch 135 - Train Loss: 4653.607930000005, Validation MRR: 0.11390875279903412, Learning Rate: 0.001
2026-05-22 02:14:53,071 - INFO - Memory cleaned.
2026-05-22 02:14:53,529 - INFO - Epoch[135] Complete. Time taken: 00:01:25.493
2026-05-22 02:16:15,799 - INFO - Epoch 136 - Train Loss: 4661.563178215576, Validation MRR: 0.11390875279903412, Learning Rate: 0.001
2026-05-22 02:16:18,592 - INFO - Memory cleaned.
2026-05-22 02:16:19,054 - INFO - Epoch[136] Complete. Time taken: 00:01:25.525
2026-05-22 02:17:41,299 - INFO - Epoch 137 - Train Loss: 4679.748934518698, Validation MRR: 0.11390875279903412, Learning Rate: 0.001
2026-05-22 02:17:44,094 - INFO - Memory cleaned.
2026-05-22 02:17:44,549 - INFO - Epoch[137] Complete. Time taken: 00:01:25.494
2026-05-22 02:19:06,826 - INFO - Epoch 138 - Train Loss: 4668.605589202243, Validation MRR: 0.11390875279903412, Learning Rate: 0.001
2026-05-22 02:19:09,627 - INFO - Memory cleaned.
2026-05-22 02:19:10,091 - INFO - Epoch[138] Complete. Time taken: 00:01:25.542
2026-05-22 02:20:32,337 - INFO - Epoch 139 - Train Loss: 4649.904390540584, Validation MRR: 0.11390875279903412, Learning Rate: 0.001
2026-05-22 02:20:35,140 - INFO - Memory cleaned.
2026-05-22 02:20:35,607 - INFO - Epoch[139] Complete. Time taken: 00:01:25.516
2026-05-22 02:21:57,891 - INFO - Epoch 140 - Train Loss: 4673.75143149963, Validation MRR: 0.11390875279903412, Learning Rate: 0.001
2026-05-22 02:22:00,695 - INFO - Memory cleaned.
2026-05-22 02:22:00,695 - INFO - Evaluating on validation set at epoch 140...
Link prediction evaluation:   0%|          | 0/2 [00:00<?, ?batch/s]Link prediction evaluation: 100%|██████████| 2/2 [00:00<00:00, 27.46batch/s]
2026-05-22 02:22:00,769 - INFO - Validation MRR: 0.09192605316638947
2026-05-22 02:22:01,228 - INFO - Epoch[140] Complete. Time taken: 00:01:25.620
2026-05-22 02:23:23,504 - INFO - Epoch 141 - Train Loss: 4656.711510756512, Validation MRR: 0.09192605316638947, Learning Rate: 0.001
2026-05-22 02:23:26,313 - INFO - Memory cleaned.
2026-05-22 02:23:26,772 - INFO - Epoch[141] Complete. Time taken: 00:01:25.544
2026-05-22 02:24:48,991 - INFO - Epoch 142 - Train Loss: 4653.316121217641, Validation MRR: 0.09192605316638947, Learning Rate: 0.001
2026-05-22 02:24:51,791 - INFO - Memory cleaned.
2026-05-22 02:24:52,253 - INFO - Epoch[142] Complete. Time taken: 00:01:25.481
2026-05-22 02:26:14,492 - INFO - Epoch 143 - Train Loss: 4660.275505556588, Validation MRR: 0.09192605316638947, Learning Rate: 0.001
2026-05-22 02:26:17,294 - INFO - Memory cleaned.
2026-05-22 02:26:17,768 - INFO - Epoch[143] Complete. Time taken: 00:01:25.515
2026-05-22 02:27:39,994 - INFO - Epoch 144 - Train Loss: 4659.372353811759, Validation MRR: 0.09192605316638947, Learning Rate: 0.001
2026-05-22 02:27:42,796 - INFO - Memory cleaned.
2026-05-22 02:27:43,277 - INFO - Epoch[144] Complete. Time taken: 00:01:25.508
2026-05-22 02:29:05,519 - INFO - Epoch 145 - Train Loss: 4633.862788189081, Validation MRR: 0.09192605316638947, Learning Rate: 0.001
2026-05-22 02:29:08,321 - INFO - Memory cleaned.
2026-05-22 02:29:08,780 - INFO - Epoch[145] Complete. Time taken: 00:01:25.503
2026-05-22 02:30:30,995 - INFO - Epoch 146 - Train Loss: 4658.098452203725, Validation MRR: 0.09192605316638947, Learning Rate: 0.001
2026-05-22 02:30:33,790 - INFO - Memory cleaned.
2026-05-22 02:30:34,252 - INFO - Epoch[146] Complete. Time taken: 00:01:25.472
2026-05-22 02:31:56,540 - INFO - Epoch 147 - Train Loss: 4668.230242027885, Validation MRR: 0.09192605316638947, Learning Rate: 0.001
2026-05-22 02:31:59,344 - INFO - Memory cleaned.
2026-05-22 02:31:59,810 - INFO - Epoch[147] Complete. Time taken: 00:01:25.558
2026-05-22 02:33:22,161 - INFO - Epoch 148 - Train Loss: 4662.7506610643895, Validation MRR: 0.09192605316638947, Learning Rate: 0.001
2026-05-22 02:33:24,961 - INFO - Memory cleaned.
2026-05-22 02:33:25,438 - INFO - Epoch[148] Complete. Time taken: 00:01:25.628
2026-05-22 02:34:47,697 - INFO - Epoch 149 - Train Loss: 4676.748227369274, Validation MRR: 0.09192605316638947, Learning Rate: 0.001
2026-05-22 02:34:50,493 - INFO - Memory cleaned.
2026-05-22 02:34:50,948 - INFO - Epoch[149] Complete. Time taken: 00:01:25.509
2026-05-22 02:36:13,221 - INFO - Epoch 150 - Train Loss: 4657.39524766908, Validation MRR: 0.09192605316638947, Learning Rate: 0.001
2026-05-22 02:36:16,015 - INFO - Memory cleaned.
2026-05-22 02:36:16,474 - INFO - Epoch[150] Complete. Time taken: 00:01:25.526
2026-05-22 02:37:38,706 - INFO - Epoch 151 - Train Loss: 4666.853233761194, Validation MRR: 0.09192605316638947, Learning Rate: 0.001
2026-05-22 02:37:41,502 - INFO - Memory cleaned.
2026-05-22 02:37:41,959 - INFO - Epoch[151] Complete. Time taken: 00:01:25.486
2026-05-22 02:39:04,193 - INFO - Epoch 152 - Train Loss: 4644.22613000748, Validation MRR: 0.09192605316638947, Learning Rate: 0.001
2026-05-22 02:39:06,987 - INFO - Memory cleaned.
2026-05-22 02:39:07,446 - INFO - Epoch[152] Complete. Time taken: 00:01:25.486
2026-05-22 02:40:29,683 - INFO - Epoch 153 - Train Loss: 4679.3041269975865, Validation MRR: 0.09192605316638947, Learning Rate: 0.001
2026-05-22 02:40:32,479 - INFO - Memory cleaned.
2026-05-22 02:40:32,941 - INFO - Epoch[153] Complete. Time taken: 00:01:25.496
2026-05-22 02:41:55,197 - INFO - Epoch 154 - Train Loss: 4653.399655905432, Validation MRR: 0.09192605316638947, Learning Rate: 0.001
2026-05-22 02:41:57,993 - INFO - Memory cleaned.
2026-05-22 02:41:58,458 - INFO - Epoch[154] Complete. Time taken: 00:01:25.517
2026-05-22 02:43:20,673 - INFO - Epoch 155 - Train Loss: 4657.922582992121, Validation MRR: 0.09192605316638947, Learning Rate: 0.001
2026-05-22 02:43:23,471 - INFO - Memory cleaned.
2026-05-22 02:43:23,927 - INFO - Epoch[155] Complete. Time taken: 00:01:25.469
2026-05-22 02:44:46,189 - INFO - Epoch 156 - Train Loss: 4661.211569819002, Validation MRR: 0.09192605316638947, Learning Rate: 0.001
2026-05-22 02:44:48,983 - INFO - Memory cleaned.
2026-05-22 02:44:49,444 - INFO - Epoch[156] Complete. Time taken: 00:01:25.517
2026-05-22 02:46:11,708 - INFO - Epoch 157 - Train Loss: 4658.689068231604, Validation MRR: 0.09192605316638947, Learning Rate: 0.001
2026-05-22 02:46:14,504 - INFO - Memory cleaned.
2026-05-22 02:46:14,960 - INFO - Epoch[157] Complete. Time taken: 00:01:25.516
2026-05-22 02:47:37,179 - INFO - Epoch 158 - Train Loss: 4647.994726889184, Validation MRR: 0.09192605316638947, Learning Rate: 0.001
2026-05-22 02:47:39,974 - INFO - Memory cleaned.
2026-05-22 02:47:40,431 - INFO - Epoch[158] Complete. Time taken: 00:01:25.471
2026-05-22 02:49:02,690 - INFO - Epoch 159 - Train Loss: 4624.566893580842, Validation MRR: 0.09192605316638947, Learning Rate: 0.001
2026-05-22 02:49:05,491 - INFO - Memory cleaned.
2026-05-22 02:49:05,953 - INFO - Epoch[159] Complete. Time taken: 00:01:25.521
2026-05-22 02:50:28,258 - INFO - Epoch 160 - Train Loss: 4628.746042261275, Validation MRR: 0.09192605316638947, Learning Rate: 0.001
2026-05-22 02:50:31,064 - INFO - Memory cleaned.
2026-05-22 02:50:31,064 - INFO - Evaluating on validation set at epoch 160...
Link prediction evaluation:   0%|          | 0/2 [00:00<?, ?batch/s]Link prediction evaluation: 100%|██████████| 2/2 [00:00<00:00, 27.46batch/s]
2026-05-22 02:50:31,138 - INFO - Validation MRR: 0.05580317601561546
2026-05-22 02:50:31,598 - INFO - Epoch[160] Complete. Time taken: 00:01:25.645
2026-05-22 02:51:53,872 - INFO - Epoch 161 - Train Loss: 4629.015042712456, Validation MRR: 0.05580317601561546, Learning Rate: 0.001
2026-05-22 02:51:56,670 - INFO - Memory cleaned.
2026-05-22 02:51:57,131 - INFO - Epoch[161] Complete. Time taken: 00:01:25.533
2026-05-22 02:53:19,402 - INFO - Epoch 162 - Train Loss: 4642.084583795976, Validation MRR: 0.05580317601561546, Learning Rate: 0.001
2026-05-22 02:53:22,202 - INFO - Memory cleaned.
2026-05-22 02:53:22,664 - INFO - Epoch[162] Complete. Time taken: 00:01:25.533
2026-05-22 02:54:44,940 - INFO - Epoch 163 - Train Loss: 4626.224776309482, Validation MRR: 0.05580317601561546, Learning Rate: 0.001
2026-05-22 02:54:47,737 - INFO - Memory cleaned.
2026-05-22 02:54:48,211 - INFO - Epoch[163] Complete. Time taken: 00:01:25.546
2026-05-22 02:56:10,516 - INFO - Epoch 164 - Train Loss: 4649.936053339598, Validation MRR: 0.05580317601561546, Learning Rate: 0.001
2026-05-22 02:56:13,312 - INFO - Memory cleaned.
2026-05-22 02:56:13,773 - INFO - Epoch[164] Complete. Time taken: 00:01:25.562
2026-05-22 02:57:36,046 - INFO - Epoch 165 - Train Loss: 4618.518067660493, Validation MRR: 0.05580317601561546, Learning Rate: 0.001
2026-05-22 02:57:38,861 - INFO - Memory cleaned.
2026-05-22 02:57:39,353 - INFO - Epoch[165] Complete. Time taken: 00:01:25.580
2026-05-22 02:59:01,658 - INFO - Epoch 166 - Train Loss: 4645.299899327951, Validation MRR: 0.05580317601561546, Learning Rate: 0.001
2026-05-22 02:59:04,471 - INFO - Memory cleaned.
2026-05-22 02:59:04,934 - INFO - Epoch[166] Complete. Time taken: 00:01:25.581
2026-05-22 03:00:27,417 - INFO - Epoch 167 - Train Loss: 4624.262819924245, Validation MRR: 0.05580317601561546, Learning Rate: 0.001
2026-05-22 03:00:30,237 - INFO - Memory cleaned.
2026-05-22 03:00:30,711 - INFO - Epoch[167] Complete. Time taken: 00:01:25.776
2026-05-22 03:01:53,017 - INFO - Epoch 168 - Train Loss: 4652.922324542936, Validation MRR: 0.05580317601561546, Learning Rate: 0.001
2026-05-22 03:01:55,830 - INFO - Memory cleaned.
2026-05-22 03:01:56,311 - INFO - Epoch[168] Complete. Time taken: 00:01:25.600
2026-05-22 03:03:18,591 - INFO - Epoch 169 - Train Loss: 4649.518827441517, Validation MRR: 0.05580317601561546, Learning Rate: 0.001
2026-05-22 03:03:21,422 - INFO - Memory cleaned.
2026-05-22 03:03:21,909 - INFO - Epoch[169] Complete. Time taken: 00:01:25.598
2026-05-22 03:04:44,188 - INFO - Epoch 170 - Train Loss: 4644.880968870043, Validation MRR: 0.05580317601561546, Learning Rate: 0.001
2026-05-22 03:04:47,071 - INFO - Memory cleaned.
2026-05-22 03:04:47,536 - INFO - Epoch[170] Complete. Time taken: 00:01:25.626
2026-05-22 03:06:09,893 - INFO - Epoch 171 - Train Loss: 4639.74629509958, Validation MRR: 0.05580317601561546, Learning Rate: 0.001
2026-05-22 03:06:12,776 - INFO - Memory cleaned.
2026-05-22 03:06:13,188 - INFO - Epoch[171] Complete. Time taken: 00:01:25.652
2026-05-22 03:07:35,453 - INFO - Epoch 172 - Train Loss: 4650.606178666501, Validation MRR: 0.05580317601561546, Learning Rate: 0.001
2026-05-22 03:07:38,292 - INFO - Memory cleaned.
2026-05-22 03:07:38,689 - INFO - Epoch[172] Complete. Time taken: 00:01:25.501
2026-05-22 03:09:00,991 - INFO - Epoch 173 - Train Loss: 4629.853825038019, Validation MRR: 0.05580317601561546, Learning Rate: 0.001
2026-05-22 03:09:03,811 - INFO - Memory cleaned.
2026-05-22 03:09:04,276 - INFO - Epoch[173] Complete. Time taken: 00:01:25.587
2026-05-22 03:10:26,552 - INFO - Epoch 174 - Train Loss: 4645.444622580288, Validation MRR: 0.05580317601561546, Learning Rate: 0.001
2026-05-22 03:10:29,365 - INFO - Memory cleaned.
2026-05-22 03:10:29,813 - INFO - Epoch[174] Complete. Time taken: 00:01:25.538
2026-05-22 03:11:52,132 - INFO - Epoch 175 - Train Loss: 4653.141021338265, Validation MRR: 0.05580317601561546, Learning Rate: 0.001
2026-05-22 03:11:54,947 - INFO - Memory cleaned.
2026-05-22 03:11:55,408 - INFO - Epoch[175] Complete. Time taken: 00:01:25.595
2026-05-22 03:13:17,713 - INFO - Epoch 176 - Train Loss: 4640.039991637352, Validation MRR: 0.05580317601561546, Learning Rate: 0.001
2026-05-22 03:13:20,528 - INFO - Memory cleaned.
2026-05-22 03:13:20,999 - INFO - Epoch[176] Complete. Time taken: 00:01:25.590
2026-05-22 03:14:43,296 - INFO - Epoch 177 - Train Loss: 4675.016282644543, Validation MRR: 0.05580317601561546, Learning Rate: 0.001
2026-05-22 03:14:46,109 - INFO - Memory cleaned.
2026-05-22 03:14:46,568 - INFO - Epoch[177] Complete. Time taken: 00:01:25.569
2026-05-22 03:16:08,904 - INFO - Epoch 178 - Train Loss: 4635.222117702223, Validation MRR: 0.05580317601561546, Learning Rate: 0.001
2026-05-22 03:16:11,711 - INFO - Memory cleaned.
2026-05-22 03:16:12,171 - INFO - Epoch[178] Complete. Time taken: 00:01:25.603
2026-05-22 03:17:34,453 - INFO - Epoch 179 - Train Loss: 4625.505242184215, Validation MRR: 0.05580317601561546, Learning Rate: 0.001
2026-05-22 03:17:37,255 - INFO - Memory cleaned.
2026-05-22 03:17:37,733 - INFO - Epoch[179] Complete. Time taken: 00:01:25.561
2026-05-22 03:19:00,011 - INFO - Epoch 180 - Train Loss: 4634.967673908833, Validation MRR: 0.05580317601561546, Learning Rate: 0.001
2026-05-22 03:19:02,815 - INFO - Memory cleaned.
2026-05-22 03:19:02,816 - INFO - Evaluating on validation set at epoch 180...
Link prediction evaluation:   0%|          | 0/2 [00:00<?, ?batch/s]Link prediction evaluation: 100%|██████████| 2/2 [00:00<00:00, 19.77batch/s]Link prediction evaluation: 100%|██████████| 2/2 [00:00<00:00, 19.63batch/s]
2026-05-22 03:19:02,923 - INFO - Validation MRR: 0.11457625776529312
2026-05-22 03:19:03,397 - INFO - Epoch[180] Complete. Time taken: 00:01:25.665
2026-05-22 03:20:25,623 - INFO - Epoch 181 - Train Loss: 4632.104299334476, Validation MRR: 0.11457625776529312, Learning Rate: 0.001
2026-05-22 03:20:28,428 - INFO - Memory cleaned.
2026-05-22 03:20:28,895 - INFO - Epoch[181] Complete. Time taken: 00:01:25.497
2026-05-22 03:21:51,140 - INFO - Epoch 182 - Train Loss: 4641.7704313040895, Validation MRR: 0.11457625776529312, Learning Rate: 0.001
2026-05-22 03:21:53,954 - INFO - Memory cleaned.
2026-05-22 03:21:54,432 - INFO - Epoch[182] Complete. Time taken: 00:01:25.537
2026-05-22 03:23:16,703 - INFO - Epoch 183 - Train Loss: 4645.540028177991, Validation MRR: 0.11457625776529312, Learning Rate: 0.001
2026-05-22 03:23:19,508 - INFO - Memory cleaned.
2026-05-22 03:23:19,973 - INFO - Epoch[183] Complete. Time taken: 00:01:25.541
2026-05-22 03:24:42,218 - INFO - Epoch 184 - Train Loss: 4623.145106802674, Validation MRR: 0.11457625776529312, Learning Rate: 0.001
2026-05-22 03:24:45,018 - INFO - Memory cleaned.
2026-05-22 03:24:45,475 - INFO - Epoch[184] Complete. Time taken: 00:01:25.502
2026-05-22 03:26:07,696 - INFO - Epoch 185 - Train Loss: 4623.459390234482, Validation MRR: 0.11457625776529312, Learning Rate: 0.001
2026-05-22 03:26:10,499 - INFO - Memory cleaned.
2026-05-22 03:26:10,960 - INFO - Epoch[185] Complete. Time taken: 00:01:25.485
2026-05-22 03:27:33,254 - INFO - Epoch 186 - Train Loss: 4616.707049932008, Validation MRR: 0.11457625776529312, Learning Rate: 0.001
2026-05-22 03:27:36,065 - INFO - Memory cleaned.
2026-05-22 03:27:36,523 - INFO - Epoch[186] Complete. Time taken: 00:01:25.562
2026-05-22 03:28:58,803 - INFO - Epoch 187 - Train Loss: 4642.566455345477, Validation MRR: 0.11457625776529312, Learning Rate: 0.001
2026-05-22 03:29:01,615 - INFO - Memory cleaned.
2026-05-22 03:29:02,075 - INFO - Epoch[187] Complete. Time taken: 00:01:25.553
2026-05-22 03:30:24,329 - INFO - Epoch 188 - Train Loss: 4639.532104400399, Validation MRR: 0.11457625776529312, Learning Rate: 0.001
2026-05-22 03:30:27,143 - INFO - Memory cleaned.
2026-05-22 03:30:27,600 - INFO - Epoch[188] Complete. Time taken: 00:01:25.524
2026-05-22 03:31:49,893 - INFO - Epoch 189 - Train Loss: 4630.680881694105, Validation MRR: 0.11457625776529312, Learning Rate: 0.001
2026-05-22 03:31:52,702 - INFO - Memory cleaned.
2026-05-22 03:31:53,163 - INFO - Epoch[189] Complete. Time taken: 00:01:25.563
2026-05-22 03:33:15,418 - INFO - Epoch 190 - Train Loss: 4632.150309704172, Validation MRR: 0.11457625776529312, Learning Rate: 0.001
2026-05-22 03:33:18,227 - INFO - Memory cleaned.
2026-05-22 03:33:18,685 - INFO - Epoch[190] Complete. Time taken: 00:01:25.522
2026-05-22 03:34:41,005 - INFO - Epoch 191 - Train Loss: 4633.493031661405, Validation MRR: 0.11457625776529312, Learning Rate: 0.001
2026-05-22 03:34:43,806 - INFO - Memory cleaned.
2026-05-22 03:34:44,268 - INFO - Epoch[191] Complete. Time taken: 00:01:25.583
2026-05-22 03:36:06,566 - INFO - Epoch 192 - Train Loss: 4645.71770899659, Validation MRR: 0.11457625776529312, Learning Rate: 0.001
2026-05-22 03:36:09,368 - INFO - Memory cleaned.
2026-05-22 03:36:09,826 - INFO - Epoch[192] Complete. Time taken: 00:01:25.558
2026-05-22 03:37:32,079 - INFO - Epoch 193 - Train Loss: 4636.022635946172, Validation MRR: 0.11457625776529312, Learning Rate: 0.001
2026-05-22 03:37:34,876 - INFO - Memory cleaned.
2026-05-22 03:37:35,362 - INFO - Epoch[193] Complete. Time taken: 00:01:25.536
2026-05-22 03:38:57,627 - INFO - Epoch 194 - Train Loss: 4630.158578266169, Validation MRR: 0.11457625776529312, Learning Rate: 0.001
2026-05-22 03:39:00,426 - INFO - Memory cleaned.
2026-05-22 03:39:00,884 - INFO - Epoch[194] Complete. Time taken: 00:01:25.522
2026-05-22 03:40:23,187 - INFO - Epoch 195 - Train Loss: 4630.939187044089, Validation MRR: 0.11457625776529312, Learning Rate: 0.001
2026-05-22 03:40:26,022 - INFO - Memory cleaned.
2026-05-22 03:40:26,487 - INFO - Epoch[195] Complete. Time taken: 00:01:25.603
2026-05-22 03:41:48,767 - INFO - Epoch 196 - Train Loss: 4616.039692100506, Validation MRR: 0.11457625776529312, Learning Rate: 0.001
2026-05-22 03:41:51,569 - INFO - Memory cleaned.
2026-05-22 03:41:52,041 - INFO - Epoch[196] Complete. Time taken: 00:01:25.553
2026-05-22 03:43:14,287 - INFO - Epoch 197 - Train Loss: 4637.505638439322, Validation MRR: 0.11457625776529312, Learning Rate: 0.001
2026-05-22 03:43:17,087 - INFO - Memory cleaned.
2026-05-22 03:43:17,570 - INFO - Epoch[197] Complete. Time taken: 00:01:25.529
2026-05-22 03:44:39,782 - INFO - Epoch 198 - Train Loss: 4628.465950536305, Validation MRR: 0.11457625776529312, Learning Rate: 0.001
2026-05-22 03:44:42,614 - INFO - Memory cleaned.
2026-05-22 03:44:43,073 - INFO - Epoch[198] Complete. Time taken: 00:01:25.504
2026-05-22 03:46:05,348 - INFO - Epoch 199 - Train Loss: 4645.977540228371, Validation MRR: 0.11457625776529312, Learning Rate: 0.001
2026-05-22 03:46:08,161 - INFO - Memory cleaned.
2026-05-22 03:46:08,627 - INFO - Epoch[199] Complete. Time taken: 00:01:25.554
2026-05-22 03:47:30,919 - INFO - Epoch 200 - Train Loss: 4642.673334299447, Validation MRR: 0.11457625776529312, Learning Rate: 0.001
2026-05-22 03:47:33,718 - INFO - Memory cleaned.
2026-05-22 03:47:33,718 - INFO - Evaluating on validation set at epoch 200...
Link prediction evaluation:   0%|          | 0/2 [00:00<?, ?batch/s]Link prediction evaluation: 100%|██████████| 2/2 [00:00<00:00, 27.46batch/s]
2026-05-22 03:47:33,792 - INFO - Validation MRR: 0.12844321131706238
2026-05-22 03:47:34,248 - INFO - Epoch[200] Complete. Time taken: 00:01:25.621
2026-05-22 03:48:56,593 - INFO - Epoch 201 - Train Loss: 4637.48320427083, Validation MRR: 0.12844321131706238, Learning Rate: 0.001
2026-05-22 03:48:59,414 - INFO - Memory cleaned.
2026-05-22 03:48:59,875 - INFO - Epoch[201] Complete. Time taken: 00:01:25.627
2026-05-22 03:50:22,148 - INFO - Epoch 202 - Train Loss: 4619.042826555683, Validation MRR: 0.12844321131706238, Learning Rate: 0.001
2026-05-22 03:50:24,948 - INFO - Memory cleaned.
2026-05-22 03:50:25,406 - INFO - Epoch[202] Complete. Time taken: 00:01:25.530
2026-05-22 03:51:47,683 - INFO - Epoch 203 - Train Loss: 4621.4519564548655, Validation MRR: 0.12844321131706238, Learning Rate: 0.001
2026-05-22 03:51:50,484 - INFO - Memory cleaned.
2026-05-22 03:51:50,945 - INFO - Epoch[203] Complete. Time taken: 00:01:25.540
2026-05-22 03:53:13,211 - INFO - Epoch 204 - Train Loss: 4640.941772044089, Validation MRR: 0.12844321131706238, Learning Rate: 0.001
2026-05-22 03:53:16,012 - INFO - Memory cleaned.
2026-05-22 03:53:16,478 - INFO - Epoch[204] Complete. Time taken: 00:01:25.532
2026-05-22 03:54:38,749 - INFO - Epoch 205 - Train Loss: 4619.490287851561, Validation MRR: 0.12844321131706238, Learning Rate: 0.001
2026-05-22 03:54:41,547 - INFO - Memory cleaned.
2026-05-22 03:54:42,013 - INFO - Epoch[205] Complete. Time taken: 00:01:25.535
2026-05-22 03:56:04,266 - INFO - Epoch 206 - Train Loss: 4638.508806375812, Validation MRR: 0.12844321131706238, Learning Rate: 0.001
2026-05-22 03:56:07,060 - INFO - Memory cleaned.
2026-05-22 03:56:07,535 - INFO - Epoch[206] Complete. Time taken: 00:01:25.522
2026-05-22 03:57:29,799 - INFO - Epoch 207 - Train Loss: 4626.081405887891, Validation MRR: 0.12844321131706238, Learning Rate: 0.001
2026-05-22 03:57:32,608 - INFO - Memory cleaned.
2026-05-22 03:57:33,070 - INFO - Epoch[207] Complete. Time taken: 00:01:25.535
2026-05-22 03:58:55,378 - INFO - Epoch 208 - Train Loss: 4601.899459733248, Validation MRR: 0.12844321131706238, Learning Rate: 0.001
2026-05-22 03:58:58,190 - INFO - Memory cleaned.
2026-05-22 03:58:58,652 - INFO - Epoch[208] Complete. Time taken: 00:01:25.582
2026-05-22 04:00:20,893 - INFO - Epoch 209 - Train Loss: 4617.045109874507, Validation MRR: 0.12844321131706238, Learning Rate: 0.001
2026-05-22 04:00:23,694 - INFO - Memory cleaned.
2026-05-22 04:00:24,154 - INFO - Epoch[209] Complete. Time taken: 00:01:25.502
2026-05-22 04:01:46,439 - INFO - Epoch 210 - Train Loss: 4623.60050962159, Validation MRR: 0.12844321131706238, Learning Rate: 0.001
2026-05-22 04:01:49,240 - INFO - Memory cleaned.
2026-05-22 04:01:49,701 - INFO - Epoch[210] Complete. Time taken: 00:01:25.547
2026-05-22 04:03:12,016 - INFO - Epoch 211 - Train Loss: 4631.182640288955, Validation MRR: 0.12844321131706238, Learning Rate: 0.001
2026-05-22 04:03:14,811 - INFO - Memory cleaned.
2026-05-22 04:03:15,280 - INFO - Epoch[211] Complete. Time taken: 00:01:25.578
2026-05-22 04:04:37,612 - INFO - Epoch 212 - Train Loss: 4620.048227764523, Validation MRR: 0.12844321131706238, Learning Rate: 0.001
2026-05-22 04:04:40,407 - INFO - Memory cleaned.
2026-05-22 04:04:40,894 - INFO - Epoch[212] Complete. Time taken: 00:01:25.614
2026-05-22 04:06:03,408 - INFO - Epoch 213 - Train Loss: 4605.757833652404, Validation MRR: 0.12844321131706238, Learning Rate: 0.001
2026-05-22 04:06:06,216 - INFO - Memory cleaned.
2026-05-22 04:06:06,695 - INFO - Epoch[213] Complete. Time taken: 00:01:25.800
2026-05-22 04:07:29,045 - INFO - Epoch 214 - Train Loss: 4617.322190092151, Validation MRR: 0.12844321131706238, Learning Rate: 0.001
2026-05-22 04:07:31,846 - INFO - Memory cleaned.
2026-05-22 04:07:32,324 - INFO - Epoch[214] Complete. Time taken: 00:01:25.629
2026-05-22 04:08:54,622 - INFO - Epoch 215 - Train Loss: 4620.178610046165, Validation MRR: 0.12844321131706238, Learning Rate: 0.001
2026-05-22 04:08:57,424 - INFO - Memory cleaned.
2026-05-22 04:08:57,886 - INFO - Epoch[215] Complete. Time taken: 00:01:25.563
2026-05-22 04:10:20,106 - INFO - Epoch 216 - Train Loss: 4604.459847844703, Validation MRR: 0.12844321131706238, Learning Rate: 0.001
2026-05-22 04:10:22,913 - INFO - Memory cleaned.
2026-05-22 04:10:23,372 - INFO - Epoch[216] Complete. Time taken: 00:01:25.486
2026-05-22 04:11:45,751 - INFO - Epoch 217 - Train Loss: 4625.001336197419, Validation MRR: 0.12844321131706238, Learning Rate: 0.001
2026-05-22 04:11:48,614 - INFO - Memory cleaned.
2026-05-22 04:11:49,086 - INFO - Epoch[217] Complete. Time taken: 00:01:25.713
2026-05-22 04:13:11,367 - INFO - Epoch 218 - Train Loss: 4606.513175303264, Validation MRR: 0.12844321131706238, Learning Rate: 0.001
2026-05-22 04:13:14,175 - INFO - Memory cleaned.
2026-05-22 04:13:14,621 - INFO - Epoch[218] Complete. Time taken: 00:01:25.535
2026-05-22 04:14:36,882 - INFO - Epoch 219 - Train Loss: 4615.093713857322, Validation MRR: 0.12844321131706238, Learning Rate: 0.001
2026-05-22 04:14:39,694 - INFO - Memory cleaned.
2026-05-22 04:14:40,151 - INFO - Epoch[219] Complete. Time taken: 00:01:25.530
2026-05-22 04:16:02,424 - INFO - Epoch 220 - Train Loss: 4610.528589793882, Validation MRR: 0.12844321131706238, Learning Rate: 0.001
2026-05-22 04:16:05,232 - INFO - Memory cleaned.
2026-05-22 04:16:05,232 - INFO - Evaluating on validation set at epoch 220...
Link prediction evaluation:   0%|          | 0/2 [00:00<?, ?batch/s]Link prediction evaluation: 100%|██████████| 2/2 [00:00<00:00, 25.07batch/s]
2026-05-22 04:16:05,331 - INFO - Validation MRR: 0.12101191282272339
2026-05-22 04:16:05,331 ignite.handlers.early_stopping.EarlyStopping INFO: EarlyStopping: Stop training
2026-05-22 04:16:05,331 - INFO - Terminate signaled. Engine will stop after current iteration is finished.
2026-05-22 04:16:05,790 - INFO - Training completed after 220 epochs.
2026-05-22 04:16:05,791 - INFO - Engine run complete. Time taken: 05:14:40.879
2026-05-22 04:16:09,727 - INFO - Loading best model.
2026-05-22 04:16:09,728 - INFO - Best model is ./checkpoints/best_model_checkpoint_val_mrr=0.1403.pt
2026-05-22 04:16:09,728 - WARNING - /lustre/fswork/projects/rech/rnk/ufq76hz/dr_benchmark/dev/run_training.py:820: FutureWarning: You are using `torch.load` with `weights_only=False` (the current default value), which uses the default pickle module implicitly. It is possible to construct malicious pickle data which will execute arbitrary code during unpickling (See https://github.com/pytorch/pytorch/blob/main/SECURITY.md#untrusted-models for more details). In a future release, the default value for `weights_only` will be flipped to `True`. This limits the functions that could be executed during unpickling. Arbitrary objects will no longer be allowed to be loaded via this mode unless they are explicitly allowlisted by the user via `torch.serialization.add_safe_globals`. We recommend you start setting `weights_only=True` for any use case where you don't have full control of the loaded file. Please open an issue on GitHub for any issues related to this experimental feature.
  checkpoint = torch.load(os.path.join(checkpoint_dir, best_model), map_location=device)

2026-05-22 04:16:10,386 - INFO - Best model successfully loaded.
2026-05-22 04:16:10,386 - INFO - Evaluating on the test set with best model...
CtD
Link prediction evaluation:   0%|          | 0/2 [00:00<?, ?batch/s]Link prediction evaluation:  50%|█████     | 1/2 [00:00<00:00,  9.85batch/s]Link prediction evaluation: 100%|██████████| 2/2 [00:00<00:00, 18.91batch/s]
2026-05-22 04:16:10,509 - INFO - Final Test MRR with best model: 0.1459321677684784
2026-05-22 04:16:10,509 - INFO - Final Test Hits@10 with best model: 0.22388059506192803
Link prediction evaluation:   0%|          | 0/1 [00:00<?, ?batch/s]Link prediction evaluation: 100%|██████████| 1/1 [00:00<00:00, 25.55batch/s]
Link prediction evaluation:   0%|          | 0/1 [00:00<?, ?batch/s]Link prediction evaluation: 100%|██████████| 1/1 [00:00<00:00, 36.91batch/s]
2026-05-22 04:16:17,644 - INFO - MRR for frequent nodes (threshold=10) in relation CtD: 0.2138148844242096
2026-05-22 04:16:17,644 - INFO - MRR for infrequent nodes (threshold=10) in relation CtD: 0.045365169644355774
2026-05-22 04:16:17,644 - INFO - Hits@10 for frequent nodes (threshold=10) in relation CtD: 0.33749998826533556
2026-05-22 04:16:17,644 - INFO - Hits@10 for infrequent nodes (threshold=10) in relation CtD: 0.0555555559694767
2026-05-22 04:16:17,647 - INFO - MRR evaluation results stored in ./evaluation_metrics.yaml
2026-05-22 04:16:17,650 - INFO - Hit@10 evaluation results stored in ./evaluation_hit@10.yaml
Link prediction evaluation:   0%|          | 0/1 [00:00<?, ?batch/s]Link prediction evaluation: 100%|██████████| 1/1 [00:00<00:00, 85.85batch/s]
Link prediction evaluation:   0%|          | 0/1 [00:00<?, ?batch/s]Link prediction evaluation: 100%|██████████| 1/1 [00:00<00:00, 180.99batch/s]
2026-05-22 04:16:17,724 - INFO - MRR on inference set: 0.006700952537357807
2026-05-22 04:16:17,726 - INFO - Evaluation results stored in ./inference_metrics.yaml
