2026-05-08 19:32:53,993 - WARNING - /linkhome/rech/genuyp01/ufq76hz/.conda/envs/torch_pyg/lib/python3.10/site-packages/ignite/handlers/checkpoint.py:16: DeprecationWarning: `TorchScript` support for functional optimizers is deprecated and will be removed in a future PyTorch release. Consider using the `torch.compile` optimizer instead.
  from torch.distributed.optim import ZeroRedundancyOptimizer

2026-05-08 19:32:54,135 - INFO - Configuration loaded:
{
    "common": {
        "seed": 42,
        "input_pkl": "/lustre/fswork/projects/rech/rnk/ufq76hz/dr_benchmark/DL3experiment/cold_start/hetionet_processing_disease",
        "out": "./",
        "run_kg_prep": false,
        "run_training": true,
        "run_evaluation": true,
        "plot_training_metrics": true,
        "run_inference": "/lustre/fswork/projects/rech/rnk/ufq76hz/dr_benchmark/knowledge_graph/hetionet_orphan_associations_only.tsv"
    },
    "model": {
        "name": "RESCAL",
        "emb_dim": 200
    },
    "sampler": {
        "name": "Mixed",
        "n_neg": 5
    },
    "optimizer": {
        "name": "Adam",
        "params": {
            "lr": 0.001,
            "weight_decay": 0.001
        }
    },
    "lr_scheduler": {
        "type": "CosineAnnealingWarmRestarts",
        "params": {
            "T_0": 10,
            "T_mult": 2
        }
    },
    "training": {
        "max_epochs": 500,
        "batch_size": 4096,
        "eval_interval": 20,
        "eval_batch_size": 64,
        "patience": 10
    },
    "evaluation": {
        "made_directed_relations": [
            "DrD",
            "DrD_inv",
            "CrC",
            "CrC_inv",
            "GiG",
            "GiG_inv",
            "GcG",
            "GcG_inv"
        ],
        "target_relations": [
            "CtD"
        ],
        "thresholds": [
            10,
            5
        ]
    }
}
2026-05-08 19:32:54,135 - INFO - Setting number of threads to 5
2026-05-08 19:32:54,343 - INFO - Loading parameters from params.yaml
2026-05-08 19:32:54,343 - INFO - Output folder: ./
2026-05-08 19:32:54,343 - INFO - Loading KG...
2026-05-08 19:33:48,862 - INFO - Done
2026-05-08 19:33:48,905 - INFO - Detected device: cuda
2026-05-08 19:33:48,914 - INFO - Initializing model...
2026-05-08 19:33:49,328 - INFO - Optimizer 'Adam' initialized with parameters: {'lr': 0.001, 'weight_decay': 0.001}
2026-05-08 19:33:49,328 - INFO - Initializing sampler...
2026-05-08 19:34:19,785 - INFO - Scheduler 'CosineAnnealingWarmRestarts' initialized with parameters: {'T_0': 10, 'T_mult': 2}
2026-05-08 19:34:19,799 - INFO - Number of training batches: 602
2026-05-08 19:34:19,808 - INFO - Engine run starting with max_epochs=500.
2026-05-08 19:36:18,441 - INFO - Epoch 1 - Train Loss: 35280.06650120465, Validation MRR: 0, Learning Rate: 0.001
2026-05-08 19:36:21,753 - INFO - Memory cleaned.
2026-05-08 19:36:21,995 - INFO - Epoch[1] Complete. Time taken: 00:02:02.187
2026-05-08 19:38:19,509 - INFO - Epoch 2 - Train Loss: 28517.970438748205, Validation MRR: 0, Learning Rate: 0.0009755282581475768
2026-05-08 19:38:22,658 - INFO - Memory cleaned.
2026-05-08 19:38:22,909 - INFO - Epoch[2] Complete. Time taken: 00:02:00.914
2026-05-08 19:40:20,294 - INFO - Epoch 3 - Train Loss: 24976.026005150088, Validation MRR: 0, Learning Rate: 0.0009045084971874737
2026-05-08 19:40:23,442 - INFO - Memory cleaned.
2026-05-08 19:40:23,701 - INFO - Epoch[3] Complete. Time taken: 00:02:00.792
2026-05-08 19:42:21,084 - INFO - Epoch 4 - Train Loss: 23052.753530231774, Validation MRR: 0, Learning Rate: 0.0007938926261462366
2026-05-08 19:42:24,229 - INFO - Memory cleaned.
2026-05-08 19:42:24,527 - INFO - Epoch[4] Complete. Time taken: 00:02:00.826
2026-05-08 19:44:21,940 - INFO - Epoch 5 - Train Loss: 21646.455229683605, Validation MRR: 0, Learning Rate: 0.0006545084971874737
2026-05-08 19:44:25,084 - INFO - Memory cleaned.
2026-05-08 19:44:25,340 - INFO - Epoch[5] Complete. Time taken: 00:02:00.813
2026-05-08 19:46:22,736 - INFO - Epoch 6 - Train Loss: 20402.640872138316, Validation MRR: 0, Learning Rate: 0.0005
2026-05-08 19:46:25,881 - INFO - Memory cleaned.
2026-05-08 19:46:26,184 - INFO - Epoch[6] Complete. Time taken: 00:02:00.844
2026-05-08 19:48:23,606 - INFO - Epoch 7 - Train Loss: 19444.10895302498, Validation MRR: 0, Learning Rate: 0.00034549150281252633
2026-05-08 19:48:26,751 - INFO - Memory cleaned.
2026-05-08 19:48:27,057 - INFO - Epoch[7] Complete. Time taken: 00:02:00.873
2026-05-08 19:50:24,490 - INFO - Epoch 8 - Train Loss: 18760.45394523777, Validation MRR: 0, Learning Rate: 0.00020610737385376348
2026-05-08 19:50:27,632 - INFO - Memory cleaned.
2026-05-08 19:50:27,898 - INFO - Epoch[8] Complete. Time taken: 00:02:00.841
2026-05-08 19:52:25,271 - INFO - Epoch 9 - Train Loss: 18334.140497166696, Validation MRR: 0, Learning Rate: 9.549150281252633e-05
2026-05-08 19:52:28,417 - INFO - Memory cleaned.
2026-05-08 19:52:28,665 - INFO - Epoch[9] Complete. Time taken: 00:02:00.766
2026-05-08 19:54:25,900 - INFO - Epoch 10 - Train Loss: 18162.06404782392, Validation MRR: 0, Learning Rate: 2.4471741852423235e-05
2026-05-08 19:54:29,046 - INFO - Memory cleaned.
2026-05-08 19:54:29,324 - INFO - Epoch[10] Complete. Time taken: 00:02:00.659
2026-05-08 19:56:26,567 - INFO - Epoch 11 - Train Loss: 18954.20471862704, Validation MRR: 0, Learning Rate: 0.001
2026-05-08 19:56:29,710 - INFO - Memory cleaned.
2026-05-08 19:56:29,984 - INFO - Epoch[11] Complete. Time taken: 00:02:00.660
2026-05-08 19:58:27,244 - INFO - Epoch 12 - Train Loss: 18112.192683932117, Validation MRR: 0, Learning Rate: 0.0009938441702975688
2026-05-08 19:58:30,391 - INFO - Memory cleaned.
2026-05-08 19:58:30,677 - INFO - Epoch[12] Complete. Time taken: 00:02:00.693
2026-05-08 20:00:27,901 - INFO - Epoch 13 - Train Loss: 17301.767379735244, Validation MRR: 0, Learning Rate: 0.0009755282581475768
2026-05-08 20:00:31,044 - INFO - Memory cleaned.
2026-05-08 20:00:31,306 - INFO - Epoch[13] Complete. Time taken: 00:02:00.629
2026-05-08 20:02:28,550 - INFO - Epoch 14 - Train Loss: 16532.405135205343, Validation MRR: 0, Learning Rate: 0.0009455032620941839
2026-05-08 20:02:31,695 - INFO - Memory cleaned.
2026-05-08 20:02:31,957 - INFO - Epoch[14] Complete. Time taken: 00:02:00.650
2026-05-08 20:04:29,196 - INFO - Epoch 15 - Train Loss: 15927.304082403729, Validation MRR: 0, Learning Rate: 0.0009045084971874737
2026-05-08 20:04:32,345 - INFO - Memory cleaned.
2026-05-08 20:04:32,608 - INFO - Epoch[15] Complete. Time taken: 00:02:00.651
2026-05-08 20:06:29,864 - INFO - Epoch 16 - Train Loss: 15464.71437762114, Validation MRR: 0, Learning Rate: 0.0008535533905932737
2026-05-08 20:06:33,009 - INFO - Memory cleaned.
2026-05-08 20:06:33,269 - INFO - Epoch[16] Complete. Time taken: 00:02:00.661
2026-05-08 20:08:30,524 - INFO - Epoch 17 - Train Loss: 14956.395114416837, Validation MRR: 0, Learning Rate: 0.0007938926261462366
2026-05-08 20:08:33,673 - INFO - Memory cleaned.
2026-05-08 20:08:33,940 - INFO - Epoch[17] Complete. Time taken: 00:02:00.671
2026-05-08 20:10:31,221 - INFO - Epoch 18 - Train Loss: 14379.707614389034, Validation MRR: 0, Learning Rate: 0.0007269952498697733
2026-05-08 20:10:34,366 - INFO - Memory cleaned.
2026-05-08 20:10:34,635 - INFO - Epoch[18] Complete. Time taken: 00:02:00.695
2026-05-08 20:12:31,883 - INFO - Epoch 19 - Train Loss: 13989.54005561728, Validation MRR: 0, Learning Rate: 0.0006545084971874737
2026-05-08 20:12:35,032 - INFO - Memory cleaned.
2026-05-08 20:12:35,293 - INFO - Epoch[19] Complete. Time taken: 00:02:00.658
2026-05-08 20:14:32,363 - INFO - Epoch 20 - Train Loss: 13702.726847054015, Validation MRR: 0, Learning Rate: 0.0005782172325201155
2026-05-08 20:14:35,516 - INFO - Memory cleaned.
2026-05-08 20:14:35,516 - INFO - Evaluating on validation set at epoch 20...
Link prediction evaluation:   0%|          | 0/3 [00:00<?, ?batch/s]Link prediction evaluation: 100%|██████████| 3/3 [00:00<00:00, 30.77batch/s]
2026-05-08 20:14:35,638 - INFO - Validation MRR: 0.02099497616291046
2026-05-08 20:14:36,110 - INFO - Epoch[20] Complete. Time taken: 00:02:00.816
2026-05-08 20:16:33,193 - INFO - Epoch 21 - Train Loss: 13299.51493737997, Validation MRR: 0.02099497616291046, Learning Rate: 0.0005
2026-05-08 20:16:36,337 - INFO - Memory cleaned.
2026-05-08 20:16:36,595 - INFO - Epoch[21] Complete. Time taken: 00:02:00.485
2026-05-08 20:18:33,825 - INFO - Epoch 22 - Train Loss: 12875.376708029306, Validation MRR: 0.02099497616291046, Learning Rate: 0.0004217827674798847
2026-05-08 20:18:36,968 - INFO - Memory cleaned.
2026-05-08 20:18:37,240 - INFO - Epoch[22] Complete. Time taken: 00:02:00.645
2026-05-08 20:20:34,414 - INFO - Epoch 23 - Train Loss: 12632.04154313939, Validation MRR: 0.02099497616291046, Learning Rate: 0.00034549150281252633
2026-05-08 20:20:37,553 - INFO - Memory cleaned.
2026-05-08 20:20:37,822 - INFO - Epoch[23] Complete. Time taken: 00:02:00.582
2026-05-08 20:22:34,754 - INFO - Epoch 24 - Train Loss: 12346.853861446409, Validation MRR: 0.02099497616291046, Learning Rate: 0.00027300475013022663
2026-05-08 20:22:37,897 - INFO - Memory cleaned.
2026-05-08 20:22:38,146 - INFO - Epoch[24] Complete. Time taken: 00:02:00.324
2026-05-08 20:24:35,826 - INFO - Epoch 25 - Train Loss: 12133.099373660862, Validation MRR: 0.02099497616291046, Learning Rate: 0.00020610737385376348
2026-05-08 20:24:39,183 - INFO - Memory cleaned.
2026-05-08 20:24:39,460 - INFO - Epoch[25] Complete. Time taken: 00:02:01.313
2026-05-08 20:26:37,699 - INFO - Epoch 26 - Train Loss: 11968.590059569307, Validation MRR: 0.02099497616291046, Learning Rate: 0.00014644660940672628
2026-05-08 20:26:41,053 - INFO - Memory cleaned.
2026-05-08 20:26:41,319 - INFO - Epoch[26] Complete. Time taken: 00:02:01.859
2026-05-08 20:28:39,522 - INFO - Epoch 27 - Train Loss: 11827.450347180655, Validation MRR: 0.02099497616291046, Learning Rate: 9.549150281252633e-05
2026-05-08 20:28:42,878 - INFO - Memory cleaned.
2026-05-08 20:28:43,149 - INFO - Epoch[27] Complete. Time taken: 00:02:01.830
2026-05-08 20:30:41,629 - INFO - Epoch 28 - Train Loss: 11722.42702041324, Validation MRR: 0.02099497616291046, Learning Rate: 5.449673790581611e-05
2026-05-08 20:30:44,982 - INFO - Memory cleaned.
2026-05-08 20:30:45,248 - INFO - Epoch[28] Complete. Time taken: 00:02:02.099
2026-05-08 20:32:43,687 - INFO - Epoch 29 - Train Loss: 11683.489233851818, Validation MRR: 0.02099497616291046, Learning Rate: 2.4471741852423235e-05
2026-05-08 20:32:47,036 - INFO - Memory cleaned.
2026-05-08 20:32:47,302 - INFO - Epoch[29] Complete. Time taken: 00:02:02.054
2026-05-08 20:34:45,698 - INFO - Epoch 30 - Train Loss: 11680.21918483988, Validation MRR: 0.02099497616291046, Learning Rate: 6.15582970243117e-06
2026-05-08 20:34:49,047 - INFO - Memory cleaned.
2026-05-08 20:34:49,314 - INFO - Epoch[30] Complete. Time taken: 00:02:02.012
2026-05-08 20:36:47,633 - INFO - Epoch 31 - Train Loss: 13452.113387000527, Validation MRR: 0.02099497616291046, Learning Rate: 0.001
2026-05-08 20:36:50,981 - INFO - Memory cleaned.
2026-05-08 20:36:51,246 - INFO - Epoch[31] Complete. Time taken: 00:02:01.933
2026-05-08 20:38:49,747 - INFO - Epoch 32 - Train Loss: 12958.364307063139, Validation MRR: 0.02099497616291046, Learning Rate: 0.000998458666866564
2026-05-08 20:38:53,153 - INFO - Memory cleaned.
2026-05-08 20:38:53,447 - INFO - Epoch[32] Complete. Time taken: 00:02:02.200
2026-05-08 20:40:52,003 - INFO - Epoch 33 - Train Loss: 12557.250594912402, Validation MRR: 0.02099497616291046, Learning Rate: 0.0009938441702975688
2026-05-08 20:40:55,357 - INFO - Memory cleaned.
2026-05-08 20:40:55,642 - INFO - Epoch[33] Complete. Time taken: 00:02:02.196
2026-05-08 20:42:53,955 - INFO - Epoch 34 - Train Loss: 12364.250597338341, Validation MRR: 0.02099497616291046, Learning Rate: 0.0009861849601988384
2026-05-08 20:42:57,308 - INFO - Memory cleaned.
2026-05-08 20:42:57,589 - INFO - Epoch[34] Complete. Time taken: 00:02:01.946
2026-05-08 20:44:55,632 - INFO - Epoch 35 - Train Loss: 12506.574458897345, Validation MRR: 0.02099497616291046, Learning Rate: 0.0009755282581475768
2026-05-08 20:44:58,981 - INFO - Memory cleaned.
2026-05-08 20:44:59,249 - INFO - Epoch[35] Complete. Time taken: 00:02:01.660
2026-05-08 20:46:57,466 - INFO - Epoch 36 - Train Loss: 11931.591666848679, Validation MRR: 0.02099497616291046, Learning Rate: 0.0009619397662556434
2026-05-08 20:47:00,803 - INFO - Memory cleaned.
2026-05-08 20:47:01,073 - INFO - Epoch[36] Complete. Time taken: 00:02:01.823
2026-05-08 20:48:59,335 - INFO - Epoch 37 - Train Loss: 11542.144266062172, Validation MRR: 0.02099497616291046, Learning Rate: 0.0009455032620941839
2026-05-08 20:49:02,673 - INFO - Memory cleaned.
2026-05-08 20:49:02,955 - INFO - Epoch[37] Complete. Time taken: 00:02:01.883
2026-05-08 20:51:01,232 - INFO - Epoch 38 - Train Loss: 11443.0933488696, Validation MRR: 0.02099497616291046, Learning Rate: 0.0009263200821770461
2026-05-08 20:51:04,567 - INFO - Memory cleaned.
2026-05-08 20:51:04,837 - INFO - Epoch[38] Complete. Time taken: 00:02:01.881
2026-05-08 20:53:03,100 - INFO - Epoch 39 - Train Loss: 11299.571420941036, Validation MRR: 0.02099497616291046, Learning Rate: 0.0009045084971874737
2026-05-08 20:53:06,429 - INFO - Memory cleaned.
2026-05-08 20:53:06,700 - INFO - Epoch[39] Complete. Time taken: 00:02:01.863
2026-05-08 20:55:04,719 - INFO - Epoch 40 - Train Loss: 11023.896624931303, Validation MRR: 0.02099497616291046, Learning Rate: 0.0008802029828000156
2026-05-08 20:55:08,043 - INFO - Memory cleaned.
2026-05-08 20:55:08,043 - INFO - Evaluating on validation set at epoch 40...
Link prediction evaluation:   0%|          | 0/3 [00:00<?, ?batch/s]Link prediction evaluation: 100%|██████████| 3/3 [00:00<00:00, 32.33batch/s]
2026-05-08 20:55:08,160 - INFO - Validation MRR: 0.08592304587364197
2026-05-08 20:55:08,728 - INFO - Epoch[40] Complete. Time taken: 00:02:02.027
2026-05-08 20:57:06,730 - INFO - Epoch 41 - Train Loss: 10947.95734232719, Validation MRR: 0.08592304587364197, Learning Rate: 0.0008535533905932737
2026-05-08 20:57:10,043 - INFO - Memory cleaned.
2026-05-08 20:57:10,394 - INFO - Epoch[41] Complete. Time taken: 00:02:01.666
2026-05-08 20:59:08,495 - INFO - Epoch 42 - Train Loss: 10730.435440325207, Validation MRR: 0.08592304587364197, Learning Rate: 0.000824724024165092
2026-05-08 20:59:11,814 - INFO - Memory cleaned.
2026-05-08 20:59:12,100 - INFO - Epoch[42] Complete. Time taken: 00:02:01.705
2026-05-08 21:01:10,158 - INFO - Epoch 43 - Train Loss: 10442.639362348593, Validation MRR: 0.08592304587364197, Learning Rate: 0.0007938926261462366
2026-05-08 21:01:13,493 - INFO - Memory cleaned.
2026-05-08 21:01:13,764 - INFO - Epoch[43] Complete. Time taken: 00:02:01.665
2026-05-08 21:03:11,756 - INFO - Epoch 44 - Train Loss: 10246.99196079488, Validation MRR: 0.08592304587364197, Learning Rate: 0.0007612492823579744
2026-05-08 21:03:15,064 - INFO - Memory cleaned.
2026-05-08 21:03:15,333 - INFO - Epoch[44] Complete. Time taken: 00:02:01.569
2026-05-08 21:05:13,416 - INFO - Epoch 45 - Train Loss: 10114.930169426907, Validation MRR: 0.08592304587364197, Learning Rate: 0.0007269952498697733
2026-05-08 21:05:16,718 - INFO - Memory cleaned.
2026-05-08 21:05:16,988 - INFO - Epoch[45] Complete. Time taken: 00:02:01.654
2026-05-08 21:07:14,925 - INFO - Epoch 46 - Train Loss: 9937.943896601842, Validation MRR: 0.08592304587364197, Learning Rate: 0.000691341716182545
2026-05-08 21:07:18,234 - INFO - Memory cleaned.
2026-05-08 21:07:18,502 - INFO - Epoch[46] Complete. Time taken: 00:02:01.514
2026-05-08 21:09:16,891 - INFO - Epoch 47 - Train Loss: 9833.55272837284, Validation MRR: 0.08592304587364197, Learning Rate: 0.0006545084971874737
2026-05-08 21:09:20,201 - INFO - Memory cleaned.
2026-05-08 21:09:20,509 - INFO - Epoch[47] Complete. Time taken: 00:02:02.007
2026-05-08 21:11:18,903 - INFO - Epoch 48 - Train Loss: 9696.333321975533, Validation MRR: 0.08592304587364197, Learning Rate: 0.0006167226819279528
2026-05-08 21:11:22,203 - INFO - Memory cleaned.
2026-05-08 21:11:22,504 - INFO - Epoch[48] Complete. Time taken: 00:02:01.994
2026-05-08 21:13:20,868 - INFO - Epoch 49 - Train Loss: 9533.25467620622, Validation MRR: 0.08592304587364197, Learning Rate: 0.0005782172325201155
2026-05-08 21:13:24,163 - INFO - Memory cleaned.
2026-05-08 21:13:24,434 - INFO - Epoch[49] Complete. Time taken: 00:02:01.931
2026-05-08 21:15:22,868 - INFO - Epoch 50 - Train Loss: 9399.751748492488, Validation MRR: 0.08592304587364197, Learning Rate: 0.0005392295478639225
2026-05-08 21:15:26,176 - INFO - Memory cleaned.
2026-05-08 21:15:26,461 - INFO - Epoch[50] Complete. Time taken: 00:02:02.027
2026-05-08 21:17:24,834 - INFO - Epoch 51 - Train Loss: 9274.929832932554, Validation MRR: 0.08592304587364197, Learning Rate: 0.0005
2026-05-08 21:17:28,125 - INFO - Memory cleaned.
2026-05-08 21:17:28,403 - INFO - Epoch[51] Complete. Time taken: 00:02:01.942
2026-05-08 21:19:26,834 - INFO - Epoch 52 - Train Loss: 9154.441895013055, Validation MRR: 0.08592304587364197, Learning Rate: 0.0004607704521360776
2026-05-08 21:19:30,139 - INFO - Memory cleaned.
2026-05-08 21:19:30,412 - INFO - Epoch[52] Complete. Time taken: 00:02:02.008
2026-05-08 21:21:28,747 - INFO - Epoch 53 - Train Loss: 9006.234949368702, Validation MRR: 0.08592304587364197, Learning Rate: 0.0004217827674798847
2026-05-08 21:21:32,045 - INFO - Memory cleaned.
2026-05-08 21:21:32,316 - INFO - Epoch[53] Complete. Time taken: 00:02:01.904
2026-05-08 21:23:30,654 - INFO - Epoch 54 - Train Loss: 8918.910532176475, Validation MRR: 0.08592304587364197, Learning Rate: 0.00038327731807204733
2026-05-08 21:23:33,949 - INFO - Memory cleaned.
2026-05-08 21:23:34,222 - INFO - Epoch[54] Complete. Time taken: 00:02:01.905
2026-05-08 21:25:32,598 - INFO - Epoch 55 - Train Loss: 8816.087655916015, Validation MRR: 0.08592304587364197, Learning Rate: 0.00034549150281252633
2026-05-08 21:25:35,883 - INFO - Memory cleaned.
2026-05-08 21:25:36,167 - INFO - Epoch[55] Complete. Time taken: 00:02:01.945
2026-05-08 21:27:34,443 - INFO - Epoch 56 - Train Loss: 8730.176306314135, Validation MRR: 0.08592304587364197, Learning Rate: 0.0003086582838174551
2026-05-08 21:27:37,737 - INFO - Memory cleaned.
2026-05-08 21:27:38,049 - INFO - Epoch[56] Complete. Time taken: 00:02:01.882
2026-05-08 21:29:36,453 - INFO - Epoch 57 - Train Loss: 8644.164029685042, Validation MRR: 0.08592304587364197, Learning Rate: 0.00027300475013022663
2026-05-08 21:29:39,734 - INFO - Memory cleaned.
2026-05-08 21:29:40,010 - INFO - Epoch[57] Complete. Time taken: 00:02:01.960
2026-05-08 21:31:38,280 - INFO - Epoch 58 - Train Loss: 8559.848110691019, Validation MRR: 0.08592304587364197, Learning Rate: 0.00023875071764202561
2026-05-08 21:31:41,562 - INFO - Memory cleaned.
2026-05-08 21:31:41,844 - INFO - Epoch[58] Complete. Time taken: 00:02:01.834
2026-05-08 21:33:40,249 - INFO - Epoch 59 - Train Loss: 8481.686556416755, Validation MRR: 0.08592304587364197, Learning Rate: 0.00020610737385376348
2026-05-08 21:33:43,546 - INFO - Memory cleaned.
2026-05-08 21:33:43,816 - INFO - Epoch[59] Complete. Time taken: 00:02:01.972
2026-05-08 21:35:42,107 - INFO - Epoch 60 - Train Loss: 8423.848900388408, Validation MRR: 0.08592304587364197, Learning Rate: 0.00017527597583490823
2026-05-08 21:35:45,395 - INFO - Memory cleaned.
2026-05-08 21:35:45,395 - INFO - Evaluating on validation set at epoch 60...
Link prediction evaluation:   0%|          | 0/3 [00:00<?, ?batch/s]Link prediction evaluation: 100%|██████████| 3/3 [00:00<00:00, 31.85batch/s]
2026-05-08 21:35:45,499 - INFO - Validation MRR: 0.08854584395885468
2026-05-08 21:35:46,000 - INFO - Epoch[60] Complete. Time taken: 00:02:02.184
2026-05-08 21:37:44,438 - INFO - Epoch 61 - Train Loss: 8380.533402700288, Validation MRR: 0.08854584395885468, Learning Rate: 0.00014644660940672628
2026-05-08 21:37:47,736 - INFO - Memory cleaned.
2026-05-08 21:37:48,006 - INFO - Epoch[61] Complete. Time taken: 00:02:02.006
2026-05-08 21:39:46,317 - INFO - Epoch 62 - Train Loss: 8327.75556966422, Validation MRR: 0.08854584395885468, Learning Rate: 0.00011979701719998454
2026-05-08 21:39:49,604 - INFO - Memory cleaned.
2026-05-08 21:39:49,867 - INFO - Epoch[62] Complete. Time taken: 00:02:01.861
2026-05-08 21:41:48,290 - INFO - Epoch 63 - Train Loss: 8264.313424558331, Validation MRR: 0.08854584395885468, Learning Rate: 9.549150281252633e-05
2026-05-08 21:41:51,596 - INFO - Memory cleaned.
2026-05-08 21:41:51,876 - INFO - Epoch[63] Complete. Time taken: 00:02:02.009
2026-05-08 21:43:50,315 - INFO - Epoch 64 - Train Loss: 8240.025828004698, Validation MRR: 0.08854584395885468, Learning Rate: 7.367991782295391e-05
2026-05-08 21:43:53,651 - INFO - Memory cleaned.
2026-05-08 21:43:53,930 - INFO - Epoch[64] Complete. Time taken: 00:02:02.054
2026-05-08 21:45:52,288 - INFO - Epoch 65 - Train Loss: 8196.327537326253, Validation MRR: 0.08854584395885468, Learning Rate: 5.449673790581611e-05
2026-05-08 21:45:55,615 - INFO - Memory cleaned.
2026-05-08 21:45:56,004 - INFO - Epoch[65] Complete. Time taken: 00:02:02.075
2026-05-08 21:47:54,469 - INFO - Epoch 66 - Train Loss: 8177.986558283056, Validation MRR: 0.08854584395885468, Learning Rate: 3.806023374435663e-05
2026-05-08 21:47:57,763 - INFO - Memory cleaned.
2026-05-08 21:47:58,060 - INFO - Epoch[66] Complete. Time taken: 00:02:02.056
2026-05-08 21:49:56,433 - INFO - Epoch 67 - Train Loss: 8140.119105923885, Validation MRR: 0.08854584395885468, Learning Rate: 2.4471741852423235e-05
2026-05-08 21:49:59,739 - INFO - Memory cleaned.
2026-05-08 21:50:00,026 - INFO - Epoch[67] Complete. Time taken: 00:02:01.966
2026-05-08 21:51:58,422 - INFO - Epoch 68 - Train Loss: 8138.965995851836, Validation MRR: 0.08854584395885468, Learning Rate: 1.3815039801161721e-05
2026-05-08 21:52:01,719 - INFO - Memory cleaned.
2026-05-08 21:52:01,985 - INFO - Epoch[68] Complete. Time taken: 00:02:01.959
2026-05-08 21:54:00,413 - INFO - Epoch 69 - Train Loss: 8114.167777863391, Validation MRR: 0.08854584395885468, Learning Rate: 6.15582970243117e-06
2026-05-08 21:54:03,723 - INFO - Memory cleaned.
2026-05-08 21:54:03,995 - INFO - Epoch[69] Complete. Time taken: 00:02:02.010
2026-05-08 21:56:02,309 - INFO - Epoch 70 - Train Loss: 8131.642729314424, Validation MRR: 0.08854584395885468, Learning Rate: 1.541333133436018e-06
2026-05-08 21:56:05,595 - INFO - Memory cleaned.
2026-05-08 21:56:05,870 - INFO - Epoch[70] Complete. Time taken: 00:02:01.874
2026-05-08 21:58:04,218 - INFO - Epoch 71 - Train Loss: 10239.985920950683, Validation MRR: 0.08854584395885468, Learning Rate: 0.001
2026-05-08 21:58:07,519 - INFO - Memory cleaned.
2026-05-08 21:58:07,793 - INFO - Epoch[71] Complete. Time taken: 00:02:01.923
2026-05-08 22:00:06,133 - INFO - Epoch 72 - Train Loss: 10047.549981572356, Validation MRR: 0.08854584395885468, Learning Rate: 0.0009996145181203615
2026-05-08 22:00:09,433 - INFO - Memory cleaned.
2026-05-08 22:00:09,725 - INFO - Epoch[72] Complete. Time taken: 00:02:01.932
2026-05-08 22:02:08,002 - INFO - Epoch 73 - Train Loss: 9809.49179440282, Validation MRR: 0.08854584395885468, Learning Rate: 0.000998458666866564
2026-05-08 22:02:11,301 - INFO - Memory cleaned.
2026-05-08 22:02:11,590 - INFO - Epoch[73] Complete. Time taken: 00:02:01.865
2026-05-08 22:04:10,040 - INFO - Epoch 74 - Train Loss: 9536.20261796246, Validation MRR: 0.08854584395885468, Learning Rate: 0.0009965342284774632
2026-05-08 22:04:13,375 - INFO - Memory cleaned.
2026-05-08 22:04:13,632 - INFO - Epoch[74] Complete. Time taken: 00:02:02.042
2026-05-08 22:06:11,965 - INFO - Epoch 75 - Train Loss: 9569.836958389285, Validation MRR: 0.08854584395885468, Learning Rate: 0.0009938441702975688
2026-05-08 22:06:15,270 - INFO - Memory cleaned.
2026-05-08 22:06:15,587 - INFO - Epoch[75] Complete. Time taken: 00:02:01.954
2026-05-08 22:08:13,910 - INFO - Epoch 76 - Train Loss: 9505.979682811123, Validation MRR: 0.08854584395885468, Learning Rate: 0.0009903926402016153
2026-05-08 22:08:17,218 - INFO - Memory cleaned.
2026-05-08 22:08:17,506 - INFO - Epoch[76] Complete. Time taken: 00:02:01.919
2026-05-08 22:10:15,855 - INFO - Epoch 77 - Train Loss: 9470.900127263725, Validation MRR: 0.08854584395885468, Learning Rate: 0.0009861849601988384
2026-05-08 22:10:19,162 - INFO - Memory cleaned.
2026-05-08 22:10:19,458 - INFO - Epoch[77] Complete. Time taken: 00:02:01.952
2026-05-08 22:12:17,965 - INFO - Epoch 78 - Train Loss: 9442.700082660513, Validation MRR: 0.08854584395885468, Learning Rate: 0.0009812276182268236
2026-05-08 22:12:21,260 - INFO - Memory cleaned.
2026-05-08 22:12:21,510 - INFO - Epoch[78] Complete. Time taken: 00:02:02.052
2026-05-08 22:14:19,880 - INFO - Epoch 79 - Train Loss: 9367.19275989554, Validation MRR: 0.08854584395885468, Learning Rate: 0.0009755282581475768
2026-05-08 22:14:23,202 - INFO - Memory cleaned.
2026-05-08 22:14:23,479 - INFO - Epoch[79] Complete. Time taken: 00:02:01.969
2026-05-08 22:16:21,852 - INFO - Epoch 80 - Train Loss: 9201.314339328252, Validation MRR: 0.08854584395885468, Learning Rate: 0.0009690956679612422
2026-05-08 22:16:25,158 - INFO - Memory cleaned.
2026-05-08 22:16:25,158 - INFO - Evaluating on validation set at epoch 80...
Link prediction evaluation:   0%|          | 0/3 [00:00<?, ?batch/s]Link prediction evaluation: 100%|██████████| 3/3 [00:00<00:00, 31.24batch/s]
2026-05-08 22:16:25,280 - INFO - Validation MRR: 0.14454375207424164
2026-05-08 22:16:25,748 - INFO - Epoch[80] Complete. Time taken: 00:02:02.268
2026-05-08 22:18:24,140 - INFO - Epoch 81 - Train Loss: 9167.61405865858, Validation MRR: 0.14454375207424164, Learning Rate: 0.0009619397662556434
2026-05-08 22:18:27,440 - INFO - Memory cleaned.
2026-05-08 22:18:27,713 - INFO - Epoch[81] Complete. Time taken: 00:02:01.965
2026-05-08 22:20:26,073 - INFO - Epoch 82 - Train Loss: 9113.194427249899, Validation MRR: 0.14454375207424164, Learning Rate: 0.0009540715869125407
2026-05-08 22:20:29,375 - INFO - Memory cleaned.
2026-05-08 22:20:29,662 - INFO - Epoch[82] Complete. Time taken: 00:02:01.949
2026-05-08 22:22:27,988 - INFO - Epoch 83 - Train Loss: 9157.955247545115, Validation MRR: 0.14454375207424164, Learning Rate: 0.0009455032620941839
2026-05-08 22:22:31,290 - INFO - Memory cleaned.
2026-05-08 22:22:31,574 - INFO - Epoch[83] Complete. Time taken: 00:02:01.912
2026-05-08 22:24:29,914 - INFO - Epoch 84 - Train Loss: 9056.830724836273, Validation MRR: 0.14454375207424164, Learning Rate: 0.0009362480035363986
2026-05-08 22:24:33,227 - INFO - Memory cleaned.
2026-05-08 22:24:33,498 - INFO - Epoch[84] Complete. Time taken: 00:02:01.924
2026-05-08 22:26:31,916 - INFO - Epoch 85 - Train Loss: 9024.115348802654, Validation MRR: 0.14454375207424164, Learning Rate: 0.0009263200821770461
2026-05-08 22:26:35,227 - INFO - Memory cleaned.
2026-05-08 22:26:35,519 - INFO - Epoch[85] Complete. Time taken: 00:02:02.020
2026-05-08 22:28:33,883 - INFO - Epoch 86 - Train Loss: 8896.62229381703, Validation MRR: 0.14454375207424164, Learning Rate: 0.0009157348061512727
2026-05-08 22:28:37,186 - INFO - Memory cleaned.
2026-05-08 22:28:37,451 - INFO - Epoch[86] Complete. Time taken: 00:02:01.932
2026-05-08 22:30:35,784 - INFO - Epoch 87 - Train Loss: 8807.364856945982, Validation MRR: 0.14454375207424164, Learning Rate: 0.0009045084971874737
2026-05-08 22:30:39,095 - INFO - Memory cleaned.
2026-05-08 22:30:39,366 - INFO - Epoch[87] Complete. Time taken: 00:02:01.915
2026-05-08 22:32:37,700 - INFO - Epoch 88 - Train Loss: 8759.92765714186, Validation MRR: 0.14454375207424164, Learning Rate: 0.0008926584654403724
2026-05-08 22:32:41,009 - INFO - Memory cleaned.
2026-05-08 22:32:41,280 - INFO - Epoch[88] Complete. Time taken: 00:02:01.913
2026-05-08 22:34:39,568 - INFO - Epoch 89 - Train Loss: 8717.272543117359, Validation MRR: 0.14454375207424164, Learning Rate: 0.0008802029828000156
2026-05-08 22:34:42,858 - INFO - Memory cleaned.
2026-05-08 22:34:43,174 - INFO - Epoch[89] Complete. Time taken: 00:02:01.895
2026-05-08 22:36:41,477 - INFO - Epoch 90 - Train Loss: 8657.901211785613, Validation MRR: 0.14454375207424164, Learning Rate: 0.0008671612547178428
2026-05-08 22:36:44,779 - INFO - Memory cleaned.
2026-05-08 22:36:45,050 - INFO - Epoch[90] Complete. Time taken: 00:02:01.875
2026-05-08 22:38:43,395 - INFO - Epoch 91 - Train Loss: 8657.255747933488, Validation MRR: 0.14454375207424164, Learning Rate: 0.0008535533905932737
2026-05-08 22:38:46,706 - INFO - Memory cleaned.
2026-05-08 22:38:46,984 - INFO - Epoch[91] Complete. Time taken: 00:02:01.934
2026-05-08 22:40:45,263 - INFO - Epoch 92 - Train Loss: 8629.068628591109, Validation MRR: 0.14454375207424164, Learning Rate: 0.0008394003727664709
2026-05-08 22:40:48,568 - INFO - Memory cleaned.
2026-05-08 22:40:48,854 - INFO - Epoch[92] Complete. Time taken: 00:02:01.869
2026-05-08 22:42:47,195 - INFO - Epoch 93 - Train Loss: 8507.065007022637, Validation MRR: 0.14454375207424164, Learning Rate: 0.000824724024165092
2026-05-08 22:42:50,488 - INFO - Memory cleaned.
2026-05-08 22:42:50,775 - INFO - Epoch[93] Complete. Time taken: 00:02:01.922
2026-05-08 22:44:49,097 - INFO - Epoch 94 - Train Loss: 8446.591229284739, Validation MRR: 0.14454375207424164, Learning Rate: 0.000809546974654917
2026-05-08 22:44:52,394 - INFO - Memory cleaned.
2026-05-08 22:44:52,664 - INFO - Epoch[94] Complete. Time taken: 00:02:01.889
2026-05-08 22:46:51,084 - INFO - Epoch 95 - Train Loss: 8421.488287306627, Validation MRR: 0.14454375207424164, Learning Rate: 0.0007938926261462366
2026-05-08 22:46:54,388 - INFO - Memory cleaned.
2026-05-08 22:46:54,666 - INFO - Epoch[95] Complete. Time taken: 00:02:02.001
2026-05-08 22:48:52,962 - INFO - Epoch 96 - Train Loss: 8326.860350316801, Validation MRR: 0.14454375207424164, Learning Rate: 0.0007777851165098011
2026-05-08 22:48:56,282 - INFO - Memory cleaned.
2026-05-08 22:48:56,553 - INFO - Epoch[96] Complete. Time taken: 00:02:01.887
2026-05-08 22:50:55,024 - INFO - Epoch 97 - Train Loss: 8276.08319693519, Validation MRR: 0.14454375207424164, Learning Rate: 0.0007612492823579744
2026-05-08 22:50:58,330 - INFO - Memory cleaned.
2026-05-08 22:50:58,628 - INFO - Epoch[97] Complete. Time taken: 00:02:02.074
2026-05-08 22:52:56,964 - INFO - Epoch 98 - Train Loss: 8203.11594351624, Validation MRR: 0.14454375207424164, Learning Rate: 0.0007443106207484776
2026-05-08 22:53:00,258 - INFO - Memory cleaned.
2026-05-08 22:53:00,537 - INFO - Epoch[98] Complete. Time taken: 00:02:01.909
2026-05-08 22:54:58,853 - INFO - Epoch 99 - Train Loss: 8168.64381091316, Validation MRR: 0.14454375207424164, Learning Rate: 0.0007269952498697733
2026-05-08 22:55:02,154 - INFO - Memory cleaned.
2026-05-08 22:55:02,443 - INFO - Epoch[99] Complete. Time taken: 00:02:01.906
2026-05-08 22:57:00,751 - INFO - Epoch 100 - Train Loss: 8093.746497140541, Validation MRR: 0.14454375207424164, Learning Rate: 0.0007093298687687141
2026-05-08 22:57:04,054 - INFO - Memory cleaned.
2026-05-08 22:57:04,054 - INFO - Evaluating on validation set at epoch 100...
Link prediction evaluation:   0%|          | 0/3 [00:00<?, ?batch/s]Link prediction evaluation: 100%|██████████| 3/3 [00:00<00:00, 26.67batch/s]Link prediction evaluation: 100%|██████████| 3/3 [00:00<00:00, 26.43batch/s]
2026-05-08 22:57:04,189 - INFO - Validation MRR: 0.11461952328681946
2026-05-08 22:57:04,456 - INFO - Epoch[100] Complete. Time taken: 00:02:02.013
2026-05-08 22:59:02,751 - INFO - Epoch 101 - Train Loss: 8052.778215741014, Validation MRR: 0.11461952328681946, Learning Rate: 0.000691341716182545
2026-05-08 22:59:06,065 - INFO - Memory cleaned.
2026-05-08 22:59:06,348 - INFO - Epoch[101] Complete. Time taken: 00:02:01.892
2026-05-08 23:01:04,644 - INFO - Epoch 102 - Train Loss: 7982.563138871305, Validation MRR: 0.11461952328681946, Learning Rate: 0.0006730585285387465
2026-05-08 23:01:07,938 - INFO - Memory cleaned.
2026-05-08 23:01:08,243 - INFO - Epoch[102] Complete. Time taken: 00:02:01.895
2026-05-08 23:03:06,577 - INFO - Epoch 103 - Train Loss: 7970.943993153577, Validation MRR: 0.11461952328681946, Learning Rate: 0.0006545084971874737
2026-05-08 23:03:09,879 - INFO - Memory cleaned.
2026-05-08 23:03:10,155 - INFO - Epoch[103] Complete. Time taken: 00:02:01.912
2026-05-08 23:05:08,543 - INFO - Epoch 104 - Train Loss: 7903.557455912372, Validation MRR: 0.11461952328681946, Learning Rate: 0.0006357202249325371
2026-05-08 23:05:11,843 - INFO - Memory cleaned.
2026-05-08 23:05:12,110 - INFO - Epoch[104] Complete. Time taken: 00:02:01.955
2026-05-08 23:07:10,411 - INFO - Epoch 105 - Train Loss: 7840.986997420947, Validation MRR: 0.11461952328681946, Learning Rate: 0.0006167226819279528
2026-05-08 23:07:13,716 - INFO - Memory cleaned.
2026-05-08 23:07:13,998 - INFO - Epoch[105] Complete. Time taken: 00:02:01.888
2026-05-08 23:09:12,446 - INFO - Epoch 106 - Train Loss: 7799.119583253308, Validation MRR: 0.11461952328681946, Learning Rate: 0.0005975451610080642
2026-05-08 23:09:15,777 - INFO - Memory cleaned.
2026-05-08 23:09:16,060 - INFO - Epoch[106] Complete. Time taken: 00:02:02.061
2026-05-08 23:11:14,359 - INFO - Epoch 107 - Train Loss: 7759.937201541181, Validation MRR: 0.11461952328681946, Learning Rate: 0.0005782172325201155
2026-05-08 23:11:17,654 - INFO - Memory cleaned.
2026-05-08 23:11:17,929 - INFO - Epoch[107] Complete. Time taken: 00:02:01.869
2026-05-08 23:13:16,236 - INFO - Epoch 108 - Train Loss: 7703.671769547643, Validation MRR: 0.11461952328681946, Learning Rate: 0.0005587686987289189
2026-05-08 23:13:19,532 - INFO - Memory cleaned.
2026-05-08 23:13:19,814 - INFO - Epoch[108] Complete. Time taken: 00:02:01.885
2026-05-08 23:15:18,237 - INFO - Epoch 109 - Train Loss: 7650.741838895537, Validation MRR: 0.11461952328681946, Learning Rate: 0.0005392295478639225
2026-05-08 23:15:21,552 - INFO - Memory cleaned.
2026-05-08 23:15:21,843 - INFO - Epoch[109] Complete. Time taken: 00:02:02.029
2026-05-08 23:17:20,175 - INFO - Epoch 110 - Train Loss: 7605.914186391271, Validation MRR: 0.11461952328681946, Learning Rate: 0.0005196299078795343
2026-05-08 23:17:23,476 - INFO - Memory cleaned.
2026-05-08 23:17:23,766 - INFO - Epoch[110] Complete. Time taken: 00:02:01.923
2026-05-08 23:19:22,140 - INFO - Epoch 111 - Train Loss: 7573.877060984285, Validation MRR: 0.11461952328681946, Learning Rate: 0.0005
2026-05-08 23:19:25,441 - INFO - Memory cleaned.
2026-05-08 23:19:25,719 - INFO - Epoch[111] Complete. Time taken: 00:02:01.952
2026-05-08 23:21:24,006 - INFO - Epoch 112 - Train Loss: 7514.479393221807, Validation MRR: 0.11461952328681946, Learning Rate: 0.00048037009212046586
2026-05-08 23:21:27,320 - INFO - Memory cleaned.
2026-05-08 23:21:27,595 - INFO - Epoch[112] Complete. Time taken: 00:02:01.876
2026-05-08 23:23:25,930 - INFO - Epoch 113 - Train Loss: 7479.902995323491, Validation MRR: 0.11461952328681946, Learning Rate: 0.0004607704521360776
2026-05-08 23:23:29,234 - INFO - Memory cleaned.
2026-05-08 23:23:29,522 - INFO - Epoch[113] Complete. Time taken: 00:02:01.927
2026-05-08 23:25:27,873 - INFO - Epoch 114 - Train Loss: 7426.790040447536, Validation MRR: 0.11461952328681946, Learning Rate: 0.00044123130127108126
2026-05-08 23:25:31,186 - INFO - Memory cleaned.
2026-05-08 23:25:31,470 - INFO - Epoch[114] Complete. Time taken: 00:02:01.948
2026-05-08 23:27:29,808 - INFO - Epoch 115 - Train Loss: 7400.491802256685, Validation MRR: 0.11461952328681946, Learning Rate: 0.0004217827674798847
2026-05-08 23:27:33,116 - INFO - Memory cleaned.
2026-05-08 23:27:33,395 - INFO - Epoch[115] Complete. Time taken: 00:02:01.925
2026-05-08 23:29:31,680 - INFO - Epoch 116 - Train Loss: 7338.976010325234, Validation MRR: 0.11461952328681946, Learning Rate: 0.00040245483899193594
2026-05-08 23:29:34,986 - INFO - Memory cleaned.
2026-05-08 23:29:35,255 - INFO - Epoch[116] Complete. Time taken: 00:02:01.860
2026-05-08 23:31:33,583 - INFO - Epoch 117 - Train Loss: 7299.236016729631, Validation MRR: 0.11461952328681946, Learning Rate: 0.00038327731807204733
2026-05-08 23:31:36,890 - INFO - Memory cleaned.
2026-05-08 23:31:37,165 - INFO - Epoch[117] Complete. Time taken: 00:02:01.910
2026-05-08 23:33:35,486 - INFO - Epoch 118 - Train Loss: 7261.7634051801215, Validation MRR: 0.11461952328681946, Learning Rate: 0.0003642797750674628
2026-05-08 23:33:38,781 - INFO - Memory cleaned.
2026-05-08 23:33:39,051 - INFO - Epoch[118] Complete. Time taken: 00:02:01.886
2026-05-08 23:35:37,387 - INFO - Epoch 119 - Train Loss: 7232.669642491357, Validation MRR: 0.11461952328681946, Learning Rate: 0.00034549150281252633
2026-05-08 23:35:40,688 - INFO - Memory cleaned.
2026-05-08 23:35:40,978 - INFO - Epoch[119] Complete. Time taken: 00:02:01.927
2026-05-08 23:37:39,431 - INFO - Epoch 120 - Train Loss: 7198.417786932966, Validation MRR: 0.11461952328681946, Learning Rate: 0.00032694147146125364
2026-05-08 23:37:42,742 - INFO - Memory cleaned.
2026-05-08 23:37:42,742 - INFO - Evaluating on validation set at epoch 120...
Link prediction evaluation:   0%|          | 0/3 [00:00<?, ?batch/s]Link prediction evaluation: 100%|██████████| 3/3 [00:00<00:00, 32.68batch/s]
2026-05-08 23:37:42,839 - INFO - Validation MRR: 0.19906234741210938
2026-05-08 23:37:43,321 - INFO - Epoch[120] Complete. Time taken: 00:02:02.342
2026-05-08 23:39:41,603 - INFO - Epoch 121 - Train Loss: 7165.860621384528, Validation MRR: 0.19906234741210938, Learning Rate: 0.0003086582838174551
2026-05-08 23:39:44,908 - INFO - Memory cleaned.
2026-05-08 23:39:45,190 - INFO - Epoch[121] Complete. Time taken: 00:02:01.869
2026-05-08 23:41:43,477 - INFO - Epoch 122 - Train Loss: 7133.152391916509, Validation MRR: 0.19906234741210938, Learning Rate: 0.0002906701312312861
2026-05-08 23:41:46,780 - INFO - Memory cleaned.
2026-05-08 23:41:47,071 - INFO - Epoch[122] Complete. Time taken: 00:02:01.881
2026-05-08 23:43:45,422 - INFO - Epoch 123 - Train Loss: 7088.625714022328, Validation MRR: 0.19906234741210938, Learning Rate: 0.00027300475013022663
2026-05-08 23:43:48,737 - INFO - Memory cleaned.
2026-05-08 23:43:49,010 - INFO - Epoch[123] Complete. Time taken: 00:02:01.939
2026-05-08 23:45:47,636 - INFO - Epoch 124 - Train Loss: 7068.55869612168, Validation MRR: 0.19906234741210938, Learning Rate: 0.00025568937925152246
2026-05-08 23:45:50,968 - INFO - Memory cleaned.
2026-05-08 23:45:51,281 - INFO - Epoch[124] Complete. Time taken: 00:02:02.271
2026-05-08 23:47:49,591 - INFO - Epoch 125 - Train Loss: 7039.143335333213, Validation MRR: 0.19906234741210938, Learning Rate: 0.00023875071764202561
2026-05-08 23:47:52,882 - INFO - Memory cleaned.
2026-05-08 23:47:53,172 - INFO - Epoch[125] Complete. Time taken: 00:02:01.890
2026-05-08 23:49:51,515 - INFO - Epoch 126 - Train Loss: 6998.373192694007, Validation MRR: 0.19906234741210938, Learning Rate: 0.00022221488349019887
2026-05-08 23:49:54,809 - INFO - Memory cleaned.
2026-05-08 23:49:55,083 - INFO - Epoch[126] Complete. Time taken: 00:02:01.911
2026-05-08 23:51:53,522 - INFO - Epoch 127 - Train Loss: 6972.702670960535, Validation MRR: 0.19906234741210938, Learning Rate: 0.00020610737385376348
2026-05-08 23:51:56,827 - INFO - Memory cleaned.
2026-05-08 23:51:57,108 - INFO - Epoch[127] Complete. Time taken: 00:02:02.025
2026-05-08 23:53:55,448 - INFO - Epoch 128 - Train Loss: 6965.5003547395345, Validation MRR: 0.19906234741210938, Learning Rate: 0.00019045302534508314
2026-05-08 23:53:58,754 - INFO - Memory cleaned.
2026-05-08 23:53:59,029 - INFO - Epoch[128] Complete. Time taken: 00:02:01.921
2026-05-08 23:55:57,351 - INFO - Epoch 129 - Train Loss: 6908.9119701165955, Validation MRR: 0.19906234741210938, Learning Rate: 0.00017527597583490823
2026-05-08 23:56:00,650 - INFO - Memory cleaned.
2026-05-08 23:56:00,925 - INFO - Epoch[129] Complete. Time taken: 00:02:01.896
2026-05-08 23:57:59,224 - INFO - Epoch 130 - Train Loss: 6912.09388621577, Validation MRR: 0.19906234741210938, Learning Rate: 0.00016059962723352923
2026-05-08 23:58:02,530 - INFO - Memory cleaned.
2026-05-08 23:58:02,806 - INFO - Epoch[130] Complete. Time taken: 00:02:01.880
2026-05-09 00:00:01,058 - INFO - Epoch 131 - Train Loss: 6892.905947027928, Validation MRR: 0.19906234741210938, Learning Rate: 0.00014644660940672628
2026-05-09 00:00:04,352 - INFO - Memory cleaned.
2026-05-09 00:00:04,625 - INFO - Epoch[131] Complete. Time taken: 00:02:01.819
2026-05-09 00:02:02,923 - INFO - Epoch 132 - Train Loss: 6847.71812126833, Validation MRR: 0.19906234741210938, Learning Rate: 0.00013283874528215717
2026-05-09 00:02:06,221 - INFO - Memory cleaned.
2026-05-09 00:02:06,508 - INFO - Epoch[132] Complete. Time taken: 00:02:01.882
2026-05-09 00:04:04,799 - INFO - Epoch 133 - Train Loss: 6829.442370004376, Validation MRR: 0.19906234741210938, Learning Rate: 0.00011979701719998454
2026-05-09 00:04:08,101 - INFO - Memory cleaned.
2026-05-09 00:04:08,402 - INFO - Epoch[133] Complete. Time taken: 00:02:01.895
2026-05-09 00:06:06,734 - INFO - Epoch 134 - Train Loss: 6821.876076116008, Validation MRR: 0.19906234741210938, Learning Rate: 0.00010734153455962748
2026-05-09 00:06:10,027 - INFO - Memory cleaned.
2026-05-09 00:06:10,319 - INFO - Epoch[134] Complete. Time taken: 00:02:01.917
2026-05-09 00:08:08,646 - INFO - Epoch 135 - Train Loss: 6788.346890811839, Validation MRR: 0.19906234741210938, Learning Rate: 9.549150281252633e-05
2026-05-09 00:08:11,947 - INFO - Memory cleaned.
2026-05-09 00:08:12,222 - INFO - Epoch[135] Complete. Time taken: 00:02:01.903
2026-05-09 00:10:10,530 - INFO - Epoch 136 - Train Loss: 6768.092379236858, Validation MRR: 0.19906234741210938, Learning Rate: 8.42651938487275e-05
2026-05-09 00:10:13,829 - INFO - Memory cleaned.
2026-05-09 00:10:14,105 - INFO - Epoch[136] Complete. Time taken: 00:02:01.882
2026-05-09 00:12:12,390 - INFO - Epoch 137 - Train Loss: 6765.335492256692, Validation MRR: 0.19906234741210938, Learning Rate: 7.367991782295391e-05
2026-05-09 00:12:15,700 - INFO - Memory cleaned.
2026-05-09 00:12:15,976 - INFO - Epoch[137] Complete. Time taken: 00:02:01.871
2026-05-09 00:14:14,359 - INFO - Epoch 138 - Train Loss: 6765.007801470301, Validation MRR: 0.19906234741210938, Learning Rate: 6.375199646360153e-05
2026-05-09 00:14:17,673 - INFO - Memory cleaned.
2026-05-09 00:14:17,971 - INFO - Epoch[138] Complete. Time taken: 00:02:01.994
2026-05-09 00:16:16,213 - INFO - Epoch 139 - Train Loss: 6737.1289814458405, Validation MRR: 0.19906234741210938, Learning Rate: 5.449673790581611e-05
2026-05-09 00:16:19,512 - INFO - Memory cleaned.
2026-05-09 00:16:19,800 - INFO - Epoch[139] Complete. Time taken: 00:02:01.830
2026-05-09 00:18:18,122 - INFO - Epoch 140 - Train Loss: 6724.0774849355585, Validation MRR: 0.19906234741210938, Learning Rate: 4.592841308745932e-05
2026-05-09 00:18:21,425 - INFO - Memory cleaned.
2026-05-09 00:18:21,425 - INFO - Evaluating on validation set at epoch 140...
Link prediction evaluation:   0%|          | 0/3 [00:00<?, ?batch/s]Link prediction evaluation: 100%|██████████| 3/3 [00:00<00:00, 31.44batch/s]
2026-05-09 00:18:21,547 - INFO - Validation MRR: 0.13939419388771057
2026-05-09 00:18:21,827 - INFO - Epoch[140] Complete. Time taken: 00:02:02.026
2026-05-09 00:20:20,167 - INFO - Epoch 141 - Train Loss: 6710.564611924599, Validation MRR: 0.13939419388771057, Learning Rate: 3.806023374435663e-05
2026-05-09 00:20:23,475 - INFO - Memory cleaned.
2026-05-09 00:20:23,750 - INFO - Epoch[141] Complete. Time taken: 00:02:01.922
2026-05-09 00:22:22,023 - INFO - Epoch 142 - Train Loss: 6713.91553502691, Validation MRR: 0.13939419388771057, Learning Rate: 3.090433203875792e-05
2026-05-09 00:22:25,317 - INFO - Memory cleaned.
2026-05-09 00:22:25,593 - INFO - Epoch[142] Complete. Time taken: 00:02:01.843
2026-05-09 00:24:23,890 - INFO - Epoch 143 - Train Loss: 6681.405191436972, Validation MRR: 0.13939419388771057, Learning Rate: 2.4471741852423235e-05
2026-05-09 00:24:27,176 - INFO - Memory cleaned.
2026-05-09 00:24:27,462 - INFO - Epoch[143] Complete. Time taken: 00:02:01.869
2026-05-09 00:26:25,802 - INFO - Epoch 144 - Train Loss: 6680.1761792826455, Validation MRR: 0.13939419388771057, Learning Rate: 1.8772381773176416e-05
2026-05-09 00:26:29,099 - INFO - Memory cleaned.
2026-05-09 00:26:29,381 - INFO - Epoch[144] Complete. Time taken: 00:02:01.919
2026-05-09 00:28:27,700 - INFO - Epoch 145 - Train Loss: 6693.326844560741, Validation MRR: 0.13939419388771057, Learning Rate: 1.3815039801161721e-05
2026-05-09 00:28:30,997 - INFO - Memory cleaned.
2026-05-09 00:28:31,270 - INFO - Epoch[145] Complete. Time taken: 00:02:01.889
2026-05-09 00:30:29,689 - INFO - Epoch 146 - Train Loss: 6698.338176691003, Validation MRR: 0.13939419388771057, Learning Rate: 9.607359798384786e-06
2026-05-09 00:30:32,990 - INFO - Memory cleaned.
2026-05-09 00:30:33,265 - INFO - Epoch[146] Complete. Time taken: 00:02:01.995
2026-05-09 00:32:31,540 - INFO - Epoch 147 - Train Loss: 6679.805647580725, Validation MRR: 0.13939419388771057, Learning Rate: 6.15582970243117e-06
2026-05-09 00:32:34,857 - INFO - Memory cleaned.
2026-05-09 00:32:35,135 - INFO - Epoch[147] Complete. Time taken: 00:02:01.869
2026-05-09 00:34:33,425 - INFO - Epoch 148 - Train Loss: 6661.938603284638, Validation MRR: 0.13939419388771057, Learning Rate: 3.4657715225368535e-06
2026-05-09 00:34:36,724 - INFO - Memory cleaned.
2026-05-09 00:34:37,019 - INFO - Epoch[148] Complete. Time taken: 00:02:01.884
2026-05-09 00:36:35,328 - INFO - Epoch 149 - Train Loss: 6679.138308325845, Validation MRR: 0.13939419388771057, Learning Rate: 1.541333133436018e-06
2026-05-09 00:36:38,627 - INFO - Memory cleaned.
2026-05-09 00:36:38,902 - INFO - Epoch[149] Complete. Time taken: 00:02:01.883
2026-05-09 00:38:37,214 - INFO - Epoch 150 - Train Loss: 6671.865203942174, Validation MRR: 0.13939419388771057, Learning Rate: 3.854818796385495e-07
2026-05-09 00:38:40,511 - INFO - Memory cleaned.
2026-05-09 00:38:40,799 - INFO - Epoch[150] Complete. Time taken: 00:02:01.897
2026-05-09 00:40:39,268 - INFO - Epoch 151 - Train Loss: 8773.261036344404, Validation MRR: 0.13939419388771057, Learning Rate: 0.001
2026-05-09 00:40:42,556 - INFO - Memory cleaned.
2026-05-09 00:40:42,828 - INFO - Epoch[151] Complete. Time taken: 00:02:02.029
2026-05-09 00:42:41,164 - INFO - Epoch 152 - Train Loss: 8696.73465393589, Validation MRR: 0.13939419388771057, Learning Rate: 0.0009999036202410325
2026-05-09 00:42:44,462 - INFO - Memory cleaned.
2026-05-09 00:42:44,740 - INFO - Epoch[152] Complete. Time taken: 00:02:01.911
2026-05-09 00:44:42,991 - INFO - Epoch 153 - Train Loss: 8312.737086100966, Validation MRR: 0.13939419388771057, Learning Rate: 0.0009996145181203615
2026-05-09 00:44:46,298 - INFO - Memory cleaned.
2026-05-09 00:44:46,594 - INFO - Epoch[153] Complete. Time taken: 00:02:01.855
2026-05-09 00:46:44,903 - INFO - Epoch 154 - Train Loss: 8169.633864332259, Validation MRR: 0.13939419388771057, Learning Rate: 0.000999132805092358
2026-05-09 00:46:48,213 - INFO - Memory cleaned.
2026-05-09 00:46:48,498 - INFO - Epoch[154] Complete. Time taken: 00:02:01.903
2026-05-09 00:48:46,804 - INFO - Epoch 155 - Train Loss: 8125.320641609358, Validation MRR: 0.13939419388771057, Learning Rate: 0.000998458666866564
2026-05-09 00:48:50,118 - INFO - Memory cleaned.
2026-05-09 00:48:50,393 - INFO - Epoch[155] Complete. Time taken: 00:02:01.895
2026-05-09 00:50:48,472 - INFO - Epoch 156 - Train Loss: 8189.9588103288515, Validation MRR: 0.13939419388771057, Learning Rate: 0.0009975923633360985
2026-05-09 00:50:51,781 - INFO - Memory cleaned.
2026-05-09 00:50:52,057 - INFO - Epoch[156] Complete. Time taken: 00:02:01.664
2026-05-09 00:52:50,177 - INFO - Epoch 157 - Train Loss: 8222.647256850949, Validation MRR: 0.13939419388771057, Learning Rate: 0.0009965342284774632
2026-05-09 00:52:53,479 - INFO - Memory cleaned.
2026-05-09 00:52:53,776 - INFO - Epoch[157] Complete. Time taken: 00:02:01.719
2026-05-09 00:54:51,811 - INFO - Epoch 158 - Train Loss: 8188.057936455956, Validation MRR: 0.13939419388771057, Learning Rate: 0.0009952846702217886
2026-05-09 00:54:55,096 - INFO - Memory cleaned.
2026-05-09 00:54:55,367 - INFO - Epoch[158] Complete. Time taken: 00:02:01.591
2026-05-09 00:56:53,452 - INFO - Epoch 159 - Train Loss: 8216.952471586239, Validation MRR: 0.13939419388771057, Learning Rate: 0.0009938441702975688
2026-05-09 00:56:56,742 - INFO - Memory cleaned.
2026-05-09 00:56:57,013 - INFO - Epoch[159] Complete. Time taken: 00:02:01.646
2026-05-09 00:58:55,052 - INFO - Epoch 160 - Train Loss: 8125.50099550083, Validation MRR: 0.13939419388771057, Learning Rate: 0.0009922132840449458
2026-05-09 00:58:58,341 - INFO - Memory cleaned.
2026-05-09 00:58:58,341 - INFO - Evaluating on validation set at epoch 160...
Link prediction evaluation:   0%|          | 0/3 [00:00<?, ?batch/s]Link prediction evaluation: 100%|██████████| 3/3 [00:00<00:00, 31.59batch/s]
2026-05-09 00:58:58,459 - INFO - Validation MRR: 0.12612655758857727
2026-05-09 00:58:58,734 - INFO - Epoch[160] Complete. Time taken: 00:02:01.721
2026-05-09 01:00:56,730 - INFO - Epoch 161 - Train Loss: 8090.882323753934, Validation MRR: 0.12612655758857727, Learning Rate: 0.0009903926402016153
2026-05-09 01:01:00,036 - INFO - Memory cleaned.
2026-05-09 01:01:00,331 - INFO - Epoch[161] Complete. Time taken: 00:02:01.597
2026-05-09 01:02:58,409 - INFO - Epoch 162 - Train Loss: 8097.436296711736, Validation MRR: 0.12612655758857727, Learning Rate: 0.0009883829406604362
2026-05-09 01:03:01,710 - INFO - Memory cleaned.
2026-05-09 01:03:02,000 - INFO - Epoch[162] Complete. Time taken: 00:02:01.668
2026-05-09 01:05:00,069 - INFO - Epoch 163 - Train Loss: 8096.814077540107, Validation MRR: 0.12612655758857727, Learning Rate: 0.0009861849601988384
2026-05-09 01:05:03,368 - INFO - Memory cleaned.
2026-05-09 01:05:03,661 - INFO - Epoch[163] Complete. Time taken: 00:02:01.661
2026-05-09 01:07:01,709 - INFO - Epoch 164 - Train Loss: 8056.627066584558, Validation MRR: 0.12612655758857727, Learning Rate: 0.0009837995461801298
2026-05-09 01:07:04,994 - INFO - Memory cleaned.
2026-05-09 01:07:05,321 - INFO - Epoch[164] Complete. Time taken: 00:02:01.660
2026-05-09 01:09:03,362 - INFO - Epoch 165 - Train Loss: 8121.708093803295, Validation MRR: 0.12612655758857727, Learning Rate: 0.0009812276182268236
2026-05-09 01:09:06,646 - INFO - Memory cleaned.
2026-05-09 01:09:06,948 - INFO - Epoch[165] Complete. Time taken: 00:02:01.626
2026-05-09 01:11:05,032 - INFO - Epoch 166 - Train Loss: 8090.0865521412115, Validation MRR: 0.12612655758857727, Learning Rate: 0.0009784701678661044
2026-05-09 01:11:08,315 - INFO - Memory cleaned.
2026-05-09 01:11:08,625 - INFO - Epoch[166] Complete. Time taken: 00:02:01.677
2026-05-09 01:13:06,670 - INFO - Epoch 167 - Train Loss: 7997.268347228057, Validation MRR: 0.12612655758857727, Learning Rate: 0.0009755282581475768
2026-05-09 01:13:09,954 - INFO - Memory cleaned.
2026-05-09 01:13:10,229 - INFO - Epoch[167] Complete. Time taken: 00:02:01.604
2026-05-09 01:15:08,289 - INFO - Epoch 168 - Train Loss: 7999.386791935765, Validation MRR: 0.12612655758857727, Learning Rate: 0.0009724030232334391
2026-05-09 01:15:11,574 - INFO - Memory cleaned.
2026-05-09 01:15:11,851 - INFO - Epoch[168] Complete. Time taken: 00:02:01.622
2026-05-09 01:17:09,836 - INFO - Epoch 169 - Train Loss: 8016.7349510363765, Validation MRR: 0.12612655758857727, Learning Rate: 0.0009690956679612422
2026-05-09 01:17:13,125 - INFO - Memory cleaned.
2026-05-09 01:17:13,412 - INFO - Epoch[169] Complete. Time taken: 00:02:01.561
2026-05-09 01:19:11,457 - INFO - Epoch 170 - Train Loss: 7962.84606234622, Validation MRR: 0.12612655758857727, Learning Rate: 0.0009656074673794017
2026-05-09 01:19:14,748 - INFO - Memory cleaned.
2026-05-09 01:19:15,019 - INFO - Epoch[170] Complete. Time taken: 00:02:01.607
2026-05-09 01:21:13,083 - INFO - Epoch 171 - Train Loss: 7950.72748975318, Validation MRR: 0.12612655758857727, Learning Rate: 0.0009619397662556434
2026-05-09 01:21:16,369 - INFO - Memory cleaned.
2026-05-09 01:21:16,643 - INFO - Epoch[171] Complete. Time taken: 00:02:01.623
2026-05-09 01:23:14,688 - INFO - Epoch 172 - Train Loss: 7924.908488467114, Validation MRR: 0.12612655758857727, Learning Rate: 0.0009580939785585681
2026-05-09 01:23:17,971 - INFO - Memory cleaned.
2026-05-09 01:23:18,244 - INFO - Epoch[172] Complete. Time taken: 00:02:01.601
2026-05-09 01:25:16,315 - INFO - Epoch 173 - Train Loss: 7922.255175034938, Validation MRR: 0.12612655758857727, Learning Rate: 0.0009540715869125407
2026-05-09 01:25:19,598 - INFO - Memory cleaned.
2026-05-09 01:25:19,883 - INFO - Epoch[173] Complete. Time taken: 00:02:01.639
2026-05-09 01:27:17,955 - INFO - Epoch 174 - Train Loss: 7933.85207531726, Validation MRR: 0.12612655758857727, Learning Rate: 0.0009498741420261108
2026-05-09 01:27:21,240 - INFO - Memory cleaned.
2026-05-09 01:27:21,509 - INFO - Epoch[174] Complete. Time taken: 00:02:01.626
2026-05-09 01:29:19,561 - INFO - Epoch 175 - Train Loss: 7917.480125159966, Validation MRR: 0.12612655758857727, Learning Rate: 0.0009455032620941839
2026-05-09 01:29:22,844 - INFO - Memory cleaned.
2026-05-09 01:29:23,120 - INFO - Epoch[175] Complete. Time taken: 00:02:01.610
2026-05-09 01:31:21,197 - INFO - Epoch 176 - Train Loss: 7842.14346814673, Validation MRR: 0.12612655758857727, Learning Rate: 0.0009409606321741775
2026-05-09 01:31:24,480 - INFO - Memory cleaned.
2026-05-09 01:31:24,761 - INFO - Epoch[176] Complete. Time taken: 00:02:01.641
2026-05-09 01:33:22,963 - INFO - Epoch 177 - Train Loss: 7867.19503218779, Validation MRR: 0.12612655758857727, Learning Rate: 0.0009362480035363986
2026-05-09 01:33:26,258 - INFO - Memory cleaned.
2026-05-09 01:33:26,531 - INFO - Epoch[177] Complete. Time taken: 00:02:01.770
2026-05-09 01:35:25,034 - INFO - Epoch 178 - Train Loss: 7813.927247997767, Validation MRR: 0.12612655758857727, Learning Rate: 0.0009313671929888959
2026-05-09 01:35:28,327 - INFO - Memory cleaned.
2026-05-09 01:35:28,599 - INFO - Epoch[178] Complete. Time taken: 00:02:02.067
2026-05-09 01:37:27,112 - INFO - Epoch 179 - Train Loss: 7811.782674379357, Validation MRR: 0.12612655758857727, Learning Rate: 0.0009263200821770461
2026-05-09 01:37:30,396 - INFO - Memory cleaned.
2026-05-09 01:37:30,679 - INFO - Epoch[179] Complete. Time taken: 00:02:02.080
2026-05-09 01:39:29,181 - INFO - Epoch 180 - Train Loss: 7810.499228005705, Validation MRR: 0.12612655758857727, Learning Rate: 0.0009211086168581433
2026-05-09 01:39:32,481 - INFO - Memory cleaned.
2026-05-09 01:39:32,481 - INFO - Evaluating on validation set at epoch 180...
Link prediction evaluation:   0%|          | 0/3 [00:00<?, ?batch/s]Link prediction evaluation: 100%|██████████| 3/3 [00:00<00:00, 34.86batch/s]
2026-05-09 01:39:32,571 - INFO - Validation MRR: 0.11358246952295303
2026-05-09 01:39:32,857 - INFO - Epoch[180] Complete. Time taken: 00:02:02.178
2026-05-09 01:41:31,245 - INFO - Epoch 181 - Train Loss: 7771.459213875744, Validation MRR: 0.11358246952295303, Learning Rate: 0.0009157348061512727
2026-05-09 01:41:34,546 - INFO - Memory cleaned.
2026-05-09 01:41:34,822 - INFO - Epoch[181] Complete. Time taken: 00:02:01.964
2026-05-09 01:43:33,248 - INFO - Epoch 182 - Train Loss: 7715.622869461284, Validation MRR: 0.11358246952295303, Learning Rate: 0.0009102007217627568
2026-05-09 01:43:36,535 - INFO - Memory cleaned.
2026-05-09 01:43:36,821 - INFO - Epoch[182] Complete. Time taken: 00:02:01.999
2026-05-09 01:45:35,366 - INFO - Epoch 183 - Train Loss: 7719.294521390424, Validation MRR: 0.11358246952295303, Learning Rate: 0.0009045084971874737
2026-05-09 01:45:38,647 - INFO - Memory cleaned.
2026-05-09 01:45:38,930 - INFO - Epoch[183] Complete. Time taken: 00:02:02.109
2026-05-09 01:47:37,506 - INFO - Epoch 184 - Train Loss: 7712.856358505864, Validation MRR: 0.11358246952295303, Learning Rate: 0.0008986603268863536
2026-05-09 01:47:40,794 - INFO - Memory cleaned.
2026-05-09 01:47:41,105 - INFO - Epoch[184] Complete. Time taken: 00:02:02.174
2026-05-09 01:49:39,696 - INFO - Epoch 185 - Train Loss: 7677.176130603271, Validation MRR: 0.11358246952295303, Learning Rate: 0.0008926584654403724
2026-05-09 01:49:42,983 - INFO - Memory cleaned.
2026-05-09 01:49:43,254 - INFO - Epoch[185] Complete. Time taken: 00:02:02.149
2026-05-09 01:51:41,826 - INFO - Epoch 186 - Train Loss: 7652.341507009018, Validation MRR: 0.11358246952295303, Learning Rate: 0.0008865052266813684
2026-05-09 01:51:45,124 - INFO - Memory cleaned.
2026-05-09 01:51:45,408 - INFO - Epoch[186] Complete. Time taken: 00:02:02.154
2026-05-09 01:53:44,024 - INFO - Epoch 187 - Train Loss: 7660.762046426963, Validation MRR: 0.11358246952295303, Learning Rate: 0.0008802029828000156
2026-05-09 01:53:47,328 - INFO - Memory cleaned.
2026-05-09 01:53:47,620 - INFO - Epoch[187] Complete. Time taken: 00:02:02.211
2026-05-09 01:55:46,370 - INFO - Epoch 188 - Train Loss: 7629.590701298691, Validation MRR: 0.11358246952295303, Learning Rate: 0.0008737541634312985
2026-05-09 01:55:49,679 - INFO - Memory cleaned.
2026-05-09 01:55:50,001 - INFO - Epoch[188] Complete. Time taken: 00:02:02.381
2026-05-09 01:57:48,672 - INFO - Epoch 189 - Train Loss: 7643.9734905602145, Validation MRR: 0.11358246952295303, Learning Rate: 0.0008671612547178428
2026-05-09 01:57:51,959 - INFO - Memory cleaned.
2026-05-09 01:57:52,247 - INFO - Epoch[189] Complete. Time taken: 00:02:02.246
2026-05-09 01:59:50,720 - INFO - Epoch 190 - Train Loss: 7585.151338875967, Validation MRR: 0.11358246952295303, Learning Rate: 0.0008604267983514594
2026-05-09 01:59:54,002 - INFO - Memory cleaned.
2026-05-09 01:59:54,277 - INFO - Epoch[190] Complete. Time taken: 00:02:02.029
2026-05-09 02:01:52,851 - INFO - Epoch 191 - Train Loss: 7538.081780897719, Validation MRR: 0.11358246952295303, Learning Rate: 0.0008535533905932737
2026-05-09 02:01:56,145 - INFO - Memory cleaned.
2026-05-09 02:01:56,442 - INFO - Epoch[191] Complete. Time taken: 00:02:02.165
2026-05-09 02:03:54,954 - INFO - Epoch 192 - Train Loss: 7556.707974579059, Validation MRR: 0.11358246952295303, Learning Rate: 0.000846543681272818
2026-05-09 02:03:58,243 - INFO - Memory cleaned.
2026-05-09 02:03:58,520 - INFO - Epoch[192] Complete. Time taken: 00:02:02.078
2026-05-09 02:05:57,014 - INFO - Epoch 193 - Train Loss: 7562.743089392438, Validation MRR: 0.11358246952295303, Learning Rate: 0.0008394003727664709
2026-05-09 02:06:00,314 - INFO - Memory cleaned.
2026-05-09 02:06:00,586 - INFO - Epoch[193] Complete. Time taken: 00:02:02.066
2026-05-09 02:07:59,133 - INFO - Epoch 194 - Train Loss: 7530.199408792457, Validation MRR: 0.11358246952295303, Learning Rate: 0.0008321262189556409
2026-05-09 02:08:02,428 - INFO - Memory cleaned.
2026-05-09 02:08:02,700 - INFO - Epoch[194] Complete. Time taken: 00:02:02.114
2026-05-09 02:10:01,218 - INFO - Epoch 195 - Train Loss: 7480.417124671772, Validation MRR: 0.11358246952295303, Learning Rate: 0.000824724024165092
2026-05-09 02:10:04,511 - INFO - Memory cleaned.
2026-05-09 02:10:04,786 - INFO - Epoch[195] Complete. Time taken: 00:02:02.085
2026-05-09 02:12:03,357 - INFO - Epoch 196 - Train Loss: 7450.20890942147, Validation MRR: 0.11358246952295303, Learning Rate: 0.0008171966420818228
2026-05-09 02:12:06,654 - INFO - Memory cleaned.
2026-05-09 02:12:06,939 - INFO - Epoch[196] Complete. Time taken: 00:02:02.154
2026-05-09 02:14:05,564 - INFO - Epoch 197 - Train Loss: 7435.2144853547115, Validation MRR: 0.11358246952295303, Learning Rate: 0.000809546974654917
2026-05-09 02:14:08,858 - INFO - Memory cleaned.
2026-05-09 02:14:09,154 - INFO - Epoch[197] Complete. Time taken: 00:02:02.215
2026-05-09 02:16:07,906 - INFO - Epoch 198 - Train Loss: 7419.503618820046, Validation MRR: 0.11358246952295303, Learning Rate: 0.0008017779709767857
2026-05-09 02:16:11,201 - INFO - Memory cleaned.
2026-05-09 02:16:11,498 - INFO - Epoch[198] Complete. Time taken: 00:02:02.343
2026-05-09 02:18:10,257 - INFO - Epoch 199 - Train Loss: 7422.724779617875, Validation MRR: 0.11358246952295303, Learning Rate: 0.0007938926261462366
2026-05-09 02:18:13,549 - INFO - Memory cleaned.
2026-05-09 02:18:13,820 - INFO - Epoch[199] Complete. Time taken: 00:02:02.322
2026-05-09 02:20:12,595 - INFO - Epoch 200 - Train Loss: 7365.547549454682, Validation MRR: 0.11358246952295303, Learning Rate: 0.0007858939801138062
2026-05-09 02:20:15,890 - INFO - Memory cleaned.
2026-05-09 02:20:15,891 - INFO - Evaluating on validation set at epoch 200...
Link prediction evaluation:   0%|          | 0/3 [00:00<?, ?batch/s]Link prediction evaluation: 100%|██████████| 3/3 [00:00<00:00, 31.23batch/s]
2026-05-09 02:20:16,009 - INFO - Validation MRR: 0.09978745132684708
2026-05-09 02:20:16,286 - INFO - Epoch[200] Complete. Time taken: 00:02:02.466
2026-05-09 02:22:15,004 - INFO - Epoch 201 - Train Loss: 7375.474591676484, Validation MRR: 0.09978745132684708, Learning Rate: 0.0007777851165098011
2026-05-09 02:22:18,306 - INFO - Memory cleaned.
2026-05-09 02:22:18,579 - INFO - Epoch[201] Complete. Time taken: 00:02:02.292
2026-05-09 02:24:17,093 - INFO - Epoch 202 - Train Loss: 7371.79060709511, Validation MRR: 0.09978745132684708, Learning Rate: 0.0007695691614555002
2026-05-09 02:24:20,393 - INFO - Memory cleaned.
2026-05-09 02:24:20,670 - INFO - Epoch[202] Complete. Time taken: 00:02:02.091
2026-05-09 02:26:19,141 - INFO - Epoch 203 - Train Loss: 7311.2625991681225, Validation MRR: 0.09978745132684708, Learning Rate: 0.0007612492823579744
2026-05-09 02:26:22,437 - INFO - Memory cleaned.
2026-05-09 02:26:22,710 - INFO - Epoch[203] Complete. Time taken: 00:02:02.040
2026-05-09 02:28:21,183 - INFO - Epoch 204 - Train Loss: 7324.828127646735, Validation MRR: 0.09978745132684708, Learning Rate: 0.0007528286866889923
2026-05-09 02:28:24,479 - INFO - Memory cleaned.
2026-05-09 02:28:24,755 - INFO - Epoch[204] Complete. Time taken: 00:02:02.045
2026-05-09 02:30:23,222 - INFO - Epoch 205 - Train Loss: 7294.696866412398, Validation MRR: 0.09978745132684708, Learning Rate: 0.0007443106207484776
2026-05-09 02:30:26,517 - INFO - Memory cleaned.
2026-05-09 02:30:26,790 - INFO - Epoch[205] Complete. Time taken: 00:02:02.034
2026-05-09 02:32:25,275 - INFO - Epoch 206 - Train Loss: 7282.175818662101, Validation MRR: 0.09978745132684708, Learning Rate: 0.0007356983684129988
2026-05-09 02:32:28,570 - INFO - Memory cleaned.
2026-05-09 02:32:28,843 - INFO - Epoch[206] Complete. Time taken: 00:02:02.053
2026-05-09 02:34:27,416 - INFO - Epoch 207 - Train Loss: 7232.832296520481, Validation MRR: 0.09978745132684708, Learning Rate: 0.0007269952498697733
2026-05-09 02:34:30,708 - INFO - Memory cleaned.
2026-05-09 02:34:31,003 - INFO - Epoch[207] Complete. Time taken: 00:02:02.160
2026-05-09 02:36:29,636 - INFO - Epoch 208 - Train Loss: 7231.305059850888, Validation MRR: 0.09978745132684708, Learning Rate: 0.0007182046203366711
2026-05-09 02:36:32,927 - INFO - Memory cleaned.
2026-05-09 02:36:33,213 - INFO - Epoch[208] Complete. Time taken: 00:02:02.210
2026-05-09 02:38:32,329 - INFO - Epoch 209 - Train Loss: 7208.5539257282535, Validation MRR: 0.09978745132684708, Learning Rate: 0.0007093298687687141
2026-05-09 02:38:35,665 - INFO - Memory cleaned.
2026-05-09 02:38:35,986 - INFO - Epoch[209] Complete. Time taken: 00:02:02.773
2026-05-09 02:40:34,784 - INFO - Epoch 210 - Train Loss: 7182.613330284095, Validation MRR: 0.09978745132684708, Learning Rate: 0.0007003744165515705
2026-05-09 02:40:38,069 - INFO - Memory cleaned.
2026-05-09 02:40:38,376 - INFO - Epoch[210] Complete. Time taken: 00:02:02.389
2026-05-09 02:42:36,993 - INFO - Epoch 211 - Train Loss: 7179.351344484905, Validation MRR: 0.09978745132684708, Learning Rate: 0.000691341716182545
2026-05-09 02:42:40,274 - INFO - Memory cleaned.
2026-05-09 02:42:40,585 - INFO - Epoch[211] Complete. Time taken: 00:02:02.209
2026-05-09 02:44:39,406 - INFO - Epoch 212 - Train Loss: 7156.543876988307, Validation MRR: 0.09978745132684708, Learning Rate: 0.0006822352499395748
2026-05-09 02:44:42,691 - INFO - Memory cleaned.
2026-05-09 02:44:42,991 - INFO - Epoch[212] Complete. Time taken: 00:02:02.406
2026-05-09 02:46:41,754 - INFO - Epoch 213 - Train Loss: 7155.225659043408, Validation MRR: 0.09978745132684708, Learning Rate: 0.0006730585285387465
2026-05-09 02:46:45,038 - INFO - Memory cleaned.
2026-05-09 02:46:45,334 - INFO - Epoch[213] Complete. Time taken: 00:02:02.343
2026-05-09 02:48:43,966 - INFO - Epoch 214 - Train Loss: 7088.499935966491, Validation MRR: 0.09978745132684708, Learning Rate: 0.0006638150897808467
2026-05-09 02:48:47,248 - INFO - Memory cleaned.
2026-05-09 02:48:47,558 - INFO - Epoch[214] Complete. Time taken: 00:02:02.224
2026-05-09 02:50:46,171 - INFO - Epoch 215 - Train Loss: 7085.552719426245, Validation MRR: 0.09978745132684708, Learning Rate: 0.0006545084971874737
2026-05-09 02:50:49,454 - INFO - Memory cleaned.
2026-05-09 02:50:49,724 - INFO - Epoch[215] Complete. Time taken: 00:02:02.166
2026-05-09 02:52:48,192 - INFO - Epoch 216 - Train Loss: 7078.206046723954, Validation MRR: 0.09978745132684708, Learning Rate: 0.0006451423386272313
2026-05-09 02:52:51,472 - INFO - Memory cleaned.
2026-05-09 02:52:51,759 - INFO - Epoch[216] Complete. Time taken: 00:02:02.035
2026-05-09 02:54:50,273 - INFO - Epoch 217 - Train Loss: 7059.57345255435, Validation MRR: 0.09978745132684708, Learning Rate: 0.0006357202249325371
2026-05-09 02:54:53,557 - INFO - Memory cleaned.
2026-05-09 02:54:53,829 - INFO - Epoch[217] Complete. Time taken: 00:02:02.069
2026-05-09 02:56:52,367 - INFO - Epoch 218 - Train Loss: 7038.680043507125, Validation MRR: 0.09978745132684708, Learning Rate: 0.0006262457885075791
2026-05-09 02:56:55,649 - INFO - Memory cleaned.
2026-05-09 02:56:55,970 - INFO - Epoch[218] Complete. Time taken: 00:02:02.141
2026-05-09 02:58:54,456 - INFO - Epoch 219 - Train Loss: 7027.918876774874, Validation MRR: 0.09978745132684708, Learning Rate: 0.0006167226819279528
2026-05-09 02:58:57,739 - INFO - Memory cleaned.
2026-05-09 02:58:58,016 - INFO - Epoch[219] Complete. Time taken: 00:02:02.046
2026-05-09 03:00:56,607 - INFO - Epoch 220 - Train Loss: 6991.882578486497, Validation MRR: 0.09978745132684708, Learning Rate: 0.0006071545765325253
2026-05-09 03:00:59,891 - INFO - Memory cleaned.
2026-05-09 03:00:59,891 - INFO - Evaluating on validation set at epoch 220...
Link prediction evaluation:   0%|          | 0/3 [00:00<?, ?batch/s]Link prediction evaluation: 100%|██████████| 3/3 [00:00<00:00, 31.57batch/s]
2026-05-09 03:01:00,077 - INFO - Validation MRR: 0.12495042383670807
2026-05-09 03:01:00,405 - INFO - Epoch[220] Complete. Time taken: 00:02:02.389
2026-05-09 03:02:58,859 - INFO - Epoch 221 - Train Loss: 6957.658381706056, Validation MRR: 0.12495042383670807, Learning Rate: 0.0005975451610080642
2026-05-09 03:03:02,146 - INFO - Memory cleaned.
2026-05-09 03:03:02,425 - INFO - Epoch[221] Complete. Time taken: 00:02:02.019
2026-05-09 03:05:00,735 - INFO - Epoch 222 - Train Loss: 6945.998092807309, Validation MRR: 0.12495042383670807, Learning Rate: 0.0005878981399671772
2026-05-09 03:05:04,031 - INFO - Memory cleaned.
2026-05-09 03:05:04,305 - INFO - Epoch[222] Complete. Time taken: 00:02:01.881
2026-05-09 03:07:02,619 - INFO - Epoch 223 - Train Loss: 6926.988188553136, Validation MRR: 0.12495042383670807, Learning Rate: 0.0005782172325201155
2026-05-09 03:07:05,911 - INFO - Memory cleaned.
2026-05-09 03:07:06,236 - INFO - Epoch[223] Complete. Time taken: 00:02:01.930
2026-05-09 03:09:04,546 - INFO - Epoch 224 - Train Loss: 6924.4442028232925, Validation MRR: 0.12495042383670807, Learning Rate: 0.0005685061708409841
2026-05-09 03:09:07,834 - INFO - Memory cleaned.
2026-05-09 03:09:08,119 - INFO - Epoch[224] Complete. Time taken: 00:02:01.883
2026-05-09 03:11:06,478 - INFO - Epoch 225 - Train Loss: 6888.735402286485, Validation MRR: 0.12495042383670807, Learning Rate: 0.0005587686987289189
2026-05-09 03:11:09,767 - INFO - Memory cleaned.
2026-05-09 03:11:10,039 - INFO - Epoch[225] Complete. Time taken: 00:02:01.920
2026-05-09 03:13:08,255 - INFO - Epoch 226 - Train Loss: 6874.818041293978, Validation MRR: 0.12495042383670807, Learning Rate: 0.0005490085701647804
2026-05-09 03:13:11,537 - INFO - Memory cleaned.
2026-05-09 03:13:11,807 - INFO - Epoch[226] Complete. Time taken: 00:02:01.768
2026-05-09 03:15:09,930 - INFO - Epoch 227 - Train Loss: 6871.773492032934, Validation MRR: 0.12495042383670807, Learning Rate: 0.0005392295478639225
2026-05-09 03:15:13,222 - INFO - Memory cleaned.
2026-05-09 03:15:13,551 - INFO - Epoch[227] Complete. Time taken: 00:02:01.743
2026-05-09 03:17:11,645 - INFO - Epoch 228 - Train Loss: 6836.151982125089, Validation MRR: 0.12495042383670807, Learning Rate: 0.0005294354018255945
2026-05-09 03:17:14,933 - INFO - Memory cleaned.
2026-05-09 03:17:15,208 - INFO - Epoch[228] Complete. Time taken: 00:02:01.657
2026-05-09 03:19:13,236 - INFO - Epoch 229 - Train Loss: 6825.924441145095, Validation MRR: 0.12495042383670807, Learning Rate: 0.0005196299078795343
2026-05-09 03:19:16,524 - INFO - Memory cleaned.
2026-05-09 03:19:16,796 - INFO - Epoch[229] Complete. Time taken: 00:02:01.587
2026-05-09 03:21:14,805 - INFO - Epoch 230 - Train Loss: 6808.941640664228, Validation MRR: 0.12495042383670807, Learning Rate: 0.0005098168462303141
2026-05-09 03:21:18,092 - INFO - Memory cleaned.
2026-05-09 03:21:18,365 - INFO - Epoch[230] Complete. Time taken: 00:02:01.569
2026-05-09 03:23:16,386 - INFO - Epoch 231 - Train Loss: 6774.9821321547815, Validation MRR: 0.12495042383670807, Learning Rate: 0.0005
2026-05-09 03:23:19,676 - INFO - Memory cleaned.
2026-05-09 03:23:19,961 - INFO - Epoch[231] Complete. Time taken: 00:02:01.596
2026-05-09 03:25:18,069 - INFO - Epoch 232 - Train Loss: 6769.143530906498, Validation MRR: 0.12495042383670807, Learning Rate: 0.0004901831537696859
2026-05-09 03:25:21,387 - INFO - Memory cleaned.
2026-05-09 03:25:21,662 - INFO - Epoch[232] Complete. Time taken: 00:02:01.700
2026-05-09 03:27:20,321 - INFO - Epoch 233 - Train Loss: 6765.7836092189655, Validation MRR: 0.12495042383670807, Learning Rate: 0.00048037009212046586
2026-05-09 03:27:23,621 - INFO - Memory cleaned.
2026-05-09 03:27:23,894 - INFO - Epoch[233] Complete. Time taken: 00:02:02.232
2026-05-09 03:29:22,326 - INFO - Epoch 234 - Train Loss: 6724.621439318457, Validation MRR: 0.12495042383670807, Learning Rate: 0.00047056459817440544
2026-05-09 03:29:25,615 - INFO - Memory cleaned.
2026-05-09 03:29:25,887 - INFO - Epoch[234] Complete. Time taken: 00:02:01.993
2026-05-09 03:31:24,175 - INFO - Epoch 235 - Train Loss: 6718.6797737638735, Validation MRR: 0.12495042383670807, Learning Rate: 0.0004607704521360776
2026-05-09 03:31:27,464 - INFO - Memory cleaned.
2026-05-09 03:31:27,734 - INFO - Epoch[235] Complete. Time taken: 00:02:01.847
2026-05-09 03:33:25,986 - INFO - Epoch 236 - Train Loss: 6688.256681330734, Validation MRR: 0.12495042383670807, Learning Rate: 0.0004509914298352197
2026-05-09 03:33:29,272 - INFO - Memory cleaned.
2026-05-09 03:33:29,565 - INFO - Epoch[236] Complete. Time taken: 00:02:01.831
2026-05-09 03:35:27,828 - INFO - Epoch 237 - Train Loss: 6685.516604443118, Validation MRR: 0.12495042383670807, Learning Rate: 0.00044123130127108126
2026-05-09 03:35:31,116 - INFO - Memory cleaned.
2026-05-09 03:35:31,397 - INFO - Epoch[237] Complete. Time taken: 00:02:01.832
2026-05-09 03:37:29,735 - INFO - Epoch 238 - Train Loss: 6672.764526940375, Validation MRR: 0.12495042383670807, Learning Rate: 0.0004314938291590161
2026-05-09 03:37:33,025 - INFO - Memory cleaned.
2026-05-09 03:37:33,323 - INFO - Epoch[238] Complete. Time taken: 00:02:01.926
2026-05-09 03:39:31,696 - INFO - Epoch 239 - Train Loss: 6663.219120126803, Validation MRR: 0.12495042383670807, Learning Rate: 0.0004217827674798847
2026-05-09 03:39:34,993 - INFO - Memory cleaned.
2026-05-09 03:39:35,284 - INFO - Epoch[239] Complete. Time taken: 00:02:01.961
2026-05-09 03:41:33,610 - INFO - Epoch 240 - Train Loss: 6628.10535609281, Validation MRR: 0.12495042383670807, Learning Rate: 0.00041210186003282274
2026-05-09 03:41:36,905 - INFO - Memory cleaned.
2026-05-09 03:41:36,905 - INFO - Evaluating on validation set at epoch 240...
Link prediction evaluation:   0%|          | 0/3 [00:00<?, ?batch/s]Link prediction evaluation: 100%|██████████| 3/3 [00:00<00:00, 33.25batch/s]
2026-05-09 03:41:36,997 - INFO - Validation MRR: 0.15136638283729553
2026-05-09 03:41:37,289 - INFO - Epoch[240] Complete. Time taken: 00:02:02.005
2026-05-09 03:43:35,952 - INFO - Epoch 241 - Train Loss: 6610.341922393052, Validation MRR: 0.15136638283729553, Learning Rate: 0.00040245483899193594
2026-05-09 03:43:39,287 - INFO - Memory cleaned.
2026-05-09 03:43:39,573 - INFO - Epoch[241] Complete. Time taken: 00:02:02.284
2026-05-09 03:45:37,995 - INFO - Epoch 242 - Train Loss: 6621.589167795317, Validation MRR: 0.15136638283729553, Learning Rate: 0.0003928454234674747
2026-05-09 03:45:41,310 - INFO - Memory cleaned.
2026-05-09 03:45:41,548 - INFO - Epoch[242] Complete. Time taken: 00:02:01.975
2026-05-09 03:47:39,885 - INFO - Epoch 243 - Train Loss: 6586.745475019757, Validation MRR: 0.15136638283729553, Learning Rate: 0.00038327731807204733
2026-05-09 03:47:43,181 - INFO - Memory cleaned.
2026-05-09 03:47:43,457 - INFO - Epoch[243] Complete. Time taken: 00:02:01.909
2026-05-09 03:49:41,575 - INFO - Epoch 244 - Train Loss: 6575.972734248425, Validation MRR: 0.15136638283729553, Learning Rate: 0.00037375421149242114
2026-05-09 03:49:44,881 - INFO - Memory cleaned.
2026-05-09 03:49:45,145 - INFO - Epoch[244] Complete. Time taken: 00:02:01.688
2026-05-09 03:51:43,540 - INFO - Epoch 245 - Train Loss: 6566.484853915425, Validation MRR: 0.15136638283729553, Learning Rate: 0.0003642797750674628
2026-05-09 03:51:46,840 - INFO - Memory cleaned.
2026-05-09 03:51:47,122 - INFO - Epoch[245] Complete. Time taken: 00:02:01.977
2026-05-09 03:53:45,516 - INFO - Epoch 246 - Train Loss: 6535.29655434387, Validation MRR: 0.15136638283729553, Learning Rate: 0.0003548576613727688
2026-05-09 03:53:48,818 - INFO - Memory cleaned.
2026-05-09 03:53:49,108 - INFO - Epoch[246] Complete. Time taken: 00:02:01.985
2026-05-09 03:55:47,470 - INFO - Epoch 247 - Train Loss: 6514.845212933338, Validation MRR: 0.15136638283729553, Learning Rate: 0.00034549150281252633
2026-05-09 03:55:50,756 - INFO - Memory cleaned.
2026-05-09 03:55:51,035 - INFO - Epoch[247] Complete. Time taken: 00:02:01.927
2026-05-09 03:57:49,288 - INFO - Epoch 248 - Train Loss: 6532.113425637487, Validation MRR: 0.15136638283729553, Learning Rate: 0.0003361849102191533
2026-05-09 03:57:52,575 - INFO - Memory cleaned.
2026-05-09 03:57:52,838 - INFO - Epoch[248] Complete. Time taken: 00:02:01.802
2026-05-09 03:59:51,063 - INFO - Epoch 249 - Train Loss: 6505.291968768202, Validation MRR: 0.15136638283729553, Learning Rate: 0.00032694147146125364
2026-05-09 03:59:54,347 - INFO - Memory cleaned.
2026-05-09 03:59:54,616 - INFO - Epoch[249] Complete. Time taken: 00:02:01.778
2026-05-09 04:01:52,843 - INFO - Epoch 250 - Train Loss: 6490.788995335643, Validation MRR: 0.15136638283729553, Learning Rate: 0.0003177647500604252
2026-05-09 04:01:56,126 - INFO - Memory cleaned.
2026-05-09 04:01:56,391 - INFO - Epoch[250] Complete. Time taken: 00:02:01.775
2026-05-09 04:03:54,608 - INFO - Epoch 251 - Train Loss: 6457.615035145574, Validation MRR: 0.15136638283729553, Learning Rate: 0.0003086582838174551
2026-05-09 04:03:57,895 - INFO - Memory cleaned.
2026-05-09 04:03:58,166 - INFO - Epoch[251] Complete. Time taken: 00:02:01.775
2026-05-09 04:05:56,387 - INFO - Epoch 252 - Train Loss: 6465.936705327113, Validation MRR: 0.15136638283729553, Learning Rate: 0.0002996255834484295
2026-05-09 04:05:59,674 - INFO - Memory cleaned.
2026-05-09 04:05:59,978 - INFO - Epoch[252] Complete. Time taken: 00:02:01.811
2026-05-09 04:07:58,225 - INFO - Epoch 253 - Train Loss: 6443.107658214604, Validation MRR: 0.15136638283729553, Learning Rate: 0.0002906701312312861
2026-05-09 04:08:01,514 - INFO - Memory cleaned.
2026-05-09 04:08:01,806 - INFO - Epoch[253] Complete. Time taken: 00:02:01.828
2026-05-09 04:10:00,065 - INFO - Epoch 254 - Train Loss: 6429.674129515511, Validation MRR: 0.15136638283729553, Learning Rate: 0.00028179537966332904
2026-05-09 04:10:03,353 - INFO - Memory cleaned.
2026-05-09 04:10:03,618 - INFO - Epoch[254] Complete. Time taken: 00:02:01.812
2026-05-09 04:12:01,741 - INFO - Epoch 255 - Train Loss: 6413.352205471399, Validation MRR: 0.15136638283729553, Learning Rate: 0.00027300475013022663
2026-05-09 04:12:05,031 - INFO - Memory cleaned.
2026-05-09 04:12:05,304 - INFO - Epoch[255] Complete. Time taken: 00:02:01.685
2026-05-09 04:14:03,409 - INFO - Epoch 256 - Train Loss: 6396.338705686999, Validation MRR: 0.15136638283729553, Learning Rate: 0.00026430163158700117
2026-05-09 04:14:06,709 - INFO - Memory cleaned.
2026-05-09 04:14:06,977 - INFO - Epoch[256] Complete. Time taken: 00:02:01.673
2026-05-09 04:16:05,252 - INFO - Epoch 257 - Train Loss: 6386.955410820761, Validation MRR: 0.15136638283729553, Learning Rate: 0.00025568937925152246
2026-05-09 04:16:08,550 - INFO - Memory cleaned.
2026-05-09 04:16:08,823 - INFO - Epoch[257] Complete. Time taken: 00:02:01.846
2026-05-09 04:18:07,030 - INFO - Epoch 258 - Train Loss: 6373.999509539522, Validation MRR: 0.15136638283729553, Learning Rate: 0.0002471713133110078
2026-05-09 04:18:10,318 - INFO - Memory cleaned.
2026-05-09 04:18:10,556 - INFO - Epoch[258] Complete. Time taken: 00:02:01.733
2026-05-09 04:20:08,779 - INFO - Epoch 259 - Train Loss: 6363.630341724375, Validation MRR: 0.15136638283729553, Learning Rate: 0.00023875071764202561
2026-05-09 04:20:12,063 - INFO - Memory cleaned.
2026-05-09 04:20:12,330 - INFO - Epoch[259] Complete. Time taken: 00:02:01.775
2026-05-09 04:22:10,518 - INFO - Epoch 260 - Train Loss: 6343.860589295022, Validation MRR: 0.15136638283729553, Learning Rate: 0.0002304308385445001
2026-05-09 04:22:13,805 - INFO - Memory cleaned.
2026-05-09 04:22:13,805 - INFO - Evaluating on validation set at epoch 260...
Link prediction evaluation:   0%|          | 0/3 [00:00<?, ?batch/s]Link prediction evaluation: 100%|██████████| 3/3 [00:00<00:00, 32.80batch/s]
2026-05-09 04:22:13,922 - INFO - Validation MRR: 0.17242908477783203
2026-05-09 04:22:14,199 - INFO - Epoch[260] Complete. Time taken: 00:02:01.869
2026-05-09 04:24:12,491 - INFO - Epoch 261 - Train Loss: 6338.5080235845135, Validation MRR: 0.17242908477783203, Learning Rate: 0.00022221488349019887
2026-05-09 04:24:15,784 - INFO - Memory cleaned.
2026-05-09 04:24:16,053 - INFO - Epoch[261] Complete. Time taken: 00:02:01.853
2026-05-09 04:26:14,160 - INFO - Epoch 262 - Train Loss: 6336.740324473562, Validation MRR: 0.17242908477783203, Learning Rate: 0.00021410601988619394
2026-05-09 04:26:17,449 - INFO - Memory cleaned.
2026-05-09 04:26:17,717 - INFO - Epoch[262] Complete. Time taken: 00:02:01.664
2026-05-09 04:28:15,746 - INFO - Epoch 263 - Train Loss: 6302.823836749164, Validation MRR: 0.17242908477783203, Learning Rate: 0.00020610737385376348
2026-05-09 04:28:19,036 - INFO - Memory cleaned.
2026-05-09 04:28:19,305 - INFO - Epoch[263] Complete. Time taken: 00:02:01.587
2026-05-09 04:30:17,339 - INFO - Epoch 264 - Train Loss: 6298.647385070044, Validation MRR: 0.17242908477783203, Learning Rate: 0.0001982220290232143
2026-05-09 04:30:20,625 - INFO - Memory cleaned.
2026-05-09 04:30:20,947 - INFO - Epoch[264] Complete. Time taken: 00:02:01.642
2026-05-09 04:32:18,950 - INFO - Epoch 265 - Train Loss: 6295.2039201014195, Validation MRR: 0.17242908477783203, Learning Rate: 0.00019045302534508314
2026-05-09 04:32:22,240 - INFO - Memory cleaned.
2026-05-09 04:32:22,522 - INFO - Epoch[265] Complete. Time taken: 00:02:01.575
2026-05-09 04:34:20,549 - INFO - Epoch 266 - Train Loss: 6305.1331786375895, Validation MRR: 0.17242908477783203, Learning Rate: 0.00018280335791817716
2026-05-09 04:34:23,839 - INFO - Memory cleaned.
2026-05-09 04:34:24,110 - INFO - Epoch[266] Complete. Time taken: 00:02:01.588
2026-05-09 04:36:22,116 - INFO - Epoch 267 - Train Loss: 6263.332878160106, Validation MRR: 0.17242908477783203, Learning Rate: 0.00017527597583490823
2026-05-09 04:36:25,430 - INFO - Memory cleaned.
2026-05-09 04:36:25,719 - INFO - Epoch[267] Complete. Time taken: 00:02:01.609
2026-05-09 04:38:23,851 - INFO - Epoch 268 - Train Loss: 6279.167047491585, Validation MRR: 0.17242908477783203, Learning Rate: 0.00016787378104435912
2026-05-09 04:38:27,146 - INFO - Memory cleaned.
2026-05-09 04:38:27,413 - INFO - Epoch[268] Complete. Time taken: 00:02:01.694
2026-05-09 04:40:25,906 - INFO - Epoch 269 - Train Loss: 6250.041591378982, Validation MRR: 0.17242908477783203, Learning Rate: 0.00016059962723352923
2026-05-09 04:40:29,200 - INFO - Memory cleaned.
2026-05-09 04:40:29,468 - INFO - Epoch[269] Complete. Time taken: 00:02:02.055
2026-05-09 04:42:27,773 - INFO - Epoch 270 - Train Loss: 6229.735602242799, Validation MRR: 0.17242908477783203, Learning Rate: 0.00015345631872718213
2026-05-09 04:42:31,077 - INFO - Memory cleaned.
2026-05-09 04:42:31,344 - INFO - Epoch[270] Complete. Time taken: 00:02:01.876
2026-05-09 04:44:29,636 - INFO - Epoch 271 - Train Loss: 6230.516715226698, Validation MRR: 0.17242908477783203, Learning Rate: 0.00014644660940672628
2026-05-09 04:44:32,937 - INFO - Memory cleaned.
2026-05-09 04:44:33,207 - INFO - Epoch[271] Complete. Time taken: 00:02:01.862
2026-05-09 04:46:31,559 - INFO - Epoch 272 - Train Loss: 6226.713201916714, Validation MRR: 0.17242908477783203, Learning Rate: 0.0001395732016485406
2026-05-09 04:46:34,854 - INFO - Memory cleaned.
2026-05-09 04:46:35,121 - INFO - Epoch[272] Complete. Time taken: 00:02:01.914
2026-05-09 04:48:33,617 - INFO - Epoch 273 - Train Loss: 6223.122371231706, Validation MRR: 0.17242908477783203, Learning Rate: 0.00013283874528215717
2026-05-09 04:48:36,937 - INFO - Memory cleaned.
2026-05-09 04:48:37,210 - INFO - Epoch[273] Complete. Time taken: 00:02:02.089
2026-05-09 04:50:35,807 - INFO - Epoch 274 - Train Loss: 6187.766634906199, Validation MRR: 0.17242908477783203, Learning Rate: 0.0001262458365687017
2026-05-09 04:50:39,132 - INFO - Memory cleaned.
2026-05-09 04:50:39,414 - INFO - Epoch[274] Complete. Time taken: 00:02:02.204
2026-05-09 04:52:37,656 - INFO - Epoch 275 - Train Loss: 6195.712827499383, Validation MRR: 0.17242908477783203, Learning Rate: 0.00011979701719998454
2026-05-09 04:52:40,984 - INFO - Memory cleaned.
2026-05-09 04:52:41,260 - INFO - Epoch[275] Complete. Time taken: 00:02:01.846
2026-05-09 04:54:39,411 - INFO - Epoch 276 - Train Loss: 6188.459652473435, Validation MRR: 0.17242908477783203, Learning Rate: 0.00011349477331863167
2026-05-09 04:54:42,715 - INFO - Memory cleaned.
2026-05-09 04:54:42,983 - INFO - Epoch[276] Complete. Time taken: 00:02:01.722
2026-05-09 04:56:41,161 - INFO - Epoch 277 - Train Loss: 6183.907905438196, Validation MRR: 0.17242908477783203, Learning Rate: 0.00010734153455962748
2026-05-09 04:56:44,467 - INFO - Memory cleaned.
2026-05-09 04:56:44,735 - INFO - Epoch[277] Complete. Time taken: 00:02:01.752
2026-05-09 04:58:42,993 - INFO - Epoch 278 - Train Loss: 6174.154365737819, Validation MRR: 0.17242908477783203, Learning Rate: 0.0001013396731136465
2026-05-09 04:58:46,289 - INFO - Memory cleaned.
2026-05-09 04:58:46,583 - INFO - Epoch[278] Complete. Time taken: 00:02:01.847
2026-05-09 05:00:45,092 - INFO - Epoch 279 - Train Loss: 6163.401014385011, Validation MRR: 0.17242908477783203, Learning Rate: 9.549150281252633e-05
2026-05-09 05:00:48,389 - INFO - Memory cleaned.
2026-05-09 05:00:48,675 - INFO - Epoch[279] Complete. Time taken: 00:02:02.092
2026-05-09 05:02:47,200 - INFO - Epoch 280 - Train Loss: 6177.767319530274, Validation MRR: 0.17242908477783203, Learning Rate: 8.979927823724321e-05
2026-05-09 05:02:50,496 - INFO - Memory cleaned.
2026-05-09 05:02:50,496 - INFO - Evaluating on validation set at epoch 280...
Link prediction evaluation:   0%|          | 0/3 [00:00<?, ?batch/s]Link prediction evaluation: 100%|██████████| 3/3 [00:00<00:00, 31.67batch/s]
2026-05-09 05:02:50,615 - INFO - Validation MRR: 0.15695732831954956
2026-05-09 05:02:50,907 - INFO - Epoch[280] Complete. Time taken: 00:02:02.232
2026-05-09 05:04:49,228 - INFO - Epoch 281 - Train Loss: 6159.919870387816, Validation MRR: 0.15695732831954956, Learning Rate: 8.42651938487275e-05
2026-05-09 05:04:52,535 - INFO - Memory cleaned.
2026-05-09 05:04:52,807 - INFO - Epoch[281] Complete. Time taken: 00:02:01.900
2026-05-09 05:06:50,947 - INFO - Epoch 282 - Train Loss: 6153.027991403065, Validation MRR: 0.15695732831954956, Learning Rate: 7.889138314185668e-05
2026-05-09 05:06:54,253 - INFO - Memory cleaned.
2026-05-09 05:06:54,522 - INFO - Epoch[282] Complete. Time taken: 00:02:01.715
2026-05-09 05:08:52,690 - INFO - Epoch 283 - Train Loss: 6133.024215921369, Validation MRR: 0.15695732831954956, Learning Rate: 7.367991782295391e-05
2026-05-09 05:08:55,989 - INFO - Memory cleaned.
2026-05-09 05:08:56,259 - INFO - Epoch[283] Complete. Time taken: 00:02:01.737
2026-05-09 05:10:54,421 - INFO - Epoch 284 - Train Loss: 6114.570980777967, Validation MRR: 0.15695732831954956, Learning Rate: 6.863280701110408e-05
2026-05-09 05:10:57,725 - INFO - Memory cleaned.
2026-05-09 05:10:57,993 - INFO - Epoch[284] Complete. Time taken: 00:02:01.734
2026-05-09 05:12:56,209 - INFO - Epoch 285 - Train Loss: 6117.9185354332485, Validation MRR: 0.15695732831954956, Learning Rate: 6.375199646360153e-05
2026-05-09 05:12:59,507 - INFO - Memory cleaned.
2026-05-09 05:12:59,778 - INFO - Epoch[285] Complete. Time taken: 00:02:01.784
2026-05-09 05:14:58,016 - INFO - Epoch 286 - Train Loss: 6112.015362227876, Validation MRR: 0.15695732831954956, Learning Rate: 5.903936782582253e-05
2026-05-09 05:15:01,321 - INFO - Memory cleaned.
2026-05-09 05:15:01,676 - INFO - Epoch[286] Complete. Time taken: 00:02:01.898
2026-05-09 05:16:59,878 - INFO - Epoch 287 - Train Loss: 6100.251474455795, Validation MRR: 0.15695732831954956, Learning Rate: 5.449673790581611e-05
2026-05-09 05:17:03,177 - INFO - Memory cleaned.
2026-05-09 05:17:03,450 - INFO - Epoch[287] Complete. Time taken: 00:02:01.774
2026-05-09 05:19:01,654 - INFO - Epoch 288 - Train Loss: 6098.071313059574, Validation MRR: 0.15695732831954956, Learning Rate: 5.0125857973889246e-05
2026-05-09 05:19:04,958 - INFO - Memory cleaned.
2026-05-09 05:19:05,226 - INFO - Epoch[288] Complete. Time taken: 00:02:01.776
2026-05-09 05:21:03,468 - INFO - Epoch 289 - Train Loss: 6092.007920155654, Validation MRR: 0.15695732831954956, Learning Rate: 4.592841308745932e-05
2026-05-09 05:21:06,762 - INFO - Memory cleaned.
2026-05-09 05:21:07,049 - INFO - Epoch[289] Complete. Time taken: 00:02:01.823
2026-05-09 05:23:05,433 - INFO - Epoch 290 - Train Loss: 6097.518507193501, Validation MRR: 0.15695732831954956, Learning Rate: 4.190602144143207e-05
2026-05-09 05:23:08,734 - INFO - Memory cleaned.
2026-05-09 05:23:09,026 - INFO - Epoch[290] Complete. Time taken: 00:02:01.976
2026-05-09 05:25:07,261 - INFO - Epoch 291 - Train Loss: 6091.292228900327, Validation MRR: 0.15695732831954956, Learning Rate: 3.806023374435663e-05
2026-05-09 05:25:10,566 - INFO - Memory cleaned.
2026-05-09 05:25:10,843 - INFO - Epoch[291] Complete. Time taken: 00:02:01.817
2026-05-09 05:27:09,055 - INFO - Epoch 292 - Train Loss: 6097.123185189586, Validation MRR: 0.15695732831954956, Learning Rate: 3.439253262059833e-05
2026-05-09 05:27:12,356 - INFO - Memory cleaned.
2026-05-09 05:27:12,625 - INFO - Epoch[292] Complete. Time taken: 00:02:01.782
2026-05-09 05:29:10,839 - INFO - Epoch 293 - Train Loss: 6089.171336963945, Validation MRR: 0.15695732831954956, Learning Rate: 3.090433203875792e-05
2026-05-09 05:29:14,128 - INFO - Memory cleaned.
2026-05-09 05:29:14,419 - INFO - Epoch[293] Complete. Time taken: 00:02:01.794
2026-05-09 05:31:12,528 - INFO - Epoch 294 - Train Loss: 6088.7399936290385, Validation MRR: 0.15695732831954956, Learning Rate: 2.7596976766561034e-05
2026-05-09 05:31:15,825 - INFO - Memory cleaned.
2026-05-09 05:31:16,166 - INFO - Epoch[294] Complete. Time taken: 00:02:01.747
2026-05-09 05:33:14,157 - INFO - Epoch 295 - Train Loss: 6066.615813078084, Validation MRR: 0.15695732831954956, Learning Rate: 2.4471741852423235e-05
2026-05-09 05:33:17,447 - INFO - Memory cleaned.
2026-05-09 05:33:17,718 - INFO - Epoch[295] Complete. Time taken: 00:02:01.552
2026-05-09 05:35:15,882 - INFO - Epoch 296 - Train Loss: 6093.06626743461, Validation MRR: 0.15695732831954956, Learning Rate: 2.152983213389559e-05
2026-05-09 05:35:19,169 - INFO - Memory cleaned.
2026-05-09 05:35:19,453 - INFO - Epoch[296] Complete. Time taken: 00:02:01.734
2026-05-09 05:37:18,068 - INFO - Epoch 297 - Train Loss: 6054.667066376909, Validation MRR: 0.15695732831954956, Learning Rate: 1.8772381773176416e-05
2026-05-09 05:37:21,374 - INFO - Memory cleaned.
2026-05-09 05:37:21,663 - INFO - Epoch[297] Complete. Time taken: 00:02:02.210
2026-05-09 05:39:20,019 - INFO - Epoch 298 - Train Loss: 6092.078961024403, Validation MRR: 0.15695732831954956, Learning Rate: 1.6200453819870064e-05
2026-05-09 05:39:23,324 - INFO - Memory cleaned.
2026-05-09 05:39:23,632 - INFO - Epoch[298] Complete. Time taken: 00:02:01.968
2026-05-09 05:41:21,970 - INFO - Epoch 299 - Train Loss: 6069.05805941762, Validation MRR: 0.15695732831954956, Learning Rate: 1.3815039801161721e-05
2026-05-09 05:41:25,275 - INFO - Memory cleaned.
2026-05-09 05:41:25,546 - INFO - Epoch[299] Complete. Time taken: 00:02:01.914
2026-05-09 05:43:23,889 - INFO - Epoch 300 - Train Loss: 6063.982014349682, Validation MRR: 0.15695732831954956, Learning Rate: 1.1617059339563806e-05
2026-05-09 05:43:27,197 - INFO - Memory cleaned.
2026-05-09 05:43:27,197 - INFO - Evaluating on validation set at epoch 300...
Link prediction evaluation:   0%|          | 0/3 [00:00<?, ?batch/s]Link prediction evaluation: 100%|██████████| 3/3 [00:00<00:00, 33.70batch/s]
2026-05-09 05:43:27,290 - INFO - Validation MRR: 0.16133426129817963
2026-05-09 05:43:27,592 - INFO - Epoch[300] Complete. Time taken: 00:02:02.046
2026-05-09 05:45:25,922 - INFO - Epoch 301 - Train Loss: 6054.456723701032, Validation MRR: 0.16133426129817963, Learning Rate: 9.607359798384786e-06
2026-05-09 05:45:29,225 - INFO - Memory cleaned.
2026-05-09 05:45:29,500 - INFO - Epoch[301] Complete. Time taken: 00:02:01.908
2026-05-09 05:47:27,874 - INFO - Epoch 302 - Train Loss: 6052.49618855732, Validation MRR: 0.16133426129817963, Learning Rate: 7.786715955054202e-06
2026-05-09 05:47:31,158 - INFO - Memory cleaned.
2026-05-09 05:47:31,427 - INFO - Epoch[302] Complete. Time taken: 00:02:01.927
2026-05-09 05:49:29,757 - INFO - Epoch 303 - Train Loss: 6065.7503073330945, Validation MRR: 0.16133426129817963, Learning Rate: 6.15582970243117e-06
2026-05-09 05:49:33,055 - INFO - Memory cleaned.
2026-05-09 05:49:33,331 - INFO - Epoch[303] Complete. Time taken: 00:02:01.904
2026-05-09 05:51:31,561 - INFO - Epoch 304 - Train Loss: 6046.49959434838, Validation MRR: 0.16133426129817963, Learning Rate: 4.715329778211374e-06
2026-05-09 05:51:34,860 - INFO - Memory cleaned.
2026-05-09 05:51:35,131 - INFO - Epoch[304] Complete. Time taken: 00:02:01.800
2026-05-09 05:53:33,560 - INFO - Epoch 305 - Train Loss: 6064.833372608744, Validation MRR: 0.16133426129817963, Learning Rate: 3.4657715225368535e-06
2026-05-09 05:53:36,865 - INFO - Memory cleaned.
2026-05-09 05:53:37,141 - INFO - Epoch[305] Complete. Time taken: 00:02:02.009
2026-05-09 05:55:35,552 - INFO - Epoch 306 - Train Loss: 6053.718171544727, Validation MRR: 0.16133426129817963, Learning Rate: 2.4076366639015913e-06
2026-05-09 05:55:38,838 - INFO - Memory cleaned.
2026-05-09 05:55:39,107 - INFO - Epoch[306] Complete. Time taken: 00:02:01.966
2026-05-09 05:57:37,399 - INFO - Epoch 307 - Train Loss: 6056.519996863125, Validation MRR: 0.16133426129817963, Learning Rate: 1.541333133436018e-06
2026-05-09 05:57:40,714 - INFO - Memory cleaned.
2026-05-09 05:57:41,011 - INFO - Epoch[307] Complete. Time taken: 00:02:01.904
2026-05-09 05:59:39,023 - INFO - Epoch 308 - Train Loss: 6039.472778409368, Validation MRR: 0.16133426129817963, Learning Rate: 8.671949076420882e-07
2026-05-09 05:59:42,326 - INFO - Memory cleaned.
2026-05-09 05:59:42,573 - INFO - Epoch[308] Complete. Time taken: 00:02:01.562
2026-05-09 06:01:40,652 - INFO - Epoch 309 - Train Loss: 6051.372650177014, Validation MRR: 0.16133426129817963, Learning Rate: 3.854818796385495e-07
2026-05-09 06:01:43,939 - INFO - Memory cleaned.
2026-05-09 06:01:44,223 - INFO - Epoch[309] Complete. Time taken: 00:02:01.650
2026-05-09 06:03:42,418 - INFO - Epoch 310 - Train Loss: 6040.125670053012, Validation MRR: 0.16133426129817963, Learning Rate: 9.637975896759077e-08
2026-05-09 06:03:45,710 - INFO - Memory cleaned.
2026-05-09 06:03:45,973 - INFO - Epoch[310] Complete. Time taken: 00:02:01.750
2026-05-09 06:05:44,248 - INFO - Epoch 311 - Train Loss: 8006.965836085722, Validation MRR: 0.16133426129817963, Learning Rate: 0.001
2026-05-09 06:05:47,540 - INFO - Memory cleaned.
2026-05-09 06:05:47,826 - INFO - Epoch[311] Complete. Time taken: 00:02:01.852
2026-05-09 06:07:46,273 - INFO - Epoch 312 - Train Loss: 7963.588621084433, Validation MRR: 0.16133426129817963, Learning Rate: 0.000999975904479664
2026-05-09 06:07:49,569 - INFO - Memory cleaned.
2026-05-09 06:07:49,872 - INFO - Epoch[312] Complete. Time taken: 00:02:02.046
2026-05-09 06:09:48,282 - INFO - Epoch 313 - Train Loss: 7577.7285170711, Validation MRR: 0.16133426129817963, Learning Rate: 0.0009999036202410325
2026-05-09 06:09:51,581 - INFO - Memory cleaned.
2026-05-09 06:09:51,876 - INFO - Epoch[313] Complete. Time taken: 00:02:02.004
2026-05-09 06:11:50,318 - INFO - Epoch 314 - Train Loss: 7488.595972151148, Validation MRR: 0.16133426129817963, Learning Rate: 0.0009997831542510106
2026-05-09 06:11:53,612 - INFO - Memory cleaned.
2026-05-09 06:11:53,879 - INFO - Epoch[314] Complete. Time taken: 00:02:02.003
2026-05-09 06:13:52,315 - INFO - Epoch 315 - Train Loss: 7449.424884444113, Validation MRR: 0.16133426129817963, Learning Rate: 0.0009996145181203615
2026-05-09 06:13:55,610 - INFO - Memory cleaned.
2026-05-09 06:13:55,886 - INFO - Epoch[315] Complete. Time taken: 00:02:02.007
2026-05-09 06:15:54,171 - INFO - Epoch 316 - Train Loss: 7481.748332486225, Validation MRR: 0.16133426129817963, Learning Rate: 0.0009993977281025862
2026-05-09 06:15:57,452 - INFO - Memory cleaned.
2026-05-09 06:15:57,722 - INFO - Epoch[316] Complete. Time taken: 00:02:01.835
2026-05-09 06:17:56,127 - INFO - Epoch 317 - Train Loss: 7536.395516723708, Validation MRR: 0.16133426129817963, Learning Rate: 0.000999132805092358
2026-05-09 06:17:59,410 - INFO - Memory cleaned.
2026-05-09 06:17:59,686 - INFO - Epoch[317] Complete. Time taken: 00:02:01.964
2026-05-09 06:19:58,034 - INFO - Epoch 318 - Train Loss: 7553.152391428036, Validation MRR: 0.16133426129817963, Learning Rate: 0.0009988197746235079
2026-05-09 06:20:01,330 - INFO - Memory cleaned.
2026-05-09 06:20:01,597 - INFO - Epoch[318] Complete. Time taken: 00:02:01.910
2026-05-09 06:21:59,960 - INFO - Epoch 319 - Train Loss: 7497.5944665068, Validation MRR: 0.16133426129817963, Learning Rate: 0.000998458666866564
2026-05-09 06:22:03,259 - INFO - Memory cleaned.
2026-05-09 06:22:03,568 - INFO - Epoch[319] Complete. Time taken: 00:02:01.971
2026-05-09 06:24:01,994 - INFO - Epoch 320 - Train Loss: 7488.299909213754, Validation MRR: 0.16133426129817963, Learning Rate: 0.0009980495166258437
2026-05-09 06:24:05,289 - INFO - Memory cleaned.
2026-05-09 06:24:05,289 - INFO - Evaluating on validation set at epoch 320...
Link prediction evaluation:   0%|          | 0/3 [00:00<?, ?batch/s]Link prediction evaluation: 100%|██████████| 3/3 [00:00<00:00, 27.13batch/s]Link prediction evaluation: 100%|██████████| 3/3 [00:00<00:00, 27.06batch/s]
2026-05-09 06:24:05,423 - INFO - Validation MRR: 0.13827753067016602
2026-05-09 06:24:05,424 ignite.handlers.early_stopping.EarlyStopping INFO: EarlyStopping: Stop training
2026-05-09 06:24:05,424 - INFO - Terminate signaled. Engine will stop after current iteration is finished.
2026-05-09 06:24:05,722 - INFO - Training completed after 320 epochs.
2026-05-09 06:24:05,722 - INFO - Engine run complete. Time taken: 10:49:45.914
2026-05-09 06:24:09,955 - INFO - Loading best model.
2026-05-09 06:24:09,956 - INFO - Best model is ./checkpoints/best_model_checkpoint_val_mrr=0.1991.pt
2026-05-09 06:24:09,956 - WARNING - /lustre/fswork/projects/rech/rnk/ufq76hz/dr_benchmark/dev/run_training.py:820: FutureWarning: You are using `torch.load` with `weights_only=False` (the current default value), which uses the default pickle module implicitly. It is possible to construct malicious pickle data which will execute arbitrary code during unpickling (See https://github.com/pytorch/pytorch/blob/main/SECURITY.md#untrusted-models for more details). In a future release, the default value for `weights_only` will be flipped to `True`. This limits the functions that could be executed during unpickling. Arbitrary objects will no longer be allowed to be loaded via this mode unless they are explicitly allowlisted by the user via `torch.serialization.add_safe_globals`. We recommend you start setting `weights_only=True` for any use case where you don't have full control of the loaded file. Please open an issue on GitHub for any issues related to this experimental feature.
  checkpoint = torch.load(os.path.join(checkpoint_dir, best_model), map_location=device)

2026-05-09 06:24:10,387 - INFO - Best model successfully loaded.
2026-05-09 06:24:10,387 - INFO - Evaluating on the test set with best model...
CtD
Link prediction evaluation:   0%|          | 0/2 [00:00<?, ?batch/s]Link prediction evaluation: 100%|██████████| 2/2 [00:00<00:00, 10.65batch/s]Link prediction evaluation: 100%|██████████| 2/2 [00:00<00:00, 10.63batch/s]
2026-05-09 06:24:10,594 - INFO - Final Test MRR with best model: 0.1993263214826584
2026-05-09 06:24:10,594 - INFO - Final Test Hits@10 with best model: 0.3598130866885185
Link prediction evaluation:   0%|          | 0/1 [00:00<?, ?batch/s]Link prediction evaluation: 100%|██████████| 1/1 [00:00<00:00, 38.92batch/s]
Link prediction evaluation:   0%|          | 0/2 [00:00<?, ?batch/s]Link prediction evaluation: 100%|██████████| 2/2 [00:00<00:00, 35.33batch/s]
2026-05-09 06:24:17,968 - INFO - MRR for frequent nodes (threshold=10) in relation CtD: 0.49028271436691284
2026-05-09 06:24:17,968 - INFO - MRR for infrequent nodes (threshold=10) in relation CtD: 0.18204179406166077
2026-05-09 06:24:17,968 - INFO - Hits@10 for frequent nodes (threshold=10) in relation CtD: 0.8333333134651184
2026-05-09 06:24:17,968 - INFO - Hits@10 for infrequent nodes (threshold=10) in relation CtD: 0.3316831812262535
2026-05-09 06:24:17,993 - INFO - MRR evaluation results stored in ./evaluation_metrics.yaml
2026-05-09 06:24:17,996 - INFO - Hit@10 evaluation results stored in ./evaluation_hit@10.yaml
Link prediction evaluation:   0%|          | 0/1 [00:00<?, ?batch/s]Link prediction evaluation: 100%|██████████| 1/1 [00:00<00:00, 151.69batch/s]
Link prediction evaluation:   0%|          | 0/1 [00:00<?, ?batch/s]Link prediction evaluation: 100%|██████████| 1/1 [00:00<00:00, 178.32batch/s]
2026-05-09 06:24:18,074 - INFO - MRR on inference set: 0.0816999226808548
2026-05-09 06:24:18,076 - INFO - Evaluation results stored in ./inference_metrics.yaml
