2026-06-23 08:55:48,448 - INFO - Chargement des KGs depuis /lustre/fswork/projects/rech/rnk/ufq76hz/dr_benchmark/DL1experiment/withoutDL1/kg_processing/kgate/...
2026-06-23 08:55:49,652 - INFO - KGs chargés : train=4129246, val=578158, test=578316
2026-06-23 08:55:49,652 - INFO - Initializing Architect from params.toml...
2026-06-23 08:55:49,658 - INFO - Loading parameters from params.toml
2026-06-23 08:55:49,659 - INFO - No value set for parameter kg_csv. Defaulting to 
2026-06-23 08:55:49,659 - INFO - No value set for parameter metadata_csv. Defaulting to 
2026-06-23 08:55:49,659 - INFO - No value set for parameter verbose. Defaulting to True
2026-06-23 08:55:49,660 - INFO - No value set for parameter flag_near_duplicate_edges. Defaulting to True
2026-06-23 08:55:49,660 - INFO - No value set for parameter clean_train_set. Defaulting to True
2026-06-23 08:55:49,660 - INFO - No value set for parameter split. Defaulting to [0.8, 0.1, 0.1]
2026-06-23 08:55:49,660 - INFO - No value set for parameter remove_duplicate_triplets. Defaulting to True
2026-06-23 08:55:49,660 - INFO - No value set for parameter theta. Defaulting to 0.8
2026-06-23 08:55:49,660 - INFO - No value set for parameter theta_first_edge_type. Defaulting to 0.8
2026-06-23 08:55:49,660 - INFO - No value set for parameter theta_second_edge_type. Defaulting to 0.8
2026-06-23 08:55:49,660 - INFO - No value set for parameter make_directed_edges. Defaulting to []
2026-06-23 08:55:49,660 - INFO - No value set for parameter make_directed. Defaulting to True
2026-06-23 08:55:49,660 - INFO - No value set for parameter margin. Defaulting to 1
2026-06-23 08:55:49,660 - INFO - No value set for parameter filter_count. Defaulting to 3
2026-06-23 08:55:49,660 - INFO - No value set for parameter dissimilarity. Defaulting to L2
2026-06-23 08:55:49,660 - INFO - No value set for parameter type. Defaulting to 
2026-06-23 08:55:49,660 - INFO - No value set for parameter permuted_edges. Defaulting to []
2026-06-23 08:55:49,660 - INFO - Setting number of threads to 5
2026-06-23 08:55:49,677 - INFO - Output folder: /lustre/fswork/projects/rech/rnk/ufq76hz/dr_benchmark/DL1experiment/withoutDL1/models/run1/GCN_RESCAL_maxIntra
2026-06-23 08:55:49,677 - INFO - Detected device: cuda
2026-06-23 08:55:49,695 - INFO - Using given KG...
2026-06-23 08:55:49,695 - INFO - Starting training...
2026-06-23 08:55:49,695 - INFO - Initializing decoder...
2026-06-23 08:55:49,864 - INFO - Initializing encoder...
2026-06-23 08:55:49,925 - INFO - Initializing embeddings...
2026-06-23 08:55:50,024 - INFO - Initializing optimizer...
2026-06-23 08:55:50,024 - INFO - Optimizer 'Adam' initialized with parameters: {'lr': 0.001, 'weight_decay': 0.001}
2026-06-23 08:55:50,024 - INFO - Initializing sampler...
2026-06-23 08:56:31,622 - INFO - Initializing learning rate scheduler...
2026-06-23 08:56:31,622 - WARNING - /lustre/fswork/projects/rech/rnk/ufq76hz/KGATE/src/kgate/architect.py:660: UserWarning: No learning rate scheduler specified in the configuration, none will be used.
  warnings.warn("No learning rate scheduler specified in the configuration, none will be used.")

2026-06-23 08:56:31,622 - INFO - Initializing evaluator...
2026-06-23 08:56:31,654 - INFO - Using Link Prediction evaluator.
2026-06-23 08:56:31,676 - INFO - Number of training batches: 1009
2026-06-23 08:56:31,683 - INFO - Loading parameters from /lustre/fswork/projects/rech/rnk/ufq76hz/dr_benchmark/DL1experiment/withoutDL1/models/run1/GCN_RESCAL_maxIntra/kgate_config.toml
2026-06-23 08:56:31,711 - INFO - Found previous run with the same configuration in the output folder...
2026-06-23 08:56:31,732 - INFO - Resuming training from checkpoint: /lustre/fswork/projects/rech/rnk/ufq76hz/dr_benchmark/DL1experiment/withoutDL1/models/run1/GCN_RESCAL_maxIntra/checkpoints/checkpoint_94.pt
2026-06-23 08:56:31,732 - INFO - edge_embeddings size: torch.Size([33, 200])
2026-06-23 08:56:32,533 - INFO - Checkpoint loaded successfully.
2026-06-23 08:56:32,534 - INFO - Starting from epoch 94
2026-06-23 08:56:32,534 - INFO - Engine run resuming from iteration 94846, epoch 94 until 250 epochs
2026-06-23 08:56:33,181 - WARNING - /lustre/fswork/projects/rech/rnk/ufq76hz/KGATE/.venv/lib/python3.12/site-packages/torch_geometric/utils/_scatter.py:91: UserWarning: The usage of `scatter(reduce='max')` can be accelerated via the 'torch-scatter' package, but it was not found
  warnings.warn(

srun: Job step aborted: Waiting up to 62 seconds for job step to finish.
slurmstepd: error: *** JOB 800772 ON jean-zay-iam07 CANCELLED AT 2026-06-23T08:56:33 ***
[1/1009]   0%|           [00:00<?]Epoch [95/250]: [1/1009]   0%|           [00:00<?]slurmstepd: error: *** STEP 800772.0 ON jean-zay-iam07 CANCELLED AT 2026-06-23T08:56:33 ***
