2026-05-21 21:54:43,134 - WARNING - /linkhome/rech/genuyp01/ufq76hz/.conda/envs/torch_pyg/lib/python3.10/site-packages/ignite/handlers/checkpoint.py:16: DeprecationWarning: `TorchScript` support for functional optimizers is deprecated and will be removed in a future PyTorch release. Consider using the `torch.compile` optimizer instead.
  from torch.distributed.optim import ZeroRedundancyOptimizer

2026-05-21 21:54:43,285 - INFO - Configuration loaded:
{
    "common": {
        "seed": 42,
        "input_pkl": "/lustre/fswork/projects/rech/rnk/ufq76hz/dr_benchmark/DL3experiment/cold_start/hetionet_processing_disease",
        "out": "./",
        "verbose": true,
        "run_kg_prep": false,
        "run_training": true,
        "run_evaluation": true,
        "plot_training_metrics": true,
        "run_inference": "/lustre/fswork/projects/rech/rnk/ufq76hz/dr_benchmark/knowledge_graph/hetionet_orphan_associations_only.tsv"
    },
    "model": {
        "name": "TransE",
        "emb_dim": 200,
        "margin": 1
    },
    "sampler": {
        "name": "Mixed",
        "n_neg": 5
    },
    "optimizer": {
        "name": "Adam",
        "params": {
            "lr": 0.001,
            "weight_decay": 0.001
        }
    },
    "training": {
        "max_epochs": 500,
        "batch_size": 4096,
        "eval_interval": 20,
        "eval_batch_size": 64,
        "patience": 10
    },
    "evaluation": {
        "made_directed_relations": [
            "DrD",
            "DrD_inv",
            "CrC",
            "CrC_inv",
            "GiG",
            "GiG_inv",
            "GcG",
            "GcG_inv"
        ],
        "target_relations": [
            "CtD"
        ],
        "thresholds": [
            10,
            5
        ]
    }
}
2026-05-21 21:54:43,285 - INFO - Setting number of threads to 5
2026-05-21 21:54:43,486 - INFO - Loading parameters from params.yaml
2026-05-21 21:54:43,486 - INFO - Output folder: ./
2026-05-21 21:54:43,486 - INFO - Loading KG...
2026-05-21 21:55:36,507 - INFO - Done
2026-05-21 21:55:36,557 - INFO - Detected device: cuda
2026-05-21 21:55:36,566 - INFO - Initializing model...
2026-05-21 21:55:36,566 - WARNING - /lustre/fswork/projects/rech/rnk/ufq76hz/dr_benchmark/dev/run_training.py:134: UserWarning: The 'dissimilarity' field is missing for model TransE. Defaulting to 'L2'.
  warnings.warn(f"The 'dissimilarity' field is missing for model {model_name}. Defaulting to 'L2'.")

2026-05-21 21:55:36,969 - INFO - Optimizer 'Adam' initialized with parameters: {'lr': 0.001, 'weight_decay': 0.001}
2026-05-21 21:55:36,969 - INFO - Initializing sampler...
2026-05-21 21:56:06,868 - WARNING - /lustre/fswork/projects/rech/rnk/ufq76hz/dr_benchmark/dev/run_training.py:298: UserWarning: No learning rate scheduler specified in the configuration.
  warnings.warn("No learning rate scheduler specified in the configuration.")

2026-05-21 21:56:06,882 - INFO - Number of training batches: 602
2026-05-21 21:56:06,891 - INFO - Engine run starting with max_epochs=500.
2026-05-21 21:57:29,288 - INFO - Epoch 1 - Train Loss: 14185.325981912161, Validation MRR: 0, Learning Rate: 0.001
2026-05-21 21:57:32,375 - INFO - Memory cleaned.
2026-05-21 21:57:32,593 - INFO - Epoch[1] Complete. Time taken: 00:01:25.702
2026-05-21 21:58:53,856 - INFO - Epoch 2 - Train Loss: 8245.274111853767, Validation MRR: 0, Learning Rate: 0.001
2026-05-21 21:58:56,752 - INFO - Memory cleaned.
2026-05-21 21:58:56,951 - INFO - Epoch[2] Complete. Time taken: 00:01:24.358
2026-05-21 22:00:18,039 - INFO - Epoch 3 - Train Loss: 6725.028232735506, Validation MRR: 0, Learning Rate: 0.001
2026-05-21 22:00:20,981 - INFO - Memory cleaned.
2026-05-21 22:00:21,207 - INFO - Epoch[3] Complete. Time taken: 00:01:24.256
2026-05-21 22:01:42,312 - INFO - Epoch 4 - Train Loss: 6046.1866470976265, Validation MRR: 0, Learning Rate: 0.001
2026-05-21 22:01:45,249 - INFO - Memory cleaned.
2026-05-21 22:01:45,473 - INFO - Epoch[4] Complete. Time taken: 00:01:24.266
2026-05-21 22:03:06,534 - INFO - Epoch 5 - Train Loss: 5664.863564863005, Validation MRR: 0, Learning Rate: 0.001
2026-05-21 22:03:09,444 - INFO - Memory cleaned.
2026-05-21 22:03:09,666 - INFO - Epoch[5] Complete. Time taken: 00:01:24.193
2026-05-21 22:04:30,696 - INFO - Epoch 6 - Train Loss: 5422.611328637014, Validation MRR: 0, Learning Rate: 0.001
2026-05-21 22:04:33,606 - INFO - Memory cleaned.
2026-05-21 22:04:33,828 - INFO - Epoch[6] Complete. Time taken: 00:01:24.162
2026-05-21 22:05:54,908 - INFO - Epoch 7 - Train Loss: 5307.0492657325185, Validation MRR: 0, Learning Rate: 0.001
2026-05-21 22:05:57,846 - INFO - Memory cleaned.
2026-05-21 22:05:58,072 - INFO - Epoch[7] Complete. Time taken: 00:01:24.243
2026-05-21 22:07:19,173 - INFO - Epoch 8 - Train Loss: 5206.565204825483, Validation MRR: 0, Learning Rate: 0.001
2026-05-21 22:07:22,078 - INFO - Memory cleaned.
2026-05-21 22:07:22,304 - INFO - Epoch[8] Complete. Time taken: 00:01:24.233
2026-05-21 22:08:43,335 - INFO - Epoch 9 - Train Loss: 5116.5089917765545, Validation MRR: 0, Learning Rate: 0.001
2026-05-21 22:08:46,241 - INFO - Memory cleaned.
2026-05-21 22:08:46,491 - INFO - Epoch[9] Complete. Time taken: 00:01:24.187
2026-05-21 22:10:07,524 - INFO - Epoch 10 - Train Loss: 5077.665085361206, Validation MRR: 0, Learning Rate: 0.001
2026-05-21 22:10:10,422 - INFO - Memory cleaned.
2026-05-21 22:10:10,650 - INFO - Epoch[10] Complete. Time taken: 00:01:24.159
2026-05-21 22:11:31,700 - INFO - Epoch 11 - Train Loss: 5027.930794975858, Validation MRR: 0, Learning Rate: 0.001
2026-05-21 22:11:34,602 - INFO - Memory cleaned.
2026-05-21 22:11:34,840 - INFO - Epoch[11] Complete. Time taken: 00:01:24.189
2026-05-21 22:12:55,933 - INFO - Epoch 12 - Train Loss: 4984.517033167251, Validation MRR: 0, Learning Rate: 0.001
2026-05-21 22:12:58,870 - INFO - Memory cleaned.
2026-05-21 22:12:59,096 - INFO - Epoch[12] Complete. Time taken: 00:01:24.256
2026-05-21 22:14:20,244 - INFO - Epoch 13 - Train Loss: 4953.228815260861, Validation MRR: 0, Learning Rate: 0.001
2026-05-21 22:14:23,181 - INFO - Memory cleaned.
2026-05-21 22:14:23,404 - INFO - Epoch[13] Complete. Time taken: 00:01:24.309
2026-05-21 22:15:44,411 - INFO - Epoch 14 - Train Loss: 4924.287053350735, Validation MRR: 0, Learning Rate: 0.001
2026-05-21 22:15:47,314 - INFO - Memory cleaned.
2026-05-21 22:15:47,542 - INFO - Epoch[14] Complete. Time taken: 00:01:24.137
2026-05-21 22:17:08,690 - INFO - Epoch 15 - Train Loss: 4898.02624423683, Validation MRR: 0, Learning Rate: 0.001
2026-05-21 22:17:11,610 - INFO - Memory cleaned.
2026-05-21 22:17:11,835 - INFO - Epoch[15] Complete. Time taken: 00:01:24.293
2026-05-21 22:18:33,011 - INFO - Epoch 16 - Train Loss: 4894.926746847066, Validation MRR: 0, Learning Rate: 0.001
2026-05-21 22:18:35,948 - INFO - Memory cleaned.
2026-05-21 22:18:36,174 - INFO - Epoch[16] Complete. Time taken: 00:01:24.340
2026-05-21 22:19:57,337 - INFO - Epoch 17 - Train Loss: 4884.73857109999, Validation MRR: 0, Learning Rate: 0.001
2026-05-21 22:20:00,278 - INFO - Memory cleaned.
2026-05-21 22:20:00,511 - INFO - Epoch[17] Complete. Time taken: 00:01:24.336
2026-05-21 22:21:21,679 - INFO - Epoch 18 - Train Loss: 4837.893583504193, Validation MRR: 0, Learning Rate: 0.001
2026-05-21 22:21:24,627 - INFO - Memory cleaned.
2026-05-21 22:21:24,867 - INFO - Epoch[18] Complete. Time taken: 00:01:24.356
2026-05-21 22:22:46,035 - INFO - Epoch 19 - Train Loss: 4824.164713206538, Validation MRR: 0, Learning Rate: 0.001
2026-05-21 22:22:48,976 - INFO - Memory cleaned.
2026-05-21 22:22:49,200 - INFO - Epoch[19] Complete. Time taken: 00:01:24.332
2026-05-21 22:24:10,382 - INFO - Epoch 20 - Train Loss: 4816.140973594047, Validation MRR: 0, Learning Rate: 0.001
2026-05-21 22:24:13,320 - INFO - Memory cleaned.
2026-05-21 22:24:13,320 - INFO - Evaluating on validation set at epoch 20...
Link prediction evaluation:   0%|          | 0/3 [00:00<?, ?batch/s]Link prediction evaluation: 100%|██████████| 3/3 [00:00<00:00, 29.03batch/s]Link prediction evaluation: 100%|██████████| 3/3 [00:00<00:00, 28.97batch/s]
2026-05-21 22:24:13,448 - INFO - Validation MRR: 0.022545281797647476
2026-05-21 22:24:13,842 - INFO - Epoch[20] Complete. Time taken: 00:01:24.643
2026-05-21 22:25:34,844 - INFO - Epoch 21 - Train Loss: 4816.082508616181, Validation MRR: 0.022545281797647476, Learning Rate: 0.001
2026-05-21 22:25:37,762 - INFO - Memory cleaned.
2026-05-21 22:25:37,983 - INFO - Epoch[21] Complete. Time taken: 00:01:24.141
2026-05-21 22:26:58,995 - INFO - Epoch 22 - Train Loss: 4797.0690711037405, Validation MRR: 0.022545281797647476, Learning Rate: 0.001
2026-05-21 22:27:01,892 - INFO - Memory cleaned.
2026-05-21 22:27:02,116 - INFO - Epoch[22] Complete. Time taken: 00:01:24.133
2026-05-21 22:28:23,250 - INFO - Epoch 23 - Train Loss: 4792.82455425747, Validation MRR: 0.022545281797647476, Learning Rate: 0.001
2026-05-21 22:28:26,184 - INFO - Memory cleaned.
2026-05-21 22:28:26,406 - INFO - Epoch[23] Complete. Time taken: 00:01:24.290
2026-05-21 22:29:47,535 - INFO - Epoch 24 - Train Loss: 4769.808521974255, Validation MRR: 0.022545281797647476, Learning Rate: 0.001
2026-05-21 22:29:50,474 - INFO - Memory cleaned.
2026-05-21 22:29:50,699 - INFO - Epoch[24] Complete. Time taken: 00:01:24.293
2026-05-21 22:31:11,793 - INFO - Epoch 25 - Train Loss: 4758.051747381493, Validation MRR: 0.022545281797647476, Learning Rate: 0.001
2026-05-21 22:31:14,730 - INFO - Memory cleaned.
2026-05-21 22:31:14,953 - INFO - Epoch[25] Complete. Time taken: 00:01:24.254
2026-05-21 22:32:36,119 - INFO - Epoch 26 - Train Loss: 4756.432155271548, Validation MRR: 0.022545281797647476, Learning Rate: 0.001
2026-05-21 22:32:39,058 - INFO - Memory cleaned.
2026-05-21 22:32:39,284 - INFO - Epoch[26] Complete. Time taken: 00:01:24.330
2026-05-21 22:34:00,460 - INFO - Epoch 27 - Train Loss: 4753.309675083789, Validation MRR: 0.022545281797647476, Learning Rate: 0.001
2026-05-21 22:34:03,398 - INFO - Memory cleaned.
2026-05-21 22:34:03,625 - INFO - Epoch[27] Complete. Time taken: 00:01:24.341
2026-05-21 22:35:24,714 - INFO - Epoch 28 - Train Loss: 4746.665518873454, Validation MRR: 0.022545281797647476, Learning Rate: 0.001
2026-05-21 22:35:27,650 - INFO - Memory cleaned.
2026-05-21 22:35:27,891 - INFO - Epoch[28] Complete. Time taken: 00:01:24.266
2026-05-21 22:36:49,048 - INFO - Epoch 29 - Train Loss: 4739.788337390742, Validation MRR: 0.022545281797647476, Learning Rate: 0.001
2026-05-21 22:36:51,987 - INFO - Memory cleaned.
2026-05-21 22:36:52,230 - INFO - Epoch[29] Complete. Time taken: 00:01:24.338
2026-05-21 22:38:13,400 - INFO - Epoch 30 - Train Loss: 4723.881970719384, Validation MRR: 0.022545281797647476, Learning Rate: 0.001
2026-05-21 22:38:16,336 - INFO - Memory cleaned.
2026-05-21 22:38:16,562 - INFO - Epoch[30] Complete. Time taken: 00:01:24.332
2026-05-21 22:39:37,754 - INFO - Epoch 31 - Train Loss: 4727.604086994263, Validation MRR: 0.022545281797647476, Learning Rate: 0.001
2026-05-21 22:39:40,694 - INFO - Memory cleaned.
2026-05-21 22:39:40,957 - INFO - Epoch[31] Complete. Time taken: 00:01:24.395
2026-05-21 22:41:02,124 - INFO - Epoch 32 - Train Loss: 4721.823304140064, Validation MRR: 0.022545281797647476, Learning Rate: 0.001
2026-05-21 22:41:05,059 - INFO - Memory cleaned.
2026-05-21 22:41:05,285 - INFO - Epoch[32] Complete. Time taken: 00:01:24.328
2026-05-21 22:42:26,457 - INFO - Epoch 33 - Train Loss: 4710.194457261102, Validation MRR: 0.022545281797647476, Learning Rate: 0.001
2026-05-21 22:42:29,393 - INFO - Memory cleaned.
2026-05-21 22:42:29,617 - INFO - Epoch[33] Complete. Time taken: 00:01:24.332
2026-05-21 22:43:50,736 - INFO - Epoch 34 - Train Loss: 4709.1906898552725, Validation MRR: 0.022545281797647476, Learning Rate: 0.001
2026-05-21 22:43:53,633 - INFO - Memory cleaned.
2026-05-21 22:43:53,857 - INFO - Epoch[34] Complete. Time taken: 00:01:24.240
2026-05-21 22:45:14,844 - INFO - Epoch 35 - Train Loss: 4713.422943954853, Validation MRR: 0.022545281797647476, Learning Rate: 0.001
2026-05-21 22:45:17,739 - INFO - Memory cleaned.
2026-05-21 22:45:17,967 - INFO - Epoch[35] Complete. Time taken: 00:01:24.110
2026-05-21 22:46:39,149 - INFO - Epoch 36 - Train Loss: 4708.782796113385, Validation MRR: 0.022545281797647476, Learning Rate: 0.001
2026-05-21 22:46:42,085 - INFO - Memory cleaned.
2026-05-21 22:46:42,310 - INFO - Epoch[36] Complete. Time taken: 00:01:24.343
2026-05-21 22:48:03,533 - INFO - Epoch 37 - Train Loss: 4685.001929907951, Validation MRR: 0.022545281797647476, Learning Rate: 0.001
2026-05-21 22:48:06,470 - INFO - Memory cleaned.
2026-05-21 22:48:06,695 - INFO - Epoch[37] Complete. Time taken: 00:01:24.385
2026-05-21 22:49:27,877 - INFO - Epoch 38 - Train Loss: 4687.693032795342, Validation MRR: 0.022545281797647476, Learning Rate: 0.001
2026-05-21 22:49:30,818 - INFO - Memory cleaned.
2026-05-21 22:49:31,050 - INFO - Epoch[38] Complete. Time taken: 00:01:24.355
2026-05-21 22:50:52,087 - INFO - Epoch 39 - Train Loss: 4695.766036154753, Validation MRR: 0.022545281797647476, Learning Rate: 0.001
2026-05-21 22:50:54,985 - INFO - Memory cleaned.
2026-05-21 22:50:55,206 - INFO - Epoch[39] Complete. Time taken: 00:01:24.156
2026-05-21 22:52:16,275 - INFO - Epoch 40 - Train Loss: 4686.336766314653, Validation MRR: 0.022545281797647476, Learning Rate: 0.001
2026-05-21 22:52:19,172 - INFO - Memory cleaned.
2026-05-21 22:52:19,172 - INFO - Evaluating on validation set at epoch 40...
Link prediction evaluation:   0%|          | 0/3 [00:00<?, ?batch/s]Link prediction evaluation: 100%|██████████| 3/3 [00:00<00:00, 31.64batch/s]
2026-05-21 22:52:19,268 - INFO - Validation MRR: 0.023866137489676476
2026-05-21 22:52:19,692 - INFO - Epoch[40] Complete. Time taken: 00:01:24.486
2026-05-21 22:53:40,810 - INFO - Epoch 41 - Train Loss: 4700.4423298818865, Validation MRR: 0.023866137489676476, Learning Rate: 0.001
2026-05-21 22:53:43,765 - INFO - Memory cleaned.
2026-05-21 22:53:43,990 - INFO - Epoch[41] Complete. Time taken: 00:01:24.298
2026-05-21 22:55:05,190 - INFO - Epoch 42 - Train Loss: 4679.969174564976, Validation MRR: 0.023866137489676476, Learning Rate: 0.001
2026-05-21 22:55:08,137 - INFO - Memory cleaned.
2026-05-21 22:55:08,366 - INFO - Epoch[42] Complete. Time taken: 00:01:24.376
2026-05-21 22:56:29,528 - INFO - Epoch 43 - Train Loss: 4674.6587367376005, Validation MRR: 0.023866137489676476, Learning Rate: 0.001
2026-05-21 22:56:32,465 - INFO - Memory cleaned.
2026-05-21 22:56:32,689 - INFO - Epoch[43] Complete. Time taken: 00:01:24.323
2026-05-21 22:57:53,872 - INFO - Epoch 44 - Train Loss: 4675.428603624864, Validation MRR: 0.023866137489676476, Learning Rate: 0.001
2026-05-21 22:57:56,806 - INFO - Memory cleaned.
2026-05-21 22:57:57,034 - INFO - Epoch[44] Complete. Time taken: 00:01:24.345
2026-05-21 22:59:18,207 - INFO - Epoch 45 - Train Loss: 4673.148003373584, Validation MRR: 0.023866137489676476, Learning Rate: 0.001
2026-05-21 22:59:21,113 - INFO - Memory cleaned.
2026-05-21 22:59:21,339 - INFO - Epoch[45] Complete. Time taken: 00:01:24.305
2026-05-21 23:00:42,739 - INFO - Epoch 46 - Train Loss: 4677.873169822046, Validation MRR: 0.023866137489676476, Learning Rate: 0.001
2026-05-21 23:00:45,683 - INFO - Memory cleaned.
2026-05-21 23:00:45,912 - INFO - Epoch[46] Complete. Time taken: 00:01:24.573
2026-05-21 23:02:07,038 - INFO - Epoch 47 - Train Loss: 4669.532071434157, Validation MRR: 0.023866137489676476, Learning Rate: 0.001
2026-05-21 23:02:09,972 - INFO - Memory cleaned.
2026-05-21 23:02:10,198 - INFO - Epoch[47] Complete. Time taken: 00:01:24.286
2026-05-21 23:03:31,250 - INFO - Epoch 48 - Train Loss: 4672.61076256436, Validation MRR: 0.023866137489676476, Learning Rate: 0.001
2026-05-21 23:03:34,184 - INFO - Memory cleaned.
2026-05-21 23:03:34,413 - INFO - Epoch[48] Complete. Time taken: 00:01:24.215
2026-05-21 23:04:55,539 - INFO - Epoch 49 - Train Loss: 4669.770946591553, Validation MRR: 0.023866137489676476, Learning Rate: 0.001
2026-05-21 23:04:58,475 - INFO - Memory cleaned.
2026-05-21 23:04:58,700 - INFO - Epoch[49] Complete. Time taken: 00:01:24.288
2026-05-21 23:06:19,909 - INFO - Epoch 50 - Train Loss: 4670.456681337348, Validation MRR: 0.023866137489676476, Learning Rate: 0.001
2026-05-21 23:06:22,844 - INFO - Memory cleaned.
2026-05-21 23:06:23,074 - INFO - Epoch[50] Complete. Time taken: 00:01:24.374
2026-05-21 23:07:44,237 - INFO - Epoch 51 - Train Loss: 4661.892455664801, Validation MRR: 0.023866137489676476, Learning Rate: 0.001
2026-05-21 23:07:47,172 - INFO - Memory cleaned.
2026-05-21 23:07:47,398 - INFO - Epoch[51] Complete. Time taken: 00:01:24.323
2026-05-21 23:09:08,641 - INFO - Epoch 52 - Train Loss: 4684.821546100854, Validation MRR: 0.023866137489676476, Learning Rate: 0.001
2026-05-21 23:09:11,576 - INFO - Memory cleaned.
2026-05-21 23:09:11,818 - INFO - Epoch[52] Complete. Time taken: 00:01:24.420
2026-05-21 23:10:32,894 - INFO - Epoch 53 - Train Loss: 4653.026174863148, Validation MRR: 0.023866137489676476, Learning Rate: 0.001
2026-05-21 23:10:35,795 - INFO - Memory cleaned.
2026-05-21 23:10:36,019 - INFO - Epoch[53] Complete. Time taken: 00:01:24.200
2026-05-21 23:11:57,090 - INFO - Epoch 54 - Train Loss: 4655.259348091362, Validation MRR: 0.023866137489676476, Learning Rate: 0.001
2026-05-21 23:11:59,988 - INFO - Memory cleaned.
2026-05-21 23:12:00,214 - INFO - Epoch[54] Complete. Time taken: 00:01:24.195
2026-05-21 23:13:21,262 - INFO - Epoch 55 - Train Loss: 4652.483421606599, Validation MRR: 0.023866137489676476, Learning Rate: 0.001
2026-05-21 23:13:24,156 - INFO - Memory cleaned.
2026-05-21 23:13:24,379 - INFO - Epoch[55] Complete. Time taken: 00:01:24.165
2026-05-21 23:14:45,398 - INFO - Epoch 56 - Train Loss: 4652.47324507548, Validation MRR: 0.023866137489676476, Learning Rate: 0.001
2026-05-21 23:14:48,299 - INFO - Memory cleaned.
2026-05-21 23:14:48,549 - INFO - Epoch[56] Complete. Time taken: 00:01:24.170
2026-05-21 23:16:09,573 - INFO - Epoch 57 - Train Loss: 4643.96491841816, Validation MRR: 0.023866137489676476, Learning Rate: 0.001
2026-05-21 23:16:12,467 - INFO - Memory cleaned.
2026-05-21 23:16:12,706 - INFO - Epoch[57] Complete. Time taken: 00:01:24.157
2026-05-21 23:17:33,776 - INFO - Epoch 58 - Train Loss: 4664.45991632576, Validation MRR: 0.023866137489676476, Learning Rate: 0.001
2026-05-21 23:17:36,713 - INFO - Memory cleaned.
2026-05-21 23:17:36,972 - INFO - Epoch[58] Complete. Time taken: 00:01:24.266
2026-05-21 23:18:58,153 - INFO - Epoch 59 - Train Loss: 4655.604765038655, Validation MRR: 0.023866137489676476, Learning Rate: 0.001
2026-05-21 23:19:01,092 - INFO - Memory cleaned.
2026-05-21 23:19:01,319 - INFO - Epoch[59] Complete. Time taken: 00:01:24.346
2026-05-21 23:20:22,507 - INFO - Epoch 60 - Train Loss: 4649.116158637647, Validation MRR: 0.023866137489676476, Learning Rate: 0.001
2026-05-21 23:20:25,442 - INFO - Memory cleaned.
2026-05-21 23:20:25,443 - INFO - Evaluating on validation set at epoch 60...
Link prediction evaluation:   0%|          | 0/3 [00:00<?, ?batch/s]Link prediction evaluation: 100%|██████████| 3/3 [00:00<00:00, 30.61batch/s]
2026-05-21 23:20:25,543 - INFO - Validation MRR: 0.03237682208418846
2026-05-21 23:20:25,935 - INFO - Epoch[60] Complete. Time taken: 00:01:24.616
2026-05-21 23:21:47,127 - INFO - Epoch 61 - Train Loss: 4654.89625637271, Validation MRR: 0.03237682208418846, Learning Rate: 0.001
2026-05-21 23:21:50,067 - INFO - Memory cleaned.
2026-05-21 23:21:50,292 - INFO - Epoch[61] Complete. Time taken: 00:01:24.357
2026-05-21 23:23:11,344 - INFO - Epoch 62 - Train Loss: 4640.216950659019, Validation MRR: 0.03237682208418846, Learning Rate: 0.001
2026-05-21 23:23:14,281 - INFO - Memory cleaned.
2026-05-21 23:23:14,509 - INFO - Epoch[62] Complete. Time taken: 00:01:24.217
2026-05-21 23:24:35,711 - INFO - Epoch 63 - Train Loss: 4636.492568115482, Validation MRR: 0.03237682208418846, Learning Rate: 0.001
2026-05-21 23:24:38,648 - INFO - Memory cleaned.
2026-05-21 23:24:38,873 - INFO - Epoch[63] Complete. Time taken: 00:01:24.364
2026-05-21 23:26:00,045 - INFO - Epoch 64 - Train Loss: 4663.428566169135, Validation MRR: 0.03237682208418846, Learning Rate: 0.001
2026-05-21 23:26:02,983 - INFO - Memory cleaned.
2026-05-21 23:26:03,263 - INFO - Epoch[64] Complete. Time taken: 00:01:24.390
2026-05-21 23:27:24,470 - INFO - Epoch 65 - Train Loss: 4653.658032235229, Validation MRR: 0.03237682208418846, Learning Rate: 0.001
2026-05-21 23:27:27,409 - INFO - Memory cleaned.
2026-05-21 23:27:27,636 - INFO - Epoch[65] Complete. Time taken: 00:01:24.372
2026-05-21 23:28:48,799 - INFO - Epoch 66 - Train Loss: 4638.8650311042165, Validation MRR: 0.03237682208418846, Learning Rate: 0.001
2026-05-21 23:28:51,735 - INFO - Memory cleaned.
2026-05-21 23:28:51,964 - INFO - Epoch[66] Complete. Time taken: 00:01:24.328
2026-05-21 23:30:13,102 - INFO - Epoch 67 - Train Loss: 4637.643699402913, Validation MRR: 0.03237682208418846, Learning Rate: 0.001
2026-05-21 23:30:16,010 - INFO - Memory cleaned.
2026-05-21 23:30:16,238 - INFO - Epoch[67] Complete. Time taken: 00:01:24.274
2026-05-21 23:31:37,385 - INFO - Epoch 68 - Train Loss: 4635.831424130479, Validation MRR: 0.03237682208418846, Learning Rate: 0.001
2026-05-21 23:31:40,368 - INFO - Memory cleaned.
2026-05-21 23:31:40,597 - INFO - Epoch[68] Complete. Time taken: 00:01:24.358
2026-05-21 23:33:01,767 - INFO - Epoch 69 - Train Loss: 4631.609657348125, Validation MRR: 0.03237682208418846, Learning Rate: 0.001
2026-05-21 23:33:04,765 - INFO - Memory cleaned.
2026-05-21 23:33:05,032 - INFO - Epoch[69] Complete. Time taken: 00:01:24.435
2026-05-21 23:34:26,225 - INFO - Epoch 70 - Train Loss: 4645.696078003496, Validation MRR: 0.03237682208418846, Learning Rate: 0.001
2026-05-21 23:34:29,168 - INFO - Memory cleaned.
2026-05-21 23:34:29,398 - INFO - Epoch[70] Complete. Time taken: 00:01:24.366
2026-05-21 23:35:50,594 - INFO - Epoch 71 - Train Loss: 4652.21183526832, Validation MRR: 0.03237682208418846, Learning Rate: 0.001
2026-05-21 23:35:53,488 - INFO - Memory cleaned.
2026-05-21 23:35:53,716 - INFO - Epoch[71] Complete. Time taken: 00:01:24.317
2026-05-21 23:37:14,795 - INFO - Epoch 72 - Train Loss: 4632.559336670818, Validation MRR: 0.03237682208418846, Learning Rate: 0.001
2026-05-21 23:37:17,691 - INFO - Memory cleaned.
2026-05-21 23:37:17,917 - INFO - Epoch[72] Complete. Time taken: 00:01:24.202
2026-05-21 23:38:39,121 - INFO - Epoch 73 - Train Loss: 4624.487387975499, Validation MRR: 0.03237682208418846, Learning Rate: 0.001
2026-05-21 23:38:42,016 - INFO - Memory cleaned.
2026-05-21 23:38:42,240 - INFO - Epoch[73] Complete. Time taken: 00:01:24.323
2026-05-21 23:40:02,980 - INFO - Epoch 74 - Train Loss: 4633.644414031596, Validation MRR: 0.03237682208418846, Learning Rate: 0.001
2026-05-21 23:40:05,909 - INFO - Memory cleaned.
2026-05-21 23:40:06,137 - INFO - Epoch[74] Complete. Time taken: 00:01:23.897
2026-05-21 23:41:26,934 - INFO - Epoch 75 - Train Loss: 4626.944562260891, Validation MRR: 0.03237682208418846, Learning Rate: 0.001
2026-05-21 23:41:29,860 - INFO - Memory cleaned.
2026-05-21 23:41:30,087 - INFO - Epoch[75] Complete. Time taken: 00:01:23.950
2026-05-21 23:42:51,069 - INFO - Epoch 76 - Train Loss: 4644.958597352918, Validation MRR: 0.03237682208418846, Learning Rate: 0.001
2026-05-21 23:42:54,003 - INFO - Memory cleaned.
2026-05-21 23:42:54,236 - INFO - Epoch[76] Complete. Time taken: 00:01:24.148
2026-05-21 23:44:15,051 - INFO - Epoch 77 - Train Loss: 4632.325263343992, Validation MRR: 0.03237682208418846, Learning Rate: 0.001
2026-05-21 23:44:17,974 - INFO - Memory cleaned.
2026-05-21 23:44:18,215 - INFO - Epoch[77] Complete. Time taken: 00:01:23.979
2026-05-21 23:45:39,318 - INFO - Epoch 78 - Train Loss: 4624.747746897731, Validation MRR: 0.03237682208418846, Learning Rate: 0.001
2026-05-21 23:45:42,253 - INFO - Memory cleaned.
2026-05-21 23:45:42,477 - INFO - Epoch[78] Complete. Time taken: 00:01:24.262
2026-05-21 23:47:03,546 - INFO - Epoch 79 - Train Loss: 4627.915516277654, Validation MRR: 0.03237682208418846, Learning Rate: 0.001
2026-05-21 23:47:06,470 - INFO - Memory cleaned.
2026-05-21 23:47:06,706 - INFO - Epoch[79] Complete. Time taken: 00:01:24.228
2026-05-21 23:48:27,784 - INFO - Epoch 80 - Train Loss: 4629.2414768675235, Validation MRR: 0.03237682208418846, Learning Rate: 0.001
2026-05-21 23:48:30,708 - INFO - Memory cleaned.
2026-05-21 23:48:30,708 - INFO - Evaluating on validation set at epoch 80...
Link prediction evaluation:   0%|          | 0/3 [00:00<?, ?batch/s]Link prediction evaluation: 100%|██████████| 3/3 [00:00<00:00, 31.69batch/s]
2026-05-21 23:48:30,804 - INFO - Validation MRR: 0.026909759268164635
2026-05-21 23:48:31,028 - INFO - Epoch[80] Complete. Time taken: 00:01:24.323
2026-05-21 23:49:52,106 - INFO - Epoch 81 - Train Loss: 4638.1080853671, Validation MRR: 0.026909759268164635, Learning Rate: 0.001
2026-05-21 23:49:55,033 - INFO - Memory cleaned.
2026-05-21 23:49:55,317 - INFO - Epoch[81] Complete. Time taken: 00:01:24.289
2026-05-21 23:51:16,358 - INFO - Epoch 82 - Train Loss: 4616.043994703694, Validation MRR: 0.026909759268164635, Learning Rate: 0.001
2026-05-21 23:51:19,252 - INFO - Memory cleaned.
2026-05-21 23:51:19,475 - INFO - Epoch[82] Complete. Time taken: 00:01:24.158
2026-05-21 23:52:40,485 - INFO - Epoch 83 - Train Loss: 4636.35361694704, Validation MRR: 0.026909759268164635, Learning Rate: 0.001
2026-05-21 23:52:43,373 - INFO - Memory cleaned.
2026-05-21 23:52:43,597 - INFO - Epoch[83] Complete. Time taken: 00:01:24.122
2026-05-21 23:54:04,581 - INFO - Epoch 84 - Train Loss: 4619.119677644304, Validation MRR: 0.026909759268164635, Learning Rate: 0.001
2026-05-21 23:54:07,510 - INFO - Memory cleaned.
2026-05-21 23:54:07,737 - INFO - Epoch[84] Complete. Time taken: 00:01:24.140
2026-05-21 23:55:28,681 - INFO - Epoch 85 - Train Loss: 4639.28164762753, Validation MRR: 0.026909759268164635, Learning Rate: 0.001
2026-05-21 23:55:31,608 - INFO - Memory cleaned.
2026-05-21 23:55:31,836 - INFO - Epoch[85] Complete. Time taken: 00:01:24.098
2026-05-21 23:56:52,912 - INFO - Epoch 86 - Train Loss: 4625.578619298996, Validation MRR: 0.026909759268164635, Learning Rate: 0.001
2026-05-21 23:56:55,832 - INFO - Memory cleaned.
2026-05-21 23:56:56,070 - INFO - Epoch[86] Complete. Time taken: 00:01:24.235
2026-05-21 23:58:17,077 - INFO - Epoch 87 - Train Loss: 4632.086495015167, Validation MRR: 0.026909759268164635, Learning Rate: 0.001
2026-05-21 23:58:19,994 - INFO - Memory cleaned.
2026-05-21 23:58:20,221 - INFO - Epoch[87] Complete. Time taken: 00:01:24.151
2026-05-21 23:59:41,231 - INFO - Epoch 88 - Train Loss: 4623.863966384419, Validation MRR: 0.026909759268164635, Learning Rate: 0.001
2026-05-21 23:59:44,144 - INFO - Memory cleaned.
2026-05-21 23:59:44,382 - INFO - Epoch[88] Complete. Time taken: 00:01:24.160
2026-05-22 00:01:05,426 - INFO - Epoch 89 - Train Loss: 4626.965652182271, Validation MRR: 0.026909759268164635, Learning Rate: 0.001
2026-05-22 00:01:08,339 - INFO - Memory cleaned.
2026-05-22 00:01:08,593 - INFO - Epoch[89] Complete. Time taken: 00:01:24.211
2026-05-22 00:02:29,605 - INFO - Epoch 90 - Train Loss: 4615.379551043067, Validation MRR: 0.026909759268164635, Learning Rate: 0.001
2026-05-22 00:02:32,514 - INFO - Memory cleaned.
2026-05-22 00:02:32,742 - INFO - Epoch[90] Complete. Time taken: 00:01:24.150
2026-05-22 00:03:53,836 - INFO - Epoch 91 - Train Loss: 4635.2531683912675, Validation MRR: 0.026909759268164635, Learning Rate: 0.001
2026-05-22 00:03:56,740 - INFO - Memory cleaned.
2026-05-22 00:03:56,968 - INFO - Epoch[91] Complete. Time taken: 00:01:24.226
2026-05-22 00:05:18,211 - INFO - Epoch 92 - Train Loss: 4631.872770890965, Validation MRR: 0.026909759268164635, Learning Rate: 0.001
2026-05-22 00:05:21,152 - INFO - Memory cleaned.
2026-05-22 00:05:21,386 - INFO - Epoch[92] Complete. Time taken: 00:01:24.417
2026-05-22 00:06:42,756 - INFO - Epoch 93 - Train Loss: 4634.919004657258, Validation MRR: 0.026909759268164635, Learning Rate: 0.001
2026-05-22 00:06:45,655 - INFO - Memory cleaned.
2026-05-22 00:06:45,894 - INFO - Epoch[93] Complete. Time taken: 00:01:24.508
2026-05-22 00:08:06,871 - INFO - Epoch 94 - Train Loss: 4644.107016148143, Validation MRR: 0.026909759268164635, Learning Rate: 0.001
2026-05-22 00:08:09,742 - INFO - Memory cleaned.
2026-05-22 00:08:09,984 - INFO - Epoch[94] Complete. Time taken: 00:01:24.090
2026-05-22 00:09:30,867 - INFO - Epoch 95 - Train Loss: 4622.763893539448, Validation MRR: 0.026909759268164635, Learning Rate: 0.001
2026-05-22 00:09:33,750 - INFO - Memory cleaned.
2026-05-22 00:09:33,977 - INFO - Epoch[95] Complete. Time taken: 00:01:23.993
2026-05-22 00:10:54,857 - INFO - Epoch 96 - Train Loss: 4625.966176412148, Validation MRR: 0.026909759268164635, Learning Rate: 0.001
2026-05-22 00:10:57,740 - INFO - Memory cleaned.
2026-05-22 00:10:57,967 - INFO - Epoch[96] Complete. Time taken: 00:01:23.990
2026-05-22 00:12:18,882 - INFO - Epoch 97 - Train Loss: 4627.202298817009, Validation MRR: 0.026909759268164635, Learning Rate: 0.001
2026-05-22 00:12:21,741 - INFO - Memory cleaned.
2026-05-22 00:12:21,973 - INFO - Epoch[97] Complete. Time taken: 00:01:24.005
2026-05-22 00:13:42,880 - INFO - Epoch 98 - Train Loss: 4617.616712854783, Validation MRR: 0.026909759268164635, Learning Rate: 0.001
2026-05-22 00:13:45,729 - INFO - Memory cleaned.
2026-05-22 00:13:45,966 - INFO - Epoch[98] Complete. Time taken: 00:01:23.993
2026-05-22 00:15:06,862 - INFO - Epoch 99 - Train Loss: 4619.1902324654575, Validation MRR: 0.026909759268164635, Learning Rate: 0.001
2026-05-22 00:15:09,730 - INFO - Memory cleaned.
2026-05-22 00:15:09,961 - INFO - Epoch[99] Complete. Time taken: 00:01:23.995
2026-05-22 00:16:30,922 - INFO - Epoch 100 - Train Loss: 4618.060077554477, Validation MRR: 0.026909759268164635, Learning Rate: 0.001
2026-05-22 00:16:33,786 - INFO - Memory cleaned.
2026-05-22 00:16:33,786 - INFO - Evaluating on validation set at epoch 100...
Link prediction evaluation:   0%|          | 0/3 [00:00<?, ?batch/s]Link prediction evaluation: 100%|██████████| 3/3 [00:00<00:00, 30.51batch/s]
2026-05-22 00:16:33,904 - INFO - Validation MRR: 0.033130817115306854
2026-05-22 00:16:34,306 - INFO - Epoch[100] Complete. Time taken: 00:01:24.345
2026-05-22 00:17:55,369 - INFO - Epoch 101 - Train Loss: 4616.656431803119, Validation MRR: 0.033130817115306854, Learning Rate: 0.001
2026-05-22 00:17:58,236 - INFO - Memory cleaned.
2026-05-22 00:17:58,476 - INFO - Epoch[101] Complete. Time taken: 00:01:24.170
2026-05-22 00:19:19,394 - INFO - Epoch 102 - Train Loss: 4620.132108812632, Validation MRR: 0.033130817115306854, Learning Rate: 0.001
2026-05-22 00:19:22,254 - INFO - Memory cleaned.
2026-05-22 00:19:22,484 - INFO - Epoch[102] Complete. Time taken: 00:01:24.008
2026-05-22 00:20:43,401 - INFO - Epoch 103 - Train Loss: 4626.006709149003, Validation MRR: 0.033130817115306854, Learning Rate: 0.001
2026-05-22 00:20:46,259 - INFO - Memory cleaned.
2026-05-22 00:20:46,488 - INFO - Epoch[103] Complete. Time taken: 00:01:24.004
2026-05-22 00:22:07,558 - INFO - Epoch 104 - Train Loss: 4636.845828801727, Validation MRR: 0.033130817115306854, Learning Rate: 0.001
2026-05-22 00:22:10,418 - INFO - Memory cleaned.
2026-05-22 00:22:10,644 - INFO - Epoch[104] Complete. Time taken: 00:01:24.156
2026-05-22 00:23:31,689 - INFO - Epoch 105 - Train Loss: 4622.9329474889055, Validation MRR: 0.033130817115306854, Learning Rate: 0.001
2026-05-22 00:23:34,535 - INFO - Memory cleaned.
2026-05-22 00:23:34,761 - INFO - Epoch[105] Complete. Time taken: 00:01:24.117
2026-05-22 00:24:55,703 - INFO - Epoch 106 - Train Loss: 4619.5256880229945, Validation MRR: 0.033130817115306854, Learning Rate: 0.001
2026-05-22 00:24:58,558 - INFO - Memory cleaned.
2026-05-22 00:24:58,785 - INFO - Epoch[106] Complete. Time taken: 00:01:24.023
2026-05-22 00:26:19,801 - INFO - Epoch 107 - Train Loss: 4614.370215396097, Validation MRR: 0.033130817115306854, Learning Rate: 0.001
2026-05-22 00:26:22,685 - INFO - Memory cleaned.
2026-05-22 00:26:22,912 - INFO - Epoch[107] Complete. Time taken: 00:01:24.127
2026-05-22 00:27:43,867 - INFO - Epoch 108 - Train Loss: 4622.860925498964, Validation MRR: 0.033130817115306854, Learning Rate: 0.001
2026-05-22 00:27:46,771 - INFO - Memory cleaned.
2026-05-22 00:27:47,002 - INFO - Epoch[108] Complete. Time taken: 00:01:24.090
2026-05-22 00:29:07,970 - INFO - Epoch 109 - Train Loss: 4620.807119040862, Validation MRR: 0.033130817115306854, Learning Rate: 0.001
2026-05-22 00:29:10,812 - INFO - Memory cleaned.
2026-05-22 00:29:11,047 - INFO - Epoch[109] Complete. Time taken: 00:01:24.045
2026-05-22 00:30:32,028 - INFO - Epoch 110 - Train Loss: 4634.267159246507, Validation MRR: 0.033130817115306854, Learning Rate: 0.001
2026-05-22 00:30:34,866 - INFO - Memory cleaned.
2026-05-22 00:30:35,093 - INFO - Epoch[110] Complete. Time taken: 00:01:24.046
2026-05-22 00:31:56,124 - INFO - Epoch 111 - Train Loss: 4628.644274947776, Validation MRR: 0.033130817115306854, Learning Rate: 0.001
2026-05-22 00:31:58,961 - INFO - Memory cleaned.
2026-05-22 00:31:59,203 - INFO - Epoch[111] Complete. Time taken: 00:01:24.110
2026-05-22 00:33:20,154 - INFO - Epoch 112 - Train Loss: 4623.8650501896855, Validation MRR: 0.033130817115306854, Learning Rate: 0.001
2026-05-22 00:33:22,989 - INFO - Memory cleaned.
2026-05-22 00:33:23,220 - INFO - Epoch[112] Complete. Time taken: 00:01:24.017
2026-05-22 00:34:44,185 - INFO - Epoch 113 - Train Loss: 4621.3843850095645, Validation MRR: 0.033130817115306854, Learning Rate: 0.001
2026-05-22 00:34:47,020 - INFO - Memory cleaned.
2026-05-22 00:34:47,246 - INFO - Epoch[113] Complete. Time taken: 00:01:24.026
2026-05-22 00:36:08,205 - INFO - Epoch 114 - Train Loss: 4608.663683463573, Validation MRR: 0.033130817115306854, Learning Rate: 0.001
2026-05-22 00:36:11,039 - INFO - Memory cleaned.
2026-05-22 00:36:11,267 - INFO - Epoch[114] Complete. Time taken: 00:01:24.021
2026-05-22 00:37:32,235 - INFO - Epoch 115 - Train Loss: 4625.081844532626, Validation MRR: 0.033130817115306854, Learning Rate: 0.001
2026-05-22 00:37:35,071 - INFO - Memory cleaned.
2026-05-22 00:37:35,298 - INFO - Epoch[115] Complete. Time taken: 00:01:24.030
2026-05-22 00:38:56,351 - INFO - Epoch 116 - Train Loss: 4608.9366945190195, Validation MRR: 0.033130817115306854, Learning Rate: 0.001
2026-05-22 00:38:59,228 - INFO - Memory cleaned.
2026-05-22 00:38:59,458 - INFO - Epoch[116] Complete. Time taken: 00:01:24.159
2026-05-22 00:40:20,446 - INFO - Epoch 117 - Train Loss: 4620.129231743218, Validation MRR: 0.033130817115306854, Learning Rate: 0.001
2026-05-22 00:40:23,282 - INFO - Memory cleaned.
2026-05-22 00:40:23,510 - INFO - Epoch[117] Complete. Time taken: 00:01:24.052
2026-05-22 00:41:44,530 - INFO - Epoch 118 - Train Loss: 4617.229226505749, Validation MRR: 0.033130817115306854, Learning Rate: 0.001
2026-05-22 00:41:47,365 - INFO - Memory cleaned.
2026-05-22 00:41:47,592 - INFO - Epoch[118] Complete. Time taken: 00:01:24.082
2026-05-22 00:43:08,677 - INFO - Epoch 119 - Train Loss: 4613.939634455305, Validation MRR: 0.033130817115306854, Learning Rate: 0.001
2026-05-22 00:43:11,510 - INFO - Memory cleaned.
2026-05-22 00:43:11,737 - INFO - Epoch[119] Complete. Time taken: 00:01:24.145
2026-05-22 00:44:32,819 - INFO - Epoch 120 - Train Loss: 4606.892993895189, Validation MRR: 0.033130817115306854, Learning Rate: 0.001
2026-05-22 00:44:35,652 - INFO - Memory cleaned.
2026-05-22 00:44:35,653 - INFO - Evaluating on validation set at epoch 120...
Link prediction evaluation:   0%|          | 0/3 [00:00<?, ?batch/s]Link prediction evaluation: 100%|██████████| 3/3 [00:00<00:00, 31.80batch/s]
2026-05-22 00:44:35,748 - INFO - Validation MRR: 0.02288411185145378
2026-05-22 00:44:35,998 - INFO - Epoch[120] Complete. Time taken: 00:01:24.261
2026-05-22 00:45:57,169 - INFO - Epoch 121 - Train Loss: 4620.475907733924, Validation MRR: 0.02288411185145378, Learning Rate: 0.001
2026-05-22 00:46:00,006 - INFO - Memory cleaned.
2026-05-22 00:46:00,233 - INFO - Epoch[121] Complete. Time taken: 00:01:24.235
2026-05-22 00:47:21,301 - INFO - Epoch 122 - Train Loss: 4623.868544380698, Validation MRR: 0.02288411185145378, Learning Rate: 0.001
2026-05-22 00:47:24,149 - INFO - Memory cleaned.
2026-05-22 00:47:24,381 - INFO - Epoch[122] Complete. Time taken: 00:01:24.148
2026-05-22 00:48:45,378 - INFO - Epoch 123 - Train Loss: 4613.303666669969, Validation MRR: 0.02288411185145378, Learning Rate: 0.001
2026-05-22 00:48:48,198 - INFO - Memory cleaned.
2026-05-22 00:48:48,428 - INFO - Epoch[123] Complete. Time taken: 00:01:24.047
2026-05-22 00:50:09,325 - INFO - Epoch 124 - Train Loss: 4611.66442252922, Validation MRR: 0.02288411185145378, Learning Rate: 0.001
2026-05-22 00:50:12,131 - INFO - Memory cleaned.
2026-05-22 00:50:12,358 - INFO - Epoch[124] Complete. Time taken: 00:01:23.930
2026-05-22 00:51:33,260 - INFO - Epoch 125 - Train Loss: 4610.392823104656, Validation MRR: 0.02288411185145378, Learning Rate: 0.001
2026-05-22 00:51:36,090 - INFO - Memory cleaned.
2026-05-22 00:51:36,319 - INFO - Epoch[125] Complete. Time taken: 00:01:23.961
2026-05-22 00:52:57,188 - INFO - Epoch 126 - Train Loss: 4621.3772412556145, Validation MRR: 0.02288411185145378, Learning Rate: 0.001
2026-05-22 00:53:00,020 - INFO - Memory cleaned.
2026-05-22 00:53:00,251 - INFO - Epoch[126] Complete. Time taken: 00:01:23.932
2026-05-22 00:54:21,189 - INFO - Epoch 127 - Train Loss: 4620.145310072873, Validation MRR: 0.02288411185145378, Learning Rate: 0.001
2026-05-22 00:54:23,991 - INFO - Memory cleaned.
2026-05-22 00:54:24,219 - INFO - Epoch[127] Complete. Time taken: 00:01:23.968
2026-05-22 00:55:45,313 - INFO - Epoch 128 - Train Loss: 4638.33214659538, Validation MRR: 0.02288411185145378, Learning Rate: 0.001
2026-05-22 00:55:48,155 - INFO - Memory cleaned.
2026-05-22 00:55:48,385 - INFO - Epoch[128] Complete. Time taken: 00:01:24.166
2026-05-22 00:57:09,662 - INFO - Epoch 129 - Train Loss: 4612.187296043926, Validation MRR: 0.02288411185145378, Learning Rate: 0.001
2026-05-22 00:57:12,518 - INFO - Memory cleaned.
2026-05-22 00:57:12,746 - INFO - Epoch[129] Complete. Time taken: 00:01:24.361
2026-05-22 00:58:33,845 - INFO - Epoch 130 - Train Loss: 4616.892394203846, Validation MRR: 0.02288411185145378, Learning Rate: 0.001
2026-05-22 00:58:36,655 - INFO - Memory cleaned.
2026-05-22 00:58:36,883 - INFO - Epoch[130] Complete. Time taken: 00:01:24.136
2026-05-22 00:59:57,898 - INFO - Epoch 131 - Train Loss: 4612.273144925208, Validation MRR: 0.02288411185145378, Learning Rate: 0.001
2026-05-22 01:00:00,735 - INFO - Memory cleaned.
2026-05-22 01:00:00,964 - INFO - Epoch[131] Complete. Time taken: 00:01:24.081
2026-05-22 01:01:22,211 - INFO - Epoch 132 - Train Loss: 4621.876799262169, Validation MRR: 0.02288411185145378, Learning Rate: 0.001
2026-05-22 01:01:25,081 - INFO - Memory cleaned.
2026-05-22 01:01:25,315 - INFO - Epoch[132] Complete. Time taken: 00:01:24.351
2026-05-22 01:02:46,289 - INFO - Epoch 133 - Train Loss: 4616.450150350681, Validation MRR: 0.02288411185145378, Learning Rate: 0.001
2026-05-22 01:02:49,095 - INFO - Memory cleaned.
2026-05-22 01:02:49,321 - INFO - Epoch[133] Complete. Time taken: 00:01:24.006
2026-05-22 01:04:10,272 - INFO - Epoch 134 - Train Loss: 4624.258320563827, Validation MRR: 0.02288411185145378, Learning Rate: 0.001
2026-05-22 01:04:13,075 - INFO - Memory cleaned.
2026-05-22 01:04:13,306 - INFO - Epoch[134] Complete. Time taken: 00:01:23.985
2026-05-22 01:05:34,142 - INFO - Epoch 135 - Train Loss: 4619.142609193332, Validation MRR: 0.02288411185145378, Learning Rate: 0.001
2026-05-22 01:05:36,952 - INFO - Memory cleaned.
2026-05-22 01:05:37,178 - INFO - Epoch[135] Complete. Time taken: 00:01:23.872
2026-05-22 01:06:58,062 - INFO - Epoch 136 - Train Loss: 4617.7897277765505, Validation MRR: 0.02288411185145378, Learning Rate: 0.001
2026-05-22 01:07:00,872 - INFO - Memory cleaned.
2026-05-22 01:07:01,099 - INFO - Epoch[136] Complete. Time taken: 00:01:23.921
2026-05-22 01:08:21,947 - INFO - Epoch 137 - Train Loss: 4610.209224990532, Validation MRR: 0.02288411185145378, Learning Rate: 0.001
2026-05-22 01:08:24,768 - INFO - Memory cleaned.
2026-05-22 01:08:24,996 - INFO - Epoch[137] Complete. Time taken: 00:01:23.897
2026-05-22 01:09:45,906 - INFO - Epoch 138 - Train Loss: 4621.354648507903, Validation MRR: 0.02288411185145378, Learning Rate: 0.001
2026-05-22 01:09:48,702 - INFO - Memory cleaned.
2026-05-22 01:09:48,928 - INFO - Epoch[138] Complete. Time taken: 00:01:23.932
2026-05-22 01:11:10,061 - INFO - Epoch 139 - Train Loss: 4612.60578639327, Validation MRR: 0.02288411185145378, Learning Rate: 0.001
2026-05-22 01:11:12,860 - INFO - Memory cleaned.
2026-05-22 01:11:13,090 - INFO - Epoch[139] Complete. Time taken: 00:01:24.162
2026-05-22 01:12:34,203 - INFO - Epoch 140 - Train Loss: 4620.931770146255, Validation MRR: 0.02288411185145378, Learning Rate: 0.001
2026-05-22 01:12:37,035 - INFO - Memory cleaned.
2026-05-22 01:12:37,035 - INFO - Evaluating on validation set at epoch 140...
Link prediction evaluation:   0%|          | 0/3 [00:00<?, ?batch/s]Link prediction evaluation: 100%|██████████| 3/3 [00:00<00:00, 29.38batch/s]Link prediction evaluation: 100%|██████████| 3/3 [00:00<00:00, 29.16batch/s]
2026-05-22 01:12:37,210 - INFO - Validation MRR: 0.02336404100060463
2026-05-22 01:12:37,439 - INFO - Epoch[140] Complete. Time taken: 00:01:24.349
2026-05-22 01:13:58,565 - INFO - Epoch 141 - Train Loss: 4622.351806608623, Validation MRR: 0.02336404100060463, Learning Rate: 0.001
2026-05-22 01:14:01,405 - INFO - Memory cleaned.
2026-05-22 01:14:01,635 - INFO - Epoch[141] Complete. Time taken: 00:01:24.195
2026-05-22 01:15:22,515 - INFO - Epoch 142 - Train Loss: 4616.233489357006, Validation MRR: 0.02336404100060463, Learning Rate: 0.001
2026-05-22 01:15:25,326 - INFO - Memory cleaned.
2026-05-22 01:15:25,553 - INFO - Epoch[142] Complete. Time taken: 00:01:23.919
2026-05-22 01:16:46,604 - INFO - Epoch 143 - Train Loss: 4615.0783683690715, Validation MRR: 0.02336404100060463, Learning Rate: 0.001
2026-05-22 01:16:49,439 - INFO - Memory cleaned.
2026-05-22 01:16:49,677 - INFO - Epoch[143] Complete. Time taken: 00:01:24.123
2026-05-22 01:18:10,764 - INFO - Epoch 144 - Train Loss: 4622.31793479802, Validation MRR: 0.02336404100060463, Learning Rate: 0.001
2026-05-22 01:18:13,598 - INFO - Memory cleaned.
2026-05-22 01:18:13,825 - INFO - Epoch[144] Complete. Time taken: 00:01:24.148
2026-05-22 01:19:34,911 - INFO - Epoch 145 - Train Loss: 4618.295929954202, Validation MRR: 0.02336404100060463, Learning Rate: 0.001
2026-05-22 01:19:37,749 - INFO - Memory cleaned.
2026-05-22 01:19:37,976 - INFO - Epoch[145] Complete. Time taken: 00:01:24.151
2026-05-22 01:20:59,047 - INFO - Epoch 146 - Train Loss: 4615.92543431701, Validation MRR: 0.02336404100060463, Learning Rate: 0.001
2026-05-22 01:21:01,881 - INFO - Memory cleaned.
2026-05-22 01:21:02,108 - INFO - Epoch[146] Complete. Time taken: 00:01:24.131
2026-05-22 01:22:23,204 - INFO - Epoch 147 - Train Loss: 4612.806044370269, Validation MRR: 0.02336404100060463, Learning Rate: 0.001
2026-05-22 01:22:26,040 - INFO - Memory cleaned.
2026-05-22 01:22:26,266 - INFO - Epoch[147] Complete. Time taken: 00:01:24.159
2026-05-22 01:23:47,342 - INFO - Epoch 148 - Train Loss: 4617.473539503151, Validation MRR: 0.02336404100060463, Learning Rate: 0.001
2026-05-22 01:23:50,176 - INFO - Memory cleaned.
2026-05-22 01:23:50,403 - INFO - Epoch[148] Complete. Time taken: 00:01:24.136
2026-05-22 01:25:11,486 - INFO - Epoch 149 - Train Loss: 4613.682401923237, Validation MRR: 0.02336404100060463, Learning Rate: 0.001
2026-05-22 01:25:14,321 - INFO - Memory cleaned.
2026-05-22 01:25:14,569 - INFO - Epoch[149] Complete. Time taken: 00:01:24.167
2026-05-22 01:26:35,671 - INFO - Epoch 150 - Train Loss: 4620.2637342397575, Validation MRR: 0.02336404100060463, Learning Rate: 0.001
2026-05-22 01:26:38,508 - INFO - Memory cleaned.
2026-05-22 01:26:38,738 - INFO - Epoch[150] Complete. Time taken: 00:01:24.169
2026-05-22 01:27:59,825 - INFO - Epoch 151 - Train Loss: 4609.557507898126, Validation MRR: 0.02336404100060463, Learning Rate: 0.001
2026-05-22 01:28:02,658 - INFO - Memory cleaned.
2026-05-22 01:28:02,885 - INFO - Epoch[151] Complete. Time taken: 00:01:24.146
2026-05-22 01:29:24,012 - INFO - Epoch 152 - Train Loss: 4614.166922826525, Validation MRR: 0.02336404100060463, Learning Rate: 0.001
2026-05-22 01:29:26,845 - INFO - Memory cleaned.
2026-05-22 01:29:27,073 - INFO - Epoch[152] Complete. Time taken: 00:01:24.189
2026-05-22 01:30:48,169 - INFO - Epoch 153 - Train Loss: 4622.376758617803, Validation MRR: 0.02336404100060463, Learning Rate: 0.001
2026-05-22 01:30:51,003 - INFO - Memory cleaned.
2026-05-22 01:30:51,231 - INFO - Epoch[153] Complete. Time taken: 00:01:24.158
2026-05-22 01:32:12,327 - INFO - Epoch 154 - Train Loss: 4612.6871763649815, Validation MRR: 0.02336404100060463, Learning Rate: 0.001
2026-05-22 01:32:15,161 - INFO - Memory cleaned.
2026-05-22 01:32:15,392 - INFO - Epoch[154] Complete. Time taken: 00:01:24.161
2026-05-22 01:33:36,482 - INFO - Epoch 155 - Train Loss: 4602.6527713791, Validation MRR: 0.02336404100060463, Learning Rate: 0.001
2026-05-22 01:33:39,319 - INFO - Memory cleaned.
2026-05-22 01:33:39,549 - INFO - Epoch[155] Complete. Time taken: 00:01:24.157
2026-05-22 01:35:00,558 - INFO - Epoch 156 - Train Loss: 4607.319489884553, Validation MRR: 0.02336404100060463, Learning Rate: 0.001
2026-05-22 01:35:03,356 - INFO - Memory cleaned.
2026-05-22 01:35:03,580 - INFO - Epoch[156] Complete. Time taken: 00:01:24.030
2026-05-22 01:36:24,586 - INFO - Epoch 157 - Train Loss: 4612.497871442647, Validation MRR: 0.02336404100060463, Learning Rate: 0.001
2026-05-22 01:36:27,387 - INFO - Memory cleaned.
2026-05-22 01:36:27,613 - INFO - Epoch[157] Complete. Time taken: 00:01:24.034
2026-05-22 01:37:48,602 - INFO - Epoch 158 - Train Loss: 4613.22823120568, Validation MRR: 0.02336404100060463, Learning Rate: 0.001
2026-05-22 01:37:51,410 - INFO - Memory cleaned.
2026-05-22 01:37:51,638 - INFO - Epoch[158] Complete. Time taken: 00:01:24.024
2026-05-22 01:39:12,625 - INFO - Epoch 159 - Train Loss: 4608.4427822140815, Validation MRR: 0.02336404100060463, Learning Rate: 0.001
2026-05-22 01:39:15,472 - INFO - Memory cleaned.
2026-05-22 01:39:15,699 - INFO - Epoch[159] Complete. Time taken: 00:01:24.062
2026-05-22 01:40:36,709 - INFO - Epoch 160 - Train Loss: 4606.425054032229, Validation MRR: 0.02336404100060463, Learning Rate: 0.001
2026-05-22 01:40:39,565 - INFO - Memory cleaned.
2026-05-22 01:40:39,565 - INFO - Evaluating on validation set at epoch 160...
Link prediction evaluation:   0%|          | 0/3 [00:00<?, ?batch/s]Link prediction evaluation: 100%|██████████| 3/3 [00:00<00:00, 31.71batch/s]
2026-05-22 01:40:39,661 - INFO - Validation MRR: 0.028391333296895027
2026-05-22 01:40:39,887 - INFO - Epoch[160] Complete. Time taken: 00:01:24.187
2026-05-22 01:42:00,940 - INFO - Epoch 161 - Train Loss: 4601.054029067664, Validation MRR: 0.028391333296895027, Learning Rate: 0.001
2026-05-22 01:42:03,779 - INFO - Memory cleaned.
2026-05-22 01:42:04,007 - INFO - Epoch[161] Complete. Time taken: 00:01:24.119
2026-05-22 01:43:25,072 - INFO - Epoch 162 - Train Loss: 4611.640845309788, Validation MRR: 0.028391333296895027, Learning Rate: 0.001
2026-05-22 01:43:27,873 - INFO - Memory cleaned.
2026-05-22 01:43:28,097 - INFO - Epoch[162] Complete. Time taken: 00:01:24.091
2026-05-22 01:44:49,127 - INFO - Epoch 163 - Train Loss: 4610.851404274203, Validation MRR: 0.028391333296895027, Learning Rate: 0.001
2026-05-22 01:44:51,926 - INFO - Memory cleaned.
2026-05-22 01:44:52,154 - INFO - Epoch[163] Complete. Time taken: 00:01:24.056
2026-05-22 01:46:13,186 - INFO - Epoch 164 - Train Loss: 4612.082965160035, Validation MRR: 0.028391333296895027, Learning Rate: 0.001
2026-05-22 01:46:15,982 - INFO - Memory cleaned.
2026-05-22 01:46:16,210 - INFO - Epoch[164] Complete. Time taken: 00:01:24.056
2026-05-22 01:47:37,237 - INFO - Epoch 165 - Train Loss: 4609.895410371725, Validation MRR: 0.028391333296895027, Learning Rate: 0.001
2026-05-22 01:47:40,034 - INFO - Memory cleaned.
2026-05-22 01:47:40,259 - INFO - Epoch[165] Complete. Time taken: 00:01:24.048
2026-05-22 01:49:01,289 - INFO - Epoch 166 - Train Loss: 4610.364700789285, Validation MRR: 0.028391333296895027, Learning Rate: 0.001
2026-05-22 01:49:04,087 - INFO - Memory cleaned.
2026-05-22 01:49:04,312 - INFO - Epoch[166] Complete. Time taken: 00:01:24.053
2026-05-22 01:50:25,286 - INFO - Epoch 167 - Train Loss: 4613.141056943826, Validation MRR: 0.028391333296895027, Learning Rate: 0.001
2026-05-22 01:50:28,083 - INFO - Memory cleaned.
2026-05-22 01:50:28,308 - INFO - Epoch[167] Complete. Time taken: 00:01:23.996
2026-05-22 01:51:49,362 - INFO - Epoch 168 - Train Loss: 4614.169066788793, Validation MRR: 0.028391333296895027, Learning Rate: 0.001
2026-05-22 01:51:52,163 - INFO - Memory cleaned.
2026-05-22 01:51:52,388 - INFO - Epoch[168] Complete. Time taken: 00:01:24.079
2026-05-22 01:53:13,412 - INFO - Epoch 169 - Train Loss: 4597.801466309728, Validation MRR: 0.028391333296895027, Learning Rate: 0.001
2026-05-22 01:53:16,212 - INFO - Memory cleaned.
2026-05-22 01:53:16,438 - INFO - Epoch[169] Complete. Time taken: 00:01:24.050
2026-05-22 01:54:37,467 - INFO - Epoch 170 - Train Loss: 4607.967445456354, Validation MRR: 0.028391333296895027, Learning Rate: 0.001
2026-05-22 01:54:40,263 - INFO - Memory cleaned.
2026-05-22 01:54:40,492 - INFO - Epoch[170] Complete. Time taken: 00:01:24.054
2026-05-22 01:56:01,534 - INFO - Epoch 171 - Train Loss: 4612.238413206639, Validation MRR: 0.028391333296895027, Learning Rate: 0.001
2026-05-22 01:56:04,332 - INFO - Memory cleaned.
2026-05-22 01:56:04,567 - INFO - Epoch[171] Complete. Time taken: 00:01:24.075
2026-05-22 01:57:25,576 - INFO - Epoch 172 - Train Loss: 4605.880872145467, Validation MRR: 0.028391333296895027, Learning Rate: 0.001
2026-05-22 01:57:28,375 - INFO - Memory cleaned.
2026-05-22 01:57:28,603 - INFO - Epoch[172] Complete. Time taken: 00:01:24.036
2026-05-22 01:58:49,651 - INFO - Epoch 173 - Train Loss: 4597.091568363047, Validation MRR: 0.028391333296895027, Learning Rate: 0.001
2026-05-22 01:58:52,451 - INFO - Memory cleaned.
2026-05-22 01:58:52,675 - INFO - Epoch[173] Complete. Time taken: 00:01:24.072
2026-05-22 02:00:13,732 - INFO - Epoch 174 - Train Loss: 4603.731557443564, Validation MRR: 0.028391333296895027, Learning Rate: 0.001
2026-05-22 02:00:16,530 - INFO - Memory cleaned.
2026-05-22 02:00:16,773 - INFO - Epoch[174] Complete. Time taken: 00:01:24.098
2026-05-22 02:01:38,199 - INFO - Epoch 175 - Train Loss: 4608.149040049495, Validation MRR: 0.028391333296895027, Learning Rate: 0.001
2026-05-22 02:01:41,040 - INFO - Memory cleaned.
2026-05-22 02:01:41,273 - INFO - Epoch[175] Complete. Time taken: 00:01:24.500
2026-05-22 02:03:02,300 - INFO - Epoch 176 - Train Loss: 4601.556446052339, Validation MRR: 0.028391333296895027, Learning Rate: 0.001
2026-05-22 02:03:05,096 - INFO - Memory cleaned.
2026-05-22 02:03:05,298 - INFO - Epoch[176] Complete. Time taken: 00:01:24.024
2026-05-22 02:04:26,324 - INFO - Epoch 177 - Train Loss: 4608.668421956803, Validation MRR: 0.028391333296895027, Learning Rate: 0.001
2026-05-22 02:04:29,122 - INFO - Memory cleaned.
2026-05-22 02:04:29,348 - INFO - Epoch[177] Complete. Time taken: 00:01:24.050
2026-05-22 02:05:50,357 - INFO - Epoch 178 - Train Loss: 4610.525320181652, Validation MRR: 0.028391333296895027, Learning Rate: 0.001
2026-05-22 02:05:53,157 - INFO - Memory cleaned.
2026-05-22 02:05:53,380 - INFO - Epoch[178] Complete. Time taken: 00:01:24.032
2026-05-22 02:07:14,471 - INFO - Epoch 179 - Train Loss: 4605.998753237359, Validation MRR: 0.028391333296895027, Learning Rate: 0.001
2026-05-22 02:07:17,315 - INFO - Memory cleaned.
2026-05-22 02:07:17,547 - INFO - Epoch[179] Complete. Time taken: 00:01:24.168
2026-05-22 02:08:38,657 - INFO - Epoch 180 - Train Loss: 4612.659574148685, Validation MRR: 0.028391333296895027, Learning Rate: 0.001
2026-05-22 02:08:41,493 - INFO - Memory cleaned.
2026-05-22 02:08:41,493 - INFO - Evaluating on validation set at epoch 180...
Link prediction evaluation:   0%|          | 0/3 [00:00<?, ?batch/s]Link prediction evaluation: 100%|██████████| 3/3 [00:00<00:00, 29.43batch/s]Link prediction evaluation: 100%|██████████| 3/3 [00:00<00:00, 29.22batch/s]
2026-05-22 02:08:41,639 - INFO - Validation MRR: 0.02939808927476406
2026-05-22 02:08:41,873 - INFO - Epoch[180] Complete. Time taken: 00:01:24.325
2026-05-22 02:10:02,976 - INFO - Epoch 181 - Train Loss: 4616.325858230079, Validation MRR: 0.02939808927476406, Learning Rate: 0.001
2026-05-22 02:10:05,814 - INFO - Memory cleaned.
2026-05-22 02:10:06,044 - INFO - Epoch[181] Complete. Time taken: 00:01:24.171
2026-05-22 02:11:27,197 - INFO - Epoch 182 - Train Loss: 4598.640928941602, Validation MRR: 0.02939808927476406, Learning Rate: 0.001
2026-05-22 02:11:30,033 - INFO - Memory cleaned.
2026-05-22 02:11:30,264 - INFO - Epoch[182] Complete. Time taken: 00:01:24.220
2026-05-22 02:12:51,373 - INFO - Epoch 183 - Train Loss: 4612.614113807117, Validation MRR: 0.02939808927476406, Learning Rate: 0.001
2026-05-22 02:12:54,209 - INFO - Memory cleaned.
2026-05-22 02:12:54,438 - INFO - Epoch[183] Complete. Time taken: 00:01:24.173
2026-05-22 02:14:15,567 - INFO - Epoch 184 - Train Loss: 4607.892541629855, Validation MRR: 0.02939808927476406, Learning Rate: 0.001
2026-05-22 02:14:18,402 - INFO - Memory cleaned.
2026-05-22 02:14:18,647 - INFO - Epoch[184] Complete. Time taken: 00:01:24.209
2026-05-22 02:15:39,742 - INFO - Epoch 185 - Train Loss: 4595.27978044844, Validation MRR: 0.02939808927476406, Learning Rate: 0.001
2026-05-22 02:15:42,580 - INFO - Memory cleaned.
2026-05-22 02:15:42,810 - INFO - Epoch[185] Complete. Time taken: 00:01:24.162
2026-05-22 02:17:03,934 - INFO - Epoch 186 - Train Loss: 4599.243460624548, Validation MRR: 0.02939808927476406, Learning Rate: 0.001
2026-05-22 02:17:06,769 - INFO - Memory cleaned.
2026-05-22 02:17:07,000 - INFO - Epoch[186] Complete. Time taken: 00:01:24.190
2026-05-22 02:18:28,118 - INFO - Epoch 187 - Train Loss: 4608.453946649672, Validation MRR: 0.02939808927476406, Learning Rate: 0.001
2026-05-22 02:18:30,953 - INFO - Memory cleaned.
2026-05-22 02:18:31,183 - INFO - Epoch[187] Complete. Time taken: 00:01:24.183
2026-05-22 02:19:52,290 - INFO - Epoch 188 - Train Loss: 4598.14599578492, Validation MRR: 0.02939808927476406, Learning Rate: 0.001
2026-05-22 02:19:55,127 - INFO - Memory cleaned.
2026-05-22 02:19:55,378 - INFO - Epoch[188] Complete. Time taken: 00:01:24.195
2026-05-22 02:21:16,470 - INFO - Epoch 189 - Train Loss: 4612.989761620142, Validation MRR: 0.02939808927476406, Learning Rate: 0.001
2026-05-22 02:21:19,308 - INFO - Memory cleaned.
2026-05-22 02:21:19,538 - INFO - Epoch[189] Complete. Time taken: 00:01:24.159
2026-05-22 02:22:40,649 - INFO - Epoch 190 - Train Loss: 4602.612182565139, Validation MRR: 0.02939808927476406, Learning Rate: 0.001
2026-05-22 02:22:43,487 - INFO - Memory cleaned.
2026-05-22 02:22:43,735 - INFO - Epoch[190] Complete. Time taken: 00:01:24.198
2026-05-22 02:24:04,843 - INFO - Epoch 191 - Train Loss: 4594.807951566073, Validation MRR: 0.02939808927476406, Learning Rate: 0.001
2026-05-22 02:24:07,683 - INFO - Memory cleaned.
2026-05-22 02:24:07,915 - INFO - Epoch[191] Complete. Time taken: 00:01:24.179
2026-05-22 02:25:29,040 - INFO - Epoch 192 - Train Loss: 4601.856100797926, Validation MRR: 0.02939808927476406, Learning Rate: 0.001
2026-05-22 02:25:31,878 - INFO - Memory cleaned.
2026-05-22 02:25:32,124 - INFO - Epoch[192] Complete. Time taken: 00:01:24.209
2026-05-22 02:26:53,193 - INFO - Epoch 193 - Train Loss: 4613.818859018674, Validation MRR: 0.02939808927476406, Learning Rate: 0.001
2026-05-22 02:26:56,031 - INFO - Memory cleaned.
2026-05-22 02:26:56,288 - INFO - Epoch[193] Complete. Time taken: 00:01:24.164
2026-05-22 02:28:17,377 - INFO - Epoch 194 - Train Loss: 4611.6475065493305, Validation MRR: 0.02939808927476406, Learning Rate: 0.001
2026-05-22 02:28:20,216 - INFO - Memory cleaned.
2026-05-22 02:28:20,447 - INFO - Epoch[194] Complete. Time taken: 00:01:24.159
2026-05-22 02:29:41,651 - INFO - Epoch 195 - Train Loss: 4608.000920421277, Validation MRR: 0.02939808927476406, Learning Rate: 0.001
2026-05-22 02:29:44,487 - INFO - Memory cleaned.
2026-05-22 02:29:44,719 - INFO - Epoch[195] Complete. Time taken: 00:01:24.272
2026-05-22 02:31:05,882 - INFO - Epoch 196 - Train Loss: 4605.133845389461, Validation MRR: 0.02939808927476406, Learning Rate: 0.001
2026-05-22 02:31:08,720 - INFO - Memory cleaned.
2026-05-22 02:31:08,963 - INFO - Epoch[196] Complete. Time taken: 00:01:24.244
2026-05-22 02:32:30,046 - INFO - Epoch 197 - Train Loss: 4617.810238786543, Validation MRR: 0.02939808927476406, Learning Rate: 0.001
2026-05-22 02:32:32,884 - INFO - Memory cleaned.
2026-05-22 02:32:33,117 - INFO - Epoch[197] Complete. Time taken: 00:01:24.154
2026-05-22 02:33:54,262 - INFO - Epoch 198 - Train Loss: 4595.427299798988, Validation MRR: 0.02939808927476406, Learning Rate: 0.001
2026-05-22 02:33:57,100 - INFO - Memory cleaned.
2026-05-22 02:33:57,340 - INFO - Epoch[198] Complete. Time taken: 00:01:24.223
2026-05-22 02:35:18,483 - INFO - Epoch 199 - Train Loss: 4602.09475311592, Validation MRR: 0.02939808927476406, Learning Rate: 0.001
2026-05-22 02:35:21,323 - INFO - Memory cleaned.
2026-05-22 02:35:21,552 - INFO - Epoch[199] Complete. Time taken: 00:01:24.212
2026-05-22 02:36:42,509 - INFO - Epoch 200 - Train Loss: 4598.199188650731, Validation MRR: 0.02939808927476406, Learning Rate: 0.001
2026-05-22 02:36:45,321 - INFO - Memory cleaned.
2026-05-22 02:36:45,322 - INFO - Evaluating on validation set at epoch 200...
Link prediction evaluation:   0%|          | 0/3 [00:00<?, ?batch/s]Link prediction evaluation: 100%|██████████| 3/3 [00:00<00:00, 31.70batch/s]
2026-05-22 02:36:45,418 - INFO - Validation MRR: 0.027930818498134613
2026-05-22 02:36:45,648 - INFO - Epoch[200] Complete. Time taken: 00:01:24.096
2026-05-22 02:38:06,587 - INFO - Epoch 201 - Train Loss: 4595.261722440656, Validation MRR: 0.027930818498134613, Learning Rate: 0.001
2026-05-22 02:38:09,421 - INFO - Memory cleaned.
2026-05-22 02:38:09,665 - INFO - Epoch[201] Complete. Time taken: 00:01:24.017
2026-05-22 02:39:30,617 - INFO - Epoch 202 - Train Loss: 4590.164459874493, Validation MRR: 0.027930818498134613, Learning Rate: 0.001
2026-05-22 02:39:33,443 - INFO - Memory cleaned.
2026-05-22 02:39:33,676 - INFO - Epoch[202] Complete. Time taken: 00:01:24.011
2026-05-22 02:40:54,615 - INFO - Epoch 203 - Train Loss: 4601.2247457888225, Validation MRR: 0.027930818498134613, Learning Rate: 0.001
2026-05-22 02:40:57,448 - INFO - Memory cleaned.
2026-05-22 02:40:57,678 - INFO - Epoch[203] Complete. Time taken: 00:01:24.002
2026-05-22 02:42:18,615 - INFO - Epoch 204 - Train Loss: 4610.46005953355, Validation MRR: 0.027930818498134613, Learning Rate: 0.001
2026-05-22 02:42:21,447 - INFO - Memory cleaned.
2026-05-22 02:42:21,684 - INFO - Epoch[204] Complete. Time taken: 00:01:24.006
2026-05-22 02:43:42,606 - INFO - Epoch 205 - Train Loss: 4597.949674788366, Validation MRR: 0.027930818498134613, Learning Rate: 0.001
2026-05-22 02:43:45,434 - INFO - Memory cleaned.
2026-05-22 02:43:45,663 - INFO - Epoch[205] Complete. Time taken: 00:01:23.979
2026-05-22 02:45:06,559 - INFO - Epoch 206 - Train Loss: 4597.10330496634, Validation MRR: 0.027930818498134613, Learning Rate: 0.001
2026-05-22 02:45:09,391 - INFO - Memory cleaned.
2026-05-22 02:45:09,627 - INFO - Epoch[206] Complete. Time taken: 00:01:23.964
2026-05-22 02:46:30,609 - INFO - Epoch 207 - Train Loss: 4601.760484212807, Validation MRR: 0.027930818498134613, Learning Rate: 0.001
2026-05-22 02:46:33,415 - INFO - Memory cleaned.
2026-05-22 02:46:33,644 - INFO - Epoch[207] Complete. Time taken: 00:01:24.016
2026-05-22 02:47:54,696 - INFO - Epoch 208 - Train Loss: 4609.811724399342, Validation MRR: 0.027930818498134613, Learning Rate: 0.001
2026-05-22 02:47:57,534 - INFO - Memory cleaned.
2026-05-22 02:47:57,764 - INFO - Epoch[208] Complete. Time taken: 00:01:24.120
2026-05-22 02:49:18,822 - INFO - Epoch 209 - Train Loss: 4612.46124180999, Validation MRR: 0.027930818498134613, Learning Rate: 0.001
2026-05-22 02:49:21,658 - INFO - Memory cleaned.
2026-05-22 02:49:21,890 - INFO - Epoch[209] Complete. Time taken: 00:01:24.125
2026-05-22 02:50:42,953 - INFO - Epoch 210 - Train Loss: 4596.801717447481, Validation MRR: 0.027930818498134613, Learning Rate: 0.001
2026-05-22 02:50:45,790 - INFO - Memory cleaned.
2026-05-22 02:50:46,041 - INFO - Epoch[210] Complete. Time taken: 00:01:24.151
2026-05-22 02:52:07,170 - INFO - Epoch 211 - Train Loss: 4599.642641109558, Validation MRR: 0.027930818498134613, Learning Rate: 0.001
2026-05-22 02:52:10,009 - INFO - Memory cleaned.
2026-05-22 02:52:10,238 - INFO - Epoch[211] Complete. Time taken: 00:01:24.197
2026-05-22 02:53:31,302 - INFO - Epoch 212 - Train Loss: 4605.635904252288, Validation MRR: 0.027930818498134613, Learning Rate: 0.001
2026-05-22 02:53:34,143 - INFO - Memory cleaned.
2026-05-22 02:53:34,385 - INFO - Epoch[212] Complete. Time taken: 00:01:24.147
2026-05-22 02:54:55,480 - INFO - Epoch 213 - Train Loss: 4611.712584886575, Validation MRR: 0.027930818498134613, Learning Rate: 0.001
2026-05-22 02:54:58,317 - INFO - Memory cleaned.
2026-05-22 02:54:58,548 - INFO - Epoch[213] Complete. Time taken: 00:01:24.162
2026-05-22 02:56:19,676 - INFO - Epoch 214 - Train Loss: 4598.35890679751, Validation MRR: 0.027930818498134613, Learning Rate: 0.001
2026-05-22 02:56:22,516 - INFO - Memory cleaned.
2026-05-22 02:56:22,748 - INFO - Epoch[214] Complete. Time taken: 00:01:24.200
2026-05-22 02:57:43,865 - INFO - Epoch 215 - Train Loss: 4600.515497207139, Validation MRR: 0.027930818498134613, Learning Rate: 0.001
2026-05-22 02:57:46,703 - INFO - Memory cleaned.
2026-05-22 02:57:46,931 - INFO - Epoch[215] Complete. Time taken: 00:01:24.183
2026-05-22 02:59:08,070 - INFO - Epoch 216 - Train Loss: 4603.844278808618, Validation MRR: 0.027930818498134613, Learning Rate: 0.001
2026-05-22 02:59:10,907 - INFO - Memory cleaned.
2026-05-22 02:59:11,151 - INFO - Epoch[216] Complete. Time taken: 00:01:24.220
2026-05-22 03:00:32,484 - INFO - Epoch 217 - Train Loss: 4604.7048735444005, Validation MRR: 0.027930818498134613, Learning Rate: 0.001
2026-05-22 03:00:35,323 - INFO - Memory cleaned.
2026-05-22 03:00:35,551 - INFO - Epoch[217] Complete. Time taken: 00:01:24.400
2026-05-22 03:01:56,690 - INFO - Epoch 218 - Train Loss: 4604.7809710029815, Validation MRR: 0.027930818498134613, Learning Rate: 0.001
2026-05-22 03:01:59,527 - INFO - Memory cleaned.
2026-05-22 03:01:59,761 - INFO - Epoch[218] Complete. Time taken: 00:01:24.209
2026-05-22 03:03:20,894 - INFO - Epoch 219 - Train Loss: 4604.61557784556, Validation MRR: 0.027930818498134613, Learning Rate: 0.001
2026-05-22 03:03:23,747 - INFO - Memory cleaned.
2026-05-22 03:03:23,976 - INFO - Epoch[219] Complete. Time taken: 00:01:24.215
2026-05-22 03:04:45,080 - INFO - Epoch 220 - Train Loss: 4595.998618335409, Validation MRR: 0.027930818498134613, Learning Rate: 0.001
2026-05-22 03:04:47,967 - INFO - Memory cleaned.
2026-05-22 03:04:47,967 - INFO - Evaluating on validation set at epoch 220...
Link prediction evaluation:   0%|          | 0/3 [00:00<?, ?batch/s]Link prediction evaluation: 100%|██████████| 3/3 [00:00<00:00, 30.51batch/s]
2026-05-22 03:04:48,081 - INFO - Validation MRR: 0.02353445440530777
2026-05-22 03:04:48,311 - INFO - Epoch[220] Complete. Time taken: 00:01:24.335
2026-05-22 03:06:09,576 - INFO - Epoch 221 - Train Loss: 4595.6405351916155, Validation MRR: 0.02353445440530777, Learning Rate: 0.001
2026-05-22 03:06:12,503 - INFO - Memory cleaned.
2026-05-22 03:06:12,714 - INFO - Epoch[221] Complete. Time taken: 00:01:24.403
2026-05-22 03:07:33,840 - INFO - Epoch 222 - Train Loss: 4602.441023925847, Validation MRR: 0.02353445440530777, Learning Rate: 0.001
2026-05-22 03:07:36,724 - INFO - Memory cleaned.
2026-05-22 03:07:36,928 - INFO - Epoch[222] Complete. Time taken: 00:01:24.213
2026-05-22 03:08:58,019 - INFO - Epoch 223 - Train Loss: 4602.531544790724, Validation MRR: 0.02353445440530777, Learning Rate: 0.001
2026-05-22 03:09:00,857 - INFO - Memory cleaned.
2026-05-22 03:09:01,088 - INFO - Epoch[223] Complete. Time taken: 00:01:24.160
2026-05-22 03:10:22,220 - INFO - Epoch 224 - Train Loss: 4604.552560687831, Validation MRR: 0.02353445440530777, Learning Rate: 0.001
2026-05-22 03:10:25,057 - INFO - Memory cleaned.
2026-05-22 03:10:25,286 - INFO - Epoch[224] Complete. Time taken: 00:01:24.198
2026-05-22 03:11:46,404 - INFO - Epoch 225 - Train Loss: 4608.099444401042, Validation MRR: 0.02353445440530777, Learning Rate: 0.001
2026-05-22 03:11:49,245 - INFO - Memory cleaned.
2026-05-22 03:11:49,478 - INFO - Epoch[225] Complete. Time taken: 00:01:24.192
2026-05-22 03:13:10,592 - INFO - Epoch 226 - Train Loss: 4599.585327357204, Validation MRR: 0.02353445440530777, Learning Rate: 0.001
2026-05-22 03:13:13,428 - INFO - Memory cleaned.
2026-05-22 03:13:13,658 - INFO - Epoch[226] Complete. Time taken: 00:01:24.180
2026-05-22 03:14:34,761 - INFO - Epoch 227 - Train Loss: 4603.074014990143, Validation MRR: 0.02353445440530777, Learning Rate: 0.001
2026-05-22 03:14:37,597 - INFO - Memory cleaned.
2026-05-22 03:14:37,827 - INFO - Epoch[227] Complete. Time taken: 00:01:24.169
2026-05-22 03:15:58,948 - INFO - Epoch 228 - Train Loss: 4591.388774321649, Validation MRR: 0.02353445440530777, Learning Rate: 0.001
2026-05-22 03:16:01,787 - INFO - Memory cleaned.
2026-05-22 03:16:02,049 - INFO - Epoch[228] Complete. Time taken: 00:01:24.222
2026-05-22 03:17:23,064 - INFO - Epoch 229 - Train Loss: 4602.30289938928, Validation MRR: 0.02353445440530777, Learning Rate: 0.001
2026-05-22 03:17:25,903 - INFO - Memory cleaned.
2026-05-22 03:17:26,143 - INFO - Epoch[229] Complete. Time taken: 00:01:24.093
2026-05-22 03:18:47,154 - INFO - Epoch 230 - Train Loss: 4601.884844377415, Validation MRR: 0.02353445440530777, Learning Rate: 0.001
2026-05-22 03:18:49,994 - INFO - Memory cleaned.
2026-05-22 03:18:50,234 - INFO - Epoch[230] Complete. Time taken: 00:01:24.091
2026-05-22 03:20:11,239 - INFO - Epoch 231 - Train Loss: 4597.728045447691, Validation MRR: 0.02353445440530777, Learning Rate: 0.001
2026-05-22 03:20:14,074 - INFO - Memory cleaned.
2026-05-22 03:20:14,308 - INFO - Epoch[231] Complete. Time taken: 00:01:24.074
2026-05-22 03:21:35,343 - INFO - Epoch 232 - Train Loss: 4600.69165023097, Validation MRR: 0.02353445440530777, Learning Rate: 0.001
2026-05-22 03:21:38,182 - INFO - Memory cleaned.
2026-05-22 03:21:38,418 - INFO - Epoch[232] Complete. Time taken: 00:01:24.109
2026-05-22 03:22:59,539 - INFO - Epoch 233 - Train Loss: 4595.790341687197, Validation MRR: 0.02353445440530777, Learning Rate: 0.001
2026-05-22 03:23:02,375 - INFO - Memory cleaned.
2026-05-22 03:23:02,624 - INFO - Epoch[233] Complete. Time taken: 00:01:24.207
2026-05-22 03:24:23,747 - INFO - Epoch 234 - Train Loss: 4594.4845050486965, Validation MRR: 0.02353445440530777, Learning Rate: 0.001
2026-05-22 03:24:26,581 - INFO - Memory cleaned.
2026-05-22 03:24:26,812 - INFO - Epoch[234] Complete. Time taken: 00:01:24.188
2026-05-22 03:25:47,909 - INFO - Epoch 235 - Train Loss: 4597.700511288028, Validation MRR: 0.02353445440530777, Learning Rate: 0.001
2026-05-22 03:25:50,743 - INFO - Memory cleaned.
2026-05-22 03:25:50,974 - INFO - Epoch[235] Complete. Time taken: 00:01:24.161
2026-05-22 03:27:12,096 - INFO - Epoch 236 - Train Loss: 4606.831760246081, Validation MRR: 0.02353445440530777, Learning Rate: 0.001
2026-05-22 03:27:14,931 - INFO - Memory cleaned.
2026-05-22 03:27:15,162 - INFO - Epoch[236] Complete. Time taken: 00:01:24.188
2026-05-22 03:28:36,268 - INFO - Epoch 237 - Train Loss: 4608.685405863191, Validation MRR: 0.02353445440530777, Learning Rate: 0.001
2026-05-22 03:28:39,104 - INFO - Memory cleaned.
2026-05-22 03:28:39,334 - INFO - Epoch[237] Complete. Time taken: 00:01:24.172
2026-05-22 03:30:00,450 - INFO - Epoch 238 - Train Loss: 4595.263912229222, Validation MRR: 0.02353445440530777, Learning Rate: 0.001
2026-05-22 03:30:03,285 - INFO - Memory cleaned.
2026-05-22 03:30:03,531 - INFO - Epoch[238] Complete. Time taken: 00:01:24.197
2026-05-22 03:31:24,642 - INFO - Epoch 239 - Train Loss: 4603.249731175212, Validation MRR: 0.02353445440530777, Learning Rate: 0.001
2026-05-22 03:31:27,477 - INFO - Memory cleaned.
2026-05-22 03:31:27,707 - INFO - Epoch[239] Complete. Time taken: 00:01:24.176
2026-05-22 03:32:48,810 - INFO - Epoch 240 - Train Loss: 4589.089446053723, Validation MRR: 0.02353445440530777, Learning Rate: 0.001
2026-05-22 03:32:51,646 - INFO - Memory cleaned.
2026-05-22 03:32:51,646 - INFO - Evaluating on validation set at epoch 240...
Link prediction evaluation:   0%|          | 0/3 [00:00<?, ?batch/s]Link prediction evaluation: 100%|██████████| 3/3 [00:00<00:00, 31.72batch/s]
2026-05-22 03:32:51,742 - INFO - Validation MRR: 0.02134295552968979
2026-05-22 03:32:51,977 - INFO - Epoch[240] Complete. Time taken: 00:01:24.270
2026-05-22 03:34:13,122 - INFO - Epoch 241 - Train Loss: 4587.267326798306, Validation MRR: 0.02134295552968979, Learning Rate: 0.001
2026-05-22 03:34:15,959 - INFO - Memory cleaned.
2026-05-22 03:34:16,247 - INFO - Epoch[241] Complete. Time taken: 00:01:24.270
2026-05-22 03:35:37,369 - INFO - Epoch 242 - Train Loss: 4593.522491802286, Validation MRR: 0.02134295552968979, Learning Rate: 0.001
2026-05-22 03:35:40,202 - INFO - Memory cleaned.
2026-05-22 03:35:40,439 - INFO - Epoch[242] Complete. Time taken: 00:01:24.192
2026-05-22 03:37:01,442 - INFO - Epoch 243 - Train Loss: 4599.721297127461, Validation MRR: 0.02134295552968979, Learning Rate: 0.001
2026-05-22 03:37:04,247 - INFO - Memory cleaned.
2026-05-22 03:37:04,483 - INFO - Epoch[243] Complete. Time taken: 00:01:24.044
2026-05-22 03:38:25,443 - INFO - Epoch 244 - Train Loss: 4595.217479379376, Validation MRR: 0.02134295552968979, Learning Rate: 0.001
2026-05-22 03:38:28,285 - INFO - Memory cleaned.
2026-05-22 03:38:28,517 - INFO - Epoch[244] Complete. Time taken: 00:01:24.034
2026-05-22 03:39:49,581 - INFO - Epoch 245 - Train Loss: 4602.566023238213, Validation MRR: 0.02134295552968979, Learning Rate: 0.001
2026-05-22 03:39:52,415 - INFO - Memory cleaned.
2026-05-22 03:39:52,646 - INFO - Epoch[245] Complete. Time taken: 00:01:24.129
2026-05-22 03:41:13,723 - INFO - Epoch 246 - Train Loss: 4596.447583301751, Validation MRR: 0.02134295552968979, Learning Rate: 0.001
2026-05-22 03:41:16,557 - INFO - Memory cleaned.
2026-05-22 03:41:16,804 - INFO - Epoch[246] Complete. Time taken: 00:01:24.158
2026-05-22 03:42:37,927 - INFO - Epoch 247 - Train Loss: 4591.767005314835, Validation MRR: 0.02134295552968979, Learning Rate: 0.001
2026-05-22 03:42:40,761 - INFO - Memory cleaned.
2026-05-22 03:42:40,992 - INFO - Epoch[247] Complete. Time taken: 00:01:24.188
2026-05-22 03:44:02,095 - INFO - Epoch 248 - Train Loss: 4612.507767083766, Validation MRR: 0.02134295552968979, Learning Rate: 0.001
2026-05-22 03:44:04,932 - INFO - Memory cleaned.
2026-05-22 03:44:05,168 - INFO - Epoch[248] Complete. Time taken: 00:01:24.176
2026-05-22 03:45:26,279 - INFO - Epoch 249 - Train Loss: 4602.465885351739, Validation MRR: 0.02134295552968979, Learning Rate: 0.001
2026-05-22 03:45:29,115 - INFO - Memory cleaned.
2026-05-22 03:45:29,349 - INFO - Epoch[249] Complete. Time taken: 00:01:24.180
2026-05-22 03:46:50,440 - INFO - Epoch 250 - Train Loss: 4608.175827545805, Validation MRR: 0.02134295552968979, Learning Rate: 0.001
2026-05-22 03:46:53,273 - INFO - Memory cleaned.
2026-05-22 03:46:53,505 - INFO - Epoch[250] Complete. Time taken: 00:01:24.156
2026-05-22 03:48:14,589 - INFO - Epoch 251 - Train Loss: 4592.504385641269, Validation MRR: 0.02134295552968979, Learning Rate: 0.001
2026-05-22 03:48:17,426 - INFO - Memory cleaned.
2026-05-22 03:48:17,660 - INFO - Epoch[251] Complete. Time taken: 00:01:24.154
2026-05-22 03:49:38,758 - INFO - Epoch 252 - Train Loss: 4599.7409467036605, Validation MRR: 0.02134295552968979, Learning Rate: 0.001
2026-05-22 03:49:41,593 - INFO - Memory cleaned.
2026-05-22 03:49:41,827 - INFO - Epoch[252] Complete. Time taken: 00:01:24.167
2026-05-22 03:51:02,949 - INFO - Epoch 253 - Train Loss: 4594.803973629256, Validation MRR: 0.02134295552968979, Learning Rate: 0.001
2026-05-22 03:51:05,783 - INFO - Memory cleaned.
2026-05-22 03:51:06,012 - INFO - Epoch[253] Complete. Time taken: 00:01:24.185
2026-05-22 03:52:27,146 - INFO - Epoch 254 - Train Loss: 4589.582014685782, Validation MRR: 0.02134295552968979, Learning Rate: 0.001
2026-05-22 03:52:29,982 - INFO - Memory cleaned.
2026-05-22 03:52:30,219 - INFO - Epoch[254] Complete. Time taken: 00:01:24.207
2026-05-22 03:53:51,358 - INFO - Epoch 255 - Train Loss: 4595.835225672903, Validation MRR: 0.02134295552968979, Learning Rate: 0.001
2026-05-22 03:53:54,193 - INFO - Memory cleaned.
2026-05-22 03:53:54,423 - INFO - Epoch[255] Complete. Time taken: 00:01:24.205
2026-05-22 03:55:15,549 - INFO - Epoch 256 - Train Loss: 4596.770909217343, Validation MRR: 0.02134295552968979, Learning Rate: 0.001
2026-05-22 03:55:18,384 - INFO - Memory cleaned.
2026-05-22 03:55:18,616 - INFO - Epoch[256] Complete. Time taken: 00:01:24.192
2026-05-22 03:56:39,747 - INFO - Epoch 257 - Train Loss: 4596.031685770693, Validation MRR: 0.02134295552968979, Learning Rate: 0.001
2026-05-22 03:56:42,583 - INFO - Memory cleaned.
2026-05-22 03:56:42,813 - INFO - Epoch[257] Complete. Time taken: 00:01:24.197
2026-05-22 03:58:03,941 - INFO - Epoch 258 - Train Loss: 4589.471396343872, Validation MRR: 0.02134295552968979, Learning Rate: 0.001
2026-05-22 03:58:06,777 - INFO - Memory cleaned.
2026-05-22 03:58:07,008 - INFO - Epoch[258] Complete. Time taken: 00:01:24.195
2026-05-22 03:59:28,108 - INFO - Epoch 259 - Train Loss: 4598.890737513583, Validation MRR: 0.02134295552968979, Learning Rate: 0.001
2026-05-22 03:59:30,941 - INFO - Memory cleaned.
2026-05-22 03:59:31,173 - INFO - Epoch[259] Complete. Time taken: 00:01:24.165
2026-05-22 04:00:52,297 - INFO - Epoch 260 - Train Loss: 4597.074783583965, Validation MRR: 0.02134295552968979, Learning Rate: 0.001
2026-05-22 04:00:55,132 - INFO - Memory cleaned.
2026-05-22 04:00:55,132 - INFO - Evaluating on validation set at epoch 260...
Link prediction evaluation:   0%|          | 0/3 [00:00<?, ?batch/s]Link prediction evaluation: 100%|██████████| 3/3 [00:00<00:00, 31.70batch/s]
2026-05-22 04:00:55,227 - INFO - Validation MRR: 0.022491145879030228
2026-05-22 04:00:55,469 - INFO - Epoch[260] Complete. Time taken: 00:01:24.296
2026-05-22 04:02:16,642 - INFO - Epoch 261 - Train Loss: 4588.5344475993925, Validation MRR: 0.022491145879030228, Learning Rate: 0.001
2026-05-22 04:02:19,478 - INFO - Memory cleaned.
2026-05-22 04:02:19,708 - INFO - Epoch[261] Complete. Time taken: 00:01:24.239
2026-05-22 04:03:40,797 - INFO - Epoch 262 - Train Loss: 4590.28381320088, Validation MRR: 0.022491145879030228, Learning Rate: 0.001
2026-05-22 04:03:43,633 - INFO - Memory cleaned.
2026-05-22 04:03:43,866 - INFO - Epoch[262] Complete. Time taken: 00:01:24.157
2026-05-22 04:05:05,009 - INFO - Epoch 263 - Train Loss: 4586.374193686065, Validation MRR: 0.022491145879030228, Learning Rate: 0.001
2026-05-22 04:05:07,845 - INFO - Memory cleaned.
2026-05-22 04:05:08,091 - INFO - Epoch[263] Complete. Time taken: 00:01:24.225
2026-05-22 04:06:29,406 - INFO - Epoch 264 - Train Loss: 4586.674874601833, Validation MRR: 0.022491145879030228, Learning Rate: 0.001
2026-05-22 04:06:32,240 - INFO - Memory cleaned.
2026-05-22 04:06:32,494 - INFO - Epoch[264] Complete. Time taken: 00:01:24.403
2026-05-22 04:07:53,427 - INFO - Epoch 265 - Train Loss: 4597.94282077047, Validation MRR: 0.022491145879030228, Learning Rate: 0.001
2026-05-22 04:07:56,238 - INFO - Memory cleaned.
2026-05-22 04:07:56,469 - INFO - Epoch[265] Complete. Time taken: 00:01:23.975
2026-05-22 04:09:17,482 - INFO - Epoch 266 - Train Loss: 4595.265606985983, Validation MRR: 0.022491145879030228, Learning Rate: 0.001
2026-05-22 04:09:20,318 - INFO - Memory cleaned.
2026-05-22 04:09:20,552 - INFO - Epoch[266] Complete. Time taken: 00:01:24.082
2026-05-22 04:10:41,623 - INFO - Epoch 267 - Train Loss: 4601.177863550344, Validation MRR: 0.022491145879030228, Learning Rate: 0.001
2026-05-22 04:10:44,459 - INFO - Memory cleaned.
2026-05-22 04:10:44,697 - INFO - Epoch[267] Complete. Time taken: 00:01:24.146
2026-05-22 04:12:05,887 - INFO - Epoch 268 - Train Loss: 4611.961810970764, Validation MRR: 0.022491145879030228, Learning Rate: 0.001
2026-05-22 04:12:08,724 - INFO - Memory cleaned.
2026-05-22 04:12:08,930 - INFO - Epoch[268] Complete. Time taken: 00:01:24.233
2026-05-22 04:13:30,003 - INFO - Epoch 269 - Train Loss: 4587.540116064525, Validation MRR: 0.022491145879030228, Learning Rate: 0.001
2026-05-22 04:13:32,838 - INFO - Memory cleaned.
2026-05-22 04:13:33,040 - INFO - Epoch[269] Complete. Time taken: 00:01:24.110
2026-05-22 04:14:54,164 - INFO - Epoch 270 - Train Loss: 4587.269110276798, Validation MRR: 0.022491145879030228, Learning Rate: 0.001
2026-05-22 04:14:56,999 - INFO - Memory cleaned.
2026-05-22 04:14:57,229 - INFO - Epoch[270] Complete. Time taken: 00:01:24.188
2026-05-22 04:16:18,361 - INFO - Epoch 271 - Train Loss: 4592.858759684759, Validation MRR: 0.022491145879030228, Learning Rate: 0.001
2026-05-22 04:16:21,273 - INFO - Memory cleaned.
2026-05-22 04:16:21,501 - INFO - Epoch[271] Complete. Time taken: 00:01:24.272
2026-05-22 04:17:42,625 - INFO - Epoch 272 - Train Loss: 4599.821902578995, Validation MRR: 0.022491145879030228, Learning Rate: 0.001
2026-05-22 04:17:45,461 - INFO - Memory cleaned.
2026-05-22 04:17:45,692 - INFO - Epoch[272] Complete. Time taken: 00:01:24.191
2026-05-22 04:19:06,803 - INFO - Epoch 273 - Train Loss: 4591.94655130495, Validation MRR: 0.022491145879030228, Learning Rate: 0.001
2026-05-22 04:19:09,633 - INFO - Memory cleaned.
2026-05-22 04:19:09,880 - INFO - Epoch[273] Complete. Time taken: 00:01:24.188
2026-05-22 04:20:30,933 - INFO - Epoch 274 - Train Loss: 4585.629076347626, Validation MRR: 0.022491145879030228, Learning Rate: 0.001
2026-05-22 04:20:33,761 - INFO - Memory cleaned.
2026-05-22 04:20:33,992 - INFO - Epoch[274] Complete. Time taken: 00:01:24.111
2026-05-22 04:21:55,100 - INFO - Epoch 275 - Train Loss: 4594.284450943028, Validation MRR: 0.022491145879030228, Learning Rate: 0.001
2026-05-22 04:21:57,934 - INFO - Memory cleaned.
2026-05-22 04:21:58,187 - INFO - Epoch[275] Complete. Time taken: 00:01:24.195
2026-05-22 04:23:19,283 - INFO - Epoch 276 - Train Loss: 4596.220352388829, Validation MRR: 0.022491145879030228, Learning Rate: 0.001
2026-05-22 04:23:22,112 - INFO - Memory cleaned.
2026-05-22 04:23:22,342 - INFO - Epoch[276] Complete. Time taken: 00:01:24.156
2026-05-22 04:24:43,442 - INFO - Epoch 277 - Train Loss: 4585.540295136726, Validation MRR: 0.022491145879030228, Learning Rate: 0.001
2026-05-22 04:24:46,271 - INFO - Memory cleaned.
2026-05-22 04:24:46,526 - INFO - Epoch[277] Complete. Time taken: 00:01:24.183
2026-05-22 04:26:07,403 - INFO - Epoch 278 - Train Loss: 4596.852595564598, Validation MRR: 0.022491145879030228, Learning Rate: 0.001
2026-05-22 04:26:10,237 - INFO - Memory cleaned.
2026-05-22 04:26:10,480 - INFO - Epoch[278] Complete. Time taken: 00:01:23.954
2026-05-22 04:27:31,529 - INFO - Epoch 279 - Train Loss: 4591.422580507149, Validation MRR: 0.022491145879030228, Learning Rate: 0.001
2026-05-22 04:27:34,358 - INFO - Memory cleaned.
2026-05-22 04:27:34,602 - INFO - Epoch[279] Complete. Time taken: 00:01:24.122
2026-05-22 04:28:55,669 - INFO - Epoch 280 - Train Loss: 4600.00573656795, Validation MRR: 0.022491145879030228, Learning Rate: 0.001
2026-05-22 04:28:58,502 - INFO - Memory cleaned.
2026-05-22 04:28:58,503 - INFO - Evaluating on validation set at epoch 280...
Link prediction evaluation:   0%|          | 0/3 [00:00<?, ?batch/s]Link prediction evaluation: 100%|██████████| 3/3 [00:00<00:00, 31.67batch/s]
2026-05-22 04:28:58,600 - INFO - Validation MRR: 0.02742944285273552
2026-05-22 04:28:58,832 - INFO - Epoch[280] Complete. Time taken: 00:01:24.229
2026-05-22 04:30:19,929 - INFO - Epoch 281 - Train Loss: 4590.124737911488, Validation MRR: 0.02742944285273552, Learning Rate: 0.001
2026-05-22 04:30:22,764 - INFO - Memory cleaned.
2026-05-22 04:30:22,995 - INFO - Epoch[281] Complete. Time taken: 00:01:24.163
2026-05-22 04:31:44,113 - INFO - Epoch 282 - Train Loss: 4592.549913110192, Validation MRR: 0.02742944285273552, Learning Rate: 0.001
2026-05-22 04:31:46,943 - INFO - Memory cleaned.
2026-05-22 04:31:47,182 - INFO - Epoch[282] Complete. Time taken: 00:01:24.187
2026-05-22 04:33:08,265 - INFO - Epoch 283 - Train Loss: 4591.915967726183, Validation MRR: 0.02742944285273552, Learning Rate: 0.001
2026-05-22 04:33:11,097 - INFO - Memory cleaned.
2026-05-22 04:33:11,331 - INFO - Epoch[283] Complete. Time taken: 00:01:24.149
2026-05-22 04:34:32,176 - INFO - Epoch 284 - Train Loss: 4585.335038319122, Validation MRR: 0.02742944285273552, Learning Rate: 0.001
2026-05-22 04:34:34,980 - INFO - Memory cleaned.
2026-05-22 04:34:35,222 - INFO - Epoch[284] Complete. Time taken: 00:01:23.891
2026-05-22 04:35:55,998 - INFO - Epoch 285 - Train Loss: 4588.856206252079, Validation MRR: 0.02742944285273552, Learning Rate: 0.001
2026-05-22 04:35:58,806 - INFO - Memory cleaned.
2026-05-22 04:35:59,039 - INFO - Epoch[285] Complete. Time taken: 00:01:23.817
2026-05-22 04:37:20,061 - INFO - Epoch 286 - Train Loss: 4597.184707043073, Validation MRR: 0.02742944285273552, Learning Rate: 0.001
2026-05-22 04:37:22,893 - INFO - Memory cleaned.
2026-05-22 04:37:23,142 - INFO - Epoch[286] Complete. Time taken: 00:01:24.102
2026-05-22 04:38:44,196 - INFO - Epoch 287 - Train Loss: 4592.612457961653, Validation MRR: 0.02742944285273552, Learning Rate: 0.001
2026-05-22 04:38:47,026 - INFO - Memory cleaned.
2026-05-22 04:38:47,261 - INFO - Epoch[287] Complete. Time taken: 00:01:24.120
2026-05-22 04:40:08,364 - INFO - Epoch 288 - Train Loss: 4586.268222400207, Validation MRR: 0.02742944285273552, Learning Rate: 0.001
2026-05-22 04:40:11,194 - INFO - Memory cleaned.
2026-05-22 04:40:11,436 - INFO - Epoch[288] Complete. Time taken: 00:01:24.174
2026-05-22 04:41:32,502 - INFO - Epoch 289 - Train Loss: 4588.109473418019, Validation MRR: 0.02742944285273552, Learning Rate: 0.001
2026-05-22 04:41:35,332 - INFO - Memory cleaned.
2026-05-22 04:41:35,589 - INFO - Epoch[289] Complete. Time taken: 00:01:24.152
2026-05-22 04:42:56,638 - INFO - Epoch 290 - Train Loss: 4584.1561894299475, Validation MRR: 0.02742944285273552, Learning Rate: 0.001
2026-05-22 04:42:59,468 - INFO - Memory cleaned.
2026-05-22 04:42:59,700 - INFO - Epoch[290] Complete. Time taken: 00:01:24.111
2026-05-22 04:44:20,760 - INFO - Epoch 291 - Train Loss: 4600.335403602267, Validation MRR: 0.02742944285273552, Learning Rate: 0.001
2026-05-22 04:44:23,590 - INFO - Memory cleaned.
2026-05-22 04:44:23,824 - INFO - Epoch[291] Complete. Time taken: 00:01:24.124
2026-05-22 04:45:44,916 - INFO - Epoch 292 - Train Loss: 4595.833030494613, Validation MRR: 0.02742944285273552, Learning Rate: 0.001
2026-05-22 04:45:47,749 - INFO - Memory cleaned.
2026-05-22 04:45:47,998 - INFO - Epoch[292] Complete. Time taken: 00:01:24.173
2026-05-22 04:47:09,089 - INFO - Epoch 293 - Train Loss: 4584.595306993554, Validation MRR: 0.02742944285273552, Learning Rate: 0.001
2026-05-22 04:47:11,920 - INFO - Memory cleaned.
2026-05-22 04:47:12,154 - INFO - Epoch[293] Complete. Time taken: 00:01:24.156
2026-05-22 04:48:33,263 - INFO - Epoch 294 - Train Loss: 4595.921975596726, Validation MRR: 0.02742944285273552, Learning Rate: 0.001
2026-05-22 04:48:36,092 - INFO - Memory cleaned.
2026-05-22 04:48:36,324 - INFO - Epoch[294] Complete. Time taken: 00:01:24.170
2026-05-22 04:49:57,416 - INFO - Epoch 295 - Train Loss: 4590.436131767087, Validation MRR: 0.02742944285273552, Learning Rate: 0.001
2026-05-22 04:50:00,245 - INFO - Memory cleaned.
2026-05-22 04:50:00,514 - INFO - Epoch[295] Complete. Time taken: 00:01:24.190
2026-05-22 04:51:21,587 - INFO - Epoch 296 - Train Loss: 4594.796248396991, Validation MRR: 0.02742944285273552, Learning Rate: 0.001
2026-05-22 04:51:24,416 - INFO - Memory cleaned.
2026-05-22 04:51:24,673 - INFO - Epoch[296] Complete. Time taken: 00:01:24.159
2026-05-22 04:52:45,760 - INFO - Epoch 297 - Train Loss: 4586.339527772102, Validation MRR: 0.02742944285273552, Learning Rate: 0.001
2026-05-22 04:52:48,592 - INFO - Memory cleaned.
2026-05-22 04:52:48,826 - INFO - Epoch[297] Complete. Time taken: 00:01:24.153
2026-05-22 04:54:09,891 - INFO - Epoch 298 - Train Loss: 4598.901000322802, Validation MRR: 0.02742944285273552, Learning Rate: 0.001
2026-05-22 04:54:12,720 - INFO - Memory cleaned.
2026-05-22 04:54:12,968 - INFO - Epoch[298] Complete. Time taken: 00:01:24.142
2026-05-22 04:55:34,072 - INFO - Epoch 299 - Train Loss: 4584.394141047786, Validation MRR: 0.02742944285273552, Learning Rate: 0.001
2026-05-22 04:55:36,904 - INFO - Memory cleaned.
2026-05-22 04:55:37,136 - INFO - Epoch[299] Complete. Time taken: 00:01:24.167
2026-05-22 04:56:58,266 - INFO - Epoch 300 - Train Loss: 4592.0474116105215, Validation MRR: 0.02742944285273552, Learning Rate: 0.001
2026-05-22 04:57:01,100 - INFO - Memory cleaned.
2026-05-22 04:57:01,101 - INFO - Evaluating on validation set at epoch 300...
Link prediction evaluation:   0%|          | 0/3 [00:00<?, ?batch/s]Link prediction evaluation: 100%|██████████| 3/3 [00:00<00:00, 31.63batch/s]
2026-05-22 04:57:01,197 - INFO - Validation MRR: 0.02577398344874382
2026-05-22 04:57:01,197 ignite.handlers.early_stopping.EarlyStopping INFO: EarlyStopping: Stop training
2026-05-22 04:57:01,197 - INFO - Terminate signaled. Engine will stop after current iteration is finished.
2026-05-22 04:57:01,427 - INFO - Training completed after 300 epochs.
2026-05-22 04:57:01,427 - INFO - Engine run complete. Time taken: 07:00:54.537
2026-05-22 04:57:04,827 - WARNING - /lustre/fswork/projects/rech/rnk/ufq76hz/dr_benchmark/dev/run_training.py:134: UserWarning: The 'dissimilarity' field is missing for model TransE. Defaulting to 'L2'.
  warnings.warn(f"The 'dissimilarity' field is missing for model {model_name}. Defaulting to 'L2'.")

2026-05-22 04:57:04,988 - INFO - Loading best model.
2026-05-22 04:57:04,990 - INFO - Best model is ./checkpoints/best_model_checkpoint_val_mrr=0.0331.pt
2026-05-22 04:57:04,990 - WARNING - /lustre/fswork/projects/rech/rnk/ufq76hz/dr_benchmark/dev/run_training.py:820: FutureWarning: You are using `torch.load` with `weights_only=False` (the current default value), which uses the default pickle module implicitly. It is possible to construct malicious pickle data which will execute arbitrary code during unpickling (See https://github.com/pytorch/pytorch/blob/main/SECURITY.md#untrusted-models for more details). In a future release, the default value for `weights_only` will be flipped to `True`. This limits the functions that could be executed during unpickling. Arbitrary objects will no longer be allowed to be loaded via this mode unless they are explicitly allowlisted by the user via `torch.serialization.add_safe_globals`. We recommend you start setting `weights_only=True` for any use case where you don't have full control of the loaded file. Please open an issue on GitHub for any issues related to this experimental feature.
  checkpoint = torch.load(os.path.join(checkpoint_dir, best_model), map_location=device)

2026-05-22 04:57:05,414 - INFO - Best model successfully loaded.
2026-05-22 04:57:05,414 - INFO - Evaluating on the test set with best model...
CtD
Link prediction evaluation:   0%|          | 0/2 [00:00<?, ?batch/s]Link prediction evaluation: 100%|██████████| 2/2 [00:00<00:00, 28.79batch/s]
2026-05-22 04:57:05,492 - INFO - Final Test MRR with best model: 0.06362064927816391
2026-05-22 04:57:05,492 - INFO - Final Test Hits@10 with best model: 0.12616822123527527
Link prediction evaluation:   0%|          | 0/1 [00:00<?, ?batch/s]Link prediction evaluation: 100%|██████████| 1/1 [00:00<00:00, 172.91batch/s]
Link prediction evaluation:   0%|          | 0/2 [00:00<?, ?batch/s]Link prediction evaluation: 100%|██████████| 2/2 [00:00<00:00, 31.10batch/s]
2026-05-22 04:57:12,720 - INFO - MRR for frequent nodes (threshold=10) in relation CtD: 0.31926220655441284
2026-05-22 04:57:12,720 - INFO - MRR for infrequent nodes (threshold=10) in relation CtD: 0.04843401908874512
2026-05-22 04:57:12,720 - INFO - Hits@10 for frequent nodes (threshold=10) in relation CtD: 0.5
2026-05-22 04:57:12,720 - INFO - Hits@10 for infrequent nodes (threshold=10) in relation CtD: 0.10396039485931396
2026-05-22 04:57:12,724 - INFO - MRR evaluation results stored in ./evaluation_metrics.yaml
2026-05-22 04:57:12,733 - INFO - Hit@10 evaluation results stored in ./evaluation_hit@10.yaml
Link prediction evaluation:   0%|          | 0/1 [00:00<?, ?batch/s]Link prediction evaluation: 100%|██████████| 1/1 [00:00<00:00, 137.52batch/s]
Link prediction evaluation:   0%|          | 0/1 [00:00<?, ?batch/s]Link prediction evaluation: 100%|██████████| 1/1 [00:00<00:00, 360.89batch/s]
2026-05-22 04:57:12,788 - INFO - MRR on inference set: 0.006233513820916414
2026-05-22 04:57:12,801 - INFO - Evaluation results stored in ./inference_metrics.yaml
