2026-04-27 10:23:53,264 - WARNING - /home/galadriel/anaconda3/envs/benchmark/lib/python3.9/site-packages/ignite/handlers/checkpoint.py:16: DeprecationWarning: `TorchScript` support for functional optimizers is deprecated and will be removed in a future PyTorch release. Consider using the `torch.compile` optimizer instead.
  from torch.distributed.optim import ZeroRedundancyOptimizer

2026-04-27 10:23:53,287 - INFO - Configuration loaded:
{
    "common": {
        "seed": 42,
        "input_csv": "knowledge_graph/biokg_without_orphan_associations.tsv",
        "out": "DL1experiment/withDL1/biokg_processing/",
        "run_kg_prep": true,
        "run_training": false,
        "run_evaluation": false
    },
    "clean_kg": {
        "remove_duplicates_triplets": true,
        "make_directed": true,
        "make_directed_params": [
            "DDI",
            "PPI"
        ],
        "check_DL1": false,
        "permute_kg": false,
        "clean_train_set": false,
        "cold_start_split": false
    }
}
2026-04-27 10:23:53,287 - INFO - Setting number of threads to 20
2026-04-27 10:23:53,308 - INFO - Loading parameters from /home/galadriel/dr_benchmark/DL1experiment/withDL1/biokg_processing/params.yaml
2026-04-27 10:23:53,309 - INFO - Output folder: DL1experiment/withDL1/biokg_processing/
2026-04-27 10:23:53,309 - INFO - Preparing KG...
2026-04-27 10:24:34,178 - INFO - KG with 105522 entities
2026-04-27 10:24:34,178 - INFO - Removing duplicated triplets...
  0%|          | 0/17 [00:00<?, ?it/s] 12%|█▏        | 2/17 [00:00<00:00, 15.28it/s] 24%|██▎       | 4/17 [00:04<00:15,  1.22s/it] 35%|███▌      | 6/17 [00:04<00:07,  1.45it/s] 47%|████▋     | 8/17 [00:04<00:04,  2.19it/s] 65%|██████▍   | 11/17 [00:04<00:01,  3.79it/s] 76%|███████▋  | 13/17 [00:04<00:00,  4.46it/s] 88%|████████▊ | 15/17 [00:05<00:00,  3.98it/s]100%|██████████| 17/17 [00:06<00:00,  3.46it/s]100%|██████████| 17/17 [00:06<00:00,  2.72it/s]
2026-04-27 10:25:18,284 - INFO - Adding reverse triplets for relations DDI, PPI...
2026-04-27 10:25:38,658 - INFO - Splitting the dataset into train, validation and test sets...
2026-04-27 10:25:39,947 - INFO - Entity coverage verified successfully.
2026-04-27 10:25:40,591 - INFO - Entity coverage verified successfully.
2026-04-27 10:25:40,839 - INFO - Total entities in full kg: 105522
2026-04-27 10:25:40,839 - INFO - Entities present in kg_train: 105522
2026-04-27 10:25:40,839 - INFO - Missing entities in kg_train: 0
2026-04-27 10:25:41,492 - INFO - Entity coverage verified successfully.
2026-04-27 10:25:41,492 - INFO - Computing triplet proportions...
2026-04-27 10:25:41,553 - INFO - {0: {'train': 0.8022721893491124, 'test': 0.09907692307692308, 'val': 0.0986508875739645}, 1: {'train': 0.8026728051665708, 'test': 0.09866359741671463, 'val': 0.09866359741671463}, 2: {'train': 0.8000007495774257, 'test': 0.10000037478871286, 'val': 0.09999887563386141}, 3: {'train': 0.8107333060221221, 'test': 0.09545268332650553, 'val': 0.09381401065137239}, 4: {'train': 0.8055869074492099, 'test': 0.09678329571106095, 'val': 0.09762979683972912}, 5: {'train': 0.8040880390967788, 'test': 0.09813434166874754, 'val': 0.09777761923447366}, 6: {'train': 0.8009950248756219, 'test': 0.09950248756218906, 'val': 0.09950248756218906}, 7: {'train': 0.8017904727686458, 'test': 0.09898499955088476, 'val': 0.09922452768046948}, 8: {'train': 0.7998818199724247, 'test': 0.10005909001378767, 'val': 0.10005909001378767}, 9: {'train': 0.8007430582714118, 'test': 0.09972624168947986, 'val': 0.09953070003910833}, 10: {'train': 0.8068413104851947, 'test': 0.09625106690302672, 'val': 0.09690762261177861}, 11: {'train': 0.8, 'test': 0.1, 'val': 0.1}, 12: {'train': 0.8006792297488908, 'test': 0.09971184192471298, 'val': 0.0996089283263962}, 13: {'train': 0.800275881458833, 'test': 0.09987963133802508, 'val': 0.09984448720314189}, 14: {'train': 0.8061971521651597, 'test': 0.09696548189904462, 'val': 0.0968373659357956}, 15: {'train': 0.8102415659808571, 'test': 0.09499116417051152, 'val': 0.09476726984863144}, 16: {'train': 0.8918849512069851, 'test': 0.05341551104262968, 'val': 0.054699537750385205}, 17: {'train': 0.8000007495774257, 'test': 0.09999962521128714, 'val': 0.09999962521128714}, 18: {'train': 0.800275881458833, 'test': 0.09985327323686269, 'val': 0.09987084530430428}}
2026-04-27 10:25:41,554 - INFO - Saving results to DL1experiment/withDL1/biokg_processing/...
2026-04-27 10:27:00,829 - WARNING - /home/galadriel/anaconda3/envs/benchmark/lib/python3.9/site-packages/torch/cuda/__init__.py:128: UserWarning: CUDA initialization: The NVIDIA driver on your system is too old (found version 11040). Please update your GPU driver by downloading and installing a new version from the URL: http://www.nvidia.com/Download/index.aspx Alternatively, go to: https://pytorch.org to install a PyTorch version that has been compiled with your version of the CUDA driver. (Triggered internally at ../c10/cuda/CUDAFunctions.cpp:108.)
  return torch._C._cuda_getDeviceCount() > 0

2026-04-27 10:27:00,829 - INFO - Detected device: cpu
2026-04-27 10:27:00,829 - INFO - Initializing model...
missing_entities=3584
Traceback (most recent call last):
  File "/home/galadriel/dr_benchmark/dev/run_training.py", line 964, in <module>
    main(args)
  File "/home/galadriel/dr_benchmark/dev/run_training.py", line 87, in main
    train_model(kg_train, kg_val, kg_test, config)
  File "/home/galadriel/dr_benchmark/dev/run_training.py", line 530, in train_model
    model, criterion = initialize_model(config, kg_train, device)
  File "/home/galadriel/dr_benchmark/dev/run_training.py", line 120, in initialize_model
    model_name = config['model'].get('name', 'TransE')
KeyError: 'model'
