2026-05-21 23:00:54,155 - WARNING - /linkhome/rech/genuyp01/ufq76hz/.conda/envs/torch_pyg/lib/python3.10/site-packages/ignite/handlers/checkpoint.py:16: DeprecationWarning: `TorchScript` support for functional optimizers is deprecated and will be removed in a future PyTorch release. Consider using the `torch.compile` optimizer instead.
  from torch.distributed.optim import ZeroRedundancyOptimizer

2026-05-21 23:00:54,333 - INFO - Configuration loaded:
{
    "common": {
        "seed": 42,
        "input_pkl": "/lustre/fswork/projects/rech/rnk/ufq76hz/dr_benchmark/DL3experiment/cold_start/hetionet_processing_drug",
        "out": "./",
        "run_kg_prep": false,
        "run_training": true,
        "run_evaluation": true,
        "plot_training_metrics": true,
        "run_inference": "/lustre/fswork/projects/rech/rnk/ufq76hz/dr_benchmark/knowledge_graph/hetionet_orphan_associations_only.tsv"
    },
    "model": {
        "name": "DistMult",
        "emb_dim": 200,
        "margin": 1
    },
    "sampler": {
        "name": "Mixed",
        "n_neg": 5
    },
    "optimizer": {
        "name": "Adam",
        "params": {
            "lr": 0.001,
            "weight_decay": 0.001
        }
    },
    "training": {
        "max_epochs": 500,
        "batch_size": 4096,
        "eval_interval": 20,
        "eval_batch_size": 64,
        "patience": 10
    },
    "evaluation": {
        "made_directed_relations": [
            "DrD",
            "DrD_inv",
            "CrC",
            "CrC_inv",
            "GiG",
            "GiG_inv",
            "GcG",
            "GcG_inv"
        ],
        "target_relations": [
            "CtD"
        ],
        "thresholds": [
            10,
            5
        ]
    }
}
2026-05-21 23:00:54,333 - INFO - Setting number of threads to 5
2026-05-21 23:00:54,541 - INFO - Loading parameters from params.yaml
2026-05-21 23:00:54,541 - INFO - Output folder: ./
2026-05-21 23:00:54,541 - INFO - Loading KG...
2026-05-21 23:01:49,041 - INFO - Done
2026-05-21 23:01:49,092 - INFO - Detected device: cuda
2026-05-21 23:01:49,124 - INFO - Initializing model...
2026-05-21 23:01:50,091 - INFO - Optimizer 'Adam' initialized with parameters: {'lr': 0.001, 'weight_decay': 0.001}
2026-05-21 23:01:50,091 - INFO - Initializing sampler...
2026-05-21 23:02:20,650 - WARNING - /lustre/fswork/projects/rech/rnk/ufq76hz/dr_benchmark/dev/run_training.py:298: UserWarning: No learning rate scheduler specified in the configuration.
  warnings.warn("No learning rate scheduler specified in the configuration.")

2026-05-21 23:02:20,664 - INFO - Number of training batches: 602
2026-05-21 23:02:20,675 - INFO - Engine run starting with max_epochs=500.
2026-05-21 23:03:44,607 - INFO - Epoch 1 - Train Loss: 59429.64182316525, Validation MRR: 0, Learning Rate: 0.001
2026-05-21 23:03:47,846 - INFO - Memory cleaned.
2026-05-21 23:03:48,049 - INFO - Epoch[1] Complete. Time taken: 00:01:27.374
2026-05-21 23:05:09,392 - INFO - Epoch 2 - Train Loss: 54479.60475355441, Validation MRR: 0, Learning Rate: 0.001
2026-05-21 23:05:12,483 - INFO - Memory cleaned.
2026-05-21 23:05:12,679 - INFO - Epoch[2] Complete. Time taken: 00:01:24.630
2026-05-21 23:06:33,938 - INFO - Epoch 3 - Train Loss: 50947.212110848785, Validation MRR: 0, Learning Rate: 0.001
2026-05-21 23:06:37,020 - INFO - Memory cleaned.
2026-05-21 23:06:37,249 - INFO - Epoch[3] Complete. Time taken: 00:01:24.570
2026-05-21 23:07:58,395 - INFO - Epoch 4 - Train Loss: 48450.723849137365, Validation MRR: 0, Learning Rate: 0.001
2026-05-21 23:08:01,482 - INFO - Memory cleaned.
2026-05-21 23:08:01,716 - INFO - Epoch[4] Complete. Time taken: 00:01:24.467
2026-05-21 23:09:22,861 - INFO - Epoch 5 - Train Loss: 46484.44651952654, Validation MRR: 0, Learning Rate: 0.001
2026-05-21 23:09:25,981 - INFO - Memory cleaned.
2026-05-21 23:09:26,227 - INFO - Epoch[5] Complete. Time taken: 00:01:24.511
2026-05-21 23:10:47,478 - INFO - Epoch 6 - Train Loss: 44842.3143853941, Validation MRR: 0, Learning Rate: 0.001
2026-05-21 23:10:50,562 - INFO - Memory cleaned.
2026-05-21 23:10:50,789 - INFO - Epoch[6] Complete. Time taken: 00:01:24.562
2026-05-21 23:12:12,160 - INFO - Epoch 7 - Train Loss: 43471.928267922834, Validation MRR: 0, Learning Rate: 0.001
2026-05-21 23:12:15,281 - INFO - Memory cleaned.
2026-05-21 23:12:15,513 - INFO - Epoch[7] Complete. Time taken: 00:01:24.724
2026-05-21 23:13:36,906 - INFO - Epoch 8 - Train Loss: 42346.49991685687, Validation MRR: 0, Learning Rate: 0.001
2026-05-21 23:13:40,038 - INFO - Memory cleaned.
2026-05-21 23:13:40,271 - INFO - Epoch[8] Complete. Time taken: 00:01:24.759
2026-05-21 23:15:01,653 - INFO - Epoch 9 - Train Loss: 41397.512261584074, Validation MRR: 0, Learning Rate: 0.001
2026-05-21 23:15:04,777 - INFO - Memory cleaned.
2026-05-21 23:15:05,032 - INFO - Epoch[9] Complete. Time taken: 00:01:24.760
2026-05-21 23:16:26,402 - INFO - Epoch 10 - Train Loss: 40570.54834546598, Validation MRR: 0, Learning Rate: 0.001
2026-05-21 23:16:29,527 - INFO - Memory cleaned.
2026-05-21 23:16:29,758 - INFO - Epoch[10] Complete. Time taken: 00:01:24.727
2026-05-21 23:17:51,146 - INFO - Epoch 11 - Train Loss: 39806.009965787394, Validation MRR: 0, Learning Rate: 0.001
2026-05-21 23:17:54,270 - INFO - Memory cleaned.
2026-05-21 23:17:54,502 - INFO - Epoch[11] Complete. Time taken: 00:01:24.743
2026-05-21 23:19:15,889 - INFO - Epoch 12 - Train Loss: 39067.42567418769, Validation MRR: 0, Learning Rate: 0.001
2026-05-21 23:19:19,009 - INFO - Memory cleaned.
2026-05-21 23:19:19,243 - INFO - Epoch[12] Complete. Time taken: 00:01:24.741
2026-05-21 23:20:40,336 - INFO - Epoch 13 - Train Loss: 38420.89968553842, Validation MRR: 0, Learning Rate: 0.001
2026-05-21 23:20:43,462 - INFO - Memory cleaned.
2026-05-21 23:20:43,693 - INFO - Epoch[13] Complete. Time taken: 00:01:24.450
2026-05-21 23:22:05,174 - INFO - Epoch 14 - Train Loss: 37758.2692463488, Validation MRR: 0, Learning Rate: 0.001
2026-05-21 23:22:08,252 - INFO - Memory cleaned.
2026-05-21 23:22:08,481 - INFO - Epoch[14] Complete. Time taken: 00:01:24.788
2026-05-21 23:23:29,545 - INFO - Epoch 15 - Train Loss: 37126.42836355862, Validation MRR: 0, Learning Rate: 0.001
2026-05-21 23:23:32,628 - INFO - Memory cleaned.
2026-05-21 23:23:32,856 - INFO - Epoch[15] Complete. Time taken: 00:01:24.374
2026-05-21 23:24:53,589 - INFO - Epoch 16 - Train Loss: 36540.6480911908, Validation MRR: 0, Learning Rate: 0.001
2026-05-21 23:24:56,666 - INFO - Memory cleaned.
2026-05-21 23:24:56,894 - INFO - Epoch[16] Complete. Time taken: 00:01:24.038
2026-05-21 23:26:17,701 - INFO - Epoch 17 - Train Loss: 35978.64384592045, Validation MRR: 0, Learning Rate: 0.001
2026-05-21 23:26:20,783 - INFO - Memory cleaned.
2026-05-21 23:26:21,015 - INFO - Epoch[17] Complete. Time taken: 00:01:24.120
2026-05-21 23:27:41,985 - INFO - Epoch 18 - Train Loss: 35442.89997105017, Validation MRR: 0, Learning Rate: 0.001
2026-05-21 23:27:45,071 - INFO - Memory cleaned.
2026-05-21 23:27:45,303 - INFO - Epoch[18] Complete. Time taken: 00:01:24.288
2026-05-21 23:29:05,950 - INFO - Epoch 19 - Train Loss: 34929.92862415782, Validation MRR: 0, Learning Rate: 0.001
2026-05-21 23:29:09,016 - INFO - Memory cleaned.
2026-05-21 23:29:09,245 - INFO - Epoch[19] Complete. Time taken: 00:01:23.942
2026-05-21 23:30:29,946 - INFO - Epoch 20 - Train Loss: 34450.049968170344, Validation MRR: 0, Learning Rate: 0.001
2026-05-21 23:30:33,028 - INFO - Memory cleaned.
2026-05-21 23:30:33,029 - INFO - Evaluating on validation set at epoch 20...
Link prediction evaluation:   0%|          | 0/2 [00:00<?, ?batch/s]Link prediction evaluation: 100%|██████████| 2/2 [00:00<00:00, 20.15batch/s]
2026-05-21 23:30:33,147 - INFO - Validation MRR: 0.0012524997582659125
2026-05-21 23:30:33,546 - INFO - Epoch[20] Complete. Time taken: 00:01:24.301
2026-05-21 23:31:54,256 - INFO - Epoch 21 - Train Loss: 34004.59557172244, Validation MRR: 0.0012524997582659125, Learning Rate: 0.001
2026-05-21 23:31:57,324 - INFO - Memory cleaned.
2026-05-21 23:31:57,555 - INFO - Epoch[21] Complete. Time taken: 00:01:24.009
2026-05-21 23:33:18,453 - INFO - Epoch 22 - Train Loss: 33592.40630859911, Validation MRR: 0.0012524997582659125, Learning Rate: 0.001
2026-05-21 23:33:21,526 - INFO - Memory cleaned.
2026-05-21 23:33:21,758 - INFO - Epoch[22] Complete. Time taken: 00:01:24.202
2026-05-21 23:34:42,430 - INFO - Epoch 23 - Train Loss: 33167.35404392809, Validation MRR: 0.0012524997582659125, Learning Rate: 0.001
2026-05-21 23:34:45,503 - INFO - Memory cleaned.
2026-05-21 23:34:45,754 - INFO - Epoch[23] Complete. Time taken: 00:01:23.997
2026-05-21 23:36:06,316 - INFO - Epoch 24 - Train Loss: 32760.351434299195, Validation MRR: 0.0012524997582659125, Learning Rate: 0.001
2026-05-21 23:36:09,386 - INFO - Memory cleaned.
2026-05-21 23:36:09,615 - INFO - Epoch[24] Complete. Time taken: 00:01:23.860
2026-05-21 23:37:30,229 - INFO - Epoch 25 - Train Loss: 32387.619330422058, Validation MRR: 0.0012524997582659125, Learning Rate: 0.001
2026-05-21 23:37:33,295 - INFO - Memory cleaned.
2026-05-21 23:37:33,524 - INFO - Epoch[25] Complete. Time taken: 00:01:23.909
2026-05-21 23:38:54,118 - INFO - Epoch 26 - Train Loss: 32033.684549452297, Validation MRR: 0.0012524997582659125, Learning Rate: 0.001
2026-05-21 23:38:57,185 - INFO - Memory cleaned.
2026-05-21 23:38:57,418 - INFO - Epoch[26] Complete. Time taken: 00:01:23.894
2026-05-21 23:40:18,039 - INFO - Epoch 27 - Train Loss: 31670.151496596736, Validation MRR: 0.0012524997582659125, Learning Rate: 0.001
2026-05-21 23:40:21,108 - INFO - Memory cleaned.
2026-05-21 23:40:21,383 - INFO - Epoch[27] Complete. Time taken: 00:01:23.965
2026-05-21 23:41:41,965 - INFO - Epoch 28 - Train Loss: 31317.813318802622, Validation MRR: 0.0012524997582659125, Learning Rate: 0.001
2026-05-21 23:41:45,045 - INFO - Memory cleaned.
2026-05-21 23:41:45,274 - INFO - Epoch[28] Complete. Time taken: 00:01:23.891
2026-05-21 23:43:05,926 - INFO - Epoch 29 - Train Loss: 30983.761610531237, Validation MRR: 0.0012524997582659125, Learning Rate: 0.001
2026-05-21 23:43:08,988 - INFO - Memory cleaned.
2026-05-21 23:43:09,220 - INFO - Epoch[29] Complete. Time taken: 00:01:23.945
2026-05-21 23:44:30,015 - INFO - Epoch 30 - Train Loss: 30672.93817441451, Validation MRR: 0.0012524997582659125, Learning Rate: 0.001
2026-05-21 23:44:33,172 - INFO - Memory cleaned.
2026-05-21 23:44:33,404 - INFO - Epoch[30] Complete. Time taken: 00:01:24.184
2026-05-21 23:45:54,480 - INFO - Epoch 31 - Train Loss: 30358.377584952475, Validation MRR: 0.0012524997582659125, Learning Rate: 0.001
2026-05-21 23:45:57,543 - INFO - Memory cleaned.
2026-05-21 23:45:57,775 - INFO - Epoch[31] Complete. Time taken: 00:01:24.372
2026-05-21 23:47:18,418 - INFO - Epoch 32 - Train Loss: 30081.85382051771, Validation MRR: 0.0012524997582659125, Learning Rate: 0.001
2026-05-21 23:47:21,489 - INFO - Memory cleaned.
2026-05-21 23:47:21,741 - INFO - Epoch[32] Complete. Time taken: 00:01:23.965
2026-05-21 23:48:42,229 - INFO - Epoch 33 - Train Loss: 29767.99772718203, Validation MRR: 0.0012524997582659125, Learning Rate: 0.001
2026-05-21 23:48:45,287 - INFO - Memory cleaned.
2026-05-21 23:48:45,516 - INFO - Epoch[33] Complete. Time taken: 00:01:23.775
2026-05-21 23:50:06,006 - INFO - Epoch 34 - Train Loss: 29480.557572770427, Validation MRR: 0.0012524997582659125, Learning Rate: 0.001
2026-05-21 23:50:09,074 - INFO - Memory cleaned.
2026-05-21 23:50:09,306 - INFO - Epoch[34] Complete. Time taken: 00:01:23.790
2026-05-21 23:51:29,945 - INFO - Epoch 35 - Train Loss: 29225.557794128275, Validation MRR: 0.0012524997582659125, Learning Rate: 0.001
2026-05-21 23:51:33,007 - INFO - Memory cleaned.
2026-05-21 23:51:33,258 - INFO - Epoch[35] Complete. Time taken: 00:01:23.953
2026-05-21 23:52:54,095 - INFO - Epoch 36 - Train Loss: 28951.425706029422, Validation MRR: 0.0012524997582659125, Learning Rate: 0.001
2026-05-21 23:52:57,184 - INFO - Memory cleaned.
2026-05-21 23:52:57,464 - INFO - Epoch[36] Complete. Time taken: 00:01:24.205
2026-05-21 23:54:18,290 - INFO - Epoch 37 - Train Loss: 28662.271474540903, Validation MRR: 0.0012524997582659125, Learning Rate: 0.001
2026-05-21 23:54:21,374 - INFO - Memory cleaned.
2026-05-21 23:54:21,608 - INFO - Epoch[37] Complete. Time taken: 00:01:24.144
2026-05-21 23:55:42,448 - INFO - Epoch 38 - Train Loss: 28428.05278483949, Validation MRR: 0.0012524997582659125, Learning Rate: 0.001
2026-05-21 23:55:45,534 - INFO - Memory cleaned.
2026-05-21 23:55:45,766 - INFO - Epoch[38] Complete. Time taken: 00:01:24.158
2026-05-21 23:57:06,620 - INFO - Epoch 39 - Train Loss: 28196.33628719686, Validation MRR: 0.0012524997582659125, Learning Rate: 0.001
2026-05-21 23:57:09,697 - INFO - Memory cleaned.
2026-05-21 23:57:09,931 - INFO - Epoch[39] Complete. Time taken: 00:01:24.165
2026-05-21 23:58:30,883 - INFO - Epoch 40 - Train Loss: 27951.704344974816, Validation MRR: 0.0012524997582659125, Learning Rate: 0.001
2026-05-21 23:58:33,963 - INFO - Memory cleaned.
2026-05-21 23:58:33,964 - INFO - Evaluating on validation set at epoch 40...
Link prediction evaluation:   0%|          | 0/2 [00:00<?, ?batch/s]Link prediction evaluation: 100%|██████████| 2/2 [00:00<00:00, 48.10batch/s]
2026-05-21 23:58:34,007 - INFO - Validation MRR: 0.01058896817266941
2026-05-21 23:58:34,479 - INFO - Epoch[40] Complete. Time taken: 00:01:24.549
2026-05-21 23:59:55,297 - INFO - Epoch 41 - Train Loss: 27736.355891995652, Validation MRR: 0.01058896817266941, Learning Rate: 0.001
2026-05-21 23:59:58,377 - INFO - Memory cleaned.
2026-05-21 23:59:58,615 - INFO - Epoch[41] Complete. Time taken: 00:01:24.136
2026-05-22 00:01:19,457 - INFO - Epoch 42 - Train Loss: 27496.110535776876, Validation MRR: 0.01058896817266941, Learning Rate: 0.001
2026-05-22 00:01:22,544 - INFO - Memory cleaned.
2026-05-22 00:01:22,777 - INFO - Epoch[42] Complete. Time taken: 00:01:24.161
2026-05-22 00:02:43,600 - INFO - Epoch 43 - Train Loss: 27305.533302957167, Validation MRR: 0.01058896817266941, Learning Rate: 0.001
2026-05-22 00:02:46,680 - INFO - Memory cleaned.
2026-05-22 00:02:46,915 - INFO - Epoch[43] Complete. Time taken: 00:01:24.138
2026-05-22 00:04:07,777 - INFO - Epoch 44 - Train Loss: 27100.12942297174, Validation MRR: 0.01058896817266941, Learning Rate: 0.001
2026-05-22 00:04:10,867 - INFO - Memory cleaned.
2026-05-22 00:04:11,102 - INFO - Epoch[44] Complete. Time taken: 00:01:24.187
2026-05-22 00:05:31,916 - INFO - Epoch 45 - Train Loss: 26900.243344040628, Validation MRR: 0.01058896817266941, Learning Rate: 0.001
2026-05-22 00:05:34,992 - INFO - Memory cleaned.
2026-05-22 00:05:35,253 - INFO - Epoch[45] Complete. Time taken: 00:01:24.151
2026-05-22 00:06:56,376 - INFO - Epoch 46 - Train Loss: 26709.063738563596, Validation MRR: 0.01058896817266941, Learning Rate: 0.001
2026-05-22 00:06:59,461 - INFO - Memory cleaned.
2026-05-22 00:06:59,697 - INFO - Epoch[46] Complete. Time taken: 00:01:24.444
2026-05-22 00:08:20,543 - INFO - Epoch 47 - Train Loss: 26539.285789219688, Validation MRR: 0.01058896817266941, Learning Rate: 0.001
2026-05-22 00:08:23,605 - INFO - Memory cleaned.
2026-05-22 00:08:23,838 - INFO - Epoch[47] Complete. Time taken: 00:01:24.142
2026-05-22 00:09:44,882 - INFO - Epoch 48 - Train Loss: 26338.80509611732, Validation MRR: 0.01058896817266941, Learning Rate: 0.001
2026-05-22 00:09:47,956 - INFO - Memory cleaned.
2026-05-22 00:09:48,206 - INFO - Epoch[48] Complete. Time taken: 00:01:24.367
2026-05-22 00:11:08,858 - INFO - Epoch 49 - Train Loss: 26161.667801722902, Validation MRR: 0.01058896817266941, Learning Rate: 0.001
2026-05-22 00:11:11,882 - INFO - Memory cleaned.
2026-05-22 00:11:12,114 - INFO - Epoch[49] Complete. Time taken: 00:01:23.908
2026-05-22 00:12:32,754 - INFO - Epoch 50 - Train Loss: 26007.26374773855, Validation MRR: 0.01058896817266941, Learning Rate: 0.001
2026-05-22 00:12:35,783 - INFO - Memory cleaned.
2026-05-22 00:12:36,027 - INFO - Epoch[50] Complete. Time taken: 00:01:23.913
2026-05-22 00:13:57,013 - INFO - Epoch 51 - Train Loss: 25859.476835013604, Validation MRR: 0.01058896817266941, Learning Rate: 0.001
2026-05-22 00:14:00,049 - INFO - Memory cleaned.
2026-05-22 00:14:00,280 - INFO - Epoch[51] Complete. Time taken: 00:01:24.252
2026-05-22 00:15:21,144 - INFO - Epoch 52 - Train Loss: 25702.97903131482, Validation MRR: 0.01058896817266941, Learning Rate: 0.001
2026-05-22 00:15:24,199 - INFO - Memory cleaned.
2026-05-22 00:15:24,438 - INFO - Epoch[52] Complete. Time taken: 00:01:24.158
2026-05-22 00:16:45,754 - INFO - Epoch 53 - Train Loss: 25530.89125462093, Validation MRR: 0.01058896817266941, Learning Rate: 0.001
2026-05-22 00:16:48,806 - INFO - Memory cleaned.
2026-05-22 00:16:49,092 - INFO - Epoch[53] Complete. Time taken: 00:01:24.654
2026-05-22 00:18:09,889 - INFO - Epoch 54 - Train Loss: 25380.096726353793, Validation MRR: 0.01058896817266941, Learning Rate: 0.001
2026-05-22 00:18:12,939 - INFO - Memory cleaned.
2026-05-22 00:18:13,202 - INFO - Epoch[54] Complete. Time taken: 00:01:24.110
2026-05-22 00:19:33,993 - INFO - Epoch 55 - Train Loss: 25239.2523771027, Validation MRR: 0.01058896817266941, Learning Rate: 0.001
2026-05-22 00:19:37,050 - INFO - Memory cleaned.
2026-05-22 00:19:37,282 - INFO - Epoch[55] Complete. Time taken: 00:01:24.079
2026-05-22 00:20:58,069 - INFO - Epoch 56 - Train Loss: 25102.54848480191, Validation MRR: 0.01058896817266941, Learning Rate: 0.001
2026-05-22 00:21:01,119 - INFO - Memory cleaned.
2026-05-22 00:21:01,355 - INFO - Epoch[56] Complete. Time taken: 00:01:24.073
2026-05-22 00:22:22,287 - INFO - Epoch 57 - Train Loss: 24949.84022128866, Validation MRR: 0.01058896817266941, Learning Rate: 0.001
2026-05-22 00:22:25,341 - INFO - Memory cleaned.
2026-05-22 00:22:25,571 - INFO - Epoch[57] Complete. Time taken: 00:01:24.216
2026-05-22 00:23:46,384 - INFO - Epoch 58 - Train Loss: 24833.625916671906, Validation MRR: 0.01058896817266941, Learning Rate: 0.001
2026-05-22 00:23:49,436 - INFO - Memory cleaned.
2026-05-22 00:23:49,669 - INFO - Epoch[58] Complete. Time taken: 00:01:24.098
2026-05-22 00:25:10,491 - INFO - Epoch 59 - Train Loss: 24717.12261061268, Validation MRR: 0.01058896817266941, Learning Rate: 0.001
2026-05-22 00:25:13,548 - INFO - Memory cleaned.
2026-05-22 00:25:13,781 - INFO - Epoch[59] Complete. Time taken: 00:01:24.112
2026-05-22 00:26:34,560 - INFO - Epoch 60 - Train Loss: 24583.658332058716, Validation MRR: 0.01058896817266941, Learning Rate: 0.001
2026-05-22 00:26:37,607 - INFO - Memory cleaned.
2026-05-22 00:26:37,607 - INFO - Evaluating on validation set at epoch 60...
Link prediction evaluation:   0%|          | 0/2 [00:00<?, ?batch/s]Link prediction evaluation: 100%|██████████| 2/2 [00:00<00:00, 44.77batch/s]
2026-05-22 00:26:37,654 - INFO - Validation MRR: 0.0534280501306057
2026-05-22 00:26:38,077 - INFO - Epoch[60] Complete. Time taken: 00:01:24.297
2026-05-22 00:27:58,860 - INFO - Epoch 61 - Train Loss: 24466.95399114246, Validation MRR: 0.0534280501306057, Learning Rate: 0.001
2026-05-22 00:28:01,918 - INFO - Memory cleaned.
2026-05-22 00:28:02,151 - INFO - Epoch[61] Complete. Time taken: 00:01:24.073
2026-05-22 00:29:22,966 - INFO - Epoch 62 - Train Loss: 24347.01114553904, Validation MRR: 0.0534280501306057, Learning Rate: 0.001
2026-05-22 00:29:26,022 - INFO - Memory cleaned.
2026-05-22 00:29:26,257 - INFO - Epoch[62] Complete. Time taken: 00:01:24.106
2026-05-22 00:30:47,089 - INFO - Epoch 63 - Train Loss: 24209.64765415119, Validation MRR: 0.0534280501306057, Learning Rate: 0.001
2026-05-22 00:30:50,142 - INFO - Memory cleaned.
2026-05-22 00:30:50,385 - INFO - Epoch[63] Complete. Time taken: 00:01:24.128
2026-05-22 00:32:11,196 - INFO - Epoch 64 - Train Loss: 24107.32591075945, Validation MRR: 0.0534280501306057, Learning Rate: 0.001
2026-05-22 00:32:14,250 - INFO - Memory cleaned.
2026-05-22 00:32:14,480 - INFO - Epoch[64] Complete. Time taken: 00:01:24.095
2026-05-22 00:33:35,437 - INFO - Epoch 65 - Train Loss: 23998.358442046538, Validation MRR: 0.0534280501306057, Learning Rate: 0.001
2026-05-22 00:33:38,527 - INFO - Memory cleaned.
2026-05-22 00:33:38,767 - INFO - Epoch[65] Complete. Time taken: 00:01:24.286
2026-05-22 00:34:59,633 - INFO - Epoch 66 - Train Loss: 23905.503276225267, Validation MRR: 0.0534280501306057, Learning Rate: 0.001
2026-05-22 00:35:02,683 - INFO - Memory cleaned.
2026-05-22 00:35:02,916 - INFO - Epoch[66] Complete. Time taken: 00:01:24.150
2026-05-22 00:36:23,729 - INFO - Epoch 67 - Train Loss: 23796.569579892704, Validation MRR: 0.0534280501306057, Learning Rate: 0.001
2026-05-22 00:36:26,783 - INFO - Memory cleaned.
2026-05-22 00:36:26,989 - INFO - Epoch[67] Complete. Time taken: 00:01:24.072
2026-05-22 00:37:47,784 - INFO - Epoch 68 - Train Loss: 23693.098620713397, Validation MRR: 0.0534280501306057, Learning Rate: 0.001
2026-05-22 00:37:50,835 - INFO - Memory cleaned.
2026-05-22 00:37:51,078 - INFO - Epoch[68] Complete. Time taken: 00:01:24.089
2026-05-22 00:39:11,881 - INFO - Epoch 69 - Train Loss: 23584.339633548923, Validation MRR: 0.0534280501306057, Learning Rate: 0.001
2026-05-22 00:39:14,937 - INFO - Memory cleaned.
2026-05-22 00:39:15,165 - INFO - Epoch[69] Complete. Time taken: 00:01:24.087
2026-05-22 00:40:36,000 - INFO - Epoch 70 - Train Loss: 23502.046794834197, Validation MRR: 0.0534280501306057, Learning Rate: 0.001
2026-05-22 00:40:39,052 - INFO - Memory cleaned.
2026-05-22 00:40:39,284 - INFO - Epoch[70] Complete. Time taken: 00:01:24.118
2026-05-22 00:42:00,008 - INFO - Epoch 71 - Train Loss: 23407.340262899677, Validation MRR: 0.0534280501306057, Learning Rate: 0.001
2026-05-22 00:42:03,065 - INFO - Memory cleaned.
2026-05-22 00:42:03,312 - INFO - Epoch[71] Complete. Time taken: 00:01:24.028
2026-05-22 00:43:23,984 - INFO - Epoch 72 - Train Loss: 23300.68610145924, Validation MRR: 0.0534280501306057, Learning Rate: 0.001
2026-05-22 00:43:27,034 - INFO - Memory cleaned.
2026-05-22 00:43:27,268 - INFO - Epoch[72] Complete. Time taken: 00:01:23.956
2026-05-22 00:44:48,086 - INFO - Epoch 73 - Train Loss: 23223.633703468156, Validation MRR: 0.0534280501306057, Learning Rate: 0.001
2026-05-22 00:44:51,167 - INFO - Memory cleaned.
2026-05-22 00:44:51,403 - INFO - Epoch[73] Complete. Time taken: 00:01:24.135
2026-05-22 00:46:12,048 - INFO - Epoch 74 - Train Loss: 23115.530015335382, Validation MRR: 0.0534280501306057, Learning Rate: 0.001
2026-05-22 00:46:15,101 - INFO - Memory cleaned.
2026-05-22 00:46:15,330 - INFO - Epoch[74] Complete. Time taken: 00:01:23.927
2026-05-22 00:47:36,125 - INFO - Epoch 75 - Train Loss: 23042.203908480835, Validation MRR: 0.0534280501306057, Learning Rate: 0.001
2026-05-22 00:47:39,179 - INFO - Memory cleaned.
2026-05-22 00:47:39,409 - INFO - Epoch[75] Complete. Time taken: 00:01:24.079
2026-05-22 00:49:00,269 - INFO - Epoch 76 - Train Loss: 22949.297579638773, Validation MRR: 0.0534280501306057, Learning Rate: 0.001
2026-05-22 00:49:03,324 - INFO - Memory cleaned.
2026-05-22 00:49:03,596 - INFO - Epoch[76] Complete. Time taken: 00:01:24.187
2026-05-22 00:50:24,439 - INFO - Epoch 77 - Train Loss: 22860.266388178272, Validation MRR: 0.0534280501306057, Learning Rate: 0.001
2026-05-22 00:50:27,496 - INFO - Memory cleaned.
2026-05-22 00:50:27,740 - INFO - Epoch[77] Complete. Time taken: 00:01:24.144
2026-05-22 00:51:48,561 - INFO - Epoch 78 - Train Loss: 22752.10270104138, Validation MRR: 0.0534280501306057, Learning Rate: 0.001
2026-05-22 00:51:51,612 - INFO - Memory cleaned.
2026-05-22 00:51:51,845 - INFO - Epoch[78] Complete. Time taken: 00:01:24.104
2026-05-22 00:53:12,664 - INFO - Epoch 79 - Train Loss: 22705.521041321073, Validation MRR: 0.0534280501306057, Learning Rate: 0.001
2026-05-22 00:53:15,716 - INFO - Memory cleaned.
2026-05-22 00:53:15,964 - INFO - Epoch[79] Complete. Time taken: 00:01:24.119
2026-05-22 00:54:36,796 - INFO - Epoch 80 - Train Loss: 22619.861991238315, Validation MRR: 0.0534280501306057, Learning Rate: 0.001
2026-05-22 00:54:39,857 - INFO - Memory cleaned.
2026-05-22 00:54:39,857 - INFO - Evaluating on validation set at epoch 80...
Link prediction evaluation:   0%|          | 0/2 [00:00<?, ?batch/s]Link prediction evaluation: 100%|██████████| 2/2 [00:00<00:00, 47.49batch/s]
2026-05-22 00:54:39,903 - INFO - Validation MRR: 0.05072270706295967
2026-05-22 00:54:40,133 - INFO - Epoch[80] Complete. Time taken: 00:01:24.169
2026-05-22 00:56:00,961 - INFO - Epoch 81 - Train Loss: 22552.15236945914, Validation MRR: 0.05072270706295967, Learning Rate: 0.001
2026-05-22 00:56:04,015 - INFO - Memory cleaned.
2026-05-22 00:56:04,249 - INFO - Epoch[81] Complete. Time taken: 00:01:24.116
2026-05-22 00:57:25,179 - INFO - Epoch 82 - Train Loss: 22447.472851126782, Validation MRR: 0.05072270706295967, Learning Rate: 0.001
2026-05-22 00:57:28,232 - INFO - Memory cleaned.
2026-05-22 00:57:28,465 - INFO - Epoch[82] Complete. Time taken: 00:01:24.215
2026-05-22 00:58:49,309 - INFO - Epoch 83 - Train Loss: 22398.224591058926, Validation MRR: 0.05072270706295967, Learning Rate: 0.001
2026-05-22 00:58:52,357 - INFO - Memory cleaned.
2026-05-22 00:58:52,593 - INFO - Epoch[83] Complete. Time taken: 00:01:24.128
2026-05-22 01:00:13,440 - INFO - Epoch 84 - Train Loss: 22312.972450804915, Validation MRR: 0.05072270706295967, Learning Rate: 0.001
2026-05-22 01:00:16,499 - INFO - Memory cleaned.
2026-05-22 01:00:16,742 - INFO - Epoch[84] Complete. Time taken: 00:01:24.148
2026-05-22 01:01:37,564 - INFO - Epoch 85 - Train Loss: 22244.441755705153, Validation MRR: 0.05072270706295967, Learning Rate: 0.001
2026-05-22 01:01:40,613 - INFO - Memory cleaned.
2026-05-22 01:01:40,845 - INFO - Epoch[85] Complete. Time taken: 00:01:24.103
2026-05-22 01:03:01,658 - INFO - Epoch 86 - Train Loss: 22186.213725979316, Validation MRR: 0.05072270706295967, Learning Rate: 0.001
2026-05-22 01:03:04,712 - INFO - Memory cleaned.
2026-05-22 01:03:04,970 - INFO - Epoch[86] Complete. Time taken: 00:01:24.125
2026-05-22 01:04:25,796 - INFO - Epoch 87 - Train Loss: 22092.56076230681, Validation MRR: 0.05072270706295967, Learning Rate: 0.001
2026-05-22 01:04:28,850 - INFO - Memory cleaned.
2026-05-22 01:04:29,091 - INFO - Epoch[87] Complete. Time taken: 00:01:24.121
2026-05-22 01:05:49,919 - INFO - Epoch 88 - Train Loss: 22026.656209019045, Validation MRR: 0.05072270706295967, Learning Rate: 0.001
2026-05-22 01:05:52,966 - INFO - Memory cleaned.
2026-05-22 01:05:53,202 - INFO - Epoch[88] Complete. Time taken: 00:01:24.110
2026-05-22 01:07:14,039 - INFO - Epoch 89 - Train Loss: 21946.484386046024, Validation MRR: 0.05072270706295967, Learning Rate: 0.001
2026-05-22 01:07:17,094 - INFO - Memory cleaned.
2026-05-22 01:07:17,326 - INFO - Epoch[89] Complete. Time taken: 00:01:24.124
2026-05-22 01:08:38,254 - INFO - Epoch 90 - Train Loss: 21859.2056855469, Validation MRR: 0.05072270706295967, Learning Rate: 0.001
2026-05-22 01:08:41,304 - INFO - Memory cleaned.
2026-05-22 01:08:41,535 - INFO - Epoch[90] Complete. Time taken: 00:01:24.209
2026-05-22 01:10:02,364 - INFO - Epoch 91 - Train Loss: 21813.968076128447, Validation MRR: 0.05072270706295967, Learning Rate: 0.001
2026-05-22 01:10:05,420 - INFO - Memory cleaned.
2026-05-22 01:10:05,654 - INFO - Epoch[91] Complete. Time taken: 00:01:24.119
2026-05-22 01:11:26,681 - INFO - Epoch 92 - Train Loss: 21730.51009874987, Validation MRR: 0.05072270706295967, Learning Rate: 0.001
2026-05-22 01:11:29,736 - INFO - Memory cleaned.
2026-05-22 01:11:29,987 - INFO - Epoch[92] Complete. Time taken: 00:01:24.333
2026-05-22 01:12:50,856 - INFO - Epoch 93 - Train Loss: 21651.503711182017, Validation MRR: 0.05072270706295967, Learning Rate: 0.001
2026-05-22 01:12:53,903 - INFO - Memory cleaned.
2026-05-22 01:12:54,113 - INFO - Epoch[93] Complete. Time taken: 00:01:24.126
2026-05-22 01:14:14,880 - INFO - Epoch 94 - Train Loss: 21583.84568805277, Validation MRR: 0.05072270706295967, Learning Rate: 0.001
2026-05-22 01:14:17,943 - INFO - Memory cleaned.
2026-05-22 01:14:18,175 - INFO - Epoch[94] Complete. Time taken: 00:01:24.062
2026-05-22 01:15:38,893 - INFO - Epoch 95 - Train Loss: 21483.213570198004, Validation MRR: 0.05072270706295967, Learning Rate: 0.001
2026-05-22 01:15:41,943 - INFO - Memory cleaned.
2026-05-22 01:15:42,174 - INFO - Epoch[95] Complete. Time taken: 00:01:23.998
2026-05-22 01:17:03,003 - INFO - Epoch 96 - Train Loss: 21416.86590524036, Validation MRR: 0.05072270706295967, Learning Rate: 0.001
2026-05-22 01:17:06,055 - INFO - Memory cleaned.
2026-05-22 01:17:06,286 - INFO - Epoch[96] Complete. Time taken: 00:01:24.112
2026-05-22 01:18:27,059 - INFO - Epoch 97 - Train Loss: 21364.645319186373, Validation MRR: 0.05072270706295967, Learning Rate: 0.001
2026-05-22 01:18:30,123 - INFO - Memory cleaned.
2026-05-22 01:18:30,356 - INFO - Epoch[97] Complete. Time taken: 00:01:24.069
2026-05-22 01:19:50,963 - INFO - Epoch 98 - Train Loss: 21275.449236179582, Validation MRR: 0.05072270706295967, Learning Rate: 0.001
2026-05-22 01:19:53,997 - INFO - Memory cleaned.
2026-05-22 01:19:54,231 - INFO - Epoch[98] Complete. Time taken: 00:01:23.875
2026-05-22 01:21:15,246 - INFO - Epoch 99 - Train Loss: 21226.242681766755, Validation MRR: 0.05072270706295967, Learning Rate: 0.001
2026-05-22 01:21:18,265 - INFO - Memory cleaned.
2026-05-22 01:21:18,512 - INFO - Epoch[99] Complete. Time taken: 00:01:24.280
2026-05-22 01:22:39,076 - INFO - Epoch 100 - Train Loss: 21123.01039648572, Validation MRR: 0.05072270706295967, Learning Rate: 0.001
2026-05-22 01:22:42,091 - INFO - Memory cleaned.
2026-05-22 01:22:42,091 - INFO - Evaluating on validation set at epoch 100...
Link prediction evaluation:   0%|          | 0/2 [00:00<?, ?batch/s]Link prediction evaluation: 100%|██████████| 2/2 [00:00<00:00, 41.31batch/s]
2026-05-22 01:22:42,160 - INFO - Validation MRR: 0.051496509462594986
2026-05-22 01:22:42,389 - INFO - Epoch[100] Complete. Time taken: 00:01:23.877
2026-05-22 01:24:03,078 - INFO - Epoch 101 - Train Loss: 21071.01739689872, Validation MRR: 0.051496509462594986, Learning Rate: 0.001
2026-05-22 01:24:06,125 - INFO - Memory cleaned.
2026-05-22 01:24:06,354 - INFO - Epoch[101] Complete. Time taken: 00:01:23.964
2026-05-22 01:25:26,911 - INFO - Epoch 102 - Train Loss: 21026.667495182723, Validation MRR: 0.051496509462594986, Learning Rate: 0.001
2026-05-22 01:25:29,930 - INFO - Memory cleaned.
2026-05-22 01:25:30,162 - INFO - Epoch[102] Complete. Time taken: 00:01:23.809
2026-05-22 01:26:50,975 - INFO - Epoch 103 - Train Loss: 20955.673592682455, Validation MRR: 0.051496509462594986, Learning Rate: 0.001
2026-05-22 01:26:53,996 - INFO - Memory cleaned.
2026-05-22 01:26:54,227 - INFO - Epoch[103] Complete. Time taken: 00:01:24.065
2026-05-22 01:28:14,791 - INFO - Epoch 104 - Train Loss: 20900.929449126314, Validation MRR: 0.051496509462594986, Learning Rate: 0.001
2026-05-22 01:28:17,806 - INFO - Memory cleaned.
2026-05-22 01:28:18,048 - INFO - Epoch[104] Complete. Time taken: 00:01:23.820
2026-05-22 01:29:38,602 - INFO - Epoch 105 - Train Loss: 20856.1847632358, Validation MRR: 0.051496509462594986, Learning Rate: 0.001
2026-05-22 01:29:41,623 - INFO - Memory cleaned.
2026-05-22 01:29:41,854 - INFO - Epoch[105] Complete. Time taken: 00:01:23.806
2026-05-22 01:31:02,389 - INFO - Epoch 106 - Train Loss: 20789.861168553176, Validation MRR: 0.051496509462594986, Learning Rate: 0.001
2026-05-22 01:31:05,408 - INFO - Memory cleaned.
2026-05-22 01:31:05,701 - INFO - Epoch[106] Complete. Time taken: 00:01:23.847
2026-05-22 01:32:26,388 - INFO - Epoch 107 - Train Loss: 20709.597170831228, Validation MRR: 0.051496509462594986, Learning Rate: 0.001
2026-05-22 01:32:29,413 - INFO - Memory cleaned.
2026-05-22 01:32:29,690 - INFO - Epoch[107] Complete. Time taken: 00:01:23.989
2026-05-22 01:33:50,295 - INFO - Epoch 108 - Train Loss: 20653.02570686959, Validation MRR: 0.051496509462594986, Learning Rate: 0.001
2026-05-22 01:33:53,310 - INFO - Memory cleaned.
2026-05-22 01:33:53,556 - INFO - Epoch[108] Complete. Time taken: 00:01:23.866
2026-05-22 01:35:14,141 - INFO - Epoch 109 - Train Loss: 20596.156610183825, Validation MRR: 0.051496509462594986, Learning Rate: 0.001
2026-05-22 01:35:17,158 - INFO - Memory cleaned.
2026-05-22 01:35:17,386 - INFO - Epoch[109] Complete. Time taken: 00:01:23.830
2026-05-22 01:36:37,988 - INFO - Epoch 110 - Train Loss: 20576.208196919208, Validation MRR: 0.051496509462594986, Learning Rate: 0.001
2026-05-22 01:36:41,007 - INFO - Memory cleaned.
2026-05-22 01:36:41,236 - INFO - Epoch[110] Complete. Time taken: 00:01:23.849
2026-05-22 01:38:01,782 - INFO - Epoch 111 - Train Loss: 20498.15674457758, Validation MRR: 0.051496509462594986, Learning Rate: 0.001
2026-05-22 01:38:04,799 - INFO - Memory cleaned.
2026-05-22 01:38:05,033 - INFO - Epoch[111] Complete. Time taken: 00:01:23.797
2026-05-22 01:39:25,556 - INFO - Epoch 112 - Train Loss: 20476.109277514453, Validation MRR: 0.051496509462594986, Learning Rate: 0.001
2026-05-22 01:39:28,577 - INFO - Memory cleaned.
2026-05-22 01:39:28,810 - INFO - Epoch[112] Complete. Time taken: 00:01:23.776
2026-05-22 01:40:49,285 - INFO - Epoch 113 - Train Loss: 20401.22438494055, Validation MRR: 0.051496509462594986, Learning Rate: 0.001
2026-05-22 01:40:52,304 - INFO - Memory cleaned.
2026-05-22 01:40:52,539 - INFO - Epoch[113] Complete. Time taken: 00:01:23.730
2026-05-22 01:42:13,109 - INFO - Epoch 114 - Train Loss: 20338.60839227664, Validation MRR: 0.051496509462594986, Learning Rate: 0.001
2026-05-22 01:42:16,158 - INFO - Memory cleaned.
2026-05-22 01:42:16,401 - INFO - Epoch[114] Complete. Time taken: 00:01:23.861
2026-05-22 01:43:37,384 - INFO - Epoch 115 - Train Loss: 20312.078012104772, Validation MRR: 0.051496509462594986, Learning Rate: 0.001
2026-05-22 01:43:40,525 - INFO - Memory cleaned.
2026-05-22 01:43:40,757 - INFO - Epoch[115] Complete. Time taken: 00:01:24.356
2026-05-22 01:45:01,258 - INFO - Epoch 116 - Train Loss: 20246.409386127274, Validation MRR: 0.051496509462594986, Learning Rate: 0.001
2026-05-22 01:45:04,277 - INFO - Memory cleaned.
2026-05-22 01:45:04,517 - INFO - Epoch[116] Complete. Time taken: 00:01:23.760
2026-05-22 01:46:25,111 - INFO - Epoch 117 - Train Loss: 20211.45713508878, Validation MRR: 0.051496509462594986, Learning Rate: 0.001
2026-05-22 01:46:28,127 - INFO - Memory cleaned.
2026-05-22 01:46:28,357 - INFO - Epoch[117] Complete. Time taken: 00:01:23.839
2026-05-22 01:47:48,941 - INFO - Epoch 118 - Train Loss: 20161.881978918347, Validation MRR: 0.051496509462594986, Learning Rate: 0.001
2026-05-22 01:47:51,954 - INFO - Memory cleaned.
2026-05-22 01:47:52,184 - INFO - Epoch[118] Complete. Time taken: 00:01:23.827
2026-05-22 01:49:12,773 - INFO - Epoch 119 - Train Loss: 20119.63324894023, Validation MRR: 0.051496509462594986, Learning Rate: 0.001
2026-05-22 01:49:15,792 - INFO - Memory cleaned.
2026-05-22 01:49:16,025 - INFO - Epoch[119] Complete. Time taken: 00:01:23.841
2026-05-22 01:50:36,558 - INFO - Epoch 120 - Train Loss: 20047.639475758948, Validation MRR: 0.051496509462594986, Learning Rate: 0.001
2026-05-22 01:50:39,579 - INFO - Memory cleaned.
2026-05-22 01:50:39,580 - INFO - Evaluating on validation set at epoch 120...
Link prediction evaluation:   0%|          | 0/2 [00:00<?, ?batch/s]Link prediction evaluation: 100%|██████████| 2/2 [00:00<00:00, 49.92batch/s]
2026-05-22 01:50:39,622 - INFO - Validation MRR: 0.06672009825706482
2026-05-22 01:50:40,030 - INFO - Epoch[120] Complete. Time taken: 00:01:24.005
2026-05-22 01:52:00,559 - INFO - Epoch 121 - Train Loss: 20030.817438449663, Validation MRR: 0.06672009825706482, Learning Rate: 0.001
2026-05-22 01:52:03,584 - INFO - Memory cleaned.
2026-05-22 01:52:03,814 - INFO - Epoch[121] Complete. Time taken: 00:01:23.783
2026-05-22 01:53:24,385 - INFO - Epoch 122 - Train Loss: 19968.089948021337, Validation MRR: 0.06672009825706482, Learning Rate: 0.001
2026-05-22 01:53:27,405 - INFO - Memory cleaned.
2026-05-22 01:53:27,635 - INFO - Epoch[122] Complete. Time taken: 00:01:23.821
2026-05-22 01:54:48,183 - INFO - Epoch 123 - Train Loss: 19928.22730960689, Validation MRR: 0.06672009825706482, Learning Rate: 0.001
2026-05-22 01:54:51,197 - INFO - Memory cleaned.
2026-05-22 01:54:51,447 - INFO - Epoch[123] Complete. Time taken: 00:01:23.812
2026-05-22 01:56:12,169 - INFO - Epoch 124 - Train Loss: 19871.560806579448, Validation MRR: 0.06672009825706482, Learning Rate: 0.001
2026-05-22 01:56:15,179 - INFO - Memory cleaned.
2026-05-22 01:56:15,420 - INFO - Epoch[124] Complete. Time taken: 00:01:23.973
2026-05-22 01:57:36,035 - INFO - Epoch 125 - Train Loss: 19837.133221436954, Validation MRR: 0.06672009825706482, Learning Rate: 0.001
2026-05-22 01:57:39,053 - INFO - Memory cleaned.
2026-05-22 01:57:39,294 - INFO - Epoch[125] Complete. Time taken: 00:01:23.874
2026-05-22 01:58:59,923 - INFO - Epoch 126 - Train Loss: 19781.17758691669, Validation MRR: 0.06672009825706482, Learning Rate: 0.001
2026-05-22 01:59:02,935 - INFO - Memory cleaned.
2026-05-22 01:59:03,195 - INFO - Epoch[126] Complete. Time taken: 00:01:23.901
2026-05-22 02:00:23,806 - INFO - Epoch 127 - Train Loss: 19757.464772867457, Validation MRR: 0.06672009825706482, Learning Rate: 0.001
2026-05-22 02:00:26,815 - INFO - Memory cleaned.
2026-05-22 02:00:27,049 - INFO - Epoch[127] Complete. Time taken: 00:01:23.854
2026-05-22 02:01:47,634 - INFO - Epoch 128 - Train Loss: 19745.72705904578, Validation MRR: 0.06672009825706482, Learning Rate: 0.001
2026-05-22 02:01:50,655 - INFO - Memory cleaned.
2026-05-22 02:01:50,886 - INFO - Epoch[128] Complete. Time taken: 00:01:23.837
2026-05-22 02:03:11,496 - INFO - Epoch 129 - Train Loss: 19679.56207140557, Validation MRR: 0.06672009825706482, Learning Rate: 0.001
2026-05-22 02:03:14,513 - INFO - Memory cleaned.
2026-05-22 02:03:14,741 - INFO - Epoch[129] Complete. Time taken: 00:01:23.855
2026-05-22 02:04:35,340 - INFO - Epoch 130 - Train Loss: 19656.77545941428, Validation MRR: 0.06672009825706482, Learning Rate: 0.001
2026-05-22 02:04:38,351 - INFO - Memory cleaned.
2026-05-22 02:04:38,579 - INFO - Epoch[130] Complete. Time taken: 00:01:23.837
2026-05-22 02:05:59,165 - INFO - Epoch 131 - Train Loss: 19607.41858929833, Validation MRR: 0.06672009825706482, Learning Rate: 0.001
2026-05-22 02:06:02,187 - INFO - Memory cleaned.
2026-05-22 02:06:02,433 - INFO - Epoch[131] Complete. Time taken: 00:01:23.854
2026-05-22 02:07:23,192 - INFO - Epoch 132 - Train Loss: 19562.960854074252, Validation MRR: 0.06672009825706482, Learning Rate: 0.001
2026-05-22 02:07:26,301 - INFO - Memory cleaned.
2026-05-22 02:07:26,533 - INFO - Epoch[132] Complete. Time taken: 00:01:24.100
2026-05-22 02:08:47,131 - INFO - Epoch 133 - Train Loss: 19554.926173146374, Validation MRR: 0.06672009825706482, Learning Rate: 0.001
2026-05-22 02:08:50,146 - INFO - Memory cleaned.
2026-05-22 02:08:50,380 - INFO - Epoch[133] Complete. Time taken: 00:01:23.846
2026-05-22 02:10:11,164 - INFO - Epoch 134 - Train Loss: 19500.621765266296, Validation MRR: 0.06672009825706482, Learning Rate: 0.001
2026-05-22 02:10:14,217 - INFO - Memory cleaned.
2026-05-22 02:10:14,454 - INFO - Epoch[134] Complete. Time taken: 00:01:24.074
2026-05-22 02:11:35,033 - INFO - Epoch 135 - Train Loss: 19434.766160026156, Validation MRR: 0.06672009825706482, Learning Rate: 0.001
2026-05-22 02:11:38,058 - INFO - Memory cleaned.
2026-05-22 02:11:38,290 - INFO - Epoch[135] Complete. Time taken: 00:01:23.836
2026-05-22 02:12:58,869 - INFO - Epoch 136 - Train Loss: 19407.936618012147, Validation MRR: 0.06672009825706482, Learning Rate: 0.001
2026-05-22 02:13:01,891 - INFO - Memory cleaned.
2026-05-22 02:13:02,125 - INFO - Epoch[136] Complete. Time taken: 00:01:23.835
2026-05-22 02:14:22,687 - INFO - Epoch 137 - Train Loss: 19362.19260100828, Validation MRR: 0.06672009825706482, Learning Rate: 0.001
2026-05-22 02:14:25,705 - INFO - Memory cleaned.
2026-05-22 02:14:25,934 - INFO - Epoch[137] Complete. Time taken: 00:01:23.809
2026-05-22 02:15:46,503 - INFO - Epoch 138 - Train Loss: 19355.01497261675, Validation MRR: 0.06672009825706482, Learning Rate: 0.001
2026-05-22 02:15:49,538 - INFO - Memory cleaned.
2026-05-22 02:15:49,769 - INFO - Epoch[138] Complete. Time taken: 00:01:23.835
2026-05-22 02:17:10,484 - INFO - Epoch 139 - Train Loss: 19315.990076902042, Validation MRR: 0.06672009825706482, Learning Rate: 0.001
2026-05-22 02:17:13,501 - INFO - Memory cleaned.
2026-05-22 02:17:13,740 - INFO - Epoch[139] Complete. Time taken: 00:01:23.970
2026-05-22 02:18:34,306 - INFO - Epoch 140 - Train Loss: 19268.578531938754, Validation MRR: 0.06672009825706482, Learning Rate: 0.001
2026-05-22 02:18:37,324 - INFO - Memory cleaned.
2026-05-22 02:18:37,324 - INFO - Evaluating on validation set at epoch 140...
Link prediction evaluation:   0%|          | 0/2 [00:00<?, ?batch/s]Link prediction evaluation: 100%|██████████| 2/2 [00:00<00:00, 45.37batch/s]
2026-05-22 02:18:37,370 - INFO - Validation MRR: 0.06673969328403473
2026-05-22 02:18:37,798 - INFO - Epoch[140] Complete. Time taken: 00:01:24.058
2026-05-22 02:19:58,508 - INFO - Epoch 141 - Train Loss: 19244.40392327944, Validation MRR: 0.06673969328403473, Learning Rate: 0.001
2026-05-22 02:20:01,542 - INFO - Memory cleaned.
2026-05-22 02:20:01,776 - INFO - Epoch[141] Complete. Time taken: 00:01:23.978
2026-05-22 02:21:22,364 - INFO - Epoch 142 - Train Loss: 19208.61091235229, Validation MRR: 0.06673969328403473, Learning Rate: 0.001
2026-05-22 02:21:25,484 - INFO - Memory cleaned.
2026-05-22 02:21:25,713 - INFO - Epoch[142] Complete. Time taken: 00:01:23.937
2026-05-22 02:22:46,306 - INFO - Epoch 143 - Train Loss: 19186.918066023714, Validation MRR: 0.06673969328403473, Learning Rate: 0.001
2026-05-22 02:22:49,323 - INFO - Memory cleaned.
2026-05-22 02:22:49,553 - INFO - Epoch[143] Complete. Time taken: 00:01:23.840
2026-05-22 02:24:10,113 - INFO - Epoch 144 - Train Loss: 19151.583982949393, Validation MRR: 0.06673969328403473, Learning Rate: 0.001
2026-05-22 02:24:13,130 - INFO - Memory cleaned.
2026-05-22 02:24:13,377 - INFO - Epoch[144] Complete. Time taken: 00:01:23.824
2026-05-22 02:25:33,982 - INFO - Epoch 145 - Train Loss: 19124.84377121429, Validation MRR: 0.06673969328403473, Learning Rate: 0.001
2026-05-22 02:25:37,077 - INFO - Memory cleaned.
2026-05-22 02:25:37,306 - INFO - Epoch[145] Complete. Time taken: 00:01:23.928
2026-05-22 02:26:58,156 - INFO - Epoch 146 - Train Loss: 19087.91943487242, Validation MRR: 0.06673969328403473, Learning Rate: 0.001
2026-05-22 02:27:01,178 - INFO - Memory cleaned.
2026-05-22 02:27:01,425 - INFO - Epoch[146] Complete. Time taken: 00:01:24.119
2026-05-22 02:28:22,009 - INFO - Epoch 147 - Train Loss: 19029.573583449423, Validation MRR: 0.06673969328403473, Learning Rate: 0.001
2026-05-22 02:28:25,025 - INFO - Memory cleaned.
2026-05-22 02:28:25,255 - INFO - Epoch[147] Complete. Time taken: 00:01:23.830
2026-05-22 02:29:45,854 - INFO - Epoch 148 - Train Loss: 19007.425288222264, Validation MRR: 0.06673969328403473, Learning Rate: 0.001
2026-05-22 02:29:48,867 - INFO - Memory cleaned.
2026-05-22 02:29:49,112 - INFO - Epoch[148] Complete. Time taken: 00:01:23.857
2026-05-22 02:31:09,879 - INFO - Epoch 149 - Train Loss: 18984.330347501127, Validation MRR: 0.06673969328403473, Learning Rate: 0.001
2026-05-22 02:31:12,933 - INFO - Memory cleaned.
2026-05-22 02:31:13,168 - INFO - Epoch[149] Complete. Time taken: 00:01:24.056
2026-05-22 02:32:34,001 - INFO - Epoch 150 - Train Loss: 18949.190627219992, Validation MRR: 0.06673969328403473, Learning Rate: 0.001
2026-05-22 02:32:37,054 - INFO - Memory cleaned.
2026-05-22 02:32:37,284 - INFO - Epoch[150] Complete. Time taken: 00:01:24.116
2026-05-22 02:33:58,093 - INFO - Epoch 151 - Train Loss: 18920.75053692956, Validation MRR: 0.06673969328403473, Learning Rate: 0.001
2026-05-22 02:34:01,145 - INFO - Memory cleaned.
2026-05-22 02:34:01,376 - INFO - Epoch[151] Complete. Time taken: 00:01:24.092
2026-05-22 02:35:22,225 - INFO - Epoch 152 - Train Loss: 18883.65529113051, Validation MRR: 0.06673969328403473, Learning Rate: 0.001
2026-05-22 02:35:25,272 - INFO - Memory cleaned.
2026-05-22 02:35:25,506 - INFO - Epoch[152] Complete. Time taken: 00:01:24.130
2026-05-22 02:36:46,323 - INFO - Epoch 153 - Train Loss: 18865.84642673083, Validation MRR: 0.06673969328403473, Learning Rate: 0.001
2026-05-22 02:36:49,370 - INFO - Memory cleaned.
2026-05-22 02:36:49,623 - INFO - Epoch[153] Complete. Time taken: 00:01:24.117
2026-05-22 02:38:10,703 - INFO - Epoch 154 - Train Loss: 18812.219017815132, Validation MRR: 0.06673969328403473, Learning Rate: 0.001
2026-05-22 02:38:13,757 - INFO - Memory cleaned.
2026-05-22 02:38:13,979 - INFO - Epoch[154] Complete. Time taken: 00:01:24.355
2026-05-22 02:39:34,777 - INFO - Epoch 155 - Train Loss: 18767.02055589278, Validation MRR: 0.06673969328403473, Learning Rate: 0.001
2026-05-22 02:39:37,830 - INFO - Memory cleaned.
2026-05-22 02:39:38,063 - INFO - Epoch[155] Complete. Time taken: 00:01:24.084
2026-05-22 02:40:58,848 - INFO - Epoch 156 - Train Loss: 18729.090526830558, Validation MRR: 0.06673969328403473, Learning Rate: 0.001
2026-05-22 02:41:01,902 - INFO - Memory cleaned.
2026-05-22 02:41:02,127 - INFO - Epoch[156] Complete. Time taken: 00:01:24.064
2026-05-22 02:42:23,026 - INFO - Epoch 157 - Train Loss: 18697.66777643383, Validation MRR: 0.06673969328403473, Learning Rate: 0.001
2026-05-22 02:42:26,079 - INFO - Memory cleaned.
2026-05-22 02:42:26,326 - INFO - Epoch[157] Complete. Time taken: 00:01:24.198
2026-05-22 02:43:47,221 - INFO - Epoch 158 - Train Loss: 18690.43320086636, Validation MRR: 0.06673969328403473, Learning Rate: 0.001
2026-05-22 02:43:50,286 - INFO - Memory cleaned.
2026-05-22 02:43:50,517 - INFO - Epoch[158] Complete. Time taken: 00:01:24.191
2026-05-22 02:45:11,329 - INFO - Epoch 159 - Train Loss: 18635.530177155902, Validation MRR: 0.06673969328403473, Learning Rate: 0.001
2026-05-22 02:45:14,383 - INFO - Memory cleaned.
2026-05-22 02:45:14,629 - INFO - Epoch[159] Complete. Time taken: 00:01:24.112
2026-05-22 02:46:35,452 - INFO - Epoch 160 - Train Loss: 18602.89021446565, Validation MRR: 0.06673969328403473, Learning Rate: 0.001
2026-05-22 02:46:38,501 - INFO - Memory cleaned.
2026-05-22 02:46:38,501 - INFO - Evaluating on validation set at epoch 160...
Link prediction evaluation:   0%|          | 0/2 [00:00<?, ?batch/s]Link prediction evaluation: 100%|██████████| 2/2 [00:00<00:00, 45.23batch/s]
2026-05-22 02:46:38,571 - INFO - Validation MRR: 0.06451711803674698
2026-05-22 02:46:38,800 - INFO - Epoch[160] Complete. Time taken: 00:01:24.171
2026-05-22 02:47:59,619 - INFO - Epoch 161 - Train Loss: 18552.05965775239, Validation MRR: 0.06451711803674698, Learning Rate: 0.001
2026-05-22 02:48:02,671 - INFO - Memory cleaned.
2026-05-22 02:48:02,906 - INFO - Epoch[161] Complete. Time taken: 00:01:24.105
2026-05-22 02:49:23,756 - INFO - Epoch 162 - Train Loss: 18542.76821198186, Validation MRR: 0.06451711803674698, Learning Rate: 0.001
2026-05-22 02:49:26,804 - INFO - Memory cleaned.
2026-05-22 02:49:27,037 - INFO - Epoch[162] Complete. Time taken: 00:01:24.131
2026-05-22 02:50:47,849 - INFO - Epoch 163 - Train Loss: 18485.263047353703, Validation MRR: 0.06451711803674698, Learning Rate: 0.001
2026-05-22 02:50:50,905 - INFO - Memory cleaned.
2026-05-22 02:50:51,138 - INFO - Epoch[163] Complete. Time taken: 00:01:24.101
2026-05-22 02:52:11,943 - INFO - Epoch 164 - Train Loss: 18464.028152144645, Validation MRR: 0.06451711803674698, Learning Rate: 0.001
2026-05-22 02:52:14,985 - INFO - Memory cleaned.
2026-05-22 02:52:15,218 - INFO - Epoch[164] Complete. Time taken: 00:01:24.080
2026-05-22 02:53:35,824 - INFO - Epoch 165 - Train Loss: 18433.824866538096, Validation MRR: 0.06451711803674698, Learning Rate: 0.001
2026-05-22 02:53:38,867 - INFO - Memory cleaned.
2026-05-22 02:53:39,097 - INFO - Epoch[165] Complete. Time taken: 00:01:23.879
2026-05-22 02:54:59,853 - INFO - Epoch 166 - Train Loss: 18398.28850955256, Validation MRR: 0.06451711803674698, Learning Rate: 0.001
2026-05-22 02:55:02,893 - INFO - Memory cleaned.
2026-05-22 02:55:03,124 - INFO - Epoch[166] Complete. Time taken: 00:01:24.027
2026-05-22 02:56:23,729 - INFO - Epoch 167 - Train Loss: 18371.287581500743, Validation MRR: 0.06451711803674698, Learning Rate: 0.001
2026-05-22 02:56:26,741 - INFO - Memory cleaned.
2026-05-22 02:56:26,982 - INFO - Epoch[167] Complete. Time taken: 00:01:23.858
2026-05-22 02:57:47,581 - INFO - Epoch 168 - Train Loss: 18333.273287760283, Validation MRR: 0.06451711803674698, Learning Rate: 0.001
2026-05-22 02:57:50,594 - INFO - Memory cleaned.
2026-05-22 02:57:50,822 - INFO - Epoch[168] Complete. Time taken: 00:01:23.839
2026-05-22 02:59:11,461 - INFO - Epoch 169 - Train Loss: 18289.730652563496, Validation MRR: 0.06451711803674698, Learning Rate: 0.001
2026-05-22 02:59:14,479 - INFO - Memory cleaned.
2026-05-22 02:59:14,709 - INFO - Epoch[169] Complete. Time taken: 00:01:23.887
2026-05-22 03:00:35,376 - INFO - Epoch 170 - Train Loss: 18269.706296456465, Validation MRR: 0.06451711803674698, Learning Rate: 0.001
2026-05-22 03:00:38,387 - INFO - Memory cleaned.
2026-05-22 03:00:38,639 - INFO - Epoch[170] Complete. Time taken: 00:01:23.930
2026-05-22 03:01:59,300 - INFO - Epoch 171 - Train Loss: 18223.381081373067, Validation MRR: 0.06451711803674698, Learning Rate: 0.001
2026-05-22 03:02:02,307 - INFO - Memory cleaned.
2026-05-22 03:02:02,538 - INFO - Epoch[171] Complete. Time taken: 00:01:23.899
2026-05-22 03:03:23,140 - INFO - Epoch 172 - Train Loss: 18161.697848246586, Validation MRR: 0.06451711803674698, Learning Rate: 0.001
2026-05-22 03:03:26,162 - INFO - Memory cleaned.
2026-05-22 03:03:26,391 - INFO - Epoch[172] Complete. Time taken: 00:01:23.853
2026-05-22 03:04:47,001 - INFO - Epoch 173 - Train Loss: 18116.880924086578, Validation MRR: 0.06451711803674698, Learning Rate: 0.001
2026-05-22 03:04:50,025 - INFO - Memory cleaned.
2026-05-22 03:04:50,257 - INFO - Epoch[173] Complete. Time taken: 00:01:23.866
2026-05-22 03:06:11,031 - INFO - Epoch 174 - Train Loss: 18097.996568124847, Validation MRR: 0.06451711803674698, Learning Rate: 0.001
2026-05-22 03:06:14,048 - INFO - Memory cleaned.
2026-05-22 03:06:14,276 - INFO - Epoch[174] Complete. Time taken: 00:01:24.018
2026-05-22 03:07:34,869 - INFO - Epoch 175 - Train Loss: 18067.155458223242, Validation MRR: 0.06451711803674698, Learning Rate: 0.001
2026-05-22 03:07:37,885 - INFO - Memory cleaned.
2026-05-22 03:07:38,117 - INFO - Epoch[175] Complete. Time taken: 00:01:23.841
2026-05-22 03:08:58,757 - INFO - Epoch 176 - Train Loss: 18016.114776959243, Validation MRR: 0.06451711803674698, Learning Rate: 0.001
2026-05-22 03:09:01,770 - INFO - Memory cleaned.
2026-05-22 03:09:02,000 - INFO - Epoch[176] Complete. Time taken: 00:01:23.883
2026-05-22 03:10:22,620 - INFO - Epoch 177 - Train Loss: 17993.60097889727, Validation MRR: 0.06451711803674698, Learning Rate: 0.001
2026-05-22 03:10:25,632 - INFO - Memory cleaned.
2026-05-22 03:10:25,860 - INFO - Epoch[177] Complete. Time taken: 00:01:23.860
2026-05-22 03:11:46,477 - INFO - Epoch 178 - Train Loss: 17948.610302541278, Validation MRR: 0.06451711803674698, Learning Rate: 0.001
2026-05-22 03:11:49,491 - INFO - Memory cleaned.
2026-05-22 03:11:49,749 - INFO - Epoch[178] Complete. Time taken: 00:01:23.889
2026-05-22 03:13:10,382 - INFO - Epoch 179 - Train Loss: 17913.233892652115, Validation MRR: 0.06451711803674698, Learning Rate: 0.001
2026-05-22 03:13:13,391 - INFO - Memory cleaned.
2026-05-22 03:13:13,620 - INFO - Epoch[179] Complete. Time taken: 00:01:23.871
2026-05-22 03:14:34,223 - INFO - Epoch 180 - Train Loss: 17876.192912978433, Validation MRR: 0.06451711803674698, Learning Rate: 0.001
2026-05-22 03:14:37,237 - INFO - Memory cleaned.
2026-05-22 03:14:37,237 - INFO - Evaluating on validation set at epoch 180...
Link prediction evaluation:   0%|          | 0/2 [00:00<?, ?batch/s]Link prediction evaluation: 100%|██████████| 2/2 [00:00<00:00, 51.02batch/s]
2026-05-22 03:14:37,278 - INFO - Validation MRR: 0.05106529965996742
2026-05-22 03:14:37,506 - INFO - Epoch[180] Complete. Time taken: 00:01:23.885
2026-05-22 03:15:58,119 - INFO - Epoch 181 - Train Loss: 17854.938867549154, Validation MRR: 0.05106529965996742, Learning Rate: 0.001
2026-05-22 03:16:01,139 - INFO - Memory cleaned.
2026-05-22 03:16:01,371 - INFO - Epoch[181] Complete. Time taken: 00:01:23.865
2026-05-22 03:17:22,056 - INFO - Epoch 182 - Train Loss: 17815.992148343412, Validation MRR: 0.05106529965996742, Learning Rate: 0.001
2026-05-22 03:17:25,073 - INFO - Memory cleaned.
2026-05-22 03:17:25,305 - INFO - Epoch[182] Complete. Time taken: 00:01:23.934
2026-05-22 03:18:45,974 - INFO - Epoch 183 - Train Loss: 17763.81829971021, Validation MRR: 0.05106529965996742, Learning Rate: 0.001
2026-05-22 03:18:48,984 - INFO - Memory cleaned.
2026-05-22 03:18:49,219 - INFO - Epoch[183] Complete. Time taken: 00:01:23.914
2026-05-22 03:20:09,850 - INFO - Epoch 184 - Train Loss: 17733.428151239645, Validation MRR: 0.05106529965996742, Learning Rate: 0.001
2026-05-22 03:20:12,866 - INFO - Memory cleaned.
2026-05-22 03:20:13,102 - INFO - Epoch[184] Complete. Time taken: 00:01:23.883
2026-05-22 03:21:33,853 - INFO - Epoch 185 - Train Loss: 17702.104949795696, Validation MRR: 0.05106529965996742, Learning Rate: 0.001
2026-05-22 03:21:36,874 - INFO - Memory cleaned.
2026-05-22 03:21:37,120 - INFO - Epoch[185] Complete. Time taken: 00:01:24.018
2026-05-22 03:22:57,781 - INFO - Epoch 186 - Train Loss: 17670.692246860825, Validation MRR: 0.05106529965996742, Learning Rate: 0.001
2026-05-22 03:23:00,797 - INFO - Memory cleaned.
2026-05-22 03:23:01,060 - INFO - Epoch[186] Complete. Time taken: 00:01:23.940
2026-05-22 03:24:21,692 - INFO - Epoch 187 - Train Loss: 17646.444806577496, Validation MRR: 0.05106529965996742, Learning Rate: 0.001
2026-05-22 03:24:24,707 - INFO - Memory cleaned.
2026-05-22 03:24:24,935 - INFO - Epoch[187] Complete. Time taken: 00:01:23.875
2026-05-22 03:25:45,507 - INFO - Epoch 188 - Train Loss: 17597.469426453343, Validation MRR: 0.05106529965996742, Learning Rate: 0.001
2026-05-22 03:25:48,556 - INFO - Memory cleaned.
2026-05-22 03:25:48,786 - INFO - Epoch[188] Complete. Time taken: 00:01:23.852
2026-05-22 03:27:09,332 - INFO - Epoch 189 - Train Loss: 17599.05149482154, Validation MRR: 0.05106529965996742, Learning Rate: 0.001
2026-05-22 03:27:12,387 - INFO - Memory cleaned.
2026-05-22 03:27:12,637 - INFO - Epoch[189] Complete. Time taken: 00:01:23.850
2026-05-22 03:28:33,159 - INFO - Epoch 190 - Train Loss: 17563.68688337879, Validation MRR: 0.05106529965996742, Learning Rate: 0.001
2026-05-22 03:28:36,205 - INFO - Memory cleaned.
2026-05-22 03:28:36,436 - INFO - Epoch[190] Complete. Time taken: 00:01:23.799
2026-05-22 03:29:57,076 - INFO - Epoch 191 - Train Loss: 17503.539423852235, Validation MRR: 0.05106529965996742, Learning Rate: 0.001
2026-05-22 03:30:00,119 - INFO - Memory cleaned.
2026-05-22 03:30:00,361 - INFO - Epoch[191] Complete. Time taken: 00:01:23.925
2026-05-22 03:31:21,061 - INFO - Epoch 192 - Train Loss: 17473.68089312258, Validation MRR: 0.05106529965996742, Learning Rate: 0.001
2026-05-22 03:31:24,078 - INFO - Memory cleaned.
2026-05-22 03:31:24,327 - INFO - Epoch[192] Complete. Time taken: 00:01:23.965
2026-05-22 03:32:44,938 - INFO - Epoch 193 - Train Loss: 17465.008143667143, Validation MRR: 0.05106529965996742, Learning Rate: 0.001
2026-05-22 03:32:47,949 - INFO - Memory cleaned.
2026-05-22 03:32:48,179 - INFO - Epoch[193] Complete. Time taken: 00:01:23.852
2026-05-22 03:34:08,786 - INFO - Epoch 194 - Train Loss: 17422.789483286644, Validation MRR: 0.05106529965996742, Learning Rate: 0.001
2026-05-22 03:34:11,897 - INFO - Memory cleaned.
2026-05-22 03:34:12,125 - INFO - Epoch[194] Complete. Time taken: 00:01:23.945
2026-05-22 03:35:32,722 - INFO - Epoch 195 - Train Loss: 17393.29710501542, Validation MRR: 0.05106529965996742, Learning Rate: 0.001
2026-05-22 03:35:35,736 - INFO - Memory cleaned.
2026-05-22 03:35:35,980 - INFO - Epoch[195] Complete. Time taken: 00:01:23.856
2026-05-22 03:36:56,576 - INFO - Epoch 196 - Train Loss: 17375.744745676886, Validation MRR: 0.05106529965996742, Learning Rate: 0.001
2026-05-22 03:36:59,625 - INFO - Memory cleaned.
2026-05-22 03:36:59,857 - INFO - Epoch[196] Complete. Time taken: 00:01:23.876
2026-05-22 03:38:20,478 - INFO - Epoch 197 - Train Loss: 17334.07315201453, Validation MRR: 0.05106529965996742, Learning Rate: 0.001
2026-05-22 03:38:23,524 - INFO - Memory cleaned.
2026-05-22 03:38:23,753 - INFO - Epoch[197] Complete. Time taken: 00:01:23.896
2026-05-22 03:39:44,749 - INFO - Epoch 198 - Train Loss: 17294.2119910848, Validation MRR: 0.05106529965996742, Learning Rate: 0.001
2026-05-22 03:39:47,796 - INFO - Memory cleaned.
2026-05-22 03:39:47,997 - INFO - Epoch[198] Complete. Time taken: 00:01:24.245
2026-05-22 03:41:08,559 - INFO - Epoch 199 - Train Loss: 17264.17460930491, Validation MRR: 0.05106529965996742, Learning Rate: 0.001
2026-05-22 03:41:11,610 - INFO - Memory cleaned.
2026-05-22 03:41:11,866 - INFO - Epoch[199] Complete. Time taken: 00:01:23.868
2026-05-22 03:42:32,479 - INFO - Epoch 200 - Train Loss: 17259.176241976824, Validation MRR: 0.05106529965996742, Learning Rate: 0.001
2026-05-22 03:42:35,501 - INFO - Memory cleaned.
2026-05-22 03:42:35,501 - INFO - Evaluating on validation set at epoch 200...
Link prediction evaluation:   0%|          | 0/2 [00:00<?, ?batch/s]Link prediction evaluation: 100%|██████████| 2/2 [00:00<00:00, 45.96batch/s]
2026-05-22 03:42:35,564 - INFO - Validation MRR: 0.05108502879738808
2026-05-22 03:42:35,790 - INFO - Epoch[200] Complete. Time taken: 00:01:23.924
2026-05-22 03:43:56,432 - INFO - Epoch 201 - Train Loss: 17234.639700704534, Validation MRR: 0.05108502879738808, Learning Rate: 0.001
2026-05-22 03:43:59,448 - INFO - Memory cleaned.
2026-05-22 03:43:59,689 - INFO - Epoch[201] Complete. Time taken: 00:01:23.899
2026-05-22 03:45:20,279 - INFO - Epoch 202 - Train Loss: 17192.943521152065, Validation MRR: 0.05108502879738808, Learning Rate: 0.001
2026-05-22 03:45:23,296 - INFO - Memory cleaned.
2026-05-22 03:45:23,524 - INFO - Epoch[202] Complete. Time taken: 00:01:23.834
2026-05-22 03:46:44,128 - INFO - Epoch 203 - Train Loss: 17145.695227334476, Validation MRR: 0.05108502879738808, Learning Rate: 0.001
2026-05-22 03:46:47,142 - INFO - Memory cleaned.
2026-05-22 03:46:47,372 - INFO - Epoch[203] Complete. Time taken: 00:01:23.848
2026-05-22 03:48:07,967 - INFO - Epoch 204 - Train Loss: 17125.845234257344, Validation MRR: 0.05108502879738808, Learning Rate: 0.001
2026-05-22 03:48:10,985 - INFO - Memory cleaned.
2026-05-22 03:48:11,214 - INFO - Epoch[204] Complete. Time taken: 00:01:23.841
2026-05-22 03:49:31,774 - INFO - Epoch 205 - Train Loss: 17112.54016453254, Validation MRR: 0.05108502879738808, Learning Rate: 0.001
2026-05-22 03:49:34,793 - INFO - Memory cleaned.
2026-05-22 03:49:35,024 - INFO - Epoch[205] Complete. Time taken: 00:01:23.811
2026-05-22 03:50:55,587 - INFO - Epoch 206 - Train Loss: 17097.039924027773, Validation MRR: 0.05108502879738808, Learning Rate: 0.001
2026-05-22 03:50:58,613 - INFO - Memory cleaned.
2026-05-22 03:50:58,812 - INFO - Epoch[206] Complete. Time taken: 00:01:23.787
2026-05-22 03:52:19,383 - INFO - Epoch 207 - Train Loss: 17055.42493510091, Validation MRR: 0.05108502879738808, Learning Rate: 0.001
2026-05-22 03:52:22,407 - INFO - Memory cleaned.
2026-05-22 03:52:22,639 - INFO - Epoch[207] Complete. Time taken: 00:01:23.827
2026-05-22 03:53:43,396 - INFO - Epoch 208 - Train Loss: 17041.093047448856, Validation MRR: 0.05108502879738808, Learning Rate: 0.001
2026-05-22 03:53:46,416 - INFO - Memory cleaned.
2026-05-22 03:53:46,648 - INFO - Epoch[208] Complete. Time taken: 00:01:24.009
2026-05-22 03:55:07,221 - INFO - Epoch 209 - Train Loss: 17007.44688797325, Validation MRR: 0.05108502879738808, Learning Rate: 0.001
2026-05-22 03:55:10,233 - INFO - Memory cleaned.
2026-05-22 03:55:10,479 - INFO - Epoch[209] Complete. Time taken: 00:01:23.831
2026-05-22 03:56:31,072 - INFO - Epoch 210 - Train Loss: 16975.248915167387, Validation MRR: 0.05108502879738808, Learning Rate: 0.001
2026-05-22 03:56:34,098 - INFO - Memory cleaned.
2026-05-22 03:56:34,323 - INFO - Epoch[210] Complete. Time taken: 00:01:23.844
2026-05-22 03:57:54,857 - INFO - Epoch 211 - Train Loss: 16958.773325127142, Validation MRR: 0.05108502879738808, Learning Rate: 0.001
2026-05-22 03:57:57,877 - INFO - Memory cleaned.
2026-05-22 03:57:58,121 - INFO - Epoch[211] Complete. Time taken: 00:01:23.798
2026-05-22 03:59:18,713 - INFO - Epoch 212 - Train Loss: 16928.901777245024, Validation MRR: 0.05108502879738808, Learning Rate: 0.001
2026-05-22 03:59:21,731 - INFO - Memory cleaned.
2026-05-22 03:59:21,961 - INFO - Epoch[212] Complete. Time taken: 00:01:23.839
2026-05-22 04:00:42,559 - INFO - Epoch 213 - Train Loss: 16908.73025835011, Validation MRR: 0.05108502879738808, Learning Rate: 0.001
2026-05-22 04:00:45,575 - INFO - Memory cleaned.
2026-05-22 04:00:45,817 - INFO - Epoch[213] Complete. Time taken: 00:01:23.856
2026-05-22 04:02:06,422 - INFO - Epoch 214 - Train Loss: 16884.23784211239, Validation MRR: 0.05108502879738808, Learning Rate: 0.001
2026-05-22 04:02:09,438 - INFO - Memory cleaned.
2026-05-22 04:02:09,696 - INFO - Epoch[214] Complete. Time taken: 00:01:23.879
2026-05-22 04:03:30,264 - INFO - Epoch 215 - Train Loss: 16838.167932878434, Validation MRR: 0.05108502879738808, Learning Rate: 0.001
2026-05-22 04:03:33,282 - INFO - Memory cleaned.
2026-05-22 04:03:33,511 - INFO - Epoch[215] Complete. Time taken: 00:01:23.815
2026-05-22 04:04:54,202 - INFO - Epoch 216 - Train Loss: 16825.21878318631, Validation MRR: 0.05108502879738808, Learning Rate: 0.001
2026-05-22 04:04:57,226 - INFO - Memory cleaned.
2026-05-22 04:04:57,454 - INFO - Epoch[216] Complete. Time taken: 00:01:23.943
2026-05-22 04:06:18,065 - INFO - Epoch 217 - Train Loss: 16802.78489978683, Validation MRR: 0.05108502879738808, Learning Rate: 0.001
2026-05-22 04:06:21,081 - INFO - Memory cleaned.
2026-05-22 04:06:21,313 - INFO - Epoch[217] Complete. Time taken: 00:01:23.859
2026-05-22 04:07:41,904 - INFO - Epoch 218 - Train Loss: 16789.245543749174, Validation MRR: 0.05108502879738808, Learning Rate: 0.001
2026-05-22 04:07:44,919 - INFO - Memory cleaned.
2026-05-22 04:07:45,142 - INFO - Epoch[218] Complete. Time taken: 00:01:23.829
2026-05-22 04:09:05,768 - INFO - Epoch 219 - Train Loss: 16760.781419181523, Validation MRR: 0.05108502879738808, Learning Rate: 0.001
2026-05-22 04:09:08,797 - INFO - Memory cleaned.
2026-05-22 04:09:09,030 - INFO - Epoch[219] Complete. Time taken: 00:01:23.888
2026-05-22 04:10:29,640 - INFO - Epoch 220 - Train Loss: 16753.655855795947, Validation MRR: 0.05108502879738808, Learning Rate: 0.001
2026-05-22 04:10:32,651 - INFO - Memory cleaned.
2026-05-22 04:10:32,651 - INFO - Evaluating on validation set at epoch 220...
Link prediction evaluation:   0%|          | 0/2 [00:00<?, ?batch/s]Link prediction evaluation: 100%|██████████| 2/2 [00:00<00:00, 50.97batch/s]
2026-05-22 04:10:32,692 - INFO - Validation MRR: 0.039921462535858154
2026-05-22 04:10:32,982 - INFO - Epoch[220] Complete. Time taken: 00:01:23.951
2026-05-22 04:11:53,625 - INFO - Epoch 221 - Train Loss: 16707.566339184665, Validation MRR: 0.039921462535858154, Learning Rate: 0.001
2026-05-22 04:11:56,642 - INFO - Memory cleaned.
2026-05-22 04:11:56,872 - INFO - Epoch[221] Complete. Time taken: 00:01:23.890
2026-05-22 04:13:17,480 - INFO - Epoch 222 - Train Loss: 16703.94453258603, Validation MRR: 0.039921462535858154, Learning Rate: 0.001
2026-05-22 04:13:20,499 - INFO - Memory cleaned.
2026-05-22 04:13:20,728 - INFO - Epoch[222] Complete. Time taken: 00:01:23.856
2026-05-22 04:14:41,338 - INFO - Epoch 223 - Train Loss: 16667.402816921676, Validation MRR: 0.039921462535858154, Learning Rate: 0.001
2026-05-22 04:14:44,362 - INFO - Memory cleaned.
2026-05-22 04:14:44,601 - INFO - Epoch[223] Complete. Time taken: 00:01:23.873
2026-05-22 04:16:05,135 - INFO - Epoch 224 - Train Loss: 16645.205198240055, Validation MRR: 0.039921462535858154, Learning Rate: 0.001
2026-05-22 04:16:08,153 - INFO - Memory cleaned.
2026-05-22 04:16:08,379 - INFO - Epoch[224] Complete. Time taken: 00:01:23.778
2026-05-22 04:17:29,032 - INFO - Epoch 225 - Train Loss: 16638.48813282174, Validation MRR: 0.039921462535858154, Learning Rate: 0.001
2026-05-22 04:17:32,042 - INFO - Memory cleaned.
2026-05-22 04:17:32,272 - INFO - Epoch[225] Complete. Time taken: 00:01:23.892
2026-05-22 04:18:52,879 - INFO - Epoch 226 - Train Loss: 16605.964348663038, Validation MRR: 0.039921462535858154, Learning Rate: 0.001
2026-05-22 04:18:55,904 - INFO - Memory cleaned.
2026-05-22 04:18:56,137 - INFO - Epoch[226] Complete. Time taken: 00:01:23.865
2026-05-22 04:20:16,596 - INFO - Epoch 227 - Train Loss: 16575.230231505237, Validation MRR: 0.039921462535858154, Learning Rate: 0.001
2026-05-22 04:20:19,617 - INFO - Memory cleaned.
2026-05-22 04:20:19,951 - INFO - Epoch[227] Complete. Time taken: 00:01:23.814
2026-05-22 04:21:40,481 - INFO - Epoch 228 - Train Loss: 16567.44225154229, Validation MRR: 0.039921462535858154, Learning Rate: 0.001
2026-05-22 04:21:43,498 - INFO - Memory cleaned.
2026-05-22 04:21:43,725 - INFO - Epoch[228] Complete. Time taken: 00:01:23.774
2026-05-22 04:23:04,198 - INFO - Epoch 229 - Train Loss: 16541.744678257397, Validation MRR: 0.039921462535858154, Learning Rate: 0.001
2026-05-22 04:23:07,214 - INFO - Memory cleaned.
2026-05-22 04:23:07,467 - INFO - Epoch[229] Complete. Time taken: 00:01:23.742
2026-05-22 04:24:27,853 - INFO - Epoch 230 - Train Loss: 16505.341339870305, Validation MRR: 0.039921462535858154, Learning Rate: 0.001
2026-05-22 04:24:30,871 - INFO - Memory cleaned.
2026-05-22 04:24:31,126 - INFO - Epoch[230] Complete. Time taken: 00:01:23.658
2026-05-22 04:25:51,562 - INFO - Epoch 231 - Train Loss: 16504.580560251325, Validation MRR: 0.039921462535858154, Learning Rate: 0.001
2026-05-22 04:25:54,614 - INFO - Memory cleaned.
2026-05-22 04:25:54,851 - INFO - Epoch[231] Complete. Time taken: 00:01:23.725
2026-05-22 04:27:15,773 - INFO - Epoch 232 - Train Loss: 16472.769429990418, Validation MRR: 0.039921462535858154, Learning Rate: 0.001
2026-05-22 04:27:18,830 - INFO - Memory cleaned.
2026-05-22 04:27:19,069 - INFO - Epoch[232] Complete. Time taken: 00:01:24.218
2026-05-22 04:28:40,028 - INFO - Epoch 233 - Train Loss: 16457.431075743043, Validation MRR: 0.039921462535858154, Learning Rate: 0.001
2026-05-22 04:28:43,048 - INFO - Memory cleaned.
2026-05-22 04:28:43,281 - INFO - Epoch[233] Complete. Time taken: 00:01:24.211
2026-05-22 04:30:03,751 - INFO - Epoch 234 - Train Loss: 16414.64561910875, Validation MRR: 0.039921462535858154, Learning Rate: 0.001
2026-05-22 04:30:06,765 - INFO - Memory cleaned.
2026-05-22 04:30:06,996 - INFO - Epoch[234] Complete. Time taken: 00:01:23.715
2026-05-22 04:31:27,491 - INFO - Epoch 235 - Train Loss: 16416.866277426645, Validation MRR: 0.039921462535858154, Learning Rate: 0.001
2026-05-22 04:31:30,505 - INFO - Memory cleaned.
2026-05-22 04:31:30,749 - INFO - Epoch[235] Complete. Time taken: 00:01:23.753
2026-05-22 04:32:51,311 - INFO - Epoch 236 - Train Loss: 16405.63962159327, Validation MRR: 0.039921462535858154, Learning Rate: 0.001
2026-05-22 04:32:54,336 - INFO - Memory cleaned.
2026-05-22 04:32:54,585 - INFO - Epoch[236] Complete. Time taken: 00:01:23.836
2026-05-22 04:34:15,123 - INFO - Epoch 237 - Train Loss: 16379.261338626153, Validation MRR: 0.039921462535858154, Learning Rate: 0.001
2026-05-22 04:34:18,139 - INFO - Memory cleaned.
2026-05-22 04:34:18,368 - INFO - Epoch[237] Complete. Time taken: 00:01:23.783
2026-05-22 04:35:38,992 - INFO - Epoch 238 - Train Loss: 16358.604466914407, Validation MRR: 0.039921462535858154, Learning Rate: 0.001
2026-05-22 04:35:42,049 - INFO - Memory cleaned.
2026-05-22 04:35:42,281 - INFO - Epoch[238] Complete. Time taken: 00:01:23.912
2026-05-22 04:37:03,321 - INFO - Epoch 239 - Train Loss: 16365.860160837603, Validation MRR: 0.039921462535858154, Learning Rate: 0.001
2026-05-22 04:37:06,374 - INFO - Memory cleaned.
2026-05-22 04:37:06,608 - INFO - Epoch[239] Complete. Time taken: 00:01:24.327
2026-05-22 04:38:27,315 - INFO - Epoch 240 - Train Loss: 16328.966216254146, Validation MRR: 0.039921462535858154, Learning Rate: 0.001
2026-05-22 04:38:30,375 - INFO - Memory cleaned.
2026-05-22 04:38:30,375 - INFO - Evaluating on validation set at epoch 240...
Link prediction evaluation:   0%|          | 0/2 [00:00<?, ?batch/s]Link prediction evaluation: 100%|██████████| 2/2 [00:00<00:00, 45.77batch/s]
2026-05-22 04:38:30,438 - INFO - Validation MRR: 0.0418708510696888
2026-05-22 04:38:30,684 - INFO - Epoch[240] Complete. Time taken: 00:01:24.076
2026-05-22 04:39:51,656 - INFO - Epoch 241 - Train Loss: 16309.901191501462, Validation MRR: 0.0418708510696888, Learning Rate: 0.001
2026-05-22 04:39:54,738 - INFO - Memory cleaned.
2026-05-22 04:39:54,974 - INFO - Epoch[241] Complete. Time taken: 00:01:24.290
2026-05-22 04:41:16,007 - INFO - Epoch 242 - Train Loss: 16320.689430878367, Validation MRR: 0.0418708510696888, Learning Rate: 0.001
2026-05-22 04:41:19,058 - INFO - Memory cleaned.
2026-05-22 04:41:19,291 - INFO - Epoch[242] Complete. Time taken: 00:01:24.317
2026-05-22 04:42:40,187 - INFO - Epoch 243 - Train Loss: 16284.586723862089, Validation MRR: 0.0418708510696888, Learning Rate: 0.001
2026-05-22 04:42:43,239 - INFO - Memory cleaned.
2026-05-22 04:42:43,470 - INFO - Epoch[243] Complete. Time taken: 00:01:24.179
2026-05-22 04:44:04,335 - INFO - Epoch 244 - Train Loss: 16274.04205363396, Validation MRR: 0.0418708510696888, Learning Rate: 0.001
2026-05-22 04:44:07,391 - INFO - Memory cleaned.
2026-05-22 04:44:07,623 - INFO - Epoch[244] Complete. Time taken: 00:01:24.153
2026-05-22 04:45:28,377 - INFO - Epoch 245 - Train Loss: 16268.163033524135, Validation MRR: 0.0418708510696888, Learning Rate: 0.001
2026-05-22 04:45:31,433 - INFO - Memory cleaned.
2026-05-22 04:45:31,664 - INFO - Epoch[245] Complete. Time taken: 00:01:24.040
2026-05-22 04:46:52,461 - INFO - Epoch 246 - Train Loss: 16239.157656428426, Validation MRR: 0.0418708510696888, Learning Rate: 0.001
2026-05-22 04:46:55,525 - INFO - Memory cleaned.
2026-05-22 04:46:55,758 - INFO - Epoch[246] Complete. Time taken: 00:01:24.094
2026-05-22 04:48:16,574 - INFO - Epoch 247 - Train Loss: 16219.423784285642, Validation MRR: 0.0418708510696888, Learning Rate: 0.001
2026-05-22 04:48:19,587 - INFO - Memory cleaned.
2026-05-22 04:48:19,841 - INFO - Epoch[247] Complete. Time taken: 00:01:24.083
2026-05-22 04:49:40,433 - INFO - Epoch 248 - Train Loss: 16200.459529878986, Validation MRR: 0.0418708510696888, Learning Rate: 0.001
2026-05-22 04:49:43,443 - INFO - Memory cleaned.
2026-05-22 04:49:43,674 - INFO - Epoch[248] Complete. Time taken: 00:01:23.833
2026-05-22 04:51:04,390 - INFO - Epoch 249 - Train Loss: 16186.256364973864, Validation MRR: 0.0418708510696888, Learning Rate: 0.001
2026-05-22 04:51:07,411 - INFO - Memory cleaned.
2026-05-22 04:51:07,663 - INFO - Epoch[249] Complete. Time taken: 00:01:23.988
2026-05-22 04:52:28,374 - INFO - Epoch 250 - Train Loss: 16156.271759581963, Validation MRR: 0.0418708510696888, Learning Rate: 0.001
2026-05-22 04:52:31,422 - INFO - Memory cleaned.
2026-05-22 04:52:31,654 - INFO - Epoch[250] Complete. Time taken: 00:01:23.991
2026-05-22 04:53:52,252 - INFO - Epoch 251 - Train Loss: 16108.133450494373, Validation MRR: 0.0418708510696888, Learning Rate: 0.001
2026-05-22 04:53:55,300 - INFO - Memory cleaned.
2026-05-22 04:53:55,531 - INFO - Epoch[251] Complete. Time taken: 00:01:23.877
2026-05-22 04:55:16,172 - INFO - Epoch 252 - Train Loss: 16117.285499751113, Validation MRR: 0.0418708510696888, Learning Rate: 0.001
2026-05-22 04:55:19,199 - INFO - Memory cleaned.
2026-05-22 04:55:19,440 - INFO - Epoch[252] Complete. Time taken: 00:01:23.909
2026-05-22 04:56:40,116 - INFO - Epoch 253 - Train Loss: 16068.433449219763, Validation MRR: 0.0418708510696888, Learning Rate: 0.001
2026-05-22 04:56:43,134 - INFO - Memory cleaned.
2026-05-22 04:56:43,363 - INFO - Epoch[253] Complete. Time taken: 00:01:23.923
2026-05-22 04:58:03,915 - INFO - Epoch 254 - Train Loss: 16050.468203629516, Validation MRR: 0.0418708510696888, Learning Rate: 0.001
2026-05-22 04:58:07,013 - INFO - Memory cleaned.
2026-05-22 04:58:07,244 - INFO - Epoch[254] Complete. Time taken: 00:01:23.881
2026-05-22 04:59:27,873 - INFO - Epoch 255 - Train Loss: 16013.955181036179, Validation MRR: 0.0418708510696888, Learning Rate: 0.001
2026-05-22 04:59:30,897 - INFO - Memory cleaned.
2026-05-22 04:59:31,140 - INFO - Epoch[255] Complete. Time taken: 00:01:23.896
2026-05-22 05:00:51,650 - INFO - Epoch 256 - Train Loss: 16013.245117850845, Validation MRR: 0.0418708510696888, Learning Rate: 0.001
2026-05-22 05:00:54,663 - INFO - Memory cleaned.
2026-05-22 05:00:54,936 - INFO - Epoch[256] Complete. Time taken: 00:01:23.796
2026-05-22 05:02:15,570 - INFO - Epoch 257 - Train Loss: 15975.427868547678, Validation MRR: 0.0418708510696888, Learning Rate: 0.001
2026-05-22 05:02:18,583 - INFO - Memory cleaned.
2026-05-22 05:02:18,813 - INFO - Epoch[257] Complete. Time taken: 00:01:23.876
2026-05-22 05:03:39,474 - INFO - Epoch 258 - Train Loss: 15954.320998641688, Validation MRR: 0.0418708510696888, Learning Rate: 0.001
2026-05-22 05:03:42,556 - INFO - Memory cleaned.
2026-05-22 05:03:42,789 - INFO - Epoch[258] Complete. Time taken: 00:01:23.976
2026-05-22 05:05:03,378 - INFO - Epoch 259 - Train Loss: 15904.045412875857, Validation MRR: 0.0418708510696888, Learning Rate: 0.001
2026-05-22 05:05:06,420 - INFO - Memory cleaned.
2026-05-22 05:05:06,669 - INFO - Epoch[259] Complete. Time taken: 00:01:23.880
2026-05-22 05:06:27,226 - INFO - Epoch 260 - Train Loss: 15883.564349462116, Validation MRR: 0.0418708510696888, Learning Rate: 0.001
2026-05-22 05:06:30,269 - INFO - Memory cleaned.
2026-05-22 05:06:30,269 - INFO - Evaluating on validation set at epoch 260...
Link prediction evaluation:   0%|          | 0/2 [00:00<?, ?batch/s]Link prediction evaluation: 100%|██████████| 2/2 [00:00<00:00, 50.00batch/s]
2026-05-22 05:06:30,311 - INFO - Validation MRR: 0.026517940685153008
2026-05-22 05:06:30,539 - INFO - Epoch[260] Complete. Time taken: 00:01:23.870
2026-05-22 05:07:51,091 - INFO - Epoch 261 - Train Loss: 15853.727067668682, Validation MRR: 0.026517940685153008, Learning Rate: 0.001
2026-05-22 05:07:54,145 - INFO - Memory cleaned.
2026-05-22 05:07:54,376 - INFO - Epoch[261] Complete. Time taken: 00:01:23.837
2026-05-22 05:09:14,891 - INFO - Epoch 262 - Train Loss: 15816.524996132488, Validation MRR: 0.026517940685153008, Learning Rate: 0.001
2026-05-22 05:09:17,950 - INFO - Memory cleaned.
2026-05-22 05:09:18,183 - INFO - Epoch[262] Complete. Time taken: 00:01:23.807
2026-05-22 05:10:38,728 - INFO - Epoch 263 - Train Loss: 15746.980398205153, Validation MRR: 0.026517940685153008, Learning Rate: 0.001
2026-05-22 05:10:41,775 - INFO - Memory cleaned.
2026-05-22 05:10:42,022 - INFO - Epoch[263] Complete. Time taken: 00:01:23.839
2026-05-22 05:12:02,636 - INFO - Epoch 264 - Train Loss: 15768.780111415519, Validation MRR: 0.026517940685153008, Learning Rate: 0.001
2026-05-22 05:12:05,679 - INFO - Memory cleaned.
2026-05-22 05:12:05,912 - INFO - Epoch[264] Complete. Time taken: 00:01:23.889
2026-05-22 05:13:26,486 - INFO - Epoch 265 - Train Loss: 15757.951941318861, Validation MRR: 0.026517940685153008, Learning Rate: 0.001
2026-05-22 05:13:29,537 - INFO - Memory cleaned.
2026-05-22 05:13:29,767 - INFO - Epoch[265] Complete. Time taken: 00:01:23.856
2026-05-22 05:14:50,366 - INFO - Epoch 266 - Train Loss: 15748.47441492739, Validation MRR: 0.026517940685153008, Learning Rate: 0.001
2026-05-22 05:14:53,417 - INFO - Memory cleaned.
2026-05-22 05:14:53,649 - INFO - Epoch[266] Complete. Time taken: 00:01:23.882
2026-05-22 05:16:14,253 - INFO - Epoch 267 - Train Loss: 15644.29807559341, Validation MRR: 0.026517940685153008, Learning Rate: 0.001
2026-05-22 05:16:17,304 - INFO - Memory cleaned.
2026-05-22 05:16:17,556 - INFO - Epoch[267] Complete. Time taken: 00:01:23.906
2026-05-22 05:17:38,050 - INFO - Epoch 268 - Train Loss: 15663.973508785946, Validation MRR: 0.026517940685153008, Learning Rate: 0.001
2026-05-22 05:17:41,098 - INFO - Memory cleaned.
2026-05-22 05:17:41,331 - INFO - Epoch[268] Complete. Time taken: 00:01:23.775
2026-05-22 05:19:01,760 - INFO - Epoch 269 - Train Loss: 15623.542695447799, Validation MRR: 0.026517940685153008, Learning Rate: 0.001
2026-05-22 05:19:04,805 - INFO - Memory cleaned.
2026-05-22 05:19:05,037 - INFO - Epoch[269] Complete. Time taken: 00:01:23.705
2026-05-22 05:20:25,510 - INFO - Epoch 270 - Train Loss: 15609.065496871446, Validation MRR: 0.026517940685153008, Learning Rate: 0.001
2026-05-22 05:20:28,565 - INFO - Memory cleaned.
2026-05-22 05:20:28,798 - INFO - Epoch[270] Complete. Time taken: 00:01:23.761
2026-05-22 05:21:49,396 - INFO - Epoch 271 - Train Loss: 15577.008161834865, Validation MRR: 0.026517940685153008, Learning Rate: 0.001
2026-05-22 05:21:52,452 - INFO - Memory cleaned.
2026-05-22 05:21:52,685 - INFO - Epoch[271] Complete. Time taken: 00:01:23.886
2026-05-22 05:23:13,411 - INFO - Epoch 272 - Train Loss: 15550.944955069159, Validation MRR: 0.026517940685153008, Learning Rate: 0.001
2026-05-22 05:23:16,468 - INFO - Memory cleaned.
2026-05-22 05:23:16,713 - INFO - Epoch[272] Complete. Time taken: 00:01:24.029
2026-05-22 05:24:37,355 - INFO - Epoch 273 - Train Loss: 15499.632723282884, Validation MRR: 0.026517940685153008, Learning Rate: 0.001
2026-05-22 05:24:40,410 - INFO - Memory cleaned.
2026-05-22 05:24:40,664 - INFO - Epoch[273] Complete. Time taken: 00:01:23.950
2026-05-22 05:26:01,417 - INFO - Epoch 274 - Train Loss: 15490.610529106945, Validation MRR: 0.026517940685153008, Learning Rate: 0.001
2026-05-22 05:26:04,470 - INFO - Memory cleaned.
2026-05-22 05:26:04,703 - INFO - Epoch[274] Complete. Time taken: 00:01:24.039
2026-05-22 05:27:25,574 - INFO - Epoch 275 - Train Loss: 15481.176194595784, Validation MRR: 0.026517940685153008, Learning Rate: 0.001
2026-05-22 05:27:28,690 - INFO - Memory cleaned.
2026-05-22 05:27:28,923 - INFO - Epoch[275] Complete. Time taken: 00:01:24.219
2026-05-22 05:28:49,682 - INFO - Epoch 276 - Train Loss: 15420.392674791254, Validation MRR: 0.026517940685153008, Learning Rate: 0.001
2026-05-22 05:28:52,745 - INFO - Memory cleaned.
2026-05-22 05:28:52,977 - INFO - Epoch[276] Complete. Time taken: 00:01:24.054
2026-05-22 05:30:13,735 - INFO - Epoch 277 - Train Loss: 15418.787957550192, Validation MRR: 0.026517940685153008, Learning Rate: 0.001
2026-05-22 05:30:16,789 - INFO - Memory cleaned.
2026-05-22 05:30:17,033 - INFO - Epoch[277] Complete. Time taken: 00:01:24.056
2026-05-22 05:31:37,819 - INFO - Epoch 278 - Train Loss: 15387.486946168772, Validation MRR: 0.026517940685153008, Learning Rate: 0.001
2026-05-22 05:31:40,870 - INFO - Memory cleaned.
2026-05-22 05:31:41,106 - INFO - Epoch[278] Complete. Time taken: 00:01:24.072
2026-05-22 05:33:01,868 - INFO - Epoch 279 - Train Loss: 15365.534969173643, Validation MRR: 0.026517940685153008, Learning Rate: 0.001
2026-05-22 05:33:04,929 - INFO - Memory cleaned.
2026-05-22 05:33:05,162 - INFO - Epoch[279] Complete. Time taken: 00:01:24.056
2026-05-22 05:34:25,951 - INFO - Epoch 280 - Train Loss: 15333.231271174689, Validation MRR: 0.026517940685153008, Learning Rate: 0.001
2026-05-22 05:34:29,001 - INFO - Memory cleaned.
2026-05-22 05:34:29,001 - INFO - Evaluating on validation set at epoch 280...
Link prediction evaluation:   0%|          | 0/2 [00:00<?, ?batch/s]Link prediction evaluation: 100%|██████████| 2/2 [00:00<00:00, 48.26batch/s]
2026-05-22 05:34:29,047 - INFO - Validation MRR: 0.029482578858733177
2026-05-22 05:34:29,278 - INFO - Epoch[280] Complete. Time taken: 00:01:24.117
2026-05-22 05:35:50,137 - INFO - Epoch 281 - Train Loss: 15301.751395089179, Validation MRR: 0.029482578858733177, Learning Rate: 0.001
2026-05-22 05:35:53,199 - INFO - Memory cleaned.
2026-05-22 05:35:53,552 - INFO - Epoch[281] Complete. Time taken: 00:01:24.274
2026-05-22 05:37:14,310 - INFO - Epoch 282 - Train Loss: 15295.5376232353, Validation MRR: 0.029482578858733177, Learning Rate: 0.001
2026-05-22 05:37:17,365 - INFO - Memory cleaned.
2026-05-22 05:37:17,607 - INFO - Epoch[282] Complete. Time taken: 00:01:24.054
2026-05-22 05:38:38,454 - INFO - Epoch 283 - Train Loss: 15262.947715652856, Validation MRR: 0.029482578858733177, Learning Rate: 0.001
2026-05-22 05:38:41,533 - INFO - Memory cleaned.
2026-05-22 05:38:41,771 - INFO - Epoch[283] Complete. Time taken: 00:01:24.164
2026-05-22 05:40:02,593 - INFO - Epoch 284 - Train Loss: 15249.487964747952, Validation MRR: 0.029482578858733177, Learning Rate: 0.001
2026-05-22 05:40:05,651 - INFO - Memory cleaned.
2026-05-22 05:40:05,884 - INFO - Epoch[284] Complete. Time taken: 00:01:24.113
2026-05-22 05:41:26,744 - INFO - Epoch 285 - Train Loss: 15213.040578123857, Validation MRR: 0.029482578858733177, Learning Rate: 0.001
2026-05-22 05:41:29,800 - INFO - Memory cleaned.
2026-05-22 05:41:30,050 - INFO - Epoch[285] Complete. Time taken: 00:01:24.165
2026-05-22 05:42:51,168 - INFO - Epoch 286 - Train Loss: 15179.133348150986, Validation MRR: 0.029482578858733177, Learning Rate: 0.001
2026-05-22 05:42:54,219 - INFO - Memory cleaned.
2026-05-22 05:42:54,455 - INFO - Epoch[286] Complete. Time taken: 00:01:24.405
2026-05-22 05:44:15,338 - INFO - Epoch 287 - Train Loss: 15161.596003284958, Validation MRR: 0.029482578858733177, Learning Rate: 0.001
2026-05-22 05:44:18,408 - INFO - Memory cleaned.
2026-05-22 05:44:18,640 - INFO - Epoch[287] Complete. Time taken: 00:01:24.184
2026-05-22 05:45:39,632 - INFO - Epoch 288 - Train Loss: 15142.63824161255, Validation MRR: 0.029482578858733177, Learning Rate: 0.001
2026-05-22 05:45:42,661 - INFO - Memory cleaned.
2026-05-22 05:45:42,890 - INFO - Epoch[288] Complete. Time taken: 00:01:24.250
2026-05-22 05:47:03,553 - INFO - Epoch 289 - Train Loss: 15109.71386224372, Validation MRR: 0.029482578858733177, Learning Rate: 0.001
2026-05-22 05:47:06,569 - INFO - Memory cleaned.
2026-05-22 05:47:06,802 - INFO - Epoch[289] Complete. Time taken: 00:01:23.912
2026-05-22 05:48:27,446 - INFO - Epoch 290 - Train Loss: 15104.552934144378, Validation MRR: 0.029482578858733177, Learning Rate: 0.001
2026-05-22 05:48:30,469 - INFO - Memory cleaned.
2026-05-22 05:48:30,699 - INFO - Epoch[290] Complete. Time taken: 00:01:23.897
2026-05-22 05:49:51,310 - INFO - Epoch 291 - Train Loss: 15066.985553099865, Validation MRR: 0.029482578858733177, Learning Rate: 0.001
2026-05-22 05:49:54,328 - INFO - Memory cleaned.
2026-05-22 05:49:54,558 - INFO - Epoch[291] Complete. Time taken: 00:01:23.859
2026-05-22 05:51:15,287 - INFO - Epoch 292 - Train Loss: 15046.408838516338, Validation MRR: 0.029482578858733177, Learning Rate: 0.001
2026-05-22 05:51:18,311 - INFO - Memory cleaned.
2026-05-22 05:51:18,543 - INFO - Epoch[292] Complete. Time taken: 00:01:23.985
2026-05-22 05:52:39,203 - INFO - Epoch 293 - Train Loss: 15030.886726893796, Validation MRR: 0.029482578858733177, Learning Rate: 0.001
2026-05-22 05:52:42,225 - INFO - Memory cleaned.
2026-05-22 05:52:42,449 - INFO - Epoch[293] Complete. Time taken: 00:01:23.905
2026-05-22 05:54:03,076 - INFO - Epoch 294 - Train Loss: 14984.87389118163, Validation MRR: 0.029482578858733177, Learning Rate: 0.001
2026-05-22 05:54:06,097 - INFO - Memory cleaned.
2026-05-22 05:54:06,327 - INFO - Epoch[294] Complete. Time taken: 00:01:23.878
2026-05-22 05:55:26,923 - INFO - Epoch 295 - Train Loss: 14980.579810417124, Validation MRR: 0.029482578858733177, Learning Rate: 0.001
2026-05-22 05:55:29,942 - INFO - Memory cleaned.
2026-05-22 05:55:30,193 - INFO - Epoch[295] Complete. Time taken: 00:01:23.866
2026-05-22 05:56:50,793 - INFO - Epoch 296 - Train Loss: 14979.6620704629, Validation MRR: 0.029482578858733177, Learning Rate: 0.001
2026-05-22 05:56:53,813 - INFO - Memory cleaned.
2026-05-22 05:56:54,061 - INFO - Epoch[296] Complete. Time taken: 00:01:23.868
2026-05-22 05:58:14,687 - INFO - Epoch 297 - Train Loss: 14939.052747745764, Validation MRR: 0.029482578858733177, Learning Rate: 0.001
2026-05-22 05:58:17,714 - INFO - Memory cleaned.
2026-05-22 05:58:17,956 - INFO - Epoch[297] Complete. Time taken: 00:01:23.894
2026-05-22 05:59:38,572 - INFO - Epoch 298 - Train Loss: 14949.21869233663, Validation MRR: 0.029482578858733177, Learning Rate: 0.001
2026-05-22 05:59:41,600 - INFO - Memory cleaned.
2026-05-22 05:59:41,835 - INFO - Epoch[298] Complete. Time taken: 00:01:23.880
2026-05-22 06:01:02,496 - INFO - Epoch 299 - Train Loss: 14891.956560509296, Validation MRR: 0.029482578858733177, Learning Rate: 0.001
2026-05-22 06:01:05,617 - INFO - Memory cleaned.
2026-05-22 06:01:05,875 - INFO - Epoch[299] Complete. Time taken: 00:01:24.040
2026-05-22 06:02:26,653 - INFO - Epoch 300 - Train Loss: 14880.420678270626, Validation MRR: 0.029482578858733177, Learning Rate: 0.001
2026-05-22 06:02:29,672 - INFO - Memory cleaned.
2026-05-22 06:02:29,672 - INFO - Evaluating on validation set at epoch 300...
Link prediction evaluation:   0%|          | 0/2 [00:00<?, ?batch/s]Link prediction evaluation: 100%|██████████| 2/2 [00:00<00:00, 42.71batch/s]
2026-05-22 06:02:29,740 - INFO - Validation MRR: 0.027183037251234055
2026-05-22 06:02:29,969 - INFO - Epoch[300] Complete. Time taken: 00:01:24.093
2026-05-22 06:03:50,643 - INFO - Epoch 301 - Train Loss: 14880.7973282987, Validation MRR: 0.027183037251234055, Learning Rate: 0.001
2026-05-22 06:03:53,663 - INFO - Memory cleaned.
2026-05-22 06:03:53,892 - INFO - Epoch[301] Complete. Time taken: 00:01:23.923
2026-05-22 06:05:14,489 - INFO - Epoch 302 - Train Loss: 14823.382361756148, Validation MRR: 0.027183037251234055, Learning Rate: 0.001
2026-05-22 06:05:17,507 - INFO - Memory cleaned.
2026-05-22 06:05:17,756 - INFO - Epoch[302] Complete. Time taken: 00:01:23.864
2026-05-22 06:06:38,429 - INFO - Epoch 303 - Train Loss: 14795.90726223054, Validation MRR: 0.027183037251234055, Learning Rate: 0.001
2026-05-22 06:06:41,455 - INFO - Memory cleaned.
2026-05-22 06:06:41,690 - INFO - Epoch[303] Complete. Time taken: 00:01:23.934
2026-05-22 06:08:02,248 - INFO - Epoch 304 - Train Loss: 14780.650266947443, Validation MRR: 0.027183037251234055, Learning Rate: 0.001
2026-05-22 06:08:05,276 - INFO - Memory cleaned.
2026-05-22 06:08:05,505 - INFO - Epoch[304] Complete. Time taken: 00:01:23.815
2026-05-22 06:09:26,103 - INFO - Epoch 305 - Train Loss: 14785.156356302434, Validation MRR: 0.027183037251234055, Learning Rate: 0.001
2026-05-22 06:09:29,125 - INFO - Memory cleaned.
2026-05-22 06:09:29,352 - INFO - Epoch[305] Complete. Time taken: 00:01:23.847
2026-05-22 06:10:49,913 - INFO - Epoch 306 - Train Loss: 14769.808520630051, Validation MRR: 0.027183037251234055, Learning Rate: 0.001
2026-05-22 06:10:52,938 - INFO - Memory cleaned.
2026-05-22 06:10:53,169 - INFO - Epoch[306] Complete. Time taken: 00:01:23.816
2026-05-22 06:12:13,715 - INFO - Epoch 307 - Train Loss: 14723.55542426328, Validation MRR: 0.027183037251234055, Learning Rate: 0.001
2026-05-22 06:12:16,735 - INFO - Memory cleaned.
2026-05-22 06:12:16,964 - INFO - Epoch[307] Complete. Time taken: 00:01:23.795
2026-05-22 06:13:37,530 - INFO - Epoch 308 - Train Loss: 14721.276353921585, Validation MRR: 0.027183037251234055, Learning Rate: 0.001
2026-05-22 06:13:40,551 - INFO - Memory cleaned.
2026-05-22 06:13:40,812 - INFO - Epoch[308] Complete. Time taken: 00:01:23.848
2026-05-22 06:15:01,511 - INFO - Epoch 309 - Train Loss: 14709.601968782672, Validation MRR: 0.027183037251234055, Learning Rate: 0.001
2026-05-22 06:15:04,536 - INFO - Memory cleaned.
2026-05-22 06:15:04,784 - INFO - Epoch[309] Complete. Time taken: 00:01:23.971
2026-05-22 06:16:25,356 - INFO - Epoch 310 - Train Loss: 14642.717603700388, Validation MRR: 0.027183037251234055, Learning Rate: 0.001
2026-05-22 06:16:28,376 - INFO - Memory cleaned.
2026-05-22 06:16:28,605 - INFO - Epoch[310] Complete. Time taken: 00:01:23.822
2026-05-22 06:17:49,221 - INFO - Epoch 311 - Train Loss: 14635.878204846971, Validation MRR: 0.027183037251234055, Learning Rate: 0.001
2026-05-22 06:17:52,277 - INFO - Memory cleaned.
2026-05-22 06:17:52,529 - INFO - Epoch[311] Complete. Time taken: 00:01:23.923
2026-05-22 06:19:13,364 - INFO - Epoch 312 - Train Loss: 14638.988601303845, Validation MRR: 0.027183037251234055, Learning Rate: 0.001
2026-05-22 06:19:16,429 - INFO - Memory cleaned.
2026-05-22 06:19:16,661 - INFO - Epoch[312] Complete. Time taken: 00:01:24.132
2026-05-22 06:20:37,499 - INFO - Epoch 313 - Train Loss: 14594.909139985773, Validation MRR: 0.027183037251234055, Learning Rate: 0.001
2026-05-22 06:20:40,558 - INFO - Memory cleaned.
2026-05-22 06:20:40,808 - INFO - Epoch[313] Complete. Time taken: 00:01:24.147
2026-05-22 06:22:01,655 - INFO - Epoch 314 - Train Loss: 14623.27824688287, Validation MRR: 0.027183037251234055, Learning Rate: 0.001
2026-05-22 06:22:04,710 - INFO - Memory cleaned.
2026-05-22 06:22:04,942 - INFO - Epoch[314] Complete. Time taken: 00:01:24.134
2026-05-22 06:23:25,815 - INFO - Epoch 315 - Train Loss: 14563.67853280245, Validation MRR: 0.027183037251234055, Learning Rate: 0.001
2026-05-22 06:23:28,872 - INFO - Memory cleaned.
2026-05-22 06:23:29,105 - INFO - Epoch[315] Complete. Time taken: 00:01:24.163
2026-05-22 06:24:50,024 - INFO - Epoch 316 - Train Loss: 14565.151268075266, Validation MRR: 0.027183037251234055, Learning Rate: 0.001
2026-05-22 06:24:53,078 - INFO - Memory cleaned.
2026-05-22 06:24:53,312 - INFO - Epoch[316] Complete. Time taken: 00:01:24.207
2026-05-22 06:26:14,501 - INFO - Epoch 317 - Train Loss: 14547.087224622592, Validation MRR: 0.027183037251234055, Learning Rate: 0.001
2026-05-22 06:26:17,565 - INFO - Memory cleaned.
2026-05-22 06:26:17,796 - INFO - Epoch[317] Complete. Time taken: 00:01:24.484
2026-05-22 06:27:38,690 - INFO - Epoch 318 - Train Loss: 14525.756948708868, Validation MRR: 0.027183037251234055, Learning Rate: 0.001
2026-05-22 06:27:41,749 - INFO - Memory cleaned.
2026-05-22 06:27:41,993 - INFO - Epoch[318] Complete. Time taken: 00:01:24.197
2026-05-22 06:29:02,911 - INFO - Epoch 319 - Train Loss: 14489.137343033248, Validation MRR: 0.027183037251234055, Learning Rate: 0.001
2026-05-22 06:29:05,972 - INFO - Memory cleaned.
2026-05-22 06:29:06,203 - INFO - Epoch[319] Complete. Time taken: 00:01:24.209
2026-05-22 06:30:27,056 - INFO - Epoch 320 - Train Loss: 14498.027808087423, Validation MRR: 0.027183037251234055, Learning Rate: 0.001
2026-05-22 06:30:30,120 - INFO - Memory cleaned.
2026-05-22 06:30:30,120 - INFO - Evaluating on validation set at epoch 320...
Link prediction evaluation:   0%|          | 0/2 [00:00<?, ?batch/s]Link prediction evaluation: 100%|██████████| 2/2 [00:00<00:00, 44.57batch/s]
2026-05-22 06:30:30,184 - INFO - Validation MRR: 0.028295638039708138
2026-05-22 06:30:30,417 - INFO - Epoch[320] Complete. Time taken: 00:01:24.214
2026-05-22 06:31:51,317 - INFO - Epoch 321 - Train Loss: 14471.75133428707, Validation MRR: 0.028295638039708138, Learning Rate: 0.001
2026-05-22 06:31:54,367 - INFO - Memory cleaned.
2026-05-22 06:31:54,576 - INFO - Epoch[321] Complete. Time taken: 00:01:24.159
2026-05-22 06:33:15,649 - INFO - Epoch 322 - Train Loss: 14444.180033546447, Validation MRR: 0.028295638039708138, Learning Rate: 0.001
2026-05-22 06:33:18,709 - INFO - Memory cleaned.
2026-05-22 06:33:18,959 - INFO - Epoch[322] Complete. Time taken: 00:01:24.382
2026-05-22 06:34:39,800 - INFO - Epoch 323 - Train Loss: 14449.667579776788, Validation MRR: 0.028295638039708138, Learning Rate: 0.001
2026-05-22 06:34:42,854 - INFO - Memory cleaned.
2026-05-22 06:34:43,087 - INFO - Epoch[323] Complete. Time taken: 00:01:24.128
2026-05-22 06:36:03,969 - INFO - Epoch 324 - Train Loss: 14412.64224506634, Validation MRR: 0.028295638039708138, Learning Rate: 0.001
2026-05-22 06:36:07,021 - INFO - Memory cleaned.
2026-05-22 06:36:07,252 - INFO - Epoch[324] Complete. Time taken: 00:01:24.165
2026-05-22 06:37:28,095 - INFO - Epoch 325 - Train Loss: 14371.749076113221, Validation MRR: 0.028295638039708138, Learning Rate: 0.001
2026-05-22 06:37:31,151 - INFO - Memory cleaned.
2026-05-22 06:37:31,403 - INFO - Epoch[325] Complete. Time taken: 00:01:24.151
2026-05-22 06:38:52,373 - INFO - Epoch 326 - Train Loss: 14398.183181174845, Validation MRR: 0.028295638039708138, Learning Rate: 0.001
2026-05-22 06:38:55,431 - INFO - Memory cleaned.
2026-05-22 06:38:55,661 - INFO - Epoch[326] Complete. Time taken: 00:01:24.257
2026-05-22 06:40:16,526 - INFO - Epoch 327 - Train Loss: 14388.392095231282, Validation MRR: 0.028295638039708138, Learning Rate: 0.001
2026-05-22 06:40:19,578 - INFO - Memory cleaned.
2026-05-22 06:40:19,823 - INFO - Epoch[327] Complete. Time taken: 00:01:24.163
2026-05-22 06:41:40,663 - INFO - Epoch 328 - Train Loss: 14321.971617901369, Validation MRR: 0.028295638039708138, Learning Rate: 0.001
2026-05-22 06:41:43,713 - INFO - Memory cleaned.
2026-05-22 06:41:43,977 - INFO - Epoch[328] Complete. Time taken: 00:01:24.153
2026-05-22 06:43:04,835 - INFO - Epoch 329 - Train Loss: 14302.00518374458, Validation MRR: 0.028295638039708138, Learning Rate: 0.001
2026-05-22 06:43:07,890 - INFO - Memory cleaned.
2026-05-22 06:43:08,121 - INFO - Epoch[329] Complete. Time taken: 00:01:24.144
2026-05-22 06:44:28,983 - INFO - Epoch 330 - Train Loss: 14301.495553754039, Validation MRR: 0.028295638039708138, Learning Rate: 0.001
2026-05-22 06:44:32,046 - INFO - Memory cleaned.
2026-05-22 06:44:32,302 - INFO - Epoch[330] Complete. Time taken: 00:01:24.181
2026-05-22 06:45:53,146 - INFO - Epoch 331 - Train Loss: 14296.538255345611, Validation MRR: 0.028295638039708138, Learning Rate: 0.001
2026-05-22 06:45:56,197 - INFO - Memory cleaned.
2026-05-22 06:45:56,431 - INFO - Epoch[331] Complete. Time taken: 00:01:24.129
2026-05-22 06:47:17,565 - INFO - Epoch 332 - Train Loss: 14296.825720160296, Validation MRR: 0.028295638039708138, Learning Rate: 0.001
2026-05-22 06:47:20,627 - INFO - Memory cleaned.
2026-05-22 06:47:20,887 - INFO - Epoch[332] Complete. Time taken: 00:01:24.456
2026-05-22 06:48:41,727 - INFO - Epoch 333 - Train Loss: 14268.730148070259, Validation MRR: 0.028295638039708138, Learning Rate: 0.001
2026-05-22 06:48:44,777 - INFO - Memory cleaned.
2026-05-22 06:48:45,028 - INFO - Epoch[333] Complete. Time taken: 00:01:24.141
2026-05-22 06:50:05,954 - INFO - Epoch 334 - Train Loss: 14249.860594403333, Validation MRR: 0.028295638039708138, Learning Rate: 0.001
2026-05-22 06:50:09,005 - INFO - Memory cleaned.
2026-05-22 06:50:09,252 - INFO - Epoch[334] Complete. Time taken: 00:01:24.224
2026-05-22 06:51:30,141 - INFO - Epoch 335 - Train Loss: 14217.549210298826, Validation MRR: 0.028295638039708138, Learning Rate: 0.001
2026-05-22 06:51:33,196 - INFO - Memory cleaned.
2026-05-22 06:51:33,429 - INFO - Epoch[335] Complete. Time taken: 00:01:24.177
2026-05-22 06:52:54,237 - INFO - Epoch 336 - Train Loss: 14222.307051341375, Validation MRR: 0.028295638039708138, Learning Rate: 0.001
2026-05-22 06:52:57,295 - INFO - Memory cleaned.
2026-05-22 06:52:57,526 - INFO - Epoch[336] Complete. Time taken: 00:01:24.097
2026-05-22 06:54:18,337 - INFO - Epoch 337 - Train Loss: 14194.363531074861, Validation MRR: 0.028295638039708138, Learning Rate: 0.001
2026-05-22 06:54:21,390 - INFO - Memory cleaned.
2026-05-22 06:54:21,624 - INFO - Epoch[337] Complete. Time taken: 00:01:24.098
2026-05-22 06:55:42,543 - INFO - Epoch 338 - Train Loss: 14215.446616846551, Validation MRR: 0.028295638039708138, Learning Rate: 0.001
2026-05-22 06:55:45,600 - INFO - Memory cleaned.
2026-05-22 06:55:45,833 - INFO - Epoch[338] Complete. Time taken: 00:01:24.208
2026-05-22 06:57:06,637 - INFO - Epoch 339 - Train Loss: 14170.494276199106, Validation MRR: 0.028295638039708138, Learning Rate: 0.001
2026-05-22 06:57:09,688 - INFO - Memory cleaned.
2026-05-22 06:57:09,933 - INFO - Epoch[339] Complete. Time taken: 00:01:24.099
2026-05-22 06:58:30,692 - INFO - Epoch 340 - Train Loss: 14160.074299571283, Validation MRR: 0.028295638039708138, Learning Rate: 0.001
2026-05-22 06:58:33,750 - INFO - Memory cleaned.
2026-05-22 06:58:33,750 - INFO - Evaluating on validation set at epoch 340...
Link prediction evaluation:   0%|          | 0/2 [00:00<?, ?batch/s]Link prediction evaluation: 100%|██████████| 2/2 [00:00<00:00, 44.39batch/s]
2026-05-22 06:58:33,813 - INFO - Validation MRR: 0.03176446631550789
2026-05-22 06:58:33,813 ignite.handlers.early_stopping.EarlyStopping INFO: EarlyStopping: Stop training
2026-05-22 06:58:33,813 - INFO - Terminate signaled. Engine will stop after current iteration is finished.
2026-05-22 06:58:34,040 - INFO - Training completed after 340 epochs.
2026-05-22 06:58:34,040 - INFO - Engine run complete. Time taken: 07:56:13.365
2026-05-22 06:58:37,989 - INFO - Loading best model.
2026-05-22 06:58:37,992 - INFO - Best model is ./checkpoints/best_model_checkpoint_val_mrr=0.0667.pt
2026-05-22 06:58:37,992 - WARNING - /lustre/fswork/projects/rech/rnk/ufq76hz/dr_benchmark/dev/run_training.py:820: FutureWarning: You are using `torch.load` with `weights_only=False` (the current default value), which uses the default pickle module implicitly. It is possible to construct malicious pickle data which will execute arbitrary code during unpickling (See https://github.com/pytorch/pytorch/blob/main/SECURITY.md#untrusted-models for more details). In a future release, the default value for `weights_only` will be flipped to `True`. This limits the functions that could be executed during unpickling. Arbitrary objects will no longer be allowed to be loaded via this mode unless they are explicitly allowlisted by the user via `torch.serialization.add_safe_globals`. We recommend you start setting `weights_only=True` for any use case where you don't have full control of the loaded file. Please open an issue on GitHub for any issues related to this experimental feature.
  checkpoint = torch.load(os.path.join(checkpoint_dir, best_model), map_location=device)

2026-05-22 06:58:38,845 - INFO - Best model successfully loaded.
2026-05-22 06:58:38,845 - INFO - Evaluating on the test set with best model...
CtD
Link prediction evaluation:   0%|          | 0/2 [00:00<?, ?batch/s]Link prediction evaluation: 100%|██████████| 2/2 [00:00<00:00, 48.64batch/s]
2026-05-22 06:58:38,905 - INFO - Final Test MRR with best model: 0.07606828957796097
2026-05-22 06:58:38,905 - INFO - Final Test Hits@10 with best model: 0.14179104194045067
Link prediction evaluation:   0%|          | 0/1 [00:00<?, ?batch/s]Link prediction evaluation: 100%|██████████| 1/1 [00:00<00:00, 46.87batch/s]
Link prediction evaluation:   0%|          | 0/1 [00:00<?, ?batch/s]Link prediction evaluation: 100%|██████████| 1/1 [00:00<00:00, 66.95batch/s]
2026-05-22 06:58:46,131 - INFO - MRR for frequent nodes (threshold=10) in relation CtD: 0.09205376356840134
2026-05-22 06:58:46,131 - INFO - MRR for infrequent nodes (threshold=10) in relation CtD: 0.052386097609996796
2026-05-22 06:58:46,131 - INFO - Hits@10 for frequent nodes (threshold=10) in relation CtD: 0.18749999720603228
2026-05-22 06:58:46,131 - INFO - Hits@10 for infrequent nodes (threshold=10) in relation CtD: 0.07407407462596893
2026-05-22 06:58:46,134 - INFO - MRR evaluation results stored in ./evaluation_metrics.yaml
2026-05-22 06:58:46,138 - INFO - Hit@10 evaluation results stored in ./evaluation_hit@10.yaml
Link prediction evaluation:   0%|          | 0/1 [00:00<?, ?batch/s]Link prediction evaluation: 100%|██████████| 1/1 [00:00<00:00, 162.99batch/s]
Link prediction evaluation:   0%|          | 0/1 [00:00<?, ?batch/s]Link prediction evaluation: 100%|██████████| 1/1 [00:00<00:00, 187.70batch/s]
2026-05-22 06:58:46,204 - INFO - MRR on inference set: 0.05453619733452797
2026-05-22 06:58:46,206 - INFO - Evaluation results stored in ./inference_metrics.yaml
