2026-05-21 20:53:31,904 - WARNING - /linkhome/rech/genuyp01/ufq76hz/.conda/envs/torch_pyg/lib/python3.10/site-packages/ignite/handlers/checkpoint.py:16: DeprecationWarning: `TorchScript` support for functional optimizers is deprecated and will be removed in a future PyTorch release. Consider using the `torch.compile` optimizer instead.
  from torch.distributed.optim import ZeroRedundancyOptimizer

2026-05-21 20:53:32,022 - INFO - Configuration loaded:
{
    "common": {
        "seed": 42,
        "input_pkl": "/lustre/fswork/projects/rech/rnk/ufq76hz/dr_benchmark/DL3experiment/cold_start/hetionet_processing_disease",
        "out": "./",
        "run_kg_prep": false,
        "run_training": true,
        "run_evaluation": true,
        "plot_training_metrics": true,
        "run_inference": "/lustre/fswork/projects/rech/rnk/ufq76hz/dr_benchmark/knowledge_graph/hetionet_orphan_associations_only.tsv"
    },
    "model": {
        "name": "ANALOGY",
        "emb_dim": 200,
        "margin": 1
    },
    "sampler": {
        "name": "Mixed",
        "n_neg": 5
    },
    "optimizer": {
        "name": "Adam",
        "params": {
            "lr": 0.001,
            "weight_decay": 0.001
        }
    },
    "training": {
        "max_epochs": 500,
        "batch_size": 4096,
        "eval_interval": 20,
        "eval_batch_size": 64,
        "patience": 10
    },
    "evaluation": {
        "made_directed_relations": [
            "DrD",
            "DrD_inv",
            "CrC",
            "CrC_inv",
            "GiG",
            "GiG_inv",
            "GcG",
            "GcG_inv"
        ],
        "target_relations": [
            "CtD"
        ],
        "thresholds": [
            10,
            5
        ]
    }
}
2026-05-21 20:53:32,022 - INFO - Setting number of threads to 5
2026-05-21 20:53:32,250 - INFO - Loading parameters from params.yaml
2026-05-21 20:53:32,250 - INFO - Output folder: ./
2026-05-21 20:53:32,250 - INFO - Loading KG...
2026-05-21 20:54:27,270 - INFO - Done
2026-05-21 20:54:27,315 - INFO - Detected device: cuda
2026-05-21 20:54:27,322 - INFO - Initializing model...
2026-05-21 20:54:27,322 - WARNING - /lustre/fswork/projects/rech/rnk/ufq76hz/dr_benchmark/dev/run_training.py:186: UserWarning: The 'scalar_share' field is missing for model ANALOGY. Defaulting to 0.5.
  warnings.warn(f"The 'scalar_share' field is missing for model {model_name}. Defaulting to 0.5.")

2026-05-21 20:54:27,724 - INFO - Optimizer 'Adam' initialized with parameters: {'lr': 0.001, 'weight_decay': 0.001}
2026-05-21 20:54:27,724 - INFO - Initializing sampler...
2026-05-21 20:54:57,853 - WARNING - /lustre/fswork/projects/rech/rnk/ufq76hz/dr_benchmark/dev/run_training.py:298: UserWarning: No learning rate scheduler specified in the configuration.
  warnings.warn("No learning rate scheduler specified in the configuration.")

2026-05-21 20:54:57,868 - INFO - Number of training batches: 602
2026-05-21 20:54:57,878 - INFO - Engine run starting with max_epochs=500.
2026-05-21 20:56:22,226 - INFO - Epoch 1 - Train Loss: 51715.89498189227, Validation MRR: 0, Learning Rate: 0.001
2026-05-21 20:56:25,573 - INFO - Memory cleaned.
2026-05-21 20:56:25,868 - INFO - Epoch[1] Complete. Time taken: 00:01:27.989
2026-05-21 20:57:49,117 - INFO - Epoch 2 - Train Loss: 39459.6384830081, Validation MRR: 0, Learning Rate: 0.001
2026-05-21 20:57:52,316 - INFO - Memory cleaned.
2026-05-21 20:57:52,578 - INFO - Epoch[2] Complete. Time taken: 00:01:26.711
2026-05-21 20:59:15,379 - INFO - Epoch 3 - Train Loss: 31212.054516063585, Validation MRR: 0, Learning Rate: 0.001
2026-05-21 20:59:18,545 - INFO - Memory cleaned.
2026-05-21 20:59:18,837 - INFO - Epoch[3] Complete. Time taken: 00:01:26.258
2026-05-21 21:00:41,639 - INFO - Epoch 4 - Train Loss: 25678.132192196703, Validation MRR: 0, Learning Rate: 0.001
2026-05-21 21:00:44,822 - INFO - Memory cleaned.
2026-05-21 21:00:45,127 - INFO - Epoch[4] Complete. Time taken: 00:01:26.290
2026-05-21 21:02:07,822 - INFO - Epoch 5 - Train Loss: 21821.26682960767, Validation MRR: 0, Learning Rate: 0.001
2026-05-21 21:02:11,060 - INFO - Memory cleaned.
2026-05-21 21:02:11,361 - INFO - Epoch[5] Complete. Time taken: 00:01:26.234
2026-05-21 21:03:34,171 - INFO - Epoch 6 - Train Loss: 18707.648680182952, Validation MRR: 0, Learning Rate: 0.001
2026-05-21 21:03:37,345 - INFO - Memory cleaned.
2026-05-21 21:03:37,651 - INFO - Epoch[6] Complete. Time taken: 00:01:26.290
2026-05-21 21:05:00,499 - INFO - Epoch 7 - Train Loss: 16181.762348261387, Validation MRR: 0, Learning Rate: 0.001
2026-05-21 21:05:03,690 - INFO - Memory cleaned.
2026-05-21 21:05:03,989 - INFO - Epoch[7] Complete. Time taken: 00:01:26.338
2026-05-21 21:06:26,888 - INFO - Epoch 8 - Train Loss: 14175.829802275102, Validation MRR: 0, Learning Rate: 0.001
2026-05-21 21:06:30,084 - INFO - Memory cleaned.
2026-05-21 21:06:30,384 - INFO - Epoch[8] Complete. Time taken: 00:01:26.394
2026-05-21 21:07:53,424 - INFO - Epoch 9 - Train Loss: 12548.575647797885, Validation MRR: 0, Learning Rate: 0.001
2026-05-21 21:07:56,587 - INFO - Memory cleaned.
2026-05-21 21:07:56,882 - INFO - Epoch[9] Complete. Time taken: 00:01:26.498
2026-05-21 21:09:19,842 - INFO - Epoch 10 - Train Loss: 11268.60812705107, Validation MRR: 0, Learning Rate: 0.001
2026-05-21 21:09:23,036 - INFO - Memory cleaned.
2026-05-21 21:09:23,342 - INFO - Epoch[10] Complete. Time taken: 00:01:26.460
2026-05-21 21:10:46,124 - INFO - Epoch 11 - Train Loss: 10268.523450985633, Validation MRR: 0, Learning Rate: 0.001
2026-05-21 21:10:49,326 - INFO - Memory cleaned.
2026-05-21 21:10:49,636 - INFO - Epoch[11] Complete. Time taken: 00:01:26.294
2026-05-21 21:12:12,557 - INFO - Epoch 12 - Train Loss: 9451.697199879489, Validation MRR: 0, Learning Rate: 0.001
2026-05-21 21:12:15,743 - INFO - Memory cleaned.
2026-05-21 21:12:16,057 - INFO - Epoch[12] Complete. Time taken: 00:01:26.421
2026-05-21 21:13:38,852 - INFO - Epoch 13 - Train Loss: 8872.553424708765, Validation MRR: 0, Learning Rate: 0.001
2026-05-21 21:13:42,043 - INFO - Memory cleaned.
2026-05-21 21:13:42,346 - INFO - Epoch[13] Complete. Time taken: 00:01:26.289
2026-05-21 21:15:05,305 - INFO - Epoch 14 - Train Loss: 8359.977787972928, Validation MRR: 0, Learning Rate: 0.001
2026-05-21 21:15:08,496 - INFO - Memory cleaned.
2026-05-21 21:15:08,805 - INFO - Epoch[14] Complete. Time taken: 00:01:26.459
2026-05-21 21:16:31,831 - INFO - Epoch 15 - Train Loss: 7899.24303688103, Validation MRR: 0, Learning Rate: 0.001
2026-05-21 21:16:35,006 - INFO - Memory cleaned.
2026-05-21 21:16:35,306 - INFO - Epoch[15] Complete. Time taken: 00:01:26.500
2026-05-21 21:17:58,116 - INFO - Epoch 16 - Train Loss: 7588.617254071945, Validation MRR: 0, Learning Rate: 0.001
2026-05-21 21:18:01,304 - INFO - Memory cleaned.
2026-05-21 21:18:01,617 - INFO - Epoch[16] Complete. Time taken: 00:01:26.311
2026-05-21 21:19:24,488 - INFO - Epoch 17 - Train Loss: 7251.606727580109, Validation MRR: 0, Learning Rate: 0.001
2026-05-21 21:19:27,646 - INFO - Memory cleaned.
2026-05-21 21:19:27,953 - INFO - Epoch[17] Complete. Time taken: 00:01:26.335
2026-05-21 21:20:50,867 - INFO - Epoch 18 - Train Loss: 6996.194690232802, Validation MRR: 0, Learning Rate: 0.001
2026-05-21 21:20:54,058 - INFO - Memory cleaned.
2026-05-21 21:20:54,379 - INFO - Epoch[18] Complete. Time taken: 00:01:26.426
2026-05-21 21:22:17,195 - INFO - Epoch 19 - Train Loss: 6777.390277824435, Validation MRR: 0, Learning Rate: 0.001
2026-05-21 21:22:20,389 - INFO - Memory cleaned.
2026-05-21 21:22:20,699 - INFO - Epoch[19] Complete. Time taken: 00:01:26.320
2026-05-21 21:23:43,646 - INFO - Epoch 20 - Train Loss: 6610.815064260247, Validation MRR: 0, Learning Rate: 0.001
2026-05-21 21:23:46,837 - INFO - Memory cleaned.
2026-05-21 21:23:46,837 - INFO - Evaluating on validation set at epoch 20...
Link prediction evaluation:   0%|          | 0/3 [00:00<?, ?batch/s]Link prediction evaluation:  33%|███▎      | 1/3 [00:00<00:00,  9.86batch/s]Link prediction evaluation: 100%|██████████| 3/3 [00:00<00:00, 16.72batch/s]
2026-05-21 21:23:47,024 - INFO - Validation MRR: 0.024882890284061432
2026-05-21 21:23:47,564 - INFO - Epoch[20] Complete. Time taken: 00:01:26.865
2026-05-21 21:25:10,321 - INFO - Epoch 21 - Train Loss: 6457.772239113248, Validation MRR: 0.024882890284061432, Learning Rate: 0.001
2026-05-21 21:25:13,505 - INFO - Memory cleaned.
2026-05-21 21:25:13,816 - INFO - Epoch[21] Complete. Time taken: 00:01:26.252
2026-05-21 21:26:36,780 - INFO - Epoch 22 - Train Loss: 6320.931475347961, Validation MRR: 0.024882890284061432, Learning Rate: 0.001
2026-05-21 21:26:39,956 - INFO - Memory cleaned.
2026-05-21 21:26:40,276 - INFO - Epoch[22] Complete. Time taken: 00:01:26.460
2026-05-21 21:28:03,178 - INFO - Epoch 23 - Train Loss: 6217.143758558946, Validation MRR: 0.024882890284061432, Learning Rate: 0.001
2026-05-21 21:28:06,350 - INFO - Memory cleaned.
2026-05-21 21:28:06,675 - INFO - Epoch[23] Complete. Time taken: 00:01:26.399
2026-05-21 21:29:29,486 - INFO - Epoch 24 - Train Loss: 6128.6119357997195, Validation MRR: 0.024882890284061432, Learning Rate: 0.001
2026-05-21 21:29:32,672 - INFO - Memory cleaned.
2026-05-21 21:29:32,987 - INFO - Epoch[24] Complete. Time taken: 00:01:26.311
2026-05-21 21:30:55,838 - INFO - Epoch 25 - Train Loss: 6018.649648799183, Validation MRR: 0.024882890284061432, Learning Rate: 0.001
2026-05-21 21:30:59,031 - INFO - Memory cleaned.
2026-05-21 21:30:59,353 - INFO - Epoch[25] Complete. Time taken: 00:01:26.366
2026-05-21 21:32:22,257 - INFO - Epoch 26 - Train Loss: 5944.438661734811, Validation MRR: 0.024882890284061432, Learning Rate: 0.001
2026-05-21 21:32:25,433 - INFO - Memory cleaned.
2026-05-21 21:32:25,765 - INFO - Epoch[26] Complete. Time taken: 00:01:26.411
2026-05-21 21:33:48,496 - INFO - Epoch 27 - Train Loss: 5849.174038658299, Validation MRR: 0.024882890284061432, Learning Rate: 0.001
2026-05-21 21:33:51,658 - INFO - Memory cleaned.
2026-05-21 21:33:51,978 - INFO - Epoch[27] Complete. Time taken: 00:01:26.213
2026-05-21 21:35:14,884 - INFO - Epoch 28 - Train Loss: 5805.369993613748, Validation MRR: 0.024882890284061432, Learning Rate: 0.001
2026-05-21 21:35:18,067 - INFO - Memory cleaned.
2026-05-21 21:35:18,388 - INFO - Epoch[28] Complete. Time taken: 00:01:26.409
2026-05-21 21:36:41,264 - INFO - Epoch 29 - Train Loss: 5739.880333727524, Validation MRR: 0.024882890284061432, Learning Rate: 0.001
2026-05-21 21:36:44,457 - INFO - Memory cleaned.
2026-05-21 21:36:44,785 - INFO - Epoch[29] Complete. Time taken: 00:01:26.397
2026-05-21 21:38:07,715 - INFO - Epoch 30 - Train Loss: 5705.437945330229, Validation MRR: 0.024882890284061432, Learning Rate: 0.001
2026-05-21 21:38:10,898 - INFO - Memory cleaned.
2026-05-21 21:38:11,219 - INFO - Epoch[30] Complete. Time taken: 00:01:26.434
2026-05-21 21:39:34,004 - INFO - Epoch 31 - Train Loss: 5638.465433952654, Validation MRR: 0.024882890284061432, Learning Rate: 0.001
2026-05-21 21:39:37,193 - INFO - Memory cleaned.
2026-05-21 21:39:37,516 - INFO - Epoch[31] Complete. Time taken: 00:01:26.297
2026-05-21 21:41:00,364 - INFO - Epoch 32 - Train Loss: 5597.116689659011, Validation MRR: 0.024882890284061432, Learning Rate: 0.001
2026-05-21 21:41:03,551 - INFO - Memory cleaned.
2026-05-21 21:41:03,875 - INFO - Epoch[32] Complete. Time taken: 00:01:26.359
2026-05-21 21:42:26,800 - INFO - Epoch 33 - Train Loss: 5565.483366237809, Validation MRR: 0.024882890284061432, Learning Rate: 0.001
2026-05-21 21:42:29,951 - INFO - Memory cleaned.
2026-05-21 21:42:30,272 - INFO - Epoch[33] Complete. Time taken: 00:01:26.397
2026-05-21 21:43:53,011 - INFO - Epoch 34 - Train Loss: 5541.545090300108, Validation MRR: 0.024882890284061432, Learning Rate: 0.001
2026-05-21 21:43:56,189 - INFO - Memory cleaned.
2026-05-21 21:43:56,571 - INFO - Epoch[34] Complete. Time taken: 00:01:26.299
2026-05-21 21:45:19,416 - INFO - Epoch 35 - Train Loss: 5480.829586185726, Validation MRR: 0.024882890284061432, Learning Rate: 0.001
2026-05-21 21:45:22,602 - INFO - Memory cleaned.
2026-05-21 21:45:22,928 - INFO - Epoch[35] Complete. Time taken: 00:01:26.357
2026-05-21 21:46:45,742 - INFO - Epoch 36 - Train Loss: 5462.549049508315, Validation MRR: 0.024882890284061432, Learning Rate: 0.001
2026-05-21 21:46:48,930 - INFO - Memory cleaned.
2026-05-21 21:46:49,254 - INFO - Epoch[36] Complete. Time taken: 00:01:26.325
2026-05-21 21:48:12,028 - INFO - Epoch 37 - Train Loss: 5419.758183599889, Validation MRR: 0.024882890284061432, Learning Rate: 0.001
2026-05-21 21:48:15,210 - INFO - Memory cleaned.
2026-05-21 21:48:15,533 - INFO - Epoch[37] Complete. Time taken: 00:01:26.279
2026-05-21 21:49:38,441 - INFO - Epoch 38 - Train Loss: 5405.980636928684, Validation MRR: 0.024882890284061432, Learning Rate: 0.001
2026-05-21 21:49:41,631 - INFO - Memory cleaned.
2026-05-21 21:49:41,953 - INFO - Epoch[38] Complete. Time taken: 00:01:26.420
2026-05-21 21:51:04,693 - INFO - Epoch 39 - Train Loss: 5376.273023555352, Validation MRR: 0.024882890284061432, Learning Rate: 0.001
2026-05-21 21:51:07,917 - INFO - Memory cleaned.
2026-05-21 21:51:08,250 - INFO - Epoch[39] Complete. Time taken: 00:01:26.297
2026-05-21 21:52:31,166 - INFO - Epoch 40 - Train Loss: 5373.9497812507, Validation MRR: 0.024882890284061432, Learning Rate: 0.001
2026-05-21 21:52:34,355 - INFO - Memory cleaned.
2026-05-21 21:52:34,355 - INFO - Evaluating on validation set at epoch 40...
Link prediction evaluation:   0%|          | 0/3 [00:00<?, ?batch/s]Link prediction evaluation:  67%|██████▋   | 2/3 [00:00<00:00, 18.21batch/s]Link prediction evaluation: 100%|██████████| 3/3 [00:00<00:00, 22.21batch/s]
2026-05-21 21:52:34,491 - INFO - Validation MRR: 0.028669122606515884
2026-05-21 21:52:35,039 - INFO - Epoch[40] Complete. Time taken: 00:01:26.789
2026-05-21 21:53:57,913 - INFO - Epoch 41 - Train Loss: 5315.689825351465, Validation MRR: 0.028669122606515884, Learning Rate: 0.001
2026-05-21 21:54:01,074 - INFO - Memory cleaned.
2026-05-21 21:54:01,391 - INFO - Epoch[41] Complete. Time taken: 00:01:26.351
2026-05-21 21:55:24,204 - INFO - Epoch 42 - Train Loss: 5321.050813054615, Validation MRR: 0.028669122606515884, Learning Rate: 0.001
2026-05-21 21:55:27,390 - INFO - Memory cleaned.
2026-05-21 21:55:27,724 - INFO - Epoch[42] Complete. Time taken: 00:01:26.333
2026-05-21 21:56:50,610 - INFO - Epoch 43 - Train Loss: 5257.438880544524, Validation MRR: 0.028669122606515884, Learning Rate: 0.001
2026-05-21 21:56:53,802 - INFO - Memory cleaned.
2026-05-21 21:56:54,137 - INFO - Epoch[43] Complete. Time taken: 00:01:26.413
2026-05-21 21:58:16,932 - INFO - Epoch 44 - Train Loss: 5242.824789345565, Validation MRR: 0.028669122606515884, Learning Rate: 0.001
2026-05-21 21:58:20,104 - INFO - Memory cleaned.
2026-05-21 21:58:20,424 - INFO - Epoch[44] Complete. Time taken: 00:01:26.287
2026-05-21 21:59:43,371 - INFO - Epoch 45 - Train Loss: 5248.226360178116, Validation MRR: 0.028669122606515884, Learning Rate: 0.001
2026-05-21 21:59:46,696 - INFO - Memory cleaned.
2026-05-21 21:59:46,992 - INFO - Epoch[45] Complete. Time taken: 00:01:26.568
2026-05-21 22:01:10,057 - INFO - Epoch 46 - Train Loss: 5222.408964918466, Validation MRR: 0.028669122606515884, Learning Rate: 0.001
2026-05-21 22:01:13,237 - INFO - Memory cleaned.
2026-05-21 22:01:13,552 - INFO - Epoch[46] Complete. Time taken: 00:01:26.559
2026-05-21 22:02:36,315 - INFO - Epoch 47 - Train Loss: 5240.5639114061405, Validation MRR: 0.028669122606515884, Learning Rate: 0.001
2026-05-21 22:02:39,504 - INFO - Memory cleaned.
2026-05-21 22:02:39,821 - INFO - Epoch[47] Complete. Time taken: 00:01:26.269
2026-05-21 22:04:02,699 - INFO - Epoch 48 - Train Loss: 5186.810262145463, Validation MRR: 0.028669122606515884, Learning Rate: 0.001
2026-05-21 22:04:05,881 - INFO - Memory cleaned.
2026-05-21 22:04:06,195 - INFO - Epoch[48] Complete. Time taken: 00:01:26.374
2026-05-21 22:05:29,043 - INFO - Epoch 49 - Train Loss: 5197.968010595853, Validation MRR: 0.028669122606515884, Learning Rate: 0.001
2026-05-21 22:05:32,234 - INFO - Memory cleaned.
2026-05-21 22:05:32,551 - INFO - Epoch[49] Complete. Time taken: 00:01:26.355
2026-05-21 22:06:55,392 - INFO - Epoch 50 - Train Loss: 5181.753253784583, Validation MRR: 0.028669122606515884, Learning Rate: 0.001
2026-05-21 22:06:58,579 - INFO - Memory cleaned.
2026-05-21 22:06:58,892 - INFO - Epoch[50] Complete. Time taken: 00:01:26.341
2026-05-21 22:08:21,775 - INFO - Epoch 51 - Train Loss: 5176.250512817905, Validation MRR: 0.028669122606515884, Learning Rate: 0.001
2026-05-21 22:08:24,966 - INFO - Memory cleaned.
2026-05-21 22:08:25,285 - INFO - Epoch[51] Complete. Time taken: 00:01:26.393
2026-05-21 22:09:48,074 - INFO - Epoch 52 - Train Loss: 5153.320768363144, Validation MRR: 0.028669122606515884, Learning Rate: 0.001
2026-05-21 22:09:51,264 - INFO - Memory cleaned.
2026-05-21 22:09:51,574 - INFO - Epoch[52] Complete. Time taken: 00:01:26.289
2026-05-21 22:11:14,292 - INFO - Epoch 53 - Train Loss: 5143.609183450699, Validation MRR: 0.028669122606515884, Learning Rate: 0.001
2026-05-21 22:11:17,498 - INFO - Memory cleaned.
2026-05-21 22:11:17,781 - INFO - Epoch[53] Complete. Time taken: 00:01:26.206
2026-05-21 22:12:40,683 - INFO - Epoch 54 - Train Loss: 5158.099171806455, Validation MRR: 0.028669122606515884, Learning Rate: 0.001
2026-05-21 22:12:43,861 - INFO - Memory cleaned.
2026-05-21 22:12:44,202 - INFO - Epoch[54] Complete. Time taken: 00:01:26.421
2026-05-21 22:14:07,073 - INFO - Epoch 55 - Train Loss: 5117.254368373628, Validation MRR: 0.028669122606515884, Learning Rate: 0.001
2026-05-21 22:14:10,264 - INFO - Memory cleaned.
2026-05-21 22:14:10,589 - INFO - Epoch[55] Complete. Time taken: 00:01:26.387
2026-05-21 22:15:33,697 - INFO - Epoch 56 - Train Loss: 5124.396443342033, Validation MRR: 0.028669122606515884, Learning Rate: 0.001
2026-05-21 22:15:36,882 - INFO - Memory cleaned.
2026-05-21 22:15:37,203 - INFO - Epoch[56] Complete. Time taken: 00:01:26.614
2026-05-21 22:17:00,100 - INFO - Epoch 57 - Train Loss: 5097.902267771285, Validation MRR: 0.028669122606515884, Learning Rate: 0.001
2026-05-21 22:17:03,284 - INFO - Memory cleaned.
2026-05-21 22:17:03,603 - INFO - Epoch[57] Complete. Time taken: 00:01:26.400
2026-05-21 22:18:26,462 - INFO - Epoch 58 - Train Loss: 5109.093676996547, Validation MRR: 0.028669122606515884, Learning Rate: 0.001
2026-05-21 22:18:29,658 - INFO - Memory cleaned.
2026-05-21 22:18:29,982 - INFO - Epoch[58] Complete. Time taken: 00:01:26.379
2026-05-21 22:19:52,951 - INFO - Epoch 59 - Train Loss: 5108.068843831667, Validation MRR: 0.028669122606515884, Learning Rate: 0.001
2026-05-21 22:19:56,101 - INFO - Memory cleaned.
2026-05-21 22:19:56,420 - INFO - Epoch[59] Complete. Time taken: 00:01:26.438
2026-05-21 22:21:19,327 - INFO - Epoch 60 - Train Loss: 5063.618169891406, Validation MRR: 0.028669122606515884, Learning Rate: 0.001
2026-05-21 22:21:22,538 - INFO - Memory cleaned.
2026-05-21 22:21:22,538 - INFO - Evaluating on validation set at epoch 60...
Link prediction evaluation:   0%|          | 0/3 [00:00<?, ?batch/s]Link prediction evaluation:  67%|██████▋   | 2/3 [00:00<00:00, 17.45batch/s]Link prediction evaluation: 100%|██████████| 3/3 [00:00<00:00, 21.35batch/s]
2026-05-21 22:21:22,699 - INFO - Validation MRR: 0.03325437009334564
2026-05-21 22:21:23,275 - INFO - Epoch[60] Complete. Time taken: 00:01:26.855
2026-05-21 22:22:46,162 - INFO - Epoch 61 - Train Loss: 5079.054224631179, Validation MRR: 0.03325437009334564, Learning Rate: 0.001
2026-05-21 22:22:49,354 - INFO - Memory cleaned.
2026-05-21 22:22:49,677 - INFO - Epoch[61] Complete. Time taken: 00:01:26.402
2026-05-21 22:24:12,622 - INFO - Epoch 62 - Train Loss: 5054.530862136266, Validation MRR: 0.03325437009334564, Learning Rate: 0.001
2026-05-21 22:24:15,807 - INFO - Memory cleaned.
2026-05-21 22:24:16,129 - INFO - Epoch[62] Complete. Time taken: 00:01:26.452
2026-05-21 22:25:38,998 - INFO - Epoch 63 - Train Loss: 5059.526125746301, Validation MRR: 0.03325437009334564, Learning Rate: 0.001
2026-05-21 22:25:42,158 - INFO - Memory cleaned.
2026-05-21 22:25:42,482 - INFO - Epoch[63] Complete. Time taken: 00:01:26.353
2026-05-21 22:27:05,332 - INFO - Epoch 64 - Train Loss: 5046.446983968532, Validation MRR: 0.03325437009334564, Learning Rate: 0.001
2026-05-21 22:27:08,503 - INFO - Memory cleaned.
2026-05-21 22:27:08,841 - INFO - Epoch[64] Complete. Time taken: 00:01:26.359
2026-05-21 22:28:31,768 - INFO - Epoch 65 - Train Loss: 5012.588578925753, Validation MRR: 0.03325437009334564, Learning Rate: 0.001
2026-05-21 22:28:35,008 - INFO - Memory cleaned.
2026-05-21 22:28:35,329 - INFO - Epoch[65] Complete. Time taken: 00:01:26.487
2026-05-21 22:29:58,162 - INFO - Epoch 66 - Train Loss: 5016.857311496322, Validation MRR: 0.03325437009334564, Learning Rate: 0.001
2026-05-21 22:30:01,344 - INFO - Memory cleaned.
2026-05-21 22:30:01,675 - INFO - Epoch[66] Complete. Time taken: 00:01:26.346
2026-05-21 22:31:24,613 - INFO - Epoch 67 - Train Loss: 5001.263870582115, Validation MRR: 0.03325437009334564, Learning Rate: 0.001
2026-05-21 22:31:27,803 - INFO - Memory cleaned.
2026-05-21 22:31:28,133 - INFO - Epoch[67] Complete. Time taken: 00:01:26.458
2026-05-21 22:32:50,918 - INFO - Epoch 68 - Train Loss: 4999.701378863276, Validation MRR: 0.03325437009334564, Learning Rate: 0.001
2026-05-21 22:32:54,112 - INFO - Memory cleaned.
2026-05-21 22:32:54,434 - INFO - Epoch[68] Complete. Time taken: 00:01:26.301
2026-05-21 22:34:17,404 - INFO - Epoch 69 - Train Loss: 5011.399606951668, Validation MRR: 0.03325437009334564, Learning Rate: 0.001
2026-05-21 22:34:20,592 - INFO - Memory cleaned.
2026-05-21 22:34:20,920 - INFO - Epoch[69] Complete. Time taken: 00:01:26.487
2026-05-21 22:35:43,810 - INFO - Epoch 70 - Train Loss: 4998.002736787792, Validation MRR: 0.03325437009334564, Learning Rate: 0.001
2026-05-21 22:35:46,992 - INFO - Memory cleaned.
2026-05-21 22:35:47,327 - INFO - Epoch[70] Complete. Time taken: 00:01:26.406
2026-05-21 22:37:09,902 - INFO - Epoch 71 - Train Loss: 4997.250878450536, Validation MRR: 0.03325437009334564, Learning Rate: 0.001
2026-05-21 22:37:13,089 - INFO - Memory cleaned.
2026-05-21 22:37:13,409 - INFO - Epoch[71] Complete. Time taken: 00:01:26.082
2026-05-21 22:38:36,010 - INFO - Epoch 72 - Train Loss: 4992.71673534297, Validation MRR: 0.03325437009334564, Learning Rate: 0.001
2026-05-21 22:38:39,197 - INFO - Memory cleaned.
2026-05-21 22:38:39,519 - INFO - Epoch[72] Complete. Time taken: 00:01:26.110
2026-05-21 22:40:01,991 - INFO - Epoch 73 - Train Loss: 4977.358696543815, Validation MRR: 0.03325437009334564, Learning Rate: 0.001
2026-05-21 22:40:05,183 - INFO - Memory cleaned.
2026-05-21 22:40:05,499 - INFO - Epoch[73] Complete. Time taken: 00:01:25.980
2026-05-21 22:41:28,264 - INFO - Epoch 74 - Train Loss: 4980.22317956494, Validation MRR: 0.03325437009334564, Learning Rate: 0.001
2026-05-21 22:41:31,432 - INFO - Memory cleaned.
2026-05-21 22:41:31,754 - INFO - Epoch[74] Complete. Time taken: 00:01:26.254
2026-05-21 22:42:54,275 - INFO - Epoch 75 - Train Loss: 4978.414628278749, Validation MRR: 0.03325437009334564, Learning Rate: 0.001
2026-05-21 22:42:57,452 - INFO - Memory cleaned.
2026-05-21 22:42:57,776 - INFO - Epoch[75] Complete. Time taken: 00:01:26.022
2026-05-21 22:44:20,232 - INFO - Epoch 76 - Train Loss: 4948.808649532972, Validation MRR: 0.03325437009334564, Learning Rate: 0.001
2026-05-21 22:44:23,411 - INFO - Memory cleaned.
2026-05-21 22:44:23,734 - INFO - Epoch[76] Complete. Time taken: 00:01:25.958
2026-05-21 22:45:46,117 - INFO - Epoch 77 - Train Loss: 4940.792504405438, Validation MRR: 0.03325437009334564, Learning Rate: 0.001
2026-05-21 22:45:49,290 - INFO - Memory cleaned.
2026-05-21 22:45:49,612 - INFO - Epoch[77] Complete. Time taken: 00:01:25.878
2026-05-21 22:47:12,015 - INFO - Epoch 78 - Train Loss: 4939.772985787859, Validation MRR: 0.03325437009334564, Learning Rate: 0.001
2026-05-21 22:47:15,191 - INFO - Memory cleaned.
2026-05-21 22:47:15,514 - INFO - Epoch[78] Complete. Time taken: 00:01:25.902
2026-05-21 22:48:37,833 - INFO - Epoch 79 - Train Loss: 4972.039942235932, Validation MRR: 0.03325437009334564, Learning Rate: 0.001
2026-05-21 22:48:41,009 - INFO - Memory cleaned.
2026-05-21 22:48:41,331 - INFO - Epoch[79] Complete. Time taken: 00:01:25.817
2026-05-21 22:50:03,825 - INFO - Epoch 80 - Train Loss: 4940.333352701217, Validation MRR: 0.03325437009334564, Learning Rate: 0.001
2026-05-21 22:50:07,004 - INFO - Memory cleaned.
2026-05-21 22:50:07,004 - INFO - Evaluating on validation set at epoch 80...
Link prediction evaluation:   0%|          | 0/3 [00:00<?, ?batch/s]Link prediction evaluation:  67%|██████▋   | 2/3 [00:00<00:00, 18.76batch/s]Link prediction evaluation: 100%|██████████| 3/3 [00:00<00:00, 22.76batch/s]
2026-05-21 22:50:07,138 - INFO - Validation MRR: 0.02880747616291046
2026-05-21 22:50:07,462 - INFO - Epoch[80] Complete. Time taken: 00:01:26.131
2026-05-21 22:51:29,731 - INFO - Epoch 81 - Train Loss: 4953.8462043767595, Validation MRR: 0.02880747616291046, Learning Rate: 0.001
2026-05-21 22:51:32,915 - INFO - Memory cleaned.
2026-05-21 22:51:33,242 - INFO - Epoch[81] Complete. Time taken: 00:01:25.780
2026-05-21 22:52:55,689 - INFO - Epoch 82 - Train Loss: 4933.303209630923, Validation MRR: 0.02880747616291046, Learning Rate: 0.001
2026-05-21 22:52:58,854 - INFO - Memory cleaned.
2026-05-21 22:52:59,216 - INFO - Epoch[82] Complete. Time taken: 00:01:25.974
2026-05-21 22:54:21,561 - INFO - Epoch 83 - Train Loss: 4945.403007867681, Validation MRR: 0.02880747616291046, Learning Rate: 0.001
2026-05-21 22:54:24,729 - INFO - Memory cleaned.
2026-05-21 22:54:25,052 - INFO - Epoch[83] Complete. Time taken: 00:01:25.835
2026-05-21 22:55:47,365 - INFO - Epoch 84 - Train Loss: 4929.290765430992, Validation MRR: 0.02880747616291046, Learning Rate: 0.001
2026-05-21 22:55:50,522 - INFO - Memory cleaned.
2026-05-21 22:55:50,858 - INFO - Epoch[84] Complete. Time taken: 00:01:25.807
2026-05-21 22:57:13,129 - INFO - Epoch 85 - Train Loss: 4932.418229552639, Validation MRR: 0.02880747616291046, Learning Rate: 0.001
2026-05-21 22:57:16,272 - INFO - Memory cleaned.
2026-05-21 22:57:16,597 - INFO - Epoch[85] Complete. Time taken: 00:01:25.738
2026-05-21 22:58:38,987 - INFO - Epoch 86 - Train Loss: 4926.67679555949, Validation MRR: 0.02880747616291046, Learning Rate: 0.001
2026-05-21 22:58:42,176 - INFO - Memory cleaned.
2026-05-21 22:58:42,499 - INFO - Epoch[86] Complete. Time taken: 00:01:25.902
2026-05-21 23:00:04,787 - INFO - Epoch 87 - Train Loss: 4914.670913656672, Validation MRR: 0.02880747616291046, Learning Rate: 0.001
2026-05-21 23:00:07,957 - INFO - Memory cleaned.
2026-05-21 23:00:08,283 - INFO - Epoch[87] Complete. Time taken: 00:01:25.784
2026-05-21 23:01:30,607 - INFO - Epoch 88 - Train Loss: 4900.0235536025375, Validation MRR: 0.02880747616291046, Learning Rate: 0.001
2026-05-21 23:01:33,743 - INFO - Memory cleaned.
2026-05-21 23:01:34,065 - INFO - Epoch[88] Complete. Time taken: 00:01:25.782
2026-05-21 23:02:56,421 - INFO - Epoch 89 - Train Loss: 4924.841150860879, Validation MRR: 0.02880747616291046, Learning Rate: 0.001
2026-05-21 23:02:59,591 - INFO - Memory cleaned.
2026-05-21 23:02:59,914 - INFO - Epoch[89] Complete. Time taken: 00:01:25.849
2026-05-21 23:04:22,253 - INFO - Epoch 90 - Train Loss: 4902.028579467662, Validation MRR: 0.02880747616291046, Learning Rate: 0.001
2026-05-21 23:04:25,432 - INFO - Memory cleaned.
2026-05-21 23:04:25,760 - INFO - Epoch[90] Complete. Time taken: 00:01:25.846
2026-05-21 23:05:48,411 - INFO - Epoch 91 - Train Loss: 4910.608330168781, Validation MRR: 0.02880747616291046, Learning Rate: 0.001
2026-05-21 23:05:51,565 - INFO - Memory cleaned.
2026-05-21 23:05:51,893 - INFO - Epoch[91] Complete. Time taken: 00:01:26.133
2026-05-21 23:07:14,148 - INFO - Epoch 92 - Train Loss: 4903.107929649992, Validation MRR: 0.02880747616291046, Learning Rate: 0.001
2026-05-21 23:07:17,308 - INFO - Memory cleaned.
2026-05-21 23:07:17,598 - INFO - Epoch[92] Complete. Time taken: 00:01:25.705
2026-05-21 23:08:39,983 - INFO - Epoch 93 - Train Loss: 4905.969155754374, Validation MRR: 0.02880747616291046, Learning Rate: 0.001
2026-05-21 23:08:43,157 - INFO - Memory cleaned.
2026-05-21 23:08:43,500 - INFO - Epoch[93] Complete. Time taken: 00:01:25.902
2026-05-21 23:10:05,719 - INFO - Epoch 94 - Train Loss: 4921.579082076491, Validation MRR: 0.02880747616291046, Learning Rate: 0.001
2026-05-21 23:10:08,910 - INFO - Memory cleaned.
2026-05-21 23:10:09,232 - INFO - Epoch[94] Complete. Time taken: 00:01:25.731
2026-05-21 23:11:31,460 - INFO - Epoch 95 - Train Loss: 4919.3717305999135, Validation MRR: 0.02880747616291046, Learning Rate: 0.001
2026-05-21 23:11:34,589 - INFO - Memory cleaned.
2026-05-21 23:11:34,912 - INFO - Epoch[95] Complete. Time taken: 00:01:25.680
2026-05-21 23:12:57,266 - INFO - Epoch 96 - Train Loss: 4904.149265048292, Validation MRR: 0.02880747616291046, Learning Rate: 0.001
2026-05-21 23:13:00,402 - INFO - Memory cleaned.
2026-05-21 23:13:00,721 - INFO - Epoch[96] Complete. Time taken: 00:01:25.809
2026-05-21 23:14:22,886 - INFO - Epoch 97 - Train Loss: 4872.414773291033, Validation MRR: 0.02880747616291046, Learning Rate: 0.001
2026-05-21 23:14:26,047 - INFO - Memory cleaned.
2026-05-21 23:14:26,372 - INFO - Epoch[97] Complete. Time taken: 00:01:25.650
2026-05-21 23:15:48,838 - INFO - Epoch 98 - Train Loss: 4882.884922029025, Validation MRR: 0.02880747616291046, Learning Rate: 0.001
2026-05-21 23:15:51,991 - INFO - Memory cleaned.
2026-05-21 23:15:52,329 - INFO - Epoch[98] Complete. Time taken: 00:01:25.957
2026-05-21 23:17:14,570 - INFO - Epoch 99 - Train Loss: 4884.02905409353, Validation MRR: 0.02880747616291046, Learning Rate: 0.001
2026-05-21 23:17:17,700 - INFO - Memory cleaned.
2026-05-21 23:17:18,028 - INFO - Epoch[99] Complete. Time taken: 00:01:25.699
2026-05-21 23:18:40,337 - INFO - Epoch 100 - Train Loss: 4850.1031262391825, Validation MRR: 0.02880747616291046, Learning Rate: 0.001
2026-05-21 23:18:43,488 - INFO - Memory cleaned.
2026-05-21 23:18:43,488 - INFO - Evaluating on validation set at epoch 100...
Link prediction evaluation:   0%|          | 0/3 [00:00<?, ?batch/s]Link prediction evaluation:  67%|██████▋   | 2/3 [00:00<00:00, 18.23batch/s]Link prediction evaluation: 100%|██████████| 3/3 [00:00<00:00, 22.15batch/s]
2026-05-21 23:18:43,626 - INFO - Validation MRR: 0.02624575048685074
2026-05-21 23:18:43,944 - INFO - Epoch[100] Complete. Time taken: 00:01:25.916
2026-05-21 23:20:06,298 - INFO - Epoch 101 - Train Loss: 4873.431349158987, Validation MRR: 0.02624575048685074, Learning Rate: 0.001
2026-05-21 23:20:09,465 - INFO - Memory cleaned.
2026-05-21 23:20:09,793 - INFO - Epoch[101] Complete. Time taken: 00:01:25.849
2026-05-21 23:21:32,093 - INFO - Epoch 102 - Train Loss: 4859.7975129223405, Validation MRR: 0.02624575048685074, Learning Rate: 0.001
2026-05-21 23:21:35,239 - INFO - Memory cleaned.
2026-05-21 23:21:35,560 - INFO - Epoch[102] Complete. Time taken: 00:01:25.767
2026-05-21 23:22:57,785 - INFO - Epoch 103 - Train Loss: 4869.595960234862, Validation MRR: 0.02624575048685074, Learning Rate: 0.001
2026-05-21 23:23:00,939 - INFO - Memory cleaned.
2026-05-21 23:23:01,262 - INFO - Epoch[103] Complete. Time taken: 00:01:25.701
2026-05-21 23:24:23,373 - INFO - Epoch 104 - Train Loss: 4887.5901171229, Validation MRR: 0.02624575048685074, Learning Rate: 0.001
2026-05-21 23:24:26,544 - INFO - Memory cleaned.
2026-05-21 23:24:26,858 - INFO - Epoch[104] Complete. Time taken: 00:01:25.597
2026-05-21 23:25:49,122 - INFO - Epoch 105 - Train Loss: 4863.681035046883, Validation MRR: 0.02624575048685074, Learning Rate: 0.001
2026-05-21 23:25:52,273 - INFO - Memory cleaned.
2026-05-21 23:25:52,591 - INFO - Epoch[105] Complete. Time taken: 00:01:25.733
2026-05-21 23:27:14,830 - INFO - Epoch 106 - Train Loss: 4875.987785483467, Validation MRR: 0.02624575048685074, Learning Rate: 0.001
2026-05-21 23:27:17,980 - INFO - Memory cleaned.
2026-05-21 23:27:18,291 - INFO - Epoch[106] Complete. Time taken: 00:01:25.700
2026-05-21 23:28:40,423 - INFO - Epoch 107 - Train Loss: 4875.237679973479, Validation MRR: 0.02624575048685074, Learning Rate: 0.001
2026-05-21 23:28:43,569 - INFO - Memory cleaned.
2026-05-21 23:28:43,895 - INFO - Epoch[107] Complete. Time taken: 00:01:25.605
2026-05-21 23:30:06,494 - INFO - Epoch 108 - Train Loss: 4847.743688917216, Validation MRR: 0.02624575048685074, Learning Rate: 0.001
2026-05-21 23:30:09,641 - INFO - Memory cleaned.
2026-05-21 23:30:09,977 - INFO - Epoch[108] Complete. Time taken: 00:01:26.082
2026-05-21 23:31:32,298 - INFO - Epoch 109 - Train Loss: 4844.312605187186, Validation MRR: 0.02624575048685074, Learning Rate: 0.001
2026-05-21 23:31:35,443 - INFO - Memory cleaned.
2026-05-21 23:31:35,808 - INFO - Epoch[109] Complete. Time taken: 00:01:25.830
2026-05-21 23:32:58,017 - INFO - Epoch 110 - Train Loss: 4847.573940522867, Validation MRR: 0.02624575048685074, Learning Rate: 0.001
2026-05-21 23:33:01,136 - INFO - Memory cleaned.
2026-05-21 23:33:01,451 - INFO - Epoch[110] Complete. Time taken: 00:01:25.644
2026-05-21 23:34:23,711 - INFO - Epoch 111 - Train Loss: 4867.476118761639, Validation MRR: 0.02624575048685074, Learning Rate: 0.001
2026-05-21 23:34:26,837 - INFO - Memory cleaned.
2026-05-21 23:34:27,179 - INFO - Epoch[111] Complete. Time taken: 00:01:25.727
2026-05-21 23:35:49,336 - INFO - Epoch 112 - Train Loss: 4863.506701994174, Validation MRR: 0.02624575048685074, Learning Rate: 0.001
2026-05-21 23:35:52,488 - INFO - Memory cleaned.
2026-05-21 23:35:52,805 - INFO - Epoch[112] Complete. Time taken: 00:01:25.626
2026-05-21 23:37:15,020 - INFO - Epoch 113 - Train Loss: 4859.2239732750895, Validation MRR: 0.02624575048685074, Learning Rate: 0.001
2026-05-21 23:37:18,131 - INFO - Memory cleaned.
2026-05-21 23:37:18,442 - INFO - Epoch[113] Complete. Time taken: 00:01:25.637
2026-05-21 23:38:40,691 - INFO - Epoch 114 - Train Loss: 4867.980477775437, Validation MRR: 0.02624575048685074, Learning Rate: 0.001
2026-05-21 23:38:43,815 - INFO - Memory cleaned.
2026-05-21 23:38:44,139 - INFO - Epoch[114] Complete. Time taken: 00:01:25.697
2026-05-21 23:40:06,258 - INFO - Epoch 115 - Train Loss: 4875.431285982879, Validation MRR: 0.02624575048685074, Learning Rate: 0.001
2026-05-21 23:40:09,403 - INFO - Memory cleaned.
2026-05-21 23:40:09,721 - INFO - Epoch[115] Complete. Time taken: 00:01:25.581
2026-05-21 23:41:31,988 - INFO - Epoch 116 - Train Loss: 4844.720530738435, Validation MRR: 0.02624575048685074, Learning Rate: 0.001
2026-05-21 23:41:35,131 - INFO - Memory cleaned.
2026-05-21 23:41:35,446 - INFO - Epoch[116] Complete. Time taken: 00:01:25.725
2026-05-21 23:42:57,706 - INFO - Epoch 117 - Train Loss: 4843.2318664893555, Validation MRR: 0.02624575048685074, Learning Rate: 0.001
2026-05-21 23:43:00,848 - INFO - Memory cleaned.
2026-05-21 23:43:01,158 - INFO - Epoch[117] Complete. Time taken: 00:01:25.711
2026-05-21 23:44:23,410 - INFO - Epoch 118 - Train Loss: 4846.968843752584, Validation MRR: 0.02624575048685074, Learning Rate: 0.001
2026-05-21 23:44:26,556 - INFO - Memory cleaned.
2026-05-21 23:44:26,867 - INFO - Epoch[118] Complete. Time taken: 00:01:25.709
2026-05-21 23:45:49,003 - INFO - Epoch 119 - Train Loss: 4870.802038742968, Validation MRR: 0.02624575048685074, Learning Rate: 0.001
2026-05-21 23:45:52,145 - INFO - Memory cleaned.
2026-05-21 23:45:52,455 - INFO - Epoch[119] Complete. Time taken: 00:01:25.588
2026-05-21 23:47:14,758 - INFO - Epoch 120 - Train Loss: 4861.95775321368, Validation MRR: 0.02624575048685074, Learning Rate: 0.001
2026-05-21 23:47:17,891 - INFO - Memory cleaned.
2026-05-21 23:47:17,892 - INFO - Evaluating on validation set at epoch 120...
Link prediction evaluation:   0%|          | 0/3 [00:00<?, ?batch/s]Link prediction evaluation:  67%|██████▋   | 2/3 [00:00<00:00, 18.33batch/s]Link prediction evaluation: 100%|██████████| 3/3 [00:00<00:00, 22.35batch/s]
2026-05-21 23:47:18,054 - INFO - Validation MRR: 0.020662253722548485
2026-05-21 23:47:18,362 - INFO - Epoch[120] Complete. Time taken: 00:01:25.907
2026-05-21 23:48:40,685 - INFO - Epoch 121 - Train Loss: 4851.33215715236, Validation MRR: 0.020662253722548485, Learning Rate: 0.001
2026-05-21 23:48:43,824 - INFO - Memory cleaned.
2026-05-21 23:48:44,135 - INFO - Epoch[121] Complete. Time taken: 00:01:25.773
2026-05-21 23:50:06,484 - INFO - Epoch 122 - Train Loss: 4846.3197299610765, Validation MRR: 0.020662253722548485, Learning Rate: 0.001
2026-05-21 23:50:09,627 - INFO - Memory cleaned.
2026-05-21 23:50:09,938 - INFO - Epoch[122] Complete. Time taken: 00:01:25.803
2026-05-21 23:51:32,148 - INFO - Epoch 123 - Train Loss: 4856.190198106734, Validation MRR: 0.020662253722548485, Learning Rate: 0.001
2026-05-21 23:51:35,256 - INFO - Memory cleaned.
2026-05-21 23:51:35,566 - INFO - Epoch[123] Complete. Time taken: 00:01:25.628
2026-05-21 23:52:57,903 - INFO - Epoch 124 - Train Loss: 4831.242464336837, Validation MRR: 0.020662253722548485, Learning Rate: 0.001
2026-05-21 23:53:01,035 - INFO - Memory cleaned.
2026-05-21 23:53:01,357 - INFO - Epoch[124] Complete. Time taken: 00:01:25.791
2026-05-21 23:54:23,643 - INFO - Epoch 125 - Train Loss: 4848.059641349297, Validation MRR: 0.020662253722548485, Learning Rate: 0.001
2026-05-21 23:54:26,805 - INFO - Memory cleaned.
2026-05-21 23:54:27,123 - INFO - Epoch[125] Complete. Time taken: 00:01:25.765
2026-05-21 23:55:49,424 - INFO - Epoch 126 - Train Loss: 4818.588425683513, Validation MRR: 0.020662253722548485, Learning Rate: 0.001
2026-05-21 23:55:52,561 - INFO - Memory cleaned.
2026-05-21 23:55:52,876 - INFO - Epoch[126] Complete. Time taken: 00:01:25.753
2026-05-21 23:57:15,262 - INFO - Epoch 127 - Train Loss: 4836.693454864998, Validation MRR: 0.020662253722548485, Learning Rate: 0.001
2026-05-21 23:57:18,404 - INFO - Memory cleaned.
2026-05-21 23:57:18,735 - INFO - Epoch[127] Complete. Time taken: 00:01:25.859
2026-05-21 23:58:40,950 - INFO - Epoch 128 - Train Loss: 4838.751172503219, Validation MRR: 0.020662253722548485, Learning Rate: 0.001
2026-05-21 23:58:44,067 - INFO - Memory cleaned.
2026-05-21 23:58:44,379 - INFO - Epoch[128] Complete. Time taken: 00:01:25.643
2026-05-22 00:00:06,682 - INFO - Epoch 129 - Train Loss: 4820.658176194482, Validation MRR: 0.020662253722548485, Learning Rate: 0.001
2026-05-22 00:00:09,821 - INFO - Memory cleaned.
2026-05-22 00:00:10,151 - INFO - Epoch[129] Complete. Time taken: 00:01:25.773
2026-05-22 00:01:32,358 - INFO - Epoch 130 - Train Loss: 4862.132924517714, Validation MRR: 0.020662253722548485, Learning Rate: 0.001
2026-05-22 00:01:35,498 - INFO - Memory cleaned.
2026-05-22 00:01:35,813 - INFO - Epoch[130] Complete. Time taken: 00:01:25.661
2026-05-22 00:02:58,116 - INFO - Epoch 131 - Train Loss: 4841.556748557148, Validation MRR: 0.020662253722548485, Learning Rate: 0.001
2026-05-22 00:03:01,259 - INFO - Memory cleaned.
2026-05-22 00:03:01,575 - INFO - Epoch[131] Complete. Time taken: 00:01:25.762
2026-05-22 00:04:23,817 - INFO - Epoch 132 - Train Loss: 4841.960191560014, Validation MRR: 0.020662253722548485, Learning Rate: 0.001
2026-05-22 00:04:26,960 - INFO - Memory cleaned.
2026-05-22 00:04:27,271 - INFO - Epoch[132] Complete. Time taken: 00:01:25.696
2026-05-22 00:05:49,415 - INFO - Epoch 133 - Train Loss: 4816.403085606439, Validation MRR: 0.020662253722548485, Learning Rate: 0.001
2026-05-22 00:05:52,558 - INFO - Memory cleaned.
2026-05-22 00:05:52,877 - INFO - Epoch[133] Complete. Time taken: 00:01:25.606
2026-05-22 00:07:15,103 - INFO - Epoch 134 - Train Loss: 4834.789250884965, Validation MRR: 0.020662253722548485, Learning Rate: 0.001
2026-05-22 00:07:18,238 - INFO - Memory cleaned.
2026-05-22 00:07:18,554 - INFO - Epoch[134] Complete. Time taken: 00:01:25.676
2026-05-22 00:08:40,793 - INFO - Epoch 135 - Train Loss: 4807.7766429675985, Validation MRR: 0.020662253722548485, Learning Rate: 0.001
2026-05-22 00:08:43,955 - INFO - Memory cleaned.
2026-05-22 00:08:44,337 - INFO - Epoch[135] Complete. Time taken: 00:01:25.783
2026-05-22 00:10:06,730 - INFO - Epoch 136 - Train Loss: 4830.548939743875, Validation MRR: 0.020662253722548485, Learning Rate: 0.001
2026-05-22 00:10:09,876 - INFO - Memory cleaned.
2026-05-22 00:10:10,195 - INFO - Epoch[136] Complete. Time taken: 00:01:25.858
2026-05-22 00:11:32,735 - INFO - Epoch 137 - Train Loss: 4827.723864641842, Validation MRR: 0.020662253722548485, Learning Rate: 0.001
2026-05-22 00:11:35,881 - INFO - Memory cleaned.
2026-05-22 00:11:36,198 - INFO - Epoch[137] Complete. Time taken: 00:01:26.003
2026-05-22 00:12:58,430 - INFO - Epoch 138 - Train Loss: 4824.997799813354, Validation MRR: 0.020662253722548485, Learning Rate: 0.001
2026-05-22 00:13:01,593 - INFO - Memory cleaned.
2026-05-22 00:13:01,912 - INFO - Epoch[138] Complete. Time taken: 00:01:25.714
2026-05-22 00:14:24,174 - INFO - Epoch 139 - Train Loss: 4809.7409911515315, Validation MRR: 0.020662253722548485, Learning Rate: 0.001
2026-05-22 00:14:27,328 - INFO - Memory cleaned.
2026-05-22 00:14:27,660 - INFO - Epoch[139] Complete. Time taken: 00:01:25.747
2026-05-22 00:15:49,954 - INFO - Epoch 140 - Train Loss: 4819.21806951219, Validation MRR: 0.020662253722548485, Learning Rate: 0.001
2026-05-22 00:15:53,085 - INFO - Memory cleaned.
2026-05-22 00:15:53,085 - INFO - Evaluating on validation set at epoch 140...
Link prediction evaluation:   0%|          | 0/3 [00:00<?, ?batch/s]Link prediction evaluation:  67%|██████▋   | 2/3 [00:00<00:00, 18.03batch/s]Link prediction evaluation: 100%|██████████| 3/3 [00:00<00:00, 21.97batch/s]
2026-05-22 00:15:53,239 - INFO - Validation MRR: 0.020015457645058632
2026-05-22 00:15:53,571 - INFO - Epoch[140] Complete. Time taken: 00:01:25.911
2026-05-22 00:17:15,791 - INFO - Epoch 141 - Train Loss: 4803.7777946681135, Validation MRR: 0.020015457645058632, Learning Rate: 0.001
2026-05-22 00:17:18,934 - INFO - Memory cleaned.
2026-05-22 00:17:19,268 - INFO - Epoch[141] Complete. Time taken: 00:01:25.698
2026-05-22 00:18:41,501 - INFO - Epoch 142 - Train Loss: 4832.824051615319, Validation MRR: 0.020015457645058632, Learning Rate: 0.001
2026-05-22 00:18:44,633 - INFO - Memory cleaned.
2026-05-22 00:18:44,949 - INFO - Epoch[142] Complete. Time taken: 00:01:25.680
2026-05-22 00:20:07,131 - INFO - Epoch 143 - Train Loss: 4804.238951847048, Validation MRR: 0.020015457645058632, Learning Rate: 0.001
2026-05-22 00:20:10,264 - INFO - Memory cleaned.
2026-05-22 00:20:10,582 - INFO - Epoch[143] Complete. Time taken: 00:01:25.633
2026-05-22 00:21:33,099 - INFO - Epoch 144 - Train Loss: 4793.245201183622, Validation MRR: 0.020015457645058632, Learning Rate: 0.001
2026-05-22 00:21:36,224 - INFO - Memory cleaned.
2026-05-22 00:21:36,540 - INFO - Epoch[144] Complete. Time taken: 00:01:25.958
2026-05-22 00:22:58,844 - INFO - Epoch 145 - Train Loss: 4800.260905405007, Validation MRR: 0.020015457645058632, Learning Rate: 0.001
2026-05-22 00:23:01,987 - INFO - Memory cleaned.
2026-05-22 00:23:02,306 - INFO - Epoch[145] Complete. Time taken: 00:01:25.766
2026-05-22 00:24:24,638 - INFO - Epoch 146 - Train Loss: 4829.188529867781, Validation MRR: 0.020015457645058632, Learning Rate: 0.001
2026-05-22 00:24:27,772 - INFO - Memory cleaned.
2026-05-22 00:24:28,041 - INFO - Epoch[146] Complete. Time taken: 00:01:25.735
2026-05-22 00:25:50,461 - INFO - Epoch 147 - Train Loss: 4813.626595101933, Validation MRR: 0.020015457645058632, Learning Rate: 0.001
2026-05-22 00:25:53,605 - INFO - Memory cleaned.
2026-05-22 00:25:53,927 - INFO - Epoch[147] Complete. Time taken: 00:01:25.886
2026-05-22 00:27:16,270 - INFO - Epoch 148 - Train Loss: 4816.985975644942, Validation MRR: 0.020015457645058632, Learning Rate: 0.001
2026-05-22 00:27:19,411 - INFO - Memory cleaned.
2026-05-22 00:27:19,726 - INFO - Epoch[148] Complete. Time taken: 00:01:25.798
2026-05-22 00:28:41,955 - INFO - Epoch 149 - Train Loss: 4794.075577672679, Validation MRR: 0.020015457645058632, Learning Rate: 0.001
2026-05-22 00:28:45,088 - INFO - Memory cleaned.
2026-05-22 00:28:45,369 - INFO - Epoch[149] Complete. Time taken: 00:01:25.644
2026-05-22 00:30:07,693 - INFO - Epoch 150 - Train Loss: 4808.859343283604, Validation MRR: 0.020015457645058632, Learning Rate: 0.001
2026-05-22 00:30:10,835 - INFO - Memory cleaned.
2026-05-22 00:30:11,152 - INFO - Epoch[150] Complete. Time taken: 00:01:25.782
2026-05-22 00:31:33,267 - INFO - Epoch 151 - Train Loss: 4809.8493379712445, Validation MRR: 0.020015457645058632, Learning Rate: 0.001
2026-05-22 00:31:36,376 - INFO - Memory cleaned.
2026-05-22 00:31:36,684 - INFO - Epoch[151] Complete. Time taken: 00:01:25.532
2026-05-22 00:32:59,099 - INFO - Epoch 152 - Train Loss: 4806.706645707122, Validation MRR: 0.020015457645058632, Learning Rate: 0.001
2026-05-22 00:33:02,241 - INFO - Memory cleaned.
2026-05-22 00:33:02,579 - INFO - Epoch[152] Complete. Time taken: 00:01:25.895
2026-05-22 00:34:25,017 - INFO - Epoch 153 - Train Loss: 4785.092924912211, Validation MRR: 0.020015457645058632, Learning Rate: 0.001
2026-05-22 00:34:28,160 - INFO - Memory cleaned.
2026-05-22 00:34:28,473 - INFO - Epoch[153] Complete. Time taken: 00:01:25.894
2026-05-22 00:35:50,648 - INFO - Epoch 154 - Train Loss: 4793.139436334735, Validation MRR: 0.020015457645058632, Learning Rate: 0.001
2026-05-22 00:35:53,790 - INFO - Memory cleaned.
2026-05-22 00:35:54,123 - INFO - Epoch[154] Complete. Time taken: 00:01:25.650
2026-05-22 00:37:16,418 - INFO - Epoch 155 - Train Loss: 4764.0131186689205, Validation MRR: 0.020015457645058632, Learning Rate: 0.001
2026-05-22 00:37:19,526 - INFO - Memory cleaned.
2026-05-22 00:37:19,847 - INFO - Epoch[155] Complete. Time taken: 00:01:25.724
2026-05-22 00:38:41,929 - INFO - Epoch 156 - Train Loss: 4806.355488744211, Validation MRR: 0.020015457645058632, Learning Rate: 0.001
2026-05-22 00:38:45,112 - INFO - Memory cleaned.
2026-05-22 00:38:45,503 - INFO - Epoch[156] Complete. Time taken: 00:01:25.656
2026-05-22 00:40:07,794 - INFO - Epoch 157 - Train Loss: 4806.575397766387, Validation MRR: 0.020015457645058632, Learning Rate: 0.001
2026-05-22 00:40:10,934 - INFO - Memory cleaned.
2026-05-22 00:40:11,296 - INFO - Epoch[157] Complete. Time taken: 00:01:25.794
2026-05-22 00:41:33,519 - INFO - Epoch 158 - Train Loss: 4805.867387542496, Validation MRR: 0.020015457645058632, Learning Rate: 0.001
2026-05-22 00:41:36,648 - INFO - Memory cleaned.
2026-05-22 00:41:36,965 - INFO - Epoch[158] Complete. Time taken: 00:01:25.668
2026-05-22 00:42:59,297 - INFO - Epoch 159 - Train Loss: 4797.611778484621, Validation MRR: 0.020015457645058632, Learning Rate: 0.001
2026-05-22 00:43:02,441 - INFO - Memory cleaned.
2026-05-22 00:43:02,761 - INFO - Epoch[159] Complete. Time taken: 00:01:25.796
2026-05-22 00:44:25,097 - INFO - Epoch 160 - Train Loss: 4792.647061096965, Validation MRR: 0.020015457645058632, Learning Rate: 0.001
2026-05-22 00:44:28,226 - INFO - Memory cleaned.
2026-05-22 00:44:28,226 - INFO - Evaluating on validation set at epoch 160...
Link prediction evaluation:   0%|          | 0/3 [00:00<?, ?batch/s]Link prediction evaluation:  67%|██████▋   | 2/3 [00:00<00:00, 18.28batch/s]Link prediction evaluation: 100%|██████████| 3/3 [00:00<00:00, 22.19batch/s]
2026-05-22 00:44:28,364 - INFO - Validation MRR: 0.013162137009203434
2026-05-22 00:44:28,675 - INFO - Epoch[160] Complete. Time taken: 00:01:25.913
2026-05-22 00:45:50,924 - INFO - Epoch 161 - Train Loss: 4752.741182387246, Validation MRR: 0.013162137009203434, Learning Rate: 0.001
2026-05-22 00:45:54,038 - INFO - Memory cleaned.
2026-05-22 00:45:54,352 - INFO - Epoch[161] Complete. Time taken: 00:01:25.677
2026-05-22 00:47:16,503 - INFO - Epoch 162 - Train Loss: 4802.653262617804, Validation MRR: 0.013162137009203434, Learning Rate: 0.001
2026-05-22 00:47:19,646 - INFO - Memory cleaned.
2026-05-22 00:47:19,963 - INFO - Epoch[162] Complete. Time taken: 00:01:25.611
2026-05-22 00:48:42,311 - INFO - Epoch 163 - Train Loss: 4789.394187613643, Validation MRR: 0.013162137009203434, Learning Rate: 0.001
2026-05-22 00:48:45,443 - INFO - Memory cleaned.
2026-05-22 00:48:45,759 - INFO - Epoch[163] Complete. Time taken: 00:01:25.796
2026-05-22 00:50:07,949 - INFO - Epoch 164 - Train Loss: 4796.326130966953, Validation MRR: 0.013162137009203434, Learning Rate: 0.001
2026-05-22 00:50:11,090 - INFO - Memory cleaned.
2026-05-22 00:50:11,408 - INFO - Epoch[164] Complete. Time taken: 00:01:25.649
2026-05-22 00:51:33,746 - INFO - Epoch 165 - Train Loss: 4802.1686999611375, Validation MRR: 0.013162137009203434, Learning Rate: 0.001
2026-05-22 00:51:36,888 - INFO - Memory cleaned.
2026-05-22 00:51:37,206 - INFO - Epoch[165] Complete. Time taken: 00:01:25.798
2026-05-22 00:52:59,460 - INFO - Epoch 166 - Train Loss: 4808.695712941717, Validation MRR: 0.013162137009203434, Learning Rate: 0.001
2026-05-22 00:53:02,601 - INFO - Memory cleaned.
2026-05-22 00:53:02,906 - INFO - Epoch[166] Complete. Time taken: 00:01:25.700
2026-05-22 00:54:25,055 - INFO - Epoch 167 - Train Loss: 4783.666536574635, Validation MRR: 0.013162137009203434, Learning Rate: 0.001
2026-05-22 00:54:28,197 - INFO - Memory cleaned.
2026-05-22 00:54:28,518 - INFO - Epoch[167] Complete. Time taken: 00:01:25.612
2026-05-22 00:55:50,640 - INFO - Epoch 168 - Train Loss: 4818.361136142941, Validation MRR: 0.013162137009203434, Learning Rate: 0.001
2026-05-22 00:55:53,760 - INFO - Memory cleaned.
2026-05-22 00:55:54,060 - INFO - Epoch[168] Complete. Time taken: 00:01:25.542
2026-05-22 00:57:16,304 - INFO - Epoch 169 - Train Loss: 4760.744806192304, Validation MRR: 0.013162137009203434, Learning Rate: 0.001
2026-05-22 00:57:19,440 - INFO - Memory cleaned.
2026-05-22 00:57:19,759 - INFO - Epoch[169] Complete. Time taken: 00:01:25.698
2026-05-22 00:58:42,017 - INFO - Epoch 170 - Train Loss: 4799.940985565454, Validation MRR: 0.013162137009203434, Learning Rate: 0.001
2026-05-22 00:58:45,152 - INFO - Memory cleaned.
2026-05-22 00:58:45,459 - INFO - Epoch[170] Complete. Time taken: 00:01:25.700
2026-05-22 01:00:07,768 - INFO - Epoch 171 - Train Loss: 4781.972324276072, Validation MRR: 0.013162137009203434, Learning Rate: 0.001
2026-05-22 01:00:10,877 - INFO - Memory cleaned.
2026-05-22 01:00:11,211 - INFO - Epoch[171] Complete. Time taken: 00:01:25.752
2026-05-22 01:01:33,448 - INFO - Epoch 172 - Train Loss: 4792.532812857759, Validation MRR: 0.013162137009203434, Learning Rate: 0.001
2026-05-22 01:01:36,576 - INFO - Memory cleaned.
2026-05-22 01:01:36,892 - INFO - Epoch[172] Complete. Time taken: 00:01:25.681
2026-05-22 01:02:59,092 - INFO - Epoch 173 - Train Loss: 4776.558471338954, Validation MRR: 0.013162137009203434, Learning Rate: 0.001
2026-05-22 01:03:02,231 - INFO - Memory cleaned.
2026-05-22 01:03:02,555 - INFO - Epoch[173] Complete. Time taken: 00:01:25.662
2026-05-22 01:04:24,673 - INFO - Epoch 174 - Train Loss: 4784.2095171576375, Validation MRR: 0.013162137009203434, Learning Rate: 0.001
2026-05-22 01:04:27,813 - INFO - Memory cleaned.
2026-05-22 01:04:28,133 - INFO - Epoch[174] Complete. Time taken: 00:01:25.578
2026-05-22 01:05:50,493 - INFO - Epoch 175 - Train Loss: 4818.664477467115, Validation MRR: 0.013162137009203434, Learning Rate: 0.001
2026-05-22 01:05:53,608 - INFO - Memory cleaned.
2026-05-22 01:05:53,941 - INFO - Epoch[175] Complete. Time taken: 00:01:25.807
2026-05-22 01:07:16,205 - INFO - Epoch 176 - Train Loss: 4777.464833709108, Validation MRR: 0.013162137009203434, Learning Rate: 0.001
2026-05-22 01:07:19,343 - INFO - Memory cleaned.
2026-05-22 01:07:19,657 - INFO - Epoch[176] Complete. Time taken: 00:01:25.716
2026-05-22 01:08:41,903 - INFO - Epoch 177 - Train Loss: 4757.751704209057, Validation MRR: 0.013162137009203434, Learning Rate: 0.001
2026-05-22 01:08:45,047 - INFO - Memory cleaned.
2026-05-22 01:08:45,371 - INFO - Epoch[177] Complete. Time taken: 00:01:25.714
2026-05-22 01:10:07,589 - INFO - Epoch 178 - Train Loss: 4785.363343510392, Validation MRR: 0.013162137009203434, Learning Rate: 0.001
2026-05-22 01:10:10,713 - INFO - Memory cleaned.
2026-05-22 01:10:11,052 - INFO - Epoch[178] Complete. Time taken: 00:01:25.681
2026-05-22 01:11:33,365 - INFO - Epoch 179 - Train Loss: 4786.874012489607, Validation MRR: 0.013162137009203434, Learning Rate: 0.001
2026-05-22 01:11:36,529 - INFO - Memory cleaned.
2026-05-22 01:11:36,851 - INFO - Epoch[179] Complete. Time taken: 00:01:25.798
2026-05-22 01:12:59,048 - INFO - Epoch 180 - Train Loss: 4801.320052594076, Validation MRR: 0.013162137009203434, Learning Rate: 0.001
2026-05-22 01:13:02,162 - INFO - Memory cleaned.
2026-05-22 01:13:02,162 - INFO - Evaluating on validation set at epoch 180...
Link prediction evaluation:   0%|          | 0/3 [00:00<?, ?batch/s]Link prediction evaluation:  67%|██████▋   | 2/3 [00:00<00:00, 18.53batch/s]Link prediction evaluation: 100%|██████████| 3/3 [00:00<00:00, 22.54batch/s]
2026-05-22 01:13:02,298 - INFO - Validation MRR: 0.01229311153292656
2026-05-22 01:13:02,615 - INFO - Epoch[180] Complete. Time taken: 00:01:25.764
2026-05-22 01:14:24,992 - INFO - Epoch 181 - Train Loss: 4800.277431586427, Validation MRR: 0.01229311153292656, Learning Rate: 0.001
2026-05-22 01:14:28,133 - INFO - Memory cleaned.
2026-05-22 01:14:28,464 - INFO - Epoch[181] Complete. Time taken: 00:01:25.848
2026-05-22 01:15:50,853 - INFO - Epoch 182 - Train Loss: 4764.642547604915, Validation MRR: 0.01229311153292656, Learning Rate: 0.001
2026-05-22 01:15:53,998 - INFO - Memory cleaned.
2026-05-22 01:15:54,363 - INFO - Epoch[182] Complete. Time taken: 00:01:25.899
2026-05-22 01:17:16,662 - INFO - Epoch 183 - Train Loss: 4802.307617875723, Validation MRR: 0.01229311153292656, Learning Rate: 0.001
2026-05-22 01:17:19,801 - INFO - Memory cleaned.
2026-05-22 01:17:20,126 - INFO - Epoch[183] Complete. Time taken: 00:01:25.762
2026-05-22 01:18:42,395 - INFO - Epoch 184 - Train Loss: 4804.094084938638, Validation MRR: 0.01229311153292656, Learning Rate: 0.001
2026-05-22 01:18:45,534 - INFO - Memory cleaned.
2026-05-22 01:18:45,859 - INFO - Epoch[184] Complete. Time taken: 00:01:25.733
2026-05-22 01:20:08,146 - INFO - Epoch 185 - Train Loss: 4747.109527223597, Validation MRR: 0.01229311153292656, Learning Rate: 0.001
2026-05-22 01:20:11,292 - INFO - Memory cleaned.
2026-05-22 01:20:11,615 - INFO - Epoch[185] Complete. Time taken: 00:01:25.756
2026-05-22 01:21:33,906 - INFO - Epoch 186 - Train Loss: 4773.830619880051, Validation MRR: 0.01229311153292656, Learning Rate: 0.001
2026-05-22 01:21:37,036 - INFO - Memory cleaned.
2026-05-22 01:21:37,373 - INFO - Epoch[186] Complete. Time taken: 00:01:25.758
2026-05-22 01:22:59,552 - INFO - Epoch 187 - Train Loss: 4760.175640347617, Validation MRR: 0.01229311153292656, Learning Rate: 0.001
2026-05-22 01:23:02,715 - INFO - Memory cleaned.
2026-05-22 01:23:03,044 - INFO - Epoch[187] Complete. Time taken: 00:01:25.670
2026-05-22 01:24:25,331 - INFO - Epoch 188 - Train Loss: 4798.9008758827285, Validation MRR: 0.01229311153292656, Learning Rate: 0.001
2026-05-22 01:24:28,463 - INFO - Memory cleaned.
2026-05-22 01:24:28,789 - INFO - Epoch[188] Complete. Time taken: 00:01:25.745
2026-05-22 01:25:51,253 - INFO - Epoch 189 - Train Loss: 4777.1481880333195, Validation MRR: 0.01229311153292656, Learning Rate: 0.001
2026-05-22 01:25:54,391 - INFO - Memory cleaned.
2026-05-22 01:25:54,715 - INFO - Epoch[189] Complete. Time taken: 00:01:25.927
2026-05-22 01:27:16,812 - INFO - Epoch 190 - Train Loss: 4789.5819199113885, Validation MRR: 0.01229311153292656, Learning Rate: 0.001
2026-05-22 01:27:19,929 - INFO - Memory cleaned.
2026-05-22 01:27:20,245 - INFO - Epoch[190] Complete. Time taken: 00:01:25.529
2026-05-22 01:28:42,680 - INFO - Epoch 191 - Train Loss: 4771.283448446609, Validation MRR: 0.01229311153292656, Learning Rate: 0.001
2026-05-22 01:28:45,809 - INFO - Memory cleaned.
2026-05-22 01:28:46,137 - INFO - Epoch[191] Complete. Time taken: 00:01:25.892
2026-05-22 01:30:08,430 - INFO - Epoch 192 - Train Loss: 4774.949603722131, Validation MRR: 0.01229311153292656, Learning Rate: 0.001
2026-05-22 01:30:11,570 - INFO - Memory cleaned.
2026-05-22 01:30:11,895 - INFO - Epoch[192] Complete. Time taken: 00:01:25.758
2026-05-22 01:31:34,144 - INFO - Epoch 193 - Train Loss: 4766.22334502472, Validation MRR: 0.01229311153292656, Learning Rate: 0.001
2026-05-22 01:31:37,287 - INFO - Memory cleaned.
2026-05-22 01:31:37,609 - INFO - Epoch[193] Complete. Time taken: 00:01:25.714
2026-05-22 01:32:59,875 - INFO - Epoch 194 - Train Loss: 4787.879172417697, Validation MRR: 0.01229311153292656, Learning Rate: 0.001
2026-05-22 01:33:03,009 - INFO - Memory cleaned.
2026-05-22 01:33:03,321 - INFO - Epoch[194] Complete. Time taken: 00:01:25.712
2026-05-22 01:34:25,438 - INFO - Epoch 195 - Train Loss: 4766.014547451482, Validation MRR: 0.01229311153292656, Learning Rate: 0.001
2026-05-22 01:34:28,543 - INFO - Memory cleaned.
2026-05-22 01:34:28,863 - INFO - Epoch[195] Complete. Time taken: 00:01:25.542
2026-05-22 01:35:51,123 - INFO - Epoch 196 - Train Loss: 4758.619317443418, Validation MRR: 0.01229311153292656, Learning Rate: 0.001
2026-05-22 01:35:54,230 - INFO - Memory cleaned.
2026-05-22 01:35:54,536 - INFO - Epoch[196] Complete. Time taken: 00:01:25.673
2026-05-22 01:37:16,682 - INFO - Epoch 197 - Train Loss: 4777.097252419933, Validation MRR: 0.01229311153292656, Learning Rate: 0.001
2026-05-22 01:37:19,853 - INFO - Memory cleaned.
2026-05-22 01:37:20,181 - INFO - Epoch[197] Complete. Time taken: 00:01:25.644
2026-05-22 01:38:42,449 - INFO - Epoch 198 - Train Loss: 4759.308953478429, Validation MRR: 0.01229311153292656, Learning Rate: 0.001
2026-05-22 01:38:45,595 - INFO - Memory cleaned.
2026-05-22 01:38:45,903 - INFO - Epoch[198] Complete. Time taken: 00:01:25.723
2026-05-22 01:40:08,290 - INFO - Epoch 199 - Train Loss: 4769.438069829469, Validation MRR: 0.01229311153292656, Learning Rate: 0.001
2026-05-22 01:40:11,400 - INFO - Memory cleaned.
2026-05-22 01:40:11,722 - INFO - Epoch[199] Complete. Time taken: 00:01:25.819
2026-05-22 01:41:33,973 - INFO - Epoch 200 - Train Loss: 4729.583080215829, Validation MRR: 0.01229311153292656, Learning Rate: 0.001
2026-05-22 01:41:37,078 - INFO - Memory cleaned.
2026-05-22 01:41:37,079 - INFO - Evaluating on validation set at epoch 200...
Link prediction evaluation:   0%|          | 0/3 [00:00<?, ?batch/s]Link prediction evaluation:  67%|██████▋   | 2/3 [00:00<00:00, 18.79batch/s]Link prediction evaluation: 100%|██████████| 3/3 [00:00<00:00, 22.72batch/s]
2026-05-22 01:41:37,214 - INFO - Validation MRR: 0.007272904738783836
2026-05-22 01:41:37,524 - INFO - Epoch[200] Complete. Time taken: 00:01:25.801
2026-05-22 01:42:59,815 - INFO - Epoch 201 - Train Loss: 4767.92111318398, Validation MRR: 0.007272904738783836, Learning Rate: 0.001
2026-05-22 01:43:02,957 - INFO - Memory cleaned.
2026-05-22 01:43:03,282 - INFO - Epoch[201] Complete. Time taken: 00:01:25.758
2026-05-22 01:44:25,602 - INFO - Epoch 202 - Train Loss: 4770.046687159769, Validation MRR: 0.007272904738783836, Learning Rate: 0.001
2026-05-22 01:44:28,743 - INFO - Memory cleaned.
2026-05-22 01:44:29,068 - INFO - Epoch[202] Complete. Time taken: 00:01:25.786
2026-05-22 01:45:51,223 - INFO - Epoch 203 - Train Loss: 4778.17513286013, Validation MRR: 0.007272904738783836, Learning Rate: 0.001
2026-05-22 01:45:54,359 - INFO - Memory cleaned.
2026-05-22 01:45:54,687 - INFO - Epoch[203] Complete. Time taken: 00:01:25.619
2026-05-22 01:47:16,929 - INFO - Epoch 204 - Train Loss: 4787.280017469122, Validation MRR: 0.007272904738783836, Learning Rate: 0.001
2026-05-22 01:47:20,071 - INFO - Memory cleaned.
2026-05-22 01:47:20,386 - INFO - Epoch[204] Complete. Time taken: 00:01:25.699
2026-05-22 01:48:42,592 - INFO - Epoch 205 - Train Loss: 4797.584614673303, Validation MRR: 0.007272904738783836, Learning Rate: 0.001
2026-05-22 01:48:45,735 - INFO - Memory cleaned.
2026-05-22 01:48:46,064 - INFO - Epoch[205] Complete. Time taken: 00:01:25.678
2026-05-22 01:50:08,350 - INFO - Epoch 206 - Train Loss: 4781.350425626282, Validation MRR: 0.007272904738783836, Learning Rate: 0.001
2026-05-22 01:50:11,461 - INFO - Memory cleaned.
2026-05-22 01:50:11,795 - INFO - Epoch[206] Complete. Time taken: 00:01:25.730
2026-05-22 01:51:34,055 - INFO - Epoch 207 - Train Loss: 4767.115058187127, Validation MRR: 0.007272904738783836, Learning Rate: 0.001
2026-05-22 01:51:37,163 - INFO - Memory cleaned.
2026-05-22 01:51:37,486 - INFO - Epoch[207] Complete. Time taken: 00:01:25.692
2026-05-22 01:52:59,785 - INFO - Epoch 208 - Train Loss: 4777.541471116768, Validation MRR: 0.007272904738783836, Learning Rate: 0.001
2026-05-22 01:53:02,927 - INFO - Memory cleaned.
2026-05-22 01:53:03,244 - INFO - Epoch[208] Complete. Time taken: 00:01:25.757
2026-05-22 01:54:25,523 - INFO - Epoch 209 - Train Loss: 4755.071022748023, Validation MRR: 0.007272904738783836, Learning Rate: 0.001
2026-05-22 01:54:28,630 - INFO - Memory cleaned.
2026-05-22 01:54:28,943 - INFO - Epoch[209] Complete. Time taken: 00:01:25.699
2026-05-22 01:55:51,207 - INFO - Epoch 210 - Train Loss: 4757.1360765275995, Validation MRR: 0.007272904738783836, Learning Rate: 0.001
2026-05-22 01:55:54,356 - INFO - Memory cleaned.
2026-05-22 01:55:54,676 - INFO - Epoch[210] Complete. Time taken: 00:01:25.733
2026-05-22 01:57:16,815 - INFO - Epoch 211 - Train Loss: 4770.516661497517, Validation MRR: 0.007272904738783836, Learning Rate: 0.001
2026-05-22 01:57:19,920 - INFO - Memory cleaned.
2026-05-22 01:57:20,237 - INFO - Epoch[211] Complete. Time taken: 00:01:25.561
2026-05-22 01:58:42,615 - INFO - Epoch 212 - Train Loss: 4762.632294414746, Validation MRR: 0.007272904738783836, Learning Rate: 0.001
2026-05-22 01:58:45,752 - INFO - Memory cleaned.
2026-05-22 01:58:46,062 - INFO - Epoch[212] Complete. Time taken: 00:01:25.824
2026-05-22 02:00:08,334 - INFO - Epoch 213 - Train Loss: 4790.258372972187, Validation MRR: 0.007272904738783836, Learning Rate: 0.001
2026-05-22 02:00:11,473 - INFO - Memory cleaned.
2026-05-22 02:00:11,791 - INFO - Epoch[213] Complete. Time taken: 00:01:25.729
2026-05-22 02:01:34,078 - INFO - Epoch 214 - Train Loss: 4748.16338493399, Validation MRR: 0.007272904738783836, Learning Rate: 0.001
2026-05-22 02:01:37,202 - INFO - Memory cleaned.
2026-05-22 02:01:37,513 - INFO - Epoch[214] Complete. Time taken: 00:01:25.722
2026-05-22 02:02:59,715 - INFO - Epoch 215 - Train Loss: 4738.00009003149, Validation MRR: 0.007272904738783836, Learning Rate: 0.001
2026-05-22 02:03:02,858 - INFO - Memory cleaned.
2026-05-22 02:03:03,196 - INFO - Epoch[215] Complete. Time taken: 00:01:25.683
2026-05-22 02:04:25,404 - INFO - Epoch 216 - Train Loss: 4766.510384419919, Validation MRR: 0.007272904738783836, Learning Rate: 0.001
2026-05-22 02:04:28,542 - INFO - Memory cleaned.
2026-05-22 02:04:28,855 - INFO - Epoch[216] Complete. Time taken: 00:01:25.659
2026-05-22 02:05:51,092 - INFO - Epoch 217 - Train Loss: 4758.557026156302, Validation MRR: 0.007272904738783836, Learning Rate: 0.001
2026-05-22 02:05:54,222 - INFO - Memory cleaned.
2026-05-22 02:05:54,536 - INFO - Epoch[217] Complete. Time taken: 00:01:25.681
2026-05-22 02:07:16,699 - INFO - Epoch 218 - Train Loss: 4769.6494108446495, Validation MRR: 0.007272904738783836, Learning Rate: 0.001
2026-05-22 02:07:19,837 - INFO - Memory cleaned.
2026-05-22 02:07:20,146 - INFO - Epoch[218] Complete. Time taken: 00:01:25.610
2026-05-22 02:08:42,382 - INFO - Epoch 219 - Train Loss: 4741.724479533565, Validation MRR: 0.007272904738783836, Learning Rate: 0.001
2026-05-22 02:08:45,494 - INFO - Memory cleaned.
2026-05-22 02:08:45,829 - INFO - Epoch[219] Complete. Time taken: 00:01:25.683
2026-05-22 02:10:08,066 - INFO - Epoch 220 - Train Loss: 4727.234782666806, Validation MRR: 0.007272904738783836, Learning Rate: 0.001
2026-05-22 02:10:11,204 - INFO - Memory cleaned.
2026-05-22 02:10:11,204 - INFO - Evaluating on validation set at epoch 220...
Link prediction evaluation:   0%|          | 0/3 [00:00<?, ?batch/s]Link prediction evaluation:  67%|██████▋   | 2/3 [00:00<00:00, 17.86batch/s]Link prediction evaluation: 100%|██████████| 3/3 [00:00<00:00, 21.87batch/s]
2026-05-22 02:10:11,346 - INFO - Validation MRR: 0.010542267933487892
2026-05-22 02:10:11,663 - INFO - Epoch[220] Complete. Time taken: 00:01:25.834
2026-05-22 02:11:33,843 - INFO - Epoch 221 - Train Loss: 4758.911306639091, Validation MRR: 0.010542267933487892, Learning Rate: 0.001
2026-05-22 02:11:36,986 - INFO - Memory cleaned.
2026-05-22 02:11:37,300 - INFO - Epoch[221] Complete. Time taken: 00:01:25.637
2026-05-22 02:12:59,508 - INFO - Epoch 222 - Train Loss: 4753.544916680464, Validation MRR: 0.010542267933487892, Learning Rate: 0.001
2026-05-22 02:13:02,647 - INFO - Memory cleaned.
2026-05-22 02:13:03,073 - INFO - Epoch[222] Complete. Time taken: 00:01:25.773
2026-05-22 02:14:25,398 - INFO - Epoch 223 - Train Loss: 4756.586845743973, Validation MRR: 0.010542267933487892, Learning Rate: 0.001
2026-05-22 02:14:28,506 - INFO - Memory cleaned.
2026-05-22 02:14:28,771 - INFO - Epoch[223] Complete. Time taken: 00:01:25.698
2026-05-22 02:15:50,889 - INFO - Epoch 224 - Train Loss: 4766.1745224924, Validation MRR: 0.010542267933487892, Learning Rate: 0.001
2026-05-22 02:15:54,018 - INFO - Memory cleaned.
2026-05-22 02:15:54,338 - INFO - Epoch[224] Complete. Time taken: 00:01:25.567
2026-05-22 02:17:16,612 - INFO - Epoch 225 - Train Loss: 4751.710627624423, Validation MRR: 0.010542267933487892, Learning Rate: 0.001
2026-05-22 02:17:19,752 - INFO - Memory cleaned.
2026-05-22 02:17:20,066 - INFO - Epoch[225] Complete. Time taken: 00:01:25.727
2026-05-22 02:18:42,305 - INFO - Epoch 226 - Train Loss: 4739.644670523286, Validation MRR: 0.010542267933487892, Learning Rate: 0.001
2026-05-22 02:18:45,439 - INFO - Memory cleaned.
2026-05-22 02:18:45,757 - INFO - Epoch[226] Complete. Time taken: 00:01:25.691
2026-05-22 02:20:08,091 - INFO - Epoch 227 - Train Loss: 4770.876388564285, Validation MRR: 0.010542267933487892, Learning Rate: 0.001
2026-05-22 02:20:11,208 - INFO - Memory cleaned.
2026-05-22 02:20:11,531 - INFO - Epoch[227] Complete. Time taken: 00:01:25.774
2026-05-22 02:21:34,018 - INFO - Epoch 228 - Train Loss: 4737.053582947677, Validation MRR: 0.010542267933487892, Learning Rate: 0.001
2026-05-22 02:21:37,185 - INFO - Memory cleaned.
2026-05-22 02:21:37,510 - INFO - Epoch[228] Complete. Time taken: 00:01:25.979
2026-05-22 02:22:59,753 - INFO - Epoch 229 - Train Loss: 4754.927480302266, Validation MRR: 0.010542267933487892, Learning Rate: 0.001
2026-05-22 02:23:02,874 - INFO - Memory cleaned.
2026-05-22 02:23:03,190 - INFO - Epoch[229] Complete. Time taken: 00:01:25.680
2026-05-22 02:24:25,437 - INFO - Epoch 230 - Train Loss: 4761.686516278904, Validation MRR: 0.010542267933487892, Learning Rate: 0.001
2026-05-22 02:24:28,579 - INFO - Memory cleaned.
2026-05-22 02:24:28,887 - INFO - Epoch[230] Complete. Time taken: 00:01:25.697
2026-05-22 02:25:50,965 - INFO - Epoch 231 - Train Loss: 4730.303255134879, Validation MRR: 0.010542267933487892, Learning Rate: 0.001
2026-05-22 02:25:54,104 - INFO - Memory cleaned.
2026-05-22 02:25:54,417 - INFO - Epoch[231] Complete. Time taken: 00:01:25.530
2026-05-22 02:27:16,776 - INFO - Epoch 232 - Train Loss: 4742.671387562431, Validation MRR: 0.010542267933487892, Learning Rate: 0.001
2026-05-22 02:27:19,921 - INFO - Memory cleaned.
2026-05-22 02:27:20,246 - INFO - Epoch[232] Complete. Time taken: 00:01:25.829
2026-05-22 02:28:42,583 - INFO - Epoch 233 - Train Loss: 4750.307353976606, Validation MRR: 0.010542267933487892, Learning Rate: 0.001
2026-05-22 02:28:45,726 - INFO - Memory cleaned.
2026-05-22 02:28:46,042 - INFO - Epoch[233] Complete. Time taken: 00:01:25.796
2026-05-22 02:30:08,257 - INFO - Epoch 234 - Train Loss: 4719.414321106538, Validation MRR: 0.010542267933487892, Learning Rate: 0.001
2026-05-22 02:30:11,390 - INFO - Memory cleaned.
2026-05-22 02:30:11,699 - INFO - Epoch[234] Complete. Time taken: 00:01:25.657
2026-05-22 02:31:33,828 - INFO - Epoch 235 - Train Loss: 4754.311187060058, Validation MRR: 0.010542267933487892, Learning Rate: 0.001
2026-05-22 02:31:36,964 - INFO - Memory cleaned.
2026-05-22 02:31:37,286 - INFO - Epoch[235] Complete. Time taken: 00:01:25.587
2026-05-22 02:32:59,544 - INFO - Epoch 236 - Train Loss: 4741.329417186643, Validation MRR: 0.010542267933487892, Learning Rate: 0.001
2026-05-22 02:33:02,650 - INFO - Memory cleaned.
2026-05-22 02:33:02,959 - INFO - Epoch[236] Complete. Time taken: 00:01:25.673
2026-05-22 02:34:25,324 - INFO - Epoch 237 - Train Loss: 4747.8037390394375, Validation MRR: 0.010542267933487892, Learning Rate: 0.001
2026-05-22 02:34:28,456 - INFO - Memory cleaned.
2026-05-22 02:34:28,773 - INFO - Epoch[237] Complete. Time taken: 00:01:25.814
2026-05-22 02:35:51,079 - INFO - Epoch 238 - Train Loss: 4754.001488258644, Validation MRR: 0.010542267933487892, Learning Rate: 0.001
2026-05-22 02:35:54,210 - INFO - Memory cleaned.
2026-05-22 02:35:54,517 - INFO - Epoch[238] Complete. Time taken: 00:01:25.743
2026-05-22 02:37:16,750 - INFO - Epoch 239 - Train Loss: 4746.910480394144, Validation MRR: 0.010542267933487892, Learning Rate: 0.001
2026-05-22 02:37:19,875 - INFO - Memory cleaned.
2026-05-22 02:37:20,190 - INFO - Epoch[239] Complete. Time taken: 00:01:25.673
2026-05-22 02:38:42,534 - INFO - Epoch 240 - Train Loss: 4747.693136041422, Validation MRR: 0.010542267933487892, Learning Rate: 0.001
2026-05-22 02:38:45,646 - INFO - Memory cleaned.
2026-05-22 02:38:45,646 - INFO - Evaluating on validation set at epoch 240...
Link prediction evaluation:   0%|          | 0/3 [00:00<?, ?batch/s]Link prediction evaluation:  67%|██████▋   | 2/3 [00:00<00:00, 18.45batch/s]Link prediction evaluation: 100%|██████████| 3/3 [00:00<00:00, 22.43batch/s]
2026-05-22 02:38:45,782 - INFO - Validation MRR: 0.009986629709601402
2026-05-22 02:38:46,099 - INFO - Epoch[240] Complete. Time taken: 00:01:25.908
2026-05-22 02:40:08,464 - INFO - Epoch 241 - Train Loss: 4751.700599060556, Validation MRR: 0.009986629709601402, Learning Rate: 0.001
2026-05-22 02:40:11,660 - INFO - Memory cleaned.
2026-05-22 02:40:11,973 - INFO - Epoch[241] Complete. Time taken: 00:01:25.874
2026-05-22 02:41:34,336 - INFO - Epoch 242 - Train Loss: 4758.186682234511, Validation MRR: 0.009986629709601402, Learning Rate: 0.001
2026-05-22 02:41:37,482 - INFO - Memory cleaned.
2026-05-22 02:41:37,799 - INFO - Epoch[242] Complete. Time taken: 00:01:25.826
2026-05-22 02:43:00,231 - INFO - Epoch 243 - Train Loss: 4735.445829316717, Validation MRR: 0.009986629709601402, Learning Rate: 0.001
2026-05-22 02:43:03,351 - INFO - Memory cleaned.
2026-05-22 02:43:03,654 - INFO - Epoch[243] Complete. Time taken: 00:01:25.855
2026-05-22 02:44:26,003 - INFO - Epoch 244 - Train Loss: 4753.084956400734, Validation MRR: 0.009986629709601402, Learning Rate: 0.001
2026-05-22 02:44:29,139 - INFO - Memory cleaned.
2026-05-22 02:44:29,455 - INFO - Epoch[244] Complete. Time taken: 00:01:25.801
2026-05-22 02:45:51,844 - INFO - Epoch 245 - Train Loss: 4752.871786674993, Validation MRR: 0.009986629709601402, Learning Rate: 0.001
2026-05-22 02:45:54,963 - INFO - Memory cleaned.
2026-05-22 02:45:55,262 - INFO - Epoch[245] Complete. Time taken: 00:01:25.807
2026-05-22 02:47:17,572 - INFO - Epoch 246 - Train Loss: 4734.876449595618, Validation MRR: 0.009986629709601402, Learning Rate: 0.001
2026-05-22 02:47:20,713 - INFO - Memory cleaned.
2026-05-22 02:47:21,028 - INFO - Epoch[246] Complete. Time taken: 00:01:25.766
2026-05-22 02:48:43,360 - INFO - Epoch 247 - Train Loss: 4722.181949564121, Validation MRR: 0.009986629709601402, Learning Rate: 0.001
2026-05-22 02:48:46,497 - INFO - Memory cleaned.
2026-05-22 02:48:46,805 - INFO - Epoch[247] Complete. Time taken: 00:01:25.777
2026-05-22 02:50:09,144 - INFO - Epoch 248 - Train Loss: 4762.505409245504, Validation MRR: 0.009986629709601402, Learning Rate: 0.001
2026-05-22 02:50:12,289 - INFO - Memory cleaned.
2026-05-22 02:50:12,620 - INFO - Epoch[248] Complete. Time taken: 00:01:25.815
2026-05-22 02:51:34,866 - INFO - Epoch 249 - Train Loss: 4743.962902187685, Validation MRR: 0.009986629709601402, Learning Rate: 0.001
2026-05-22 02:51:38,001 - INFO - Memory cleaned.
2026-05-22 02:51:38,321 - INFO - Epoch[249] Complete. Time taken: 00:01:25.701
2026-05-22 02:53:00,627 - INFO - Epoch 250 - Train Loss: 4744.73506697752, Validation MRR: 0.009986629709601402, Learning Rate: 0.001
2026-05-22 02:53:03,734 - INFO - Memory cleaned.
2026-05-22 02:53:04,052 - INFO - Epoch[250] Complete. Time taken: 00:01:25.730
2026-05-22 02:54:26,450 - INFO - Epoch 251 - Train Loss: 4733.352207330328, Validation MRR: 0.009986629709601402, Learning Rate: 0.001
2026-05-22 02:54:29,582 - INFO - Memory cleaned.
2026-05-22 02:54:29,899 - INFO - Epoch[251] Complete. Time taken: 00:01:25.847
2026-05-22 02:55:52,110 - INFO - Epoch 252 - Train Loss: 4744.904751860123, Validation MRR: 0.009986629709601402, Learning Rate: 0.001
2026-05-22 02:55:55,254 - INFO - Memory cleaned.
2026-05-22 02:55:55,569 - INFO - Epoch[252] Complete. Time taken: 00:01:25.669
2026-05-22 02:57:17,881 - INFO - Epoch 253 - Train Loss: 4752.378809993843, Validation MRR: 0.009986629709601402, Learning Rate: 0.001
2026-05-22 02:57:21,011 - INFO - Memory cleaned.
2026-05-22 02:57:21,366 - INFO - Epoch[253] Complete. Time taken: 00:01:25.797
2026-05-22 02:58:43,776 - INFO - Epoch 254 - Train Loss: 4720.940788030864, Validation MRR: 0.009986629709601402, Learning Rate: 0.001
2026-05-22 02:58:46,933 - INFO - Memory cleaned.
2026-05-22 02:58:47,253 - INFO - Epoch[254] Complete. Time taken: 00:01:25.887
2026-05-22 03:00:09,427 - INFO - Epoch 255 - Train Loss: 4730.415593049248, Validation MRR: 0.009986629709601402, Learning Rate: 0.001
2026-05-22 03:00:12,567 - INFO - Memory cleaned.
2026-05-22 03:00:12,893 - INFO - Epoch[255] Complete. Time taken: 00:01:25.641
2026-05-22 03:01:35,373 - INFO - Epoch 256 - Train Loss: 4759.411652717844, Validation MRR: 0.009986629709601402, Learning Rate: 0.001
2026-05-22 03:01:38,509 - INFO - Memory cleaned.
2026-05-22 03:01:38,827 - INFO - Epoch[256] Complete. Time taken: 00:01:25.933
2026-05-22 03:03:01,134 - INFO - Epoch 257 - Train Loss: 4743.287001335636, Validation MRR: 0.009986629709601402, Learning Rate: 0.001
2026-05-22 03:03:04,271 - INFO - Memory cleaned.
2026-05-22 03:03:04,591 - INFO - Epoch[257] Complete. Time taken: 00:01:25.764
2026-05-22 03:04:26,916 - INFO - Epoch 258 - Train Loss: 4742.87194597242, Validation MRR: 0.009986629709601402, Learning Rate: 0.001
2026-05-22 03:04:30,039 - INFO - Memory cleaned.
2026-05-22 03:04:30,401 - INFO - Epoch[258] Complete. Time taken: 00:01:25.810
2026-05-22 03:05:52,802 - INFO - Epoch 259 - Train Loss: 4750.710700488776, Validation MRR: 0.009986629709601402, Learning Rate: 0.001
2026-05-22 03:05:55,942 - INFO - Memory cleaned.
2026-05-22 03:05:56,320 - INFO - Epoch[259] Complete. Time taken: 00:01:25.919
2026-05-22 03:07:18,511 - INFO - Epoch 260 - Train Loss: 4743.813967928752, Validation MRR: 0.009986629709601402, Learning Rate: 0.001
2026-05-22 03:07:21,651 - INFO - Memory cleaned.
2026-05-22 03:07:21,651 - INFO - Evaluating on validation set at epoch 260...
Link prediction evaluation:   0%|          | 0/3 [00:00<?, ?batch/s]Link prediction evaluation:  67%|██████▋   | 2/3 [00:00<00:00, 18.24batch/s]Link prediction evaluation: 100%|██████████| 3/3 [00:00<00:00, 22.16batch/s]
2026-05-22 03:07:21,789 - INFO - Validation MRR: 0.015234550461173058
2026-05-22 03:07:21,789 ignite.handlers.early_stopping.EarlyStopping INFO: EarlyStopping: Stop training
2026-05-22 03:07:21,789 - INFO - Terminate signaled. Engine will stop after current iteration is finished.
2026-05-22 03:07:22,105 - INFO - Training completed after 260 epochs.
2026-05-22 03:07:22,106 - INFO - Engine run complete. Time taken: 06:12:24.227
2026-05-22 03:07:25,995 - WARNING - /lustre/fswork/projects/rech/rnk/ufq76hz/dr_benchmark/dev/run_training.py:186: UserWarning: The 'scalar_share' field is missing for model ANALOGY. Defaulting to 0.5.
  warnings.warn(f"The 'scalar_share' field is missing for model {model_name}. Defaulting to 0.5.")

2026-05-22 03:07:26,229 - INFO - Loading best model.
2026-05-22 03:07:26,230 - INFO - Best model is ./checkpoints/best_model_checkpoint_val_mrr=0.0333.pt
2026-05-22 03:07:26,230 - WARNING - /lustre/fswork/projects/rech/rnk/ufq76hz/dr_benchmark/dev/run_training.py:820: FutureWarning: You are using `torch.load` with `weights_only=False` (the current default value), which uses the default pickle module implicitly. It is possible to construct malicious pickle data which will execute arbitrary code during unpickling (See https://github.com/pytorch/pytorch/blob/main/SECURITY.md#untrusted-models for more details). In a future release, the default value for `weights_only` will be flipped to `True`. This limits the functions that could be executed during unpickling. Arbitrary objects will no longer be allowed to be loaded via this mode unless they are explicitly allowlisted by the user via `torch.serialization.add_safe_globals`. We recommend you start setting `weights_only=True` for any use case where you don't have full control of the loaded file. Please open an issue on GitHub for any issues related to this experimental feature.
  checkpoint = torch.load(os.path.join(checkpoint_dir, best_model), map_location=device)

2026-05-22 03:07:26,899 - INFO - Best model successfully loaded.
2026-05-22 03:07:26,899 - INFO - Evaluating on the test set with best model...
CtD
Link prediction evaluation:   0%|          | 0/2 [00:00<?, ?batch/s]Link prediction evaluation: 100%|██████████| 2/2 [00:00<00:00, 20.46batch/s]
2026-05-22 03:07:27,016 - INFO - Final Test MRR with best model: 0.10175008326768875
2026-05-22 03:07:27,016 - INFO - Final Test Hits@10 with best model: 0.25233644992113113
Link prediction evaluation:   0%|          | 0/1 [00:00<?, ?batch/s]Link prediction evaluation: 100%|██████████| 1/1 [00:00<00:00, 135.37batch/s]
Link prediction evaluation:   0%|          | 0/2 [00:00<?, ?batch/s]Link prediction evaluation: 100%|██████████| 2/2 [00:00<00:00, 22.67batch/s]
2026-05-22 03:07:34,244 - INFO - MRR for frequent nodes (threshold=10) in relation CtD: 0.04936344176530838
2026-05-22 03:07:34,245 - INFO - MRR for infrequent nodes (threshold=10) in relation CtD: 0.10486215353012085
2026-05-22 03:07:34,245 - INFO - Hits@10 for frequent nodes (threshold=10) in relation CtD: 0.1666666716337204
2026-05-22 03:07:34,245 - INFO - Hits@10 for infrequent nodes (threshold=10) in relation CtD: 0.2574257478117943
2026-05-22 03:07:34,248 - INFO - MRR evaluation results stored in ./evaluation_metrics.yaml
2026-05-22 03:07:34,251 - INFO - Hit@10 evaluation results stored in ./evaluation_hit@10.yaml
Link prediction evaluation:   0%|          | 0/1 [00:00<?, ?batch/s]Link prediction evaluation: 100%|██████████| 1/1 [00:00<00:00, 97.70batch/s]
Link prediction evaluation:   0%|          | 0/1 [00:00<?, ?batch/s]Link prediction evaluation: 100%|██████████| 1/1 [00:00<00:00, 205.73batch/s]
2026-05-22 03:07:34,323 - INFO - MRR on inference set: 0.002023813547566533
2026-05-22 03:07:34,325 - INFO - Evaluation results stored in ./inference_metrics.yaml
